Archive member included to satisfy reference by file (symbol)

c:/users/wilso/desktop/329/stm32cubeide_1.12.0/stm32cubeide/plugins/com.st.stm32cube.ide.mcu.externaltools.gnu-tools-for-stm32.10.3-2021.10.win32_1.0.200.202301161003/tools/bin/../lib/gcc/arm-none-eabi/10.3.1/../../../../arm-none-eabi/lib/thumb/v7e-m+fp/hard\libc_nano.a(lib_a-errno.o)
                              ./Core/Src/syscalls.o (__errno)
c:/users/wilso/desktop/329/stm32cubeide_1.12.0/stm32cubeide/plugins/com.st.stm32cube.ide.mcu.externaltools.gnu-tools-for-stm32.10.3-2021.10.win32_1.0.200.202301161003/tools/bin/../lib/gcc/arm-none-eabi/10.3.1/../../../../arm-none-eabi/lib/thumb/v7e-m+fp/hard\libc_nano.a(lib_a-exit.o)
                              c:/users/wilso/desktop/329/stm32cubeide_1.12.0/stm32cubeide/plugins/com.st.stm32cube.ide.mcu.externaltools.gnu-tools-for-stm32.10.3-2021.10.win32_1.0.200.202301161003/tools/bin/../lib/gcc/arm-none-eabi/10.3.1/../../../../arm-none-eabi/lib/thumb/v7e-m+fp/hard/crt0.o (exit)
c:/users/wilso/desktop/329/stm32cubeide_1.12.0/stm32cubeide/plugins/com.st.stm32cube.ide.mcu.externaltools.gnu-tools-for-stm32.10.3-2021.10.win32_1.0.200.202301161003/tools/bin/../lib/gcc/arm-none-eabi/10.3.1/../../../../arm-none-eabi/lib/thumb/v7e-m+fp/hard\libc_nano.a(lib_a-impure.o)
                              c:/users/wilso/desktop/329/stm32cubeide_1.12.0/stm32cubeide/plugins/com.st.stm32cube.ide.mcu.externaltools.gnu-tools-for-stm32.10.3-2021.10.win32_1.0.200.202301161003/tools/bin/../lib/gcc/arm-none-eabi/10.3.1/../../../../arm-none-eabi/lib/thumb/v7e-m+fp/hard\libc_nano.a(lib_a-exit.o) (_global_impure_ptr)
c:/users/wilso/desktop/329/stm32cubeide_1.12.0/stm32cubeide/plugins/com.st.stm32cube.ide.mcu.externaltools.gnu-tools-for-stm32.10.3-2021.10.win32_1.0.200.202301161003/tools/bin/../lib/gcc/arm-none-eabi/10.3.1/../../../../arm-none-eabi/lib/thumb/v7e-m+fp/hard\libc_nano.a(lib_a-init.o)
                              c:/users/wilso/desktop/329/stm32cubeide_1.12.0/stm32cubeide/plugins/com.st.stm32cube.ide.mcu.externaltools.gnu-tools-for-stm32.10.3-2021.10.win32_1.0.200.202301161003/tools/bin/../lib/gcc/arm-none-eabi/10.3.1/../../../../arm-none-eabi/lib/thumb/v7e-m+fp/hard/crt0.o (__libc_init_array)
c:/users/wilso/desktop/329/stm32cubeide_1.12.0/stm32cubeide/plugins/com.st.stm32cube.ide.mcu.externaltools.gnu-tools-for-stm32.10.3-2021.10.win32_1.0.200.202301161003/tools/bin/../lib/gcc/arm-none-eabi/10.3.1/../../../../arm-none-eabi/lib/thumb/v7e-m+fp/hard\libc_nano.a(lib_a-memset.o)
                              c:/users/wilso/desktop/329/stm32cubeide_1.12.0/stm32cubeide/plugins/com.st.stm32cube.ide.mcu.externaltools.gnu-tools-for-stm32.10.3-2021.10.win32_1.0.200.202301161003/tools/bin/../lib/gcc/arm-none-eabi/10.3.1/../../../../arm-none-eabi/lib/thumb/v7e-m+fp/hard/crt0.o (memset)

Discarded input sections

 .text          0x0000000000000000        0x0 c:/users/wilso/desktop/329/stm32cubeide_1.12.0/stm32cubeide/plugins/com.st.stm32cube.ide.mcu.externaltools.gnu-tools-for-stm32.10.3-2021.10.win32_1.0.200.202301161003/tools/bin/../lib/gcc/arm-none-eabi/10.3.1/thumb/v7e-m+fp/hard/crti.o
 .data          0x0000000000000000        0x0 c:/users/wilso/desktop/329/stm32cubeide_1.12.0/stm32cubeide/plugins/com.st.stm32cube.ide.mcu.externaltools.gnu-tools-for-stm32.10.3-2021.10.win32_1.0.200.202301161003/tools/bin/../lib/gcc/arm-none-eabi/10.3.1/thumb/v7e-m+fp/hard/crti.o
 .bss           0x0000000000000000        0x0 c:/users/wilso/desktop/329/stm32cubeide_1.12.0/stm32cubeide/plugins/com.st.stm32cube.ide.mcu.externaltools.gnu-tools-for-stm32.10.3-2021.10.win32_1.0.200.202301161003/tools/bin/../lib/gcc/arm-none-eabi/10.3.1/thumb/v7e-m+fp/hard/crti.o
 .data          0x0000000000000000        0x4 c:/users/wilso/desktop/329/stm32cubeide_1.12.0/stm32cubeide/plugins/com.st.stm32cube.ide.mcu.externaltools.gnu-tools-for-stm32.10.3-2021.10.win32_1.0.200.202301161003/tools/bin/../lib/gcc/arm-none-eabi/10.3.1/thumb/v7e-m+fp/hard/crtbegin.o
 .rodata        0x0000000000000000       0x24 c:/users/wilso/desktop/329/stm32cubeide_1.12.0/stm32cubeide/plugins/com.st.stm32cube.ide.mcu.externaltools.gnu-tools-for-stm32.10.3-2021.10.win32_1.0.200.202301161003/tools/bin/../lib/gcc/arm-none-eabi/10.3.1/thumb/v7e-m+fp/hard/crtbegin.o
 .text          0x0000000000000000       0x7c c:/users/wilso/desktop/329/stm32cubeide_1.12.0/stm32cubeide/plugins/com.st.stm32cube.ide.mcu.externaltools.gnu-tools-for-stm32.10.3-2021.10.win32_1.0.200.202301161003/tools/bin/../lib/gcc/arm-none-eabi/10.3.1/../../../../arm-none-eabi/lib/thumb/v7e-m+fp/hard/crt0.o
 .data          0x0000000000000000        0x0 c:/users/wilso/desktop/329/stm32cubeide_1.12.0/stm32cubeide/plugins/com.st.stm32cube.ide.mcu.externaltools.gnu-tools-for-stm32.10.3-2021.10.win32_1.0.200.202301161003/tools/bin/../lib/gcc/arm-none-eabi/10.3.1/../../../../arm-none-eabi/lib/thumb/v7e-m+fp/hard/crt0.o
[...]
Memory Configuration

Name             Origin             Length             Attributes
RAM              0x0000000020000000 0x0000000000050000 xrw
RAM2             0x0000000010000000 0x0000000000010000 xrw
FLASH            0x0000000008000000 0x0000000000100000 xr
*default*        0x0000000000000000 0xffffffffffffffff

Linker script and memory map

LOAD c:/users/wilso/desktop/329/stm32cubeide_1.12.0/stm32cubeide/plugins/com.st.stm32cube.ide.mcu.externaltools.gnu-tools-for-stm32.10.3-2021.10.win32_1.0.200.202301161003/tools/bin/../lib/gcc/arm-none-eabi/10.3.1/thumb/v7e-m+fp/hard/crti.o
LOAD c:/users/wilso/desktop/329/stm32cubeide_1.12.0/stm32cubeide/plugins/com.st.stm32cube.ide.mcu.externaltools.gnu-tools-for-stm32.10.3-2021.10.win32_1.0.200.202301161003/tools/bin/../lib/gcc/arm-none-eabi/10.3.1/thumb/v7e-m+fp/hard/crtbegin.o
LOAD c:/users/wilso/desktop/329/stm32cubeide_1.12.0/stm32cubeide/plugins/com.st.stm32cube.ide.mcu.externaltools.gnu-tools-for-stm32.10.3-2021.10.win32_1.0.200.202301161003/tools/bin/../lib/gcc/arm-none-eabi/10.3.1/../../../../arm-none-eabi/lib/thumb/v7e-m+fp/hard/crt0.o
LOAD ./Core/Src/delay.o
LOAD ./Core/Src/keypad.o
LOAD ./Core/Src/lcd.o
LOAD ./Core/Src/main.o
LOAD ./Core/Src/stm32l4xx_hal_msp.o
LOAD ./Core/Src/stm32l4xx_it.o
LOAD ./Core/Src/syscalls.o
LOAD ./Core/Src/sysmem.o
LOAD ./Core/Src/system_stm32l4xx.o
LOAD ./Core/Startup/startup_stm32l4a6zgtx.o
LOAD ./Drivers/STM32L4xx_HAL_Driver/Src/stm32l4xx_hal.o
LOAD ./Drivers/STM32L4xx_HAL_Driver/Src/stm32l4xx_hal_cortex.o
LOAD ./Drivers/STM32L4xx_HAL_Driver/Src/stm32l4xx_hal_dma.o
LOAD ./Drivers/STM32L4xx_HAL_Driver/Src/stm32l4xx_hal_dma_ex.o
LOAD ./Drivers/STM32L4xx_HAL_Driver/Src/stm32l4xx_hal_exti.o
LOAD ./Drivers/STM32L4xx_HAL_Driver/Src/stm32l4xx_hal_flash.o
LOAD ./Drivers/STM32L4xx_HAL_Driver/Src/stm32l4xx_hal_flash_ex.o
LOAD ./Drivers/STM32L4xx_HAL_Driver/Src/stm32l4xx_hal_flash_ramfunc.o
LOAD ./Drivers/STM32L4xx_HAL_Driver/Src/stm32l4xx_hal_gpio.o
LOAD ./Drivers/STM32L4xx_HAL_Driver/Src/stm32l4xx_hal_pwr.o
LOAD ./Drivers/STM32L4xx_HAL_Driver/Src/stm32l4xx_hal_pwr_ex.o
LOAD ./Drivers/STM32L4xx_HAL_Driver/Src/stm32l4xx_hal_rcc.o
LOAD ./Drivers/STM32L4xx_HAL_Driver/Src/stm32l4xx_hal_rcc_ex.o
START GROUP
LOAD c:/users/wilso/desktop/329/stm32cubeide_1.12.0/stm32cubeide/plugins/com.st.stm32cube.ide.mcu.externaltools.gnu-tools-for-stm32.10.3-2021.10.win32_1.0.200.202301161003/tools/bin/../lib/gcc/arm-none-eabi/10.3.1/../../../../arm-none-eabi/lib/thumb/v7e-m+fp/hard\libc_nano.a
LOAD c:/users/wilso/desktop/329/stm32cubeide_1.12.0/stm32cubeide/plugins/com.st.stm32cube.ide.mcu.externaltools.gnu-tools-for-stm32.10.3-2021.10.win32_1.0.200.202301161003/tools/bin/../lib/gcc/arm-none-eabi/10.3.1/../../../../arm-none-eabi/lib/thumb/v7e-m+fp/hard\libm.a
END GROUP
START GROUP
LOAD c:/users/wilso/desktop/329/stm32cubeide_1.12.0/stm32cubeide/plugins/com.st.stm32cube.ide.mcu.externaltools.gnu-tools-for-stm32.10.3-2021.10.win32_1.0.200.202301161003/tools/bin/../lib/gcc/arm-none-eabi/10.3.1/thumb/v7e-m+fp/hard\libgcc.a
LOAD c:/users/wilso/desktop/329/stm32cubeide_1.12.0/stm32cubeide/plugins/com.st.stm32cube.ide.mcu.externaltools.gnu-tools-for-stm32.10.3-2021.10.win32_1.0.200.202301161003/tools/bin/../lib/gcc/arm-none-eabi/10.3.1/../../../../arm-none-eabi/lib/thumb/v7e-m+fp/hard\libc_nano.a
END GROUP
START GROUP
LOAD c:/users/wilso/desktop/329/stm32cubeide_1.12.0/stm32cubeide/plugins/com.st.stm32cube.ide.mcu.externaltools.gnu-tools-for-stm32.10.3-2021.10.win32_1.0.200.202301161003/tools/bin/../lib/gcc/arm-none-eabi/10.3.1/thumb/v7e-m+fp/hard\libgcc.a
LOAD c:/users/wilso/desktop/329/stm32cubeide_1.12.0/stm32cubeide/plugins/com.st.stm32cube.ide.mcu.externaltools.gnu-tools-for-stm32.10.3-2021.10.win32_1.0.200.202301161003/tools/bin/../lib/gcc/arm-none-eabi/10.3.1/../../../../arm-none-eabi/lib/thumb/v7e-m+fp/hard\libc_nano.a
LOAD c:/users/wilso/desktop/329/stm32cubeide_1.12.0/stm32cubeide/plugins/com.st.stm32cube.ide.mcu.externaltools.gnu-tools-for-stm32.10.3-2021.10.win32_1.0.200.202301161003/tools/bin/../lib/gcc/arm-none-eabi/10.3.1/../../../../arm-none-eabi/lib/thumb/v7e-m+fp/hard\libnosys.a
END GROUP
START GROUP
LOAD c:/users/wilso/desktop/329/stm32cubeide_1.12.0/stm32cubeide/plugins/com.st.stm32cube.ide.mcu.externaltools.gnu-tools-for-stm32.10.3-2021.10.win32_1.0.200.202301161003/tools/bin/../lib/gcc/arm-none-eabi/10.3.1/thumb/v7e-m+fp/hard\libgcc.a
LOAD c:/users/wilso/desktop/329/stm32cubeide_1.12.0/stm32cubeide/plugins/com.st.stm32cube.ide.mcu.externaltools.gnu-tools-for-stm32.10.3-2021.10.win32_1.0.200.202301161003/tools/bin/../lib/gcc/arm-none-eabi/10.3.1/../../../../arm-none-eabi/lib/thumb/v7e-m+fp/hard\libc_nano.a
LOAD c:/users/wilso/desktop/329/stm32cubeide_1.12.0/stm32cubeide/plugins/com.st.stm32cube.ide.mcu.externaltools.gnu-tools-for-stm32.10.3-2021.10.win32_1.0.200.202301161003/tools/bin/../lib/gcc/arm-none-eabi/10.3.1/../../../../arm-none-eabi/lib/thumb/v7e-m+fp/hard\libnosys.a
END GROUP
LOAD c:/users/wilso/desktop/329/stm32cubeide_1.12.0/stm32cubeide/plugins/com.st.stm32cube.ide.mcu.externaltools.gnu-tools-for-stm32.10.3-2021.10.win32_1.0.200.202301161003/tools/bin/../lib/gcc/arm-none-eabi/10.3.1/thumb/v7e-m+fp/hard/crtend.o
LOAD c:/users/wilso/desktop/329/stm32cubeide_1.12.0/stm32cubeide/plugins/com.st.stm32cube.ide.mcu.externaltools.gnu-tools-for-stm32.10.3-2021.10.win32_1.0.200.202301161003/tools/bin/../lib/gcc/arm-none-eabi/10.3.1/thumb/v7e-m+fp/hard/crtn.o
                0x0000000020050000                _estack = (ORIGIN (RAM) + LENGTH (RAM))
                0x0000000000000200                _Min_Heap_Size = 0x200
                0x0000000000000400                _Min_Stack_Size = 0x400

.isr_vector     0x0000000008000000      0x1ac
                0x0000000008000000                . = ALIGN (0x4)
 *(.isr_vector)
 .isr_vector    0x0000000008000000      0x1ac ./Core/Startup/startup_stm32l4a6zgtx.o
                0x0000000008000000                g_pfnVectors
                0x00000000080001ac                . = ALIGN (0x4)

.text           0x00000000080001ac     0x1c00
                0x00000000080001ac                . = ALIGN (0x4)
 *(.text)
 .text          0x00000000080001ac       0x40 c:/users/wilso/desktop/329/stm32cubeide_1.12.0/stm32cubeide/plugins/com.st.stm32cube.ide.mcu.externaltools.gnu-tools-for-stm32.10.3-2021.10.win32_1.0.200.202301161003/tools/bin/../lib/gcc/arm-none-eabi/10.3.1/thumb/v7e-m+fp/hard/crtbegin.o
 *(.text*)
 .text.SysTick_Init
                0x00000000080001ec       0x2c ./Core/Src/delay.o
                0x00000000080001ec                SysTick_Init
 .text.delay_us
                0x0000000008000218       0x5c ./Core/Src/delay.o
                0x0000000008000218                delay_us
 .text.keypad_init
                0x0000000008000274       0x50 ./Core/Src/keypad.o
                0x0000000008000274                keypad_init
 .text.keypad_read
                0x00000000080002c4       0x60 ./Core/Src/keypad.o
                0x00000000080002c4                keypad_read
 .text.check_row_col
                0x0000000008000324       0x88 ./Core/Src/keypad.o
                0x0000000008000324                check_row_col
 .text.LCD_init
                0x00000000080003ac       0xb8 ./Core/Src/lcd.o
                0x00000000080003ac                LCD_init
 .text.Nybble   0x0000000008000464       0x34 ./Core/Src/lcd.o
                0x0000000008000464                Nybble
 .text.command  0x0000000008000498       0xcc ./Core/Src/lcd.o
                0x0000000008000498                command
 .text.write    0x0000000008000564       0xe0 ./Core/Src/lcd.o
                0x0000000008000564                write
 .text.lcd_set_cursor_position
                0x0000000008000644       0x34 ./Core/Src/lcd.o
                0x0000000008000644                lcd_set_cursor_position
 .text.str_write
                0x0000000008000678       0x3e ./Core/Src/lcd.o
                0x0000000008000678                str_write
 *fill*         0x00000000080006b6        0x2 
 .text.LCD_reset_count_display
                0x00000000080006b8       0x3c ./Core/Src/lcd.o
                0x00000000080006b8                LCD_reset_count_display
 .text.LCD_update_count_display
                0x00000000080006f4       0x44 ./Core/Src/lcd.o
                0x00000000080006f4                LCD_update_count_display
 .text.load_time
                0x0000000008000738       0xd0 ./Core/Src/lcd.o
                0x0000000008000738                load_time
 .text.LCD_convert_time_to_ascii
                0x0000000008000808       0x1c ./Core/Src/lcd.o
                0x0000000008000808                LCD_convert_time_to_ascii
 .text.time_in_sec
                0x0000000008000824       0x56 ./Core/Src/lcd.o
                0x0000000008000824                time_in_sec
 .text.decrement_time
                0x000000000800087a       0x20 ./Core/Src/lcd.o
                0x000000000800087a                decrement_time
 *fill*         0x000000000800089a        0x2 
 .text.main     0x000000000800089c      0x36c ./Core/Src/main.o
                0x000000000800089c                main
 .text.SystemClock_Config
                0x0000000008000c08       0x8c ./Core/Src/main.o
                0x0000000008000c08                SystemClock_Config
 .text.Error_Handler
                0x0000000008000c94        0xa ./Core/Src/main.o
                0x0000000008000c94                Error_Handler
 *fill*         0x0000000008000c9e        0x2 
 .text.HAL_MspInit
                0x0000000008000ca0       0x48 ./Core/Src/stm32l4xx_hal_msp.o
                0x0000000008000ca0                HAL_MspInit
 .text.NMI_Handler
                0x0000000008000ce8        0x6 ./Core/Src/stm32l4xx_it.o
                0x0000000008000ce8                NMI_Handler
 .text.HardFault_Handler
                0x0000000008000cee        0x6 ./Core/Src/stm32l4xx_it.o
                0x0000000008000cee                HardFault_Handler
 .text.MemManage_Handler
                0x0000000008000cf4        0x6 ./Core/Src/stm32l4xx_it.o
                0x0000000008000cf4                MemManage_Handler
 .text.BusFault_Handler
                0x0000000008000cfa        0x6 ./Core/Src/stm32l4xx_it.o
                0x0000000008000cfa                BusFault_Handler
 .text.UsageFault_Handler
                0x0000000008000d00        0x6 ./Core/Src/stm32l4xx_it.o
                0x0000000008000d00                UsageFault_Handler
 .text.SVC_Handler
                0x0000000008000d06        0xe ./Core/Src/stm32l4xx_it.o
                0x0000000008000d06                SVC_Handler
 .text.DebugMon_Handler
                0x0000000008000d14        0xe ./Core/Src/stm32l4xx_it.o
                0x0000000008000d14                DebugMon_Handler
 .text.PendSV_Handler
                0x0000000008000d22        0xe ./Core/Src/stm32l4xx_it.o
                0x0000000008000d22                PendSV_Handler
 .text.SysTick_Handler
                0x0000000008000d30        0xc ./Core/Src/stm32l4xx_it.o
                0x0000000008000d30                SysTick_Handler
 .text.SystemInit
                0x0000000008000d3c       0x24 ./Core/Src/system_stm32l4xx.o
                0x0000000008000d3c                SystemInit
 .text.Reset_Handler
                0x0000000008000d60       0x50 ./Core/Startup/startup_stm32l4a6zgtx.o
                0x0000000008000d60                Reset_Handler
 .text.Default_Handler
                0x0000000008000db0        0x2 ./Core/Startup/startup_stm32l4a6zgtx.o
                0x0000000008000db0                RTC_Alarm_IRQHandler
                0x0000000008000db0                HASH_RNG_IRQHandler
                0x0000000008000db0                EXTI2_IRQHandler
                0x0000000008000db0                TIM8_TRG_COM_IRQHandler
                0x0000000008000db0                TIM8_CC_IRQHandler
                0x0000000008000db0                TIM1_CC_IRQHandler
                0x0000000008000db0                TSC_IRQHandler
                0x0000000008000db0                TAMP_STAMP_IRQHandler
                0x0000000008000db0                CAN2_RX1_IRQHandler
                0x0000000008000db0                EXTI3_IRQHandler
                0x0000000008000db0                LPTIM2_IRQHandler
                0x0000000008000db0                DFSDM1_FLT1_IRQHandler
                0x0000000008000db0                I2C3_ER_IRQHandler
                0x0000000008000db0                DFSDM1_FLT2_IRQHandler
                0x0000000008000db0                EXTI0_IRQHandler
                0x0000000008000db0                I2C2_EV_IRQHandler
                0x0000000008000db0                CAN1_RX0_IRQHandler
                0x0000000008000db0                FPU_IRQHandler
                0x0000000008000db0                TIM1_UP_TIM16_IRQHandler
                0x0000000008000db0                CAN2_SCE_IRQHandler
                0x0000000008000db0                ADC1_2_IRQHandler
                0x0000000008000db0                SPI1_IRQHandler
                0x0000000008000db0                TIM6_DAC_IRQHandler
                0x0000000008000db0                DCMI_IRQHandler
                0x0000000008000db0                CAN2_RX0_IRQHandler
                0x0000000008000db0                TIM8_UP_IRQHandler
                0x0000000008000db0                DMA2_Channel2_IRQHandler
                0x0000000008000db0                DMA1_Channel4_IRQHandler
                0x0000000008000db0                SAI2_IRQHandler
                0x0000000008000db0                DFSDM1_FLT3_IRQHandler
                0x0000000008000db0                USART3_IRQHandler
                0x0000000008000db0                DMA1_Channel7_IRQHandler
                0x0000000008000db0                CAN1_RX1_IRQHandler
                0x0000000008000db0                LCD_IRQHandler
                0x0000000008000db0                UART5_IRQHandler
                0x0000000008000db0                ADC3_IRQHandler
                0x0000000008000db0                TIM4_IRQHandler
                0x0000000008000db0                DMA2_Channel1_IRQHandler
                0x0000000008000db0                QUADSPI_IRQHandler
                0x0000000008000db0                I2C1_EV_IRQHandler
                0x0000000008000db0                DMA1_Channel6_IRQHandler
                0x0000000008000db0                UART4_IRQHandler
                0x0000000008000db0                DMA2_Channel4_IRQHandler
                0x0000000008000db0                TIM3_IRQHandler
                0x0000000008000db0                RCC_IRQHandler
                0x0000000008000db0                DMA1_Channel1_IRQHandler
                0x0000000008000db0                Default_Handler
                0x0000000008000db0                DMA2_Channel7_IRQHandler
                0x0000000008000db0                EXTI15_10_IRQHandler
                0x0000000008000db0                TIM7_IRQHandler
                0x0000000008000db0                SDMMC1_IRQHandler
                0x0000000008000db0                CAN2_TX_IRQHandler
                0x0000000008000db0                TIM5_IRQHandler
                0x0000000008000db0                I2C3_EV_IRQHandler
                0x0000000008000db0                EXTI9_5_IRQHandler
                0x0000000008000db0                RTC_WKUP_IRQHandler
                0x0000000008000db0                PVD_PVM_IRQHandler
                0x0000000008000db0                SPI2_IRQHandler
                0x0000000008000db0                CAN1_TX_IRQHandler
                0x0000000008000db0                DMA2_Channel5_IRQHandler
                0x0000000008000db0                CRS_IRQHandler
                0x0000000008000db0                DMA1_Channel5_IRQHandler
                0x0000000008000db0                EXTI4_IRQHandler
                0x0000000008000db0                TIM1_TRG_COM_TIM17_IRQHandler
                0x0000000008000db0                DMA1_Channel3_IRQHandler
                0x0000000008000db0                COMP_IRQHandler
                0x0000000008000db0                WWDG_IRQHandler
                0x0000000008000db0                I2C4_EV_IRQHandler
                0x0000000008000db0                LPUART1_IRQHandler
                0x0000000008000db0                DMA2_Channel6_IRQHandler
                0x0000000008000db0                TIM2_IRQHandler
                0x0000000008000db0                DMA2D_IRQHandler
                0x0000000008000db0                EXTI1_IRQHandler
                0x0000000008000db0                AES_IRQHandler
                0x0000000008000db0                USART2_IRQHandler
                0x0000000008000db0                DFSDM1_FLT0_IRQHandler
                0x0000000008000db0                I2C2_ER_IRQHandler
                0x0000000008000db0                DMA1_Channel2_IRQHandler
                0x0000000008000db0                TIM8_BRK_IRQHandler
                0x0000000008000db0                CAN1_SCE_IRQHandler
                0x0000000008000db0                FLASH_IRQHandler
                0x0000000008000db0                USART1_IRQHandler
                0x0000000008000db0                OTG_FS_IRQHandler
                0x0000000008000db0                SPI3_IRQHandler
                0x0000000008000db0                I2C1_ER_IRQHandler
                0x0000000008000db0                FMC_IRQHandler
                0x0000000008000db0                SWPMI1_IRQHandler
                0x0000000008000db0                LPTIM1_IRQHandler
                0x0000000008000db0                I2C4_ER_IRQHandler
                0x0000000008000db0                SAI1_IRQHandler
                0x0000000008000db0                DMA2_Channel3_IRQHandler
                0x0000000008000db0                TIM1_BRK_TIM15_IRQHandler
 .text.HAL_Init
                0x0000000008000db2       0x30 ./Drivers/STM32L4xx_HAL_Driver/Src/stm32l4xx_hal.o
                0x0000000008000db2                HAL_Init
 *fill*         0x0000000008000de2        0x2 
 .text.HAL_InitTick
                0x0000000008000de4       0x78 ./Drivers/STM32L4xx_HAL_Driver/Src/stm32l4xx_hal.o
                0x0000000008000de4                HAL_InitTick
 .text.HAL_IncTick
                0x0000000008000e5c       0x28 ./Drivers/STM32L4xx_HAL_Driver/Src/stm32l4xx_hal.o
                0x0000000008000e5c                HAL_IncTick
 .text.HAL_GetTick
                0x0000000008000e84       0x18 ./Drivers/STM32L4xx_HAL_Driver/Src/stm32l4xx_hal.o
                0x0000000008000e84                HAL_GetTick
 .text.__NVIC_SetPriorityGrouping
                0x0000000008000e9c       0x48 ./Drivers/STM32L4xx_HAL_Driver/Src/stm32l4xx_hal_cortex.o
 .text.__NVIC_GetPriorityGrouping
                0x0000000008000ee4       0x1c ./Drivers/STM32L4xx_HAL_Driver/Src/stm32l4xx_hal_cortex.o
 .text.__NVIC_SetPriority
                0x0000000008000f00       0x54 ./Drivers/STM32L4xx_HAL_Driver/Src/stm32l4xx_hal_cortex.o
 .text.NVIC_EncodePriority
                0x0000000008000f54       0x66 ./Drivers/STM32L4xx_HAL_Driver/Src/stm32l4xx_hal_cortex.o
 *fill*         0x0000000008000fba        0x2 
 .text.SysTick_Config
                0x0000000008000fbc       0x44 ./Drivers/STM32L4xx_HAL_Driver/Src/stm32l4xx_hal_cortex.o
 .text.HAL_NVIC_SetPriorityGrouping
                0x0000000008001000       0x16 ./Drivers/STM32L4xx_HAL_Driver/Src/stm32l4xx_hal_cortex.o
                0x0000000008001000                HAL_NVIC_SetPriorityGrouping
 .text.HAL_NVIC_SetPriority
                0x0000000008001016       0x38 ./Drivers/STM32L4xx_HAL_Driver/Src/stm32l4xx_hal_cortex.o
                0x0000000008001016                HAL_NVIC_SetPriority
 .text.HAL_SYSTICK_Config
                0x000000000800104e       0x18 ./Drivers/STM32L4xx_HAL_Driver/Src/stm32l4xx_hal_cortex.o
                0x000000000800104e                HAL_SYSTICK_Config
 *fill*         0x0000000008001066        0x2 
 .text.HAL_PWREx_GetVoltageRange
                0x0000000008001068       0x1c ./Drivers/STM32L4xx_HAL_Driver/Src/stm32l4xx_hal_pwr_ex.o
                0x0000000008001068                HAL_PWREx_GetVoltageRange
 .text.HAL_PWREx_ControlVoltageScaling
                0x0000000008001084       0xac ./Drivers/STM32L4xx_HAL_Driver/Src/stm32l4xx_hal_pwr_ex.o
                0x0000000008001084                HAL_PWREx_ControlVoltageScaling
 .text.HAL_RCC_OscConfig
                0x0000000008001130      0x834 ./Drivers/STM32L4xx_HAL_Driver/Src/stm32l4xx_hal_rcc.o
                0x0000000008001130                HAL_RCC_OscConfig
 .text.HAL_RCC_ClockConfig
                0x0000000008001964      0x200 ./Drivers/STM32L4xx_HAL_Driver/Src/stm32l4xx_hal_rcc.o
                0x0000000008001964                HAL_RCC_ClockConfig
 .text.HAL_RCC_GetSysClockFreq
                0x0000000008001b64      0x118 ./Drivers/STM32L4xx_HAL_Driver/Src/stm32l4xx_hal_rcc.o
                0x0000000008001b64                HAL_RCC_GetSysClockFreq
 .text.RCC_SetFlashLatencyFromMSIRange
                0x0000000008001c7c       0xc0 ./Drivers/STM32L4xx_HAL_Driver/Src/stm32l4xx_hal_rcc.o
 .text.__libc_init_array
                0x0000000008001d3c       0x48 c:/users/wilso/desktop/329/stm32cubeide_1.12.0/stm32cubeide/plugins/com.st.stm32cube.ide.mcu.externaltools.gnu-tools-for-stm32.10.3-2021.10.win32_1.0.200.202301161003/tools/bin/../lib/gcc/arm-none-eabi/10.3.1/../../../../arm-none-eabi/lib/thumb/v7e-m+fp/hard\libc_nano.a(lib_a-init.o)
                0x0000000008001d3c                __libc_init_array
 .text.memset   0x0000000008001d84       0x10 c:/users/wilso/desktop/329/stm32cubeide_1.12.0/stm32cubeide/plugins/com.st.stm32cube.ide.mcu.externaltools.gnu-tools-for-stm32.10.3-2021.10.win32_1.0.200.202301161003/tools/bin/../lib/gcc/arm-none-eabi/10.3.1/../../../../arm-none-eabi/lib/thumb/v7e-m+fp/hard\libc_nano.a(lib_a-memset.o)
                0x0000000008001d84                memset
 *(.glue_7)
 .glue_7        0x0000000008001d94        0x0 linker stubs
 *(.glue_7t)
 .glue_7t       0x0000000008001d94        0x0 linker stubs
 *(.eh_frame)
 .eh_frame      0x0000000008001d94        0x0 c:/users/wilso/desktop/329/stm32cubeide_1.12.0/stm32cubeide/plugins/com.st.stm32cube.ide.mcu.externaltools.gnu-tools-for-stm32.10.3-2021.10.win32_1.0.200.202301161003/tools/bin/../lib/gcc/arm-none-eabi/10.3.1/thumb/v7e-m+fp/hard/crtbegin.o
 *(.init)
 .init          0x0000000008001d94        0x4 c:/users/wilso/desktop/329/stm32cubeide_1.12.0/stm32cubeide/plugins/com.st.stm32cube.ide.mcu.externaltools.gnu-tools-for-stm32.10.3-2021.10.win32_1.0.200.202301161003/tools/bin/../lib/gcc/arm-none-eabi/10.3.1/thumb/v7e-m+fp/hard/crti.o
                0x0000000008001d94                _init
 .init          0x0000000008001d98        0x8 c:/users/wilso/desktop/329/stm32cubeide_1.12.0/stm32cubeide/plugins/com.st.stm32cube.ide.mcu.externaltools.gnu-tools-for-stm32.10.3-2021.10.win32_1.0.200.202301161003/tools/bin/../lib/gcc/arm-none-eabi/10.3.1/thumb/v7e-m+fp/hard/crtn.o
 *(.fini)
 .fini          0x0000000008001da0        0x4 c:/users/wilso/desktop/329/stm32cubeide_1.12.0/stm32cubeide/plugins/com.st.stm32cube.ide.mcu.externaltools.gnu-tools-for-stm32.10.3-2021.10.win32_1.0.200.202301161003/tools/bin/../lib/gcc/arm-none-eabi/10.3.1/thumb/v7e-m+fp/hard/crti.o
                0x0000000008001da0                _fini
 .fini          0x0000000008001da4        0x8 c:/users/wilso/desktop/329/stm32cubeide_1.12.0/stm32cubeide/plugins/com.st.stm32cube.ide.mcu.externaltools.gnu-tools-for-stm32.10.3-2021.10.win32_1.0.200.202301161003/tools/bin/../lib/gcc/arm-none-eabi/10.3.1/thumb/v7e-m+fp/hard/crtn.o
                0x0000000008001dac                . = ALIGN (0x4)
                0x0000000008001dac                _etext = .

.vfp11_veneer   0x0000000008001dac        0x0
 .vfp11_veneer  0x0000000008001dac        0x0 linker stubs

.v4_bx          0x0000000008001dac        0x0
 .v4_bx         0x0000000008001dac        0x0 linker stubs

.iplt           0x0000000008001dac        0x0
 .iplt          0x0000000008001dac        0x0 c:/users/wilso/desktop/329/stm32cubeide_1.12.0/stm32cubeide/plugins/com.st.stm32cube.ide.mcu.externaltools.gnu-tools-for-stm32.10.3-2021.10.win32_1.0.200.202301161003/tools/bin/../lib/gcc/arm-none-eabi/10.3.1/thumb/v7e-m+fp/hard/crtbegin.o

.rodata         0x0000000008001dac       0x80
                0x0000000008001dac                . = ALIGN (0x4)
 *(.rodata)
 .rodata        0x0000000008001dac        0xe ./Core/Src/lcd.o
 *fill*         0x0000000008001dba        0x2 
 .rodata        0x0000000008001dbc       0x21 ./Core/Src/main.o
 *(.rodata*)
 *fill*         0x0000000008001ddd        0x3 
 .rodata.keys   0x0000000008001de0        0xc ./Core/Src/keypad.o
 .rodata.AHBPrescTable
                0x0000000008001dec       0x10 ./Core/Src/system_stm32l4xx.o
                0x0000000008001dec                AHBPrescTable
 .rodata.MSIRangeTable
                0x0000000008001dfc       0x30 ./Core/Src/system_stm32l4xx.o
                0x0000000008001dfc                MSIRangeTable
                0x0000000008001e2c                . = ALIGN (0x4)

.rel.dyn        0x0000000008001e2c        0x0
 .rel.iplt      0x0000000008001e2c        0x0 c:/users/wilso/desktop/329/stm32cubeide_1.12.0/stm32cubeide/plugins/com.st.stm32cube.ide.mcu.externaltools.gnu-tools-for-stm32.10.3-2021.10.win32_1.0.200.202301161003/tools/bin/../lib/gcc/arm-none-eabi/10.3.1/thumb/v7e-m+fp/hard/crtbegin.o

.ARM.extab      0x0000000008001e2c        0x0
                0x0000000008001e2c                . = ALIGN (0x4)
 *(.ARM.extab* .gnu.linkonce.armextab.*)
                0x0000000008001e2c                . = ALIGN (0x4)

.ARM            0x0000000008001e2c        0x0
                0x0000000008001e2c                . = ALIGN (0x4)
                0x0000000008001e2c                __exidx_start = .
 *(.ARM.exidx*)
                0x0000000008001e2c                __exidx_end = .
                0x0000000008001e2c                . = ALIGN (0x4)

.preinit_array  0x0000000008001e2c        0x0
                0x0000000008001e2c                . = ALIGN (0x4)
                0x0000000008001e2c                PROVIDE (__preinit_array_start = .)
 *(.preinit_array*)
                0x0000000008001e2c                PROVIDE (__preinit_array_end = .)
                0x0000000008001e2c                . = ALIGN (0x4)

.init_array     0x0000000008001e2c        0x4
                0x0000000008001e2c                . = ALIGN (0x4)
                0x0000000008001e2c                PROVIDE (__init_array_start = .)
 *(SORT_BY_NAME(.init_array.*))
 *(.init_array*)
 .init_array    0x0000000008001e2c        0x4 c:/users/wilso/desktop/329/stm32cubeide_1.12.0/stm32cubeide/plugins/com.st.stm32cube.ide.mcu.externaltools.gnu-tools-for-stm32.10.3-2021.10.win32_1.0.200.202301161003/tools/bin/../lib/gcc/arm-none-eabi/10.3.1/thumb/v7e-m+fp/hard/crtbegin.o
                0x0000000008001e30                PROVIDE (__init_array_end = .)
                0x0000000008001e30                . = ALIGN (0x4)

.fini_array     0x0000000008001e30        0x4
                0x0000000008001e30                . = ALIGN (0x4)
                [!provide]                        PROVIDE (__fini_array_start = .)
 *(SORT_BY_NAME(.fini_array.*))
 *(.fini_array*)
 .fini_array    0x0000000008001e30        0x4 c:/users/wilso/desktop/329/stm32cubeide_1.12.0/stm32cubeide/plugins/com.st.stm32cube.ide.mcu.externaltools.gnu-tools-for-stm32.10.3-2021.10.win32_1.0.200.202301161003/tools/bin/../lib/gcc/arm-none-eabi/10.3.1/thumb/v7e-m+fp/hard/crtbegin.o
                [!provide]                        PROVIDE (__fini_array_end = .)
                0x0000000008001e34                . = ALIGN (0x4)
                0x0000000008001e34                _sidata = LOADADDR (.data)

.data           0x0000000020000000       0x34 load address 0x0000000008001e34
                0x0000000020000000                . = ALIGN (0x4)
                0x0000000020000000                _sdata = .
 *(.data)
 *(.data*)
 .data.cols     0x0000000020000000        0xc ./Core/Src/keypad.o
 .data.rows     0x000000002000000c       0x10 ./Core/Src/keypad.o
 .data.delay_time
                0x000000002000001c        0x4 ./Core/Src/keypad.o
 .data.GPIO_Pin
                0x0000000020000020        0x8 ./Core/Src/lcd.o
                0x0000000020000020                GPIO_Pin
 .data.SystemCoreClock
                0x0000000020000028        0x4 ./Core/Src/system_stm32l4xx.o
                0x0000000020000028                SystemCoreClock
 .data.uwTickPrio
                0x000000002000002c        0x4 ./Drivers/STM32L4xx_HAL_Driver/Src/stm32l4xx_hal.o
                0x000000002000002c                uwTickPrio
 .data.uwTickFreq
                0x0000000020000030        0x1 ./Drivers/STM32L4xx_HAL_Driver/Src/stm32l4xx_hal.o
                0x0000000020000030                uwTickFreq
 *(.RamFunc)
 *(.RamFunc*)
                0x0000000020000034                . = ALIGN (0x4)
 *fill*         0x0000000020000031        0x3 
                0x0000000020000034                _edata = .

.igot.plt       0x0000000020000034        0x0 load address 0x0000000008001e68
 .igot.plt      0x0000000020000034        0x0 c:/users/wilso/desktop/329/stm32cubeide_1.12.0/stm32cubeide/plugins/com.st.stm32cube.ide.mcu.externaltools.gnu-tools-for-stm32.10.3-2021.10.win32_1.0.200.202301161003/tools/bin/../lib/gcc/arm-none-eabi/10.3.1/thumb/v7e-m+fp/hard/crtbegin.o
                0x0000000020000034                . = ALIGN (0x4)

.bss            0x0000000020000034       0x38 load address 0x0000000008001e68
                0x0000000020000034                _sbss = .
                0x0000000020000034                __bss_start__ = _sbss
 *(.bss)
 .bss           0x0000000020000034       0x1c c:/users/wilso/desktop/329/stm32cubeide_1.12.0/stm32cubeide/plugins/com.st.stm32cube.ide.mcu.externaltools.gnu-tools-for-stm32.10.3-2021.10.win32_1.0.200.202301161003/tools/bin/../lib/gcc/arm-none-eabi/10.3.1/thumb/v7e-m+fp/hard/crtbegin.o
 *(.bss*)
 .bss.time_asc  0x0000000020000050        0x4 ./Core/Src/lcd.o
                0x0000000020000050                time_asc
 .bss.four_push
                0x0000000020000054        0x1 ./Core/Src/main.o
                0x0000000020000054                four_push
 .bss.reset     0x0000000020000055        0x1 ./Core/Src/main.o
                0x0000000020000055                reset
 .bss.go        0x0000000020000056        0x1 ./Core/Src/main.o
                0x0000000020000056                go
 .bss.reset_state
                0x0000000020000057        0x1 ./Core/Src/main.o
                0x0000000020000057                reset_state
 .bss.hmin      0x0000000020000058        0x4 ./Core/Src/main.o
                0x0000000020000058                hmin
 .bss.lmin      0x000000002000005c        0x4 ./Core/Src/main.o
                0x000000002000005c                lmin
 .bss.hsec      0x0000000020000060        0x4 ./Core/Src/main.o
                0x0000000020000060                hsec
 .bss.lsec      0x0000000020000064        0x4 ./Core/Src/main.o
                0x0000000020000064                lsec
 .bss.uwTick    0x0000000020000068        0x4 ./Drivers/STM32L4xx_HAL_Driver/Src/stm32l4xx_hal.o
                0x0000000020000068                uwTick
 *(COMMON)
                0x000000002000006c                . = ALIGN (0x4)
                0x000000002000006c                _ebss = .
                0x000000002000006c                __bss_end__ = _ebss

._user_heap_stack
                0x000000002000006c      0x604 load address 0x0000000008001e68
                0x0000000020000070                . = ALIGN (0x8)
 *fill*         0x000000002000006c        0x4 
                [!provide]                        PROVIDE (end = .)
                0x0000000020000070                PROVIDE (_end = .)
                0x0000000020000270                . = (. + _Min_Heap_Size)
 *fill*         0x0000000020000070      0x200 
                0x0000000020000670                . = (. + _Min_Stack_Size)
 *fill*         0x0000000020000270      0x400 
                0x0000000020000670                . = ALIGN (0x8)

/DISCARD/
 libc.a(*)
 libm.a(*)
 libgcc.a(*)

.ARM.attributes
                0x0000000000000000       0x30
 *(.ARM.attributes)
 .ARM.attributes
                0x0000000000000000       0x1e c:/users/wilso/desktop/329/stm32cubeide_1.12.0/stm32cubeide/plugins/com.st.stm32cube.ide.mcu.externaltools.gnu-tools-for-stm32.10.3-2021.10.win32_1.0.200.202301161003/tools/bin/../lib/gcc/arm-none-eabi/10.3.1/thumb/v7e-m+fp/hard/crti.o
 .ARM.attributes
                0x000000000000001e       0x34 c:/users/wilso/desktop/329/stm32cubeide_1.12.0/stm32cubeide/plugins/com.st.stm32cube.ide.mcu.externaltools.gnu-tools-for-stm32.10.3-2021.10.win32_1.0.200.202301161003/tools/bin/../lib/gcc/arm-none-eabi/10.3.1/thumb/v7e-m+fp/hard/crtbegin.o
 .ARM.attributes
                0x0000000000000052       0x34 ./Core/Src/delay.o
 .ARM.attributes
                0x0000000000000086       0x34 ./Core/Src/keypad.o
 .ARM.attributes
                0x00000000000000ba       0x34 ./Core/Src/lcd.o
 .ARM.attributes
                0x00000000000000ee       0x34 ./Core/Src/main.o
 .ARM.attributes
                0x0000000000000122       0x34 ./Core/Src/stm32l4xx_hal_msp.o
 .ARM.attributes
                0x0000000000000156       0x34 ./Core/Src/stm32l4xx_it.o
 .ARM.attributes
                0x000000000000018a       0x34 ./Core/Src/system_stm32l4xx.o
 .ARM.attributes
                0x00000000000001be       0x21 ./Core/Startup/startup_stm32l4a6zgtx.o
 .ARM.attributes
                0x00000000000001df       0x34 ./Drivers/STM32L4xx_HAL_Driver/Src/stm32l4xx_hal.o
 .ARM.attributes
                0x0000000000000213       0x34 ./Drivers/STM32L4xx_HAL_Driver/Src/stm32l4xx_hal_cortex.o
 .ARM.attributes
                0x0000000000000247       0x34 ./Drivers/STM32L4xx_HAL_Driver/Src/stm32l4xx_hal_pwr_ex.o
 .ARM.attributes
                0x000000000000027b       0x34 ./Drivers/STM32L4xx_HAL_Driver/Src/stm32l4xx_hal_rcc.o
 .ARM.attributes
                0x00000000000002af       0x34 c:/users/wilso/desktop/329/stm32cubeide_1.12.0/stm32cubeide/plugins/com.st.stm32cube.ide.mcu.externaltools.gnu-tools-for-stm32.10.3-2021.10.win32_1.0.200.202301161003/tools/bin/../lib/gcc/arm-none-eabi/10.3.1/../../../../arm-none-eabi/lib/thumb/v7e-m+fp/hard\libc_nano.a(lib_a-init.o)
 .ARM.attributes
                0x00000000000002e3       0x34 c:/users/wilso/desktop/329/stm32cubeide_1.12.0/stm32cubeide/plugins/com.st.stm32cube.ide.mcu.externaltools.gnu-tools-for-stm32.10.3-2021.10.win32_1.0.200.202301161003/tools/bin/../lib/gcc/arm-none-eabi/10.3.1/../../../../arm-none-eabi/lib/thumb/v7e-m+fp/hard\libc_nano.a(lib_a-memset.o)
 .ARM.attributes
                0x0000000000000317       0x1e c:/users/wilso/desktop/329/stm32cubeide_1.12.0/stm32cubeide/plugins/com.st.stm32cube.ide.mcu.externaltools.gnu-tools-for-stm32.10.3-2021.10.win32_1.0.200.202301161003/tools/bin/../lib/gcc/arm-none-eabi/10.3.1/thumb/v7e-m+fp/hard/crtn.o
OUTPUT(A3.elf elf32-littlearm)
LOAD linker stubs
LOAD c:/users/wilso/desktop/329/stm32cubeide_1.12.0/stm32cubeide/plugins/com.st.stm32cube.ide.mcu.externaltools.gnu-tools-for-stm32.10.3-2021.10.win32_1.0.200.202301161003/tools/bin/../lib/gcc/arm-none-eabi/10.3.1/../../../../arm-none-eabi/lib/thumb/v7e-m+fp/hard\libc.a
LOAD c:/users/wilso/desktop/329/stm32cubeide_1.12.0/stm32cubeide/plugins/com.st.stm32cube.ide.mcu.externaltools.gnu-tools-for-stm32.10.3-2021.10.win32_1.0.200.202301161003/tools/bin/../lib/gcc/arm-none-eabi/10.3.1/../../../../arm-none-eabi/lib/thumb/v7e-m+fp/hard\libm.a
LOAD c:/users/wilso/desktop/329/stm32cubeide_1.12.0/stm32cubeide/plugins/com.st.stm32cube.ide.mcu.externaltools.gnu-tools-for-stm32.10.3-2021.10.win32_1.0.200.202301161003/tools/bin/../lib/gcc/arm-none-eabi/10.3.1/thumb/v7e-m+fp/hard\libgcc.a

.debug_info     0x0000000000000000     0x4f65
 .debug_info    0x0000000000000000      0x132 ./Core/Src/delay.o
 .debug_info    0x0000000000000132      0x2bf ./Core/Src/keypad.o
 .debug_info    0x00000000000003f1      0x71a ./Core/Src/lcd.o
 .debug_info    0x0000000000000b0b      0x91b ./Core/Src/main.o
 .debug_info    0x0000000000001426      0x324 ./Core/Src/stm32l4xx_hal_msp.o
 .debug_info    0x000000000000174a      0x122 ./Core/Src/stm32l4xx_it.o
 .debug_info    0x000000000000186c      0x5e2 ./Core/Src/system_stm32l4xx.o
 .debug_info    0x0000000000001e4e       0x22 ./Core/Startup/startup_stm32l4a6zgtx.o
 .debug_info    0x0000000000001e70      0xb9b ./Drivers/STM32L4xx_HAL_Driver/Src/stm32l4xx_hal.o
 .debug_info    0x0000000000002a0b      0xe5d ./Drivers/STM32L4xx_HAL_Driver/Src/stm32l4xx_hal_cortex.o
 .debug_info    0x0000000000003868      0x9e6 ./Drivers/STM32L4xx_HAL_Driver/Src/stm32l4xx_hal_pwr_ex.o
 .debug_info    0x000000000000424e      0xd17 ./Drivers/STM32L4xx_HAL_Driver/Src/stm32l4xx_hal_rcc.o

.debug_abbrev   0x0000000000000000     0x129c
 .debug_abbrev  0x0000000000000000       0xe4 ./Core/Src/delay.o
 .debug_abbrev  0x00000000000000e4      0x13d ./Core/Src/keypad.o
 .debug_abbrev  0x0000000000000221      0x1b6 ./Core/Src/lcd.o
 .debug_abbrev  0x00000000000003d7      0x267 ./Core/Src/main.o
 .debug_abbrev  0x000000000000063e       0xc2 ./Core/Src/stm32l4xx_hal_msp.o
 .debug_abbrev  0x0000000000000700       0x74 ./Core/Src/stm32l4xx_it.o
 .debug_abbrev  0x0000000000000774      0x116 ./Core/Src/system_stm32l4xx.o
 .debug_abbrev  0x000000000000088a       0x12 ./Core/Startup/startup_stm32l4a6zgtx.o
 .debug_abbrev  0x000000000000089c      0x23a ./Drivers/STM32L4xx_HAL_Driver/Src/stm32l4xx_hal.o
 .debug_abbrev  0x0000000000000ad6      0x316 ./Drivers/STM32L4xx_HAL_Driver/Src/stm32l4xx_hal_cortex.o
 .debug_abbrev  0x0000000000000dec      0x1f3 ./Drivers/STM32L4xx_HAL_Driver/Src/stm32l4xx_hal_pwr_ex.o
 .debug_abbrev  0x0000000000000fdf      0x2bd ./Drivers/STM32L4xx_HAL_Driver/Src/stm32l4xx_hal_rcc.o

.debug_aranges  0x0000000000000000      0x600
 .debug_aranges
                0x0000000000000000       0x28 ./Core/Src/delay.o
 .debug_aranges
                0x0000000000000028       0x30 ./Core/Src/keypad.o
 .debug_aranges
                0x0000000000000058       0x80 ./Core/Src/lcd.o
 .debug_aranges
                0x00000000000000d8       0x30 ./Core/Src/main.o
 .debug_aranges
                0x0000000000000108       0x20 ./Core/Src/stm32l4xx_hal_msp.o
 .debug_aranges
                0x0000000000000128       0x60 ./Core/Src/stm32l4xx_it.o
 .debug_aranges
                0x0000000000000188       0x28 ./Core/Src/system_stm32l4xx.o
 .debug_aranges
                0x00000000000001b0       0x28 ./Core/Startup/startup_stm32l4a6zgtx.o
 .debug_aranges
                0x00000000000001d8      0x130 ./Drivers/STM32L4xx_HAL_Driver/Src/stm32l4xx_hal.o
 .debug_aranges
                0x0000000000000308      0x118 ./Drivers/STM32L4xx_HAL_Driver/Src/stm32l4xx_hal_cortex.o
 .debug_aranges
                0x0000000000000420      0x150 ./Drivers/STM32L4xx_HAL_Driver/Src/stm32l4xx_hal_pwr_ex.o
 .debug_aranges
                0x0000000000000570       0x90 ./Drivers/STM32L4xx_HAL_Driver/Src/stm32l4xx_hal_rcc.o

.debug_ranges   0x0000000000000000      0x548
 .debug_ranges  0x0000000000000000       0x18 ./Core/Src/delay.o
 .debug_ranges  0x0000000000000018       0x20 ./Core/Src/keypad.o
 .debug_ranges  0x0000000000000038       0x70 ./Core/Src/lcd.o
 .debug_ranges  0x00000000000000a8       0x20 ./Core/Src/main.o
 .debug_ranges  0x00000000000000c8       0x10 ./Core/Src/stm32l4xx_hal_msp.o
 .debug_ranges  0x00000000000000d8       0x50 ./Core/Src/stm32l4xx_it.o
 .debug_ranges  0x0000000000000128       0x18 ./Core/Src/system_stm32l4xx.o
 .debug_ranges  0x0000000000000140       0x20 ./Core/Startup/startup_stm32l4a6zgtx.o
 .debug_ranges  0x0000000000000160      0x120 ./Drivers/STM32L4xx_HAL_Driver/Src/stm32l4xx_hal.o
 .debug_ranges  0x0000000000000280      0x108 ./Drivers/STM32L4xx_HAL_Driver/Src/stm32l4xx_hal_cortex.o
 .debug_ranges  0x0000000000000388      0x140 ./Drivers/STM32L4xx_HAL_Driver/Src/stm32l4xx_hal_pwr_ex.o
 .debug_ranges  0x00000000000004c8       0x80 ./Drivers/STM32L4xx_HAL_Driver/Src/stm32l4xx_hal_rcc.o

.debug_macro    0x0000000000000000    0x273e6
 .debug_macro   0x0000000000000000      0x1b6 ./Core/Src/delay.o
 .debug_macro   0x00000000000001b6      0xa78 ./Core/Src/delay.o
 .debug_macro   0x0000000000000c2e      0x19b ./Core/Src/delay.o
 .debug_macro   0x0000000000000dc9       0x2e ./Core/Src/delay.o
 .debug_macro   0x0000000000000df7       0x28 ./Core/Src/delay.o
 .debug_macro   0x0000000000000e1f       0x22 ./Core/Src/delay.o
 .debug_macro   0x0000000000000e41       0x8e ./Core/Src/delay.o
 .debug_macro   0x0000000000000ecf       0x51 ./Core/Src/delay.o
 .debug_macro   0x0000000000000f20      0x103 ./Core/Src/delay.o
 .debug_macro   0x0000000000001023       0x6a ./Core/Src/delay.o
 .debug_macro   0x000000000000108d      0x1df ./Core/Src/delay.o
 .debug_macro   0x000000000000126c       0x1c ./Core/Src/delay.o
 .debug_macro   0x0000000000001288       0x22 ./Core/Src/delay.o
 .debug_macro   0x00000000000012aa       0xfb ./Core/Src/delay.o
 .debug_macro   0x00000000000013a5     0x1011 ./Core/Src/delay.o
 .debug_macro   0x00000000000023b6      0x11f ./Core/Src/delay.o
 .debug_macro   0x00000000000024d5    0x1c8bf ./Core/Src/delay.o
 .debug_macro   0x000000000001ed94       0x6d ./Core/Src/delay.o
 .debug_macro   0x000000000001ee01     0x38e6 ./Core/Src/delay.o
 .debug_macro   0x00000000000226e7      0x174 ./Core/Src/delay.o
 .debug_macro   0x000000000002285b       0x5c ./Core/Src/delay.o
 .debug_macro   0x00000000000228b7     0x1909 ./Core/Src/delay.o
 .debug_macro   0x00000000000241c0      0x773 ./Core/Src/delay.o
 .debug_macro   0x0000000000024933      0x1b9 ./Core/Src/delay.o
 .debug_macro   0x0000000000024aec      0x202 ./Core/Src/delay.o
 .debug_macro   0x0000000000024cee      0x26b ./Core/Src/delay.o
 .debug_macro   0x0000000000024f59      0x23d ./Core/Src/delay.o
 .debug_macro   0x0000000000025196      0x241 ./Core/Src/delay.o
 .debug_macro   0x00000000000253d7      0x3ad ./Core/Src/delay.o
 .debug_macro   0x0000000000025784       0xe4 ./Core/Src/delay.o
 .debug_macro   0x0000000000025868      0x122 ./Core/Src/delay.o
 .debug_macro   0x000000000002598a      0x3ef ./Core/Src/delay.o
 .debug_macro   0x0000000000025d79      0x433 ./Core/Src/delay.o
 .debug_macro   0x00000000000261ac      0x1b1 ./Core/Src/keypad.o
 .debug_macro   0x000000000002635d       0x46 ./Core/Src/keypad.o
 .debug_macro   0x00000000000263a3      0x1bb ./Core/Src/lcd.o
 .debug_macro   0x000000000002655e       0x3a ./Core/Src/lcd.o
 .debug_macro   0x0000000000026598      0x1c2 ./Core/Src/main.o
 .debug_macro   0x000000000002675a       0x40 ./Core/Src/main.o
 .debug_macro   0x000000000002679a       0x4c ./Core/Src/main.o
 .debug_macro   0x00000000000267e6      0x1a2 ./Core/Src/stm32l4xx_hal_msp.o
 .debug_macro   0x0000000000026988      0x1ac ./Core/Src/stm32l4xx_it.o
 .debug_macro   0x0000000000026b34      0x198 ./Core/Src/system_stm32l4xx.o
 .debug_macro   0x0000000000026ccc      0x1e6 ./Drivers/STM32L4xx_HAL_Driver/Src/stm32l4xx_hal.o
 .debug_macro   0x0000000000026eb2      0x198 ./Drivers/STM32L4xx_HAL_Driver/Src/stm32l4xx_hal_cortex.o
 .debug_macro   0x000000000002704a      0x1c2 ./Drivers/STM32L4xx_HAL_Driver/Src/stm32l4xx_hal_pwr_ex.o
 .debug_macro   0x000000000002720c      0x1da ./Drivers/STM32L4xx_HAL_Driver/Src/stm32l4xx_hal_rcc.o

.debug_line     0x0000000000000000     0x755d
 .debug_line    0x0000000000000000      0x81a ./Core/Src/delay.o
 .debug_line    0x000000000000081a      0x87f ./Core/Src/keypad.o
 .debug_line    0x0000000000001099      0xa82 ./Core/Src/lcd.o
 .debug_line    0x0000000000001b1b      0x983 ./Core/Src/main.o
 .debug_line    0x000000000000249e      0x7d7 ./Core/Src/stm32l4xx_hal_msp.o
 .debug_line    0x0000000000002c75      0x89a ./Core/Src/stm32l4xx_it.o
 .debug_line    0x000000000000350f      0x86f ./Core/Src/system_stm32l4xx.o
 .debug_line    0x0000000000003d7e       0x88 ./Core/Startup/startup_stm32l4a6zgtx.o
 .debug_line    0x0000000000003e06      0xbc7 ./Drivers/STM32L4xx_HAL_Driver/Src/stm32l4xx_hal.o
 .debug_line    0x00000000000049cd      0xd6e ./Drivers/STM32L4xx_HAL_Driver/Src/stm32l4xx_hal_cortex.o
 .debug_line    0x000000000000573b      0xd99 ./Drivers/STM32L4xx_HAL_Driver/Src/stm32l4xx_hal_pwr_ex.o
 .debug_line    0x00000000000064d4     0x1089 ./Drivers/STM32L4xx_HAL_Driver/Src/stm32l4xx_hal_rcc.o

.debug_str      0x0000000000000000    0xee74f
 .debug_str     0x0000000000000000    0xec6ef ./Core/Src/delay.o
                                      0xec97e (size before relaxing)
 .debug_str     0x00000000000ec6ef      0x14a ./Core/Src/keypad.o
                                      0xeca5d (size before relaxing)
 .debug_str     0x00000000000ec839      0x341 ./Core/Src/lcd.o
                                      0xeccc0 (size before relaxing)
 .debug_str     0x00000000000ecb7a      0x25a ./Core/Src/main.o
                                      0xecf39 (size before relaxing)
 .debug_str     0x00000000000ecdd4       0x33 ./Core/Src/stm32l4xx_hal_msp.o
                                      0xeca93 (size before relaxing)
 .debug_str     0x00000000000ece07       0xc9 ./Core/Src/stm32l4xx_it.o
                                      0xec9bf (size before relaxing)
 .debug_str     0x00000000000eced0       0xe2 ./Core/Src/system_stm32l4xx.o
                                      0xecb5a (size before relaxing)
 .debug_str     0x00000000000ecfb2       0x36 ./Core/Startup/startup_stm32l4a6zgtx.o
                                         0x5d (size before relaxing)
 .debug_str     0x00000000000ecfe8      0xb02 ./Drivers/STM32L4xx_HAL_Driver/Src/stm32l4xx_hal.o
                                      0xed770 (size before relaxing)
 .debug_str     0x00000000000edaea      0x350 ./Drivers/STM32L4xx_HAL_Driver/Src/stm32l4xx_hal_cortex.o
                                      0xed411 (size before relaxing)
 .debug_str     0x00000000000ede3a      0x52b ./Drivers/STM32L4xx_HAL_Driver/Src/stm32l4xx_hal_pwr_ex.o
                                      0xed0a9 (size before relaxing)
 .debug_str     0x00000000000ee365      0x3ea ./Drivers/STM32L4xx_HAL_Driver/Src/stm32l4xx_hal_rcc.o
                                      0xed1a7 (size before relaxing)

.comment        0x0000000000000000       0x50
 .comment       0x0000000000000000       0x50 ./Core/Src/delay.o
                                         0x51 (size before relaxing)
 .comment       0x0000000000000050       0x51 ./Core/Src/keypad.o
 .comment       0x0000000000000050       0x51 ./Core/Src/lcd.o
 .comment       0x0000000000000050       0x51 ./Core/Src/main.o
 .comment       0x0000000000000050       0x51 ./Core/Src/stm32l4xx_hal_msp.o
 .comment       0x0000000000000050       0x51 ./Core/Src/stm32l4xx_it.o
 .comment       0x0000000000000050       0x51 ./Core/Src/system_stm32l4xx.o
 .comment       0x0000000000000050       0x51 ./Drivers/STM32L4xx_HAL_Driver/Src/stm32l4xx_hal.o
 .comment       0x0000000000000050       0x51 ./Drivers/STM32L4xx_HAL_Driver/Src/stm32l4xx_hal_cortex.o
 .comment       0x0000000000000050       0x51 ./Drivers/STM32L4xx_HAL_Driver/Src/stm32l4xx_hal_pwr_ex.o
 .comment       0x0000000000000050       0x51 ./Drivers/STM32L4xx_HAL_Driver/Src/stm32l4xx_hal_rcc.o

.debug_frame    0x0000000000000000     0x1580
 .debug_frame   0x0000000000000000       0x58 ./Core/Src/delay.o
 .debug_frame   0x0000000000000058       0x7c ./Core/Src/keypad.o
 .debug_frame   0x00000000000000d4      0x1d0 ./Core/Src/lcd.o
 .debug_frame   0x00000000000002a4       0x6c ./Core/Src/main.o
 .debug_frame   0x0000000000000310       0x38 ./Core/Src/stm32l4xx_hal_msp.o
 .debug_frame   0x0000000000000348      0x104 ./Core/Src/stm32l4xx_it.o
 .debug_frame   0x000000000000044c       0x58 ./Core/Src/system_stm32l4xx.o
 .debug_frame   0x00000000000004a4      0x498 ./Drivers/STM32L4xx_HAL_Driver/Src/stm32l4xx_hal.o
 .debug_frame   0x000000000000093c      0x498 ./Drivers/STM32L4xx_HAL_Driver/Src/stm32l4xx_hal_cortex.o
 .debug_frame   0x0000000000000dd4      0x544 ./Drivers/STM32L4xx_HAL_Driver/Src/stm32l4xx_hal_pwr_ex.o
 .debug_frame   0x0000000000001318      0x21c ./Drivers/STM32L4xx_HAL_Driver/Src/stm32l4xx_hal_rcc.o
 .debug_frame   0x0000000000001534       0x2c c:/users/wilso/desktop/329/stm32cubeide_1.12.0/stm32cubeide/plugins/com.st.stm32cube.ide.mcu.externaltools.gnu-tools-for-stm32.10.3-2021.10.win32_1.0.200.202301161003/tools/bin/../lib/gcc/arm-none-eabi/10.3.1/../../../../arm-none-eabi/lib/thumb/v7e-m+fp/hard\libc_nano.a(lib_a-init.o)
 .debug_frame   0x0000000000001560       0x20 c:/users/wilso/desktop/329/stm32cubeide_1.12.0/stm32cubeide/plugins/com.st.stm32cube.ide.mcu.externaltools.gnu-tools-for-stm32.10.3-2021.10.win32_1.0.200.202301161003/tools/bin/../lib/gcc/arm-none-eabi/10.3.1/../../../../arm-none-eabi/lib/thumb/v7e-m+fp/hard\libc_nano.a(lib_a-memset.o)
