Archive member included to satisfy reference by file (symbol)

c:/users/wilso/desktop/329/stm32cubeide_1.12.0/stm32cubeide/plugins/com.st.stm32cube.ide.mcu.externaltools.gnu-tools-for-stm32.10.3-2021.10.win32_1.0.200.202301161003/tools/bin/../lib/gcc/arm-none-eabi/10.3.1/../../../../arm-none-eabi/lib/thumb/v7e-m+fp/hard\libc_nano.a(lib_a-errno.o)
                              ./Core/Src/syscalls.o (__errno)
c:/users/wilso/desktop/329/stm32cubeide_1.12.0/stm32cubeide/plugins/com.st.stm32cube.ide.mcu.externaltools.gnu-tools-for-stm32.10.3-2021.10.win32_1.0.200.202301161003/tools/bin/../lib/gcc/arm-none-eabi/10.3.1/../../../../arm-none-eabi/lib/thumb/v7e-m+fp/hard\libc_nano.a(lib_a-exit.o)
                              c:/users/wilso/desktop/329/stm32cubeide_1.12.0/stm32cubeide/plugins/com.st.stm32cube.ide.mcu.externaltools.gnu-tools-for-stm32.10.3-2021.10.win32_1.0.200.202301161003/tools/bin/../lib/gcc/arm-none-eabi/10.3.1/../../../../arm-none-eabi/lib/thumb/v7e-m+fp/hard/crt0.o (exit)
c:/users/wilso/desktop/329/stm32cubeide_1.12.0/stm32cubeide/plugins/com.st.stm32cube.ide.mcu.externaltools.gnu-tools-for-stm32.10.3-2021.10.win32_1.0.200.202301161003/tools/bin/../lib/gcc/arm-none-eabi/10.3.1/../../../../arm-none-eabi/lib/thumb/v7e-m+fp/hard\libc_nano.a(lib_a-impure.o)
                              c:/users/wilso/desktop/329/stm32cubeide_1.12.0/stm32cubeide/plugins/com.st.stm32cube.ide.mcu.externaltools.gnu-tools-for-stm32.10.3-2021.10.win32_1.0.200.202301161003/tools/bin/../lib/gcc/arm-none-eabi/10.3.1/../../../../arm-none-eabi/lib/thumb/v7e-m+fp/hard\libc_nano.a(lib_a-exit.o) (_global_impure_ptr)
c:/users/wilso/desktop/329/stm32cubeide_1.12.0/stm32cubeide/plugins/com.st.stm32cube.ide.mcu.externaltools.gnu-tools-for-stm32.10.3-2021.10.win32_1.0.200.202301161003/tools/bin/../lib/gcc/arm-none-eabi/10.3.1/../../../../arm-none-eabi/lib/thumb/v7e-m+fp/hard\libc_nano.a(lib_a-init.o)
                              c:/users/wilso/desktop/329/stm32cubeide_1.12.0/stm32cubeide/plugins/com.st.stm32cube.ide.mcu.externaltools.gnu-tools-for-stm32.10.3-2021.10.win32_1.0.200.202301161003/tools/bin/../lib/gcc/arm-none-eabi/10.3.1/../../../../arm-none-eabi/lib/thumb/v7e-m+fp/hard/crt0.o (__libc_init_array)
c:/users/wilso/desktop/329/stm32cubeide_1.12.0/stm32cubeide/plugins/com.st.stm32cube.ide.mcu.externaltools.gnu-tools-for-stm32.10.3-2021.10.win32_1.0.200.202301161003/tools/bin/../lib/gcc/arm-none-eabi/10.3.1/../../../../arm-none-eabi/lib/thumb/v7e-m+fp/hard\libc_nano.a(lib_a-memset.o)
                              c:/users/wilso/desktop/329/stm32cubeide_1.12.0/stm32cubeide/plugins/com.st.stm32cube.ide.mcu.externaltools.gnu-tools-for-stm32.10.3-2021.10.win32_1.0.200.202301161003/tools/bin/../lib/gcc/arm-none-eabi/10.3.1/../../../../arm-none-eabi/lib/thumb/v7e-m+fp/hard/crt0.o (memset)

Discarded input sections

 .text          0x0000000000000000        0x0 c:/users/wilso/desktop/329/stm32cubeide_1.12.0/stm32cubeide/plugins/com.st.stm32cube.ide.mcu.externaltools.gnu-tools-for-stm32.10.3-2021.10.win32_1.0.200.202301161003/tools/bin/../lib/gcc/arm-none-eabi/10.3.1/thumb/v7e-m+fp/hard/crti.o
 .data          0x0000000000000000        0x0 c:/users/wilso/desktop/329/stm32cubeide_1.12.0/stm32cubeide/plugins/com.st.stm32cube.ide.mcu.externaltools.gnu-tools-for-stm32.10.3-2021.10.win32_1.0.200.202301161003/tools/bin/../lib/gcc/arm-none-eabi/10.3.1/thumb/v7e-m+fp/hard/crti.o
 .bss           0x0000000000000000        0x0 c:/users/wilso/desktop/329/stm32cubeide_1.12.0/stm32cubeide/plugins/com.st.stm32cube.ide.mcu.externaltools.gnu-tools-for-stm32.10.3-2021.10.win32_1.0.200.202301161003/tools/bin/../lib/gcc/arm-none-eabi/10.3.1/thumb/v7e-m+fp/hard/crti.o
 .data          0x0000000000000000        0x4 c:/users/wilso/desktop/329/stm32cubeide_1.12.0/stm32cubeide/plugins/com.st.stm32cube.ide.mcu.externaltools.gnu-tools-for-stm32.10.3-2021.10.win32_1.0.200.202301161003/tools/bin/../lib/gcc/arm-none-eabi/10.3.1/thumb/v7e-m+fp/hard/crtbegin.o
 .rodata        0x0000000000000000       0x24 c:/users/wilso/desktop/329/stm32cubeide_1.12.0/stm32cubeide/plugins/com.st.stm32cube.ide.mcu.externaltools.gnu-tools-for-stm32.10.3-2021.10.win32_1.0.200.202301161003/tools/bin/../lib/gcc/arm-none-eabi/10.3.1/thumb/v7e-m+fp/hard/crtbegin.o
 .text          0x0000000000000000       0x7c c:/users/wilso/desktop/329/stm32cubeide_1.12.0/stm32cubeide/plugins/com.st.stm32cube.ide.mcu.externaltools.gnu-tools-for-stm32.10.3-2021.10.win32_1.0.200.202301161003/tools/bin/../lib/gcc/arm-none-eabi/10.3.1/../../../../arm-none-eabi/lib/thumb/v7e-m+fp/hard/crt0.o
 .data          0x0000000000000000        0x0 c:/users/wilso/desktop/329/stm32cubeide_1.12.0/stm32cubeide/plugins/com.st.stm32cube.ide.mcu.externaltools.gnu-tools-for-stm32.10.3-2021.10.win32_1.0.200.202301161003/tools/bin/../lib/gcc/arm-none-eabi/10.3.1/../../../../arm-none-eabi/lib/thumb/v7e-m+fp/hard/crt0.o
[...]
Memory Configuration

Name             Origin             Length             Attributes
RAM              0x0000000020000000 0x0000000000050000 xrw
RAM2             0x0000000010000000 0x0000000000010000 xrw
FLASH            0x0000000008000000 0x0000000000100000 xr
*default*        0x0000000000000000 0xffffffffffffffff

Linker script and memory map

LOAD c:/users/wilso/desktop/329/stm32cubeide_1.12.0/stm32cubeide/plugins/com.st.stm32cube.ide.mcu.externaltools.gnu-tools-for-stm32.10.3-2021.10.win32_1.0.200.202301161003/tools/bin/../lib/gcc/arm-none-eabi/10.3.1/thumb/v7e-m+fp/hard/crti.o
LOAD c:/users/wilso/desktop/329/stm32cubeide_1.12.0/stm32cubeide/plugins/com.st.stm32cube.ide.mcu.externaltools.gnu-tools-for-stm32.10.3-2021.10.win32_1.0.200.202301161003/tools/bin/../lib/gcc/arm-none-eabi/10.3.1/thumb/v7e-m+fp/hard/crtbegin.o
LOAD c:/users/wilso/desktop/329/stm32cubeide_1.12.0/stm32cubeide/plugins/com.st.stm32cube.ide.mcu.externaltools.gnu-tools-for-stm32.10.3-2021.10.win32_1.0.200.202301161003/tools/bin/../lib/gcc/arm-none-eabi/10.3.1/../../../../arm-none-eabi/lib/thumb/v7e-m+fp/hard/crt0.o
LOAD ./Core/Src/FP_process.o
LOAD ./Core/Src/delay.o
LOAD ./Core/Src/fingerprint.o
LOAD ./Core/Src/lcd.o
LOAD ./Core/Src/main.o
LOAD ./Core/Src/stm32l4xx_hal_msp.o
LOAD ./Core/Src/stm32l4xx_it.o
LOAD ./Core/Src/syscalls.o
LOAD ./Core/Src/sysmem.o
LOAD ./Core/Src/system_stm32l4xx.o
LOAD ./Core/Src/uart.o
LOAD ./Core/Startup/startup_stm32l4a6zgtx.o
LOAD ./Drivers/STM32L4xx_HAL_Driver/Src/stm32l4xx_hal.o
LOAD ./Drivers/STM32L4xx_HAL_Driver/Src/stm32l4xx_hal_cortex.o
LOAD ./Drivers/STM32L4xx_HAL_Driver/Src/stm32l4xx_hal_dma.o
LOAD ./Drivers/STM32L4xx_HAL_Driver/Src/stm32l4xx_hal_dma_ex.o
LOAD ./Drivers/STM32L4xx_HAL_Driver/Src/stm32l4xx_hal_exti.o
LOAD ./Drivers/STM32L4xx_HAL_Driver/Src/stm32l4xx_hal_flash.o
LOAD ./Drivers/STM32L4xx_HAL_Driver/Src/stm32l4xx_hal_flash_ex.o
LOAD ./Drivers/STM32L4xx_HAL_Driver/Src/stm32l4xx_hal_flash_ramfunc.o
LOAD ./Drivers/STM32L4xx_HAL_Driver/Src/stm32l4xx_hal_gpio.o
LOAD ./Drivers/STM32L4xx_HAL_Driver/Src/stm32l4xx_hal_pwr.o
LOAD ./Drivers/STM32L4xx_HAL_Driver/Src/stm32l4xx_hal_pwr_ex.o
LOAD ./Drivers/STM32L4xx_HAL_Driver/Src/stm32l4xx_hal_rcc.o
LOAD ./Drivers/STM32L4xx_HAL_Driver/Src/stm32l4xx_hal_rcc_ex.o
START GROUP
LOAD c:/users/wilso/desktop/329/stm32cubeide_1.12.0/stm32cubeide/plugins/com.st.stm32cube.ide.mcu.externaltools.gnu-tools-for-stm32.10.3-2021.10.win32_1.0.200.202301161003/tools/bin/../lib/gcc/arm-none-eabi/10.3.1/../../../../arm-none-eabi/lib/thumb/v7e-m+fp/hard\libc_nano.a
LOAD c:/users/wilso/desktop/329/stm32cubeide_1.12.0/stm32cubeide/plugins/com.st.stm32cube.ide.mcu.externaltools.gnu-tools-for-stm32.10.3-2021.10.win32_1.0.200.202301161003/tools/bin/../lib/gcc/arm-none-eabi/10.3.1/../../../../arm-none-eabi/lib/thumb/v7e-m+fp/hard\libm.a
END GROUP
START GROUP
LOAD c:/users/wilso/desktop/329/stm32cubeide_1.12.0/stm32cubeide/plugins/com.st.stm32cube.ide.mcu.externaltools.gnu-tools-for-stm32.10.3-2021.10.win32_1.0.200.202301161003/tools/bin/../lib/gcc/arm-none-eabi/10.3.1/thumb/v7e-m+fp/hard\libgcc.a
LOAD c:/users/wilso/desktop/329/stm32cubeide_1.12.0/stm32cubeide/plugins/com.st.stm32cube.ide.mcu.externaltools.gnu-tools-for-stm32.10.3-2021.10.win32_1.0.200.202301161003/tools/bin/../lib/gcc/arm-none-eabi/10.3.1/../../../../arm-none-eabi/lib/thumb/v7e-m+fp/hard\libc_nano.a
END GROUP
START GROUP
LOAD c:/users/wilso/desktop/329/stm32cubeide_1.12.0/stm32cubeide/plugins/com.st.stm32cube.ide.mcu.externaltools.gnu-tools-for-stm32.10.3-2021.10.win32_1.0.200.202301161003/tools/bin/../lib/gcc/arm-none-eabi/10.3.1/thumb/v7e-m+fp/hard\libgcc.a
LOAD c:/users/wilso/desktop/329/stm32cubeide_1.12.0/stm32cubeide/plugins/com.st.stm32cube.ide.mcu.externaltools.gnu-tools-for-stm32.10.3-2021.10.win32_1.0.200.202301161003/tools/bin/../lib/gcc/arm-none-eabi/10.3.1/../../../../arm-none-eabi/lib/thumb/v7e-m+fp/hard\libc_nano.a
LOAD c:/users/wilso/desktop/329/stm32cubeide_1.12.0/stm32cubeide/plugins/com.st.stm32cube.ide.mcu.externaltools.gnu-tools-for-stm32.10.3-2021.10.win32_1.0.200.202301161003/tools/bin/../lib/gcc/arm-none-eabi/10.3.1/../../../../arm-none-eabi/lib/thumb/v7e-m+fp/hard\libnosys.a
END GROUP
START GROUP
LOAD c:/users/wilso/desktop/329/stm32cubeide_1.12.0/stm32cubeide/plugins/com.st.stm32cube.ide.mcu.externaltools.gnu-tools-for-stm32.10.3-2021.10.win32_1.0.200.202301161003/tools/bin/../lib/gcc/arm-none-eabi/10.3.1/thumb/v7e-m+fp/hard\libgcc.a
LOAD c:/users/wilso/desktop/329/stm32cubeide_1.12.0/stm32cubeide/plugins/com.st.stm32cube.ide.mcu.externaltools.gnu-tools-for-stm32.10.3-2021.10.win32_1.0.200.202301161003/tools/bin/../lib/gcc/arm-none-eabi/10.3.1/../../../../arm-none-eabi/lib/thumb/v7e-m+fp/hard\libc_nano.a
LOAD c:/users/wilso/desktop/329/stm32cubeide_1.12.0/stm32cubeide/plugins/com.st.stm32cube.ide.mcu.externaltools.gnu-tools-for-stm32.10.3-2021.10.win32_1.0.200.202301161003/tools/bin/../lib/gcc/arm-none-eabi/10.3.1/../../../../arm-none-eabi/lib/thumb/v7e-m+fp/hard\libnosys.a
END GROUP
LOAD c:/users/wilso/desktop/329/stm32cubeide_1.12.0/stm32cubeide/plugins/com.st.stm32cube.ide.mcu.externaltools.gnu-tools-for-stm32.10.3-2021.10.win32_1.0.200.202301161003/tools/bin/../lib/gcc/arm-none-eabi/10.3.1/thumb/v7e-m+fp/hard/crtend.o
LOAD c:/users/wilso/desktop/329/stm32cubeide_1.12.0/stm32cubeide/plugins/com.st.stm32cube.ide.mcu.externaltools.gnu-tools-for-stm32.10.3-2021.10.win32_1.0.200.202301161003/tools/bin/../lib/gcc/arm-none-eabi/10.3.1/thumb/v7e-m+fp/hard/crtn.o
                0x0000000020050000                _estack = (ORIGIN (RAM) + LENGTH (RAM))
                0x0000000000000200                _Min_Heap_Size = 0x200
                0x0000000000000400                _Min_Stack_Size = 0x400

.isr_vector     0x0000000008000000      0x1ac
                0x0000000008000000                . = ALIGN (0x4)
 *(.isr_vector)
 .isr_vector    0x0000000008000000      0x1ac ./Core/Startup/startup_stm32l4a6zgtx.o
                0x0000000008000000                g_pfnVectors
                0x00000000080001ac                . = ALIGN (0x4)

.text           0x00000000080001ac     0x2324
                0x00000000080001ac                . = ALIGN (0x4)
 *(.text)
 .text          0x00000000080001ac       0x40 c:/users/wilso/desktop/329/stm32cubeide_1.12.0/stm32cubeide/plugins/com.st.stm32cube.ide.mcu.externaltools.gnu-tools-for-stm32.10.3-2021.10.win32_1.0.200.202301161003/tools/bin/../lib/gcc/arm-none-eabi/10.3.1/thumb/v7e-m+fp/hard/crtbegin.o
 *(.text*)
 .text.FP_check
                0x00000000080001ec       0xdc ./Core/Src/FP_process.o
                0x00000000080001ec                FP_check
 .text.FP_enroll
                0x00000000080002c8      0x168 ./Core/Src/FP_process.o
                0x00000000080002c8                FP_enroll
 .text.FP_search
                0x0000000008000430      0x1cc ./Core/Src/FP_process.o
                0x0000000008000430                FP_search
 .text.delay_us
                0x00000000080005fc       0x5c ./Core/Src/delay.o
                0x00000000080005fc                delay_us
 .text.handshake
                0x0000000008000658       0x64 ./Core/Src/fingerprint.o
                0x0000000008000658                handshake
 .text.SetSysPara
                0x00000000080006bc       0xb4 ./Core/Src/fingerprint.o
                0x00000000080006bc                SetSysPara
 .text.genImg   0x0000000008000770       0x64 ./Core/Src/fingerprint.o
                0x0000000008000770                genImg
 .text.Img2Tz   0x00000000080007d4       0xa4 ./Core/Src/fingerprint.o
                0x00000000080007d4                Img2Tz
 .text.regMode  0x0000000008000878       0x64 ./Core/Src/fingerprint.o
                0x0000000008000878                regMode
 .text.store    0x00000000080008dc       0xc4 ./Core/Src/fingerprint.o
                0x00000000080008dc                store
 .text.empty    0x00000000080009a0       0x64 ./Core/Src/fingerprint.o
                0x00000000080009a0                empty
 .text.search   0x0000000008000a04       0xfc ./Core/Src/fingerprint.o
                0x0000000008000a04                search
 .text.LCD_init
                0x0000000008000b00       0xa8 ./Core/Src/lcd.o
                0x0000000008000b00                LCD_init
 .text.Nybble   0x0000000008000ba8       0x34 ./Core/Src/lcd.o
                0x0000000008000ba8                Nybble
 .text.command  0x0000000008000bdc       0xc4 ./Core/Src/lcd.o
                0x0000000008000bdc                command
 .text.write    0x0000000008000ca0       0xe0 ./Core/Src/lcd.o
                0x0000000008000ca0                write
 .text.lcd_set_cursor_position
                0x0000000008000d80       0x34 ./Core/Src/lcd.o
                0x0000000008000d80                lcd_set_cursor_position
 .text.str_write
                0x0000000008000db4       0x42 ./Core/Src/lcd.o
                0x0000000008000db4                str_write
 *fill*         0x0000000008000df6        0x2 
 .text.main     0x0000000008000df8      0x190 ./Core/Src/main.o
                0x0000000008000df8                main
 .text.LPUART1_IRQHandler
                0x0000000008000f88      0x128 ./Core/Src/main.o
                0x0000000008000f88                LPUART1_IRQHandler
 .text.USART2_IRQHandler
                0x00000000080010b0       0x6c ./Core/Src/main.o
                0x00000000080010b0                USART2_IRQHandler
 .text.SystemClock_Config
                0x000000000800111c       0x8c ./Core/Src/main.o
                0x000000000800111c                SystemClock_Config
 .text.Error_Handler
                0x00000000080011a8        0xa ./Core/Src/main.o
                0x00000000080011a8                Error_Handler
 *fill*         0x00000000080011b2        0x2 
 .text.HAL_MspInit
                0x00000000080011b4       0x48 ./Core/Src/stm32l4xx_hal_msp.o
                0x00000000080011b4                HAL_MspInit
 .text.NMI_Handler
                0x00000000080011fc        0x6 ./Core/Src/stm32l4xx_it.o
                0x00000000080011fc                NMI_Handler
 .text.HardFault_Handler
                0x0000000008001202        0x6 ./Core/Src/stm32l4xx_it.o
                0x0000000008001202                HardFault_Handler
 .text.MemManage_Handler
                0x0000000008001208        0x6 ./Core/Src/stm32l4xx_it.o
                0x0000000008001208                MemManage_Handler
 .text.BusFault_Handler
                0x000000000800120e        0x6 ./Core/Src/stm32l4xx_it.o
                0x000000000800120e                BusFault_Handler
 .text.UsageFault_Handler
                0x0000000008001214        0x6 ./Core/Src/stm32l4xx_it.o
                0x0000000008001214                UsageFault_Handler
 .text.SVC_Handler
                0x000000000800121a        0xe ./Core/Src/stm32l4xx_it.o
                0x000000000800121a                SVC_Handler
 .text.DebugMon_Handler
                0x0000000008001228        0xe ./Core/Src/stm32l4xx_it.o
                0x0000000008001228                DebugMon_Handler
 .text.PendSV_Handler
                0x0000000008001236        0xe ./Core/Src/stm32l4xx_it.o
                0x0000000008001236                PendSV_Handler
 .text.SysTick_Handler
                0x0000000008001244        0xc ./Core/Src/stm32l4xx_it.o
                0x0000000008001244                SysTick_Handler
 .text.SystemInit
                0x0000000008001250       0x24 ./Core/Src/system_stm32l4xx.o
                0x0000000008001250                SystemInit
 .text.LPUART_init
                0x0000000008001274       0xe4 ./Core/Src/uart.o
                0x0000000008001274                LPUART_init
 .text.USART_init
                0x0000000008001358       0xc4 ./Core/Src/uart.o
                0x0000000008001358                USART_init
 .text.LPUART_Print_Char
                0x000000000800141c       0x30 ./Core/Src/uart.o
                0x000000000800141c                LPUART_Print_Char
 .text.LPUART_Print
                0x000000000800144c       0x38 ./Core/Src/uart.o
                0x000000000800144c                LPUART_Print
 .text.Reset_Handler
                0x0000000008001484       0x50 ./Core/Startup/startup_stm32l4a6zgtx.o
                0x0000000008001484                Reset_Handler
 .text.Default_Handler
                0x00000000080014d4        0x2 ./Core/Startup/startup_stm32l4a6zgtx.o
                0x00000000080014d4                RTC_Alarm_IRQHandler
                0x00000000080014d4                HASH_RNG_IRQHandler
                0x00000000080014d4                EXTI2_IRQHandler
                0x00000000080014d4                TIM8_TRG_COM_IRQHandler
                0x00000000080014d4                TIM8_CC_IRQHandler
                0x00000000080014d4                TIM1_CC_IRQHandler
                0x00000000080014d4                TSC_IRQHandler
                0x00000000080014d4                TAMP_STAMP_IRQHandler
                0x00000000080014d4                CAN2_RX1_IRQHandler
                0x00000000080014d4                EXTI3_IRQHandler
                0x00000000080014d4                LPTIM2_IRQHandler
                0x00000000080014d4                DFSDM1_FLT1_IRQHandler
                0x00000000080014d4                I2C3_ER_IRQHandler
                0x00000000080014d4                DFSDM1_FLT2_IRQHandler
                0x00000000080014d4                EXTI0_IRQHandler
                0x00000000080014d4                I2C2_EV_IRQHandler
                0x00000000080014d4                CAN1_RX0_IRQHandler
                0x00000000080014d4                FPU_IRQHandler
                0x00000000080014d4                TIM1_UP_TIM16_IRQHandler
                0x00000000080014d4                CAN2_SCE_IRQHandler
                0x00000000080014d4                ADC1_2_IRQHandler
                0x00000000080014d4                SPI1_IRQHandler
                0x00000000080014d4                TIM6_DAC_IRQHandler
                0x00000000080014d4                DCMI_IRQHandler
                0x00000000080014d4                CAN2_RX0_IRQHandler
                0x00000000080014d4                TIM8_UP_IRQHandler
                0x00000000080014d4                DMA2_Channel2_IRQHandler
                0x00000000080014d4                DMA1_Channel4_IRQHandler
                0x00000000080014d4                SAI2_IRQHandler
                0x00000000080014d4                DFSDM1_FLT3_IRQHandler
                0x00000000080014d4                USART3_IRQHandler
                0x00000000080014d4                DMA1_Channel7_IRQHandler
                0x00000000080014d4                CAN1_RX1_IRQHandler
                0x00000000080014d4                LCD_IRQHandler
                0x00000000080014d4                UART5_IRQHandler
                0x00000000080014d4                ADC3_IRQHandler
                0x00000000080014d4                TIM4_IRQHandler
                0x00000000080014d4                DMA2_Channel1_IRQHandler
                0x00000000080014d4                QUADSPI_IRQHandler
                0x00000000080014d4                I2C1_EV_IRQHandler
                0x00000000080014d4                DMA1_Channel6_IRQHandler
                0x00000000080014d4                UART4_IRQHandler
                0x00000000080014d4                DMA2_Channel4_IRQHandler
                0x00000000080014d4                TIM3_IRQHandler
                0x00000000080014d4                RCC_IRQHandler
                0x00000000080014d4                DMA1_Channel1_IRQHandler
                0x00000000080014d4                Default_Handler
                0x00000000080014d4                DMA2_Channel7_IRQHandler
                0x00000000080014d4                EXTI15_10_IRQHandler
                0x00000000080014d4                TIM7_IRQHandler
                0x00000000080014d4                SDMMC1_IRQHandler
                0x00000000080014d4                CAN2_TX_IRQHandler
                0x00000000080014d4                TIM5_IRQHandler
                0x00000000080014d4                I2C3_EV_IRQHandler
                0x00000000080014d4                EXTI9_5_IRQHandler
                0x00000000080014d4                RTC_WKUP_IRQHandler
                0x00000000080014d4                PVD_PVM_IRQHandler
                0x00000000080014d4                SPI2_IRQHandler
                0x00000000080014d4                CAN1_TX_IRQHandler
                0x00000000080014d4                DMA2_Channel5_IRQHandler
                0x00000000080014d4                CRS_IRQHandler
                0x00000000080014d4                DMA1_Channel5_IRQHandler
                0x00000000080014d4                EXTI4_IRQHandler
                0x00000000080014d4                TIM1_TRG_COM_TIM17_IRQHandler
                0x00000000080014d4                DMA1_Channel3_IRQHandler
                0x00000000080014d4                COMP_IRQHandler
                0x00000000080014d4                WWDG_IRQHandler
                0x00000000080014d4                I2C4_EV_IRQHandler
                0x00000000080014d4                DMA2_Channel6_IRQHandler
                0x00000000080014d4                TIM2_IRQHandler
                0x00000000080014d4                DMA2D_IRQHandler
                0x00000000080014d4                EXTI1_IRQHandler
                0x00000000080014d4                AES_IRQHandler
                0x00000000080014d4                DFSDM1_FLT0_IRQHandler
                0x00000000080014d4                I2C2_ER_IRQHandler
                0x00000000080014d4                DMA1_Channel2_IRQHandler
                0x00000000080014d4                TIM8_BRK_IRQHandler
                0x00000000080014d4                CAN1_SCE_IRQHandler
                0x00000000080014d4                FLASH_IRQHandler
                0x00000000080014d4                USART1_IRQHandler
                0x00000000080014d4                OTG_FS_IRQHandler
                0x00000000080014d4                SPI3_IRQHandler
                0x00000000080014d4                I2C1_ER_IRQHandler
                0x00000000080014d4                FMC_IRQHandler
                0x00000000080014d4                SWPMI1_IRQHandler
                0x00000000080014d4                LPTIM1_IRQHandler
                0x00000000080014d4                I2C4_ER_IRQHandler
                0x00000000080014d4                SAI1_IRQHandler
                0x00000000080014d4                DMA2_Channel3_IRQHandler
                0x00000000080014d4                TIM1_BRK_TIM15_IRQHandler
 .text.HAL_Init
                0x00000000080014d6       0x30 ./Drivers/STM32L4xx_HAL_Driver/Src/stm32l4xx_hal.o
                0x00000000080014d6                HAL_Init
 *fill*         0x0000000008001506        0x2 
 .text.HAL_InitTick
                0x0000000008001508       0x78 ./Drivers/STM32L4xx_HAL_Driver/Src/stm32l4xx_hal.o
                0x0000000008001508                HAL_InitTick
 .text.HAL_IncTick
                0x0000000008001580       0x28 ./Drivers/STM32L4xx_HAL_Driver/Src/stm32l4xx_hal.o
                0x0000000008001580                HAL_IncTick
 .text.HAL_GetTick
                0x00000000080015a8       0x18 ./Drivers/STM32L4xx_HAL_Driver/Src/stm32l4xx_hal.o
                0x00000000080015a8                HAL_GetTick
 .text.__NVIC_SetPriorityGrouping
                0x00000000080015c0       0x48 ./Drivers/STM32L4xx_HAL_Driver/Src/stm32l4xx_hal_cortex.o
 .text.__NVIC_GetPriorityGrouping
                0x0000000008001608       0x1c ./Drivers/STM32L4xx_HAL_Driver/Src/stm32l4xx_hal_cortex.o
 .text.__NVIC_SetPriority
                0x0000000008001624       0x54 ./Drivers/STM32L4xx_HAL_Driver/Src/stm32l4xx_hal_cortex.o
 .text.NVIC_EncodePriority
                0x0000000008001678       0x66 ./Drivers/STM32L4xx_HAL_Driver/Src/stm32l4xx_hal_cortex.o
 *fill*         0x00000000080016de        0x2 
 .text.SysTick_Config
                0x00000000080016e0       0x44 ./Drivers/STM32L4xx_HAL_Driver/Src/stm32l4xx_hal_cortex.o
 .text.HAL_NVIC_SetPriorityGrouping
                0x0000000008001724       0x16 ./Drivers/STM32L4xx_HAL_Driver/Src/stm32l4xx_hal_cortex.o
                0x0000000008001724                HAL_NVIC_SetPriorityGrouping
 .text.HAL_NVIC_SetPriority
                0x000000000800173a       0x38 ./Drivers/STM32L4xx_HAL_Driver/Src/stm32l4xx_hal_cortex.o
                0x000000000800173a                HAL_NVIC_SetPriority
 .text.HAL_SYSTICK_Config
                0x0000000008001772       0x18 ./Drivers/STM32L4xx_HAL_Driver/Src/stm32l4xx_hal_cortex.o
                0x0000000008001772                HAL_SYSTICK_Config
 *fill*         0x000000000800178a        0x2 
 .text.HAL_PWREx_GetVoltageRange
                0x000000000800178c       0x1c ./Drivers/STM32L4xx_HAL_Driver/Src/stm32l4xx_hal_pwr_ex.o
                0x000000000800178c                HAL_PWREx_GetVoltageRange
 .text.HAL_PWREx_ControlVoltageScaling
                0x00000000080017a8       0xac ./Drivers/STM32L4xx_HAL_Driver/Src/stm32l4xx_hal_pwr_ex.o
                0x00000000080017a8                HAL_PWREx_ControlVoltageScaling
 .text.HAL_RCC_OscConfig
                0x0000000008001854      0x834 ./Drivers/STM32L4xx_HAL_Driver/Src/stm32l4xx_hal_rcc.o
                0x0000000008001854                HAL_RCC_OscConfig
 .text.HAL_RCC_ClockConfig
                0x0000000008002088      0x200 ./Drivers/STM32L4xx_HAL_Driver/Src/stm32l4xx_hal_rcc.o
                0x0000000008002088                HAL_RCC_ClockConfig
 .text.HAL_RCC_GetSysClockFreq
                0x0000000008002288      0x118 ./Drivers/STM32L4xx_HAL_Driver/Src/stm32l4xx_hal_rcc.o
                0x0000000008002288                HAL_RCC_GetSysClockFreq
 .text.RCC_SetFlashLatencyFromMSIRange
                0x00000000080023a0       0xc0 ./Drivers/STM32L4xx_HAL_Driver/Src/stm32l4xx_hal_rcc.o
 .text.__libc_init_array
                0x0000000008002460       0x48 c:/users/wilso/desktop/329/stm32cubeide_1.12.0/stm32cubeide/plugins/com.st.stm32cube.ide.mcu.externaltools.gnu-tools-for-stm32.10.3-2021.10.win32_1.0.200.202301161003/tools/bin/../lib/gcc/arm-none-eabi/10.3.1/../../../../arm-none-eabi/lib/thumb/v7e-m+fp/hard\libc_nano.a(lib_a-init.o)
                0x0000000008002460                __libc_init_array
 .text.memset   0x00000000080024a8       0x10 c:/users/wilso/desktop/329/stm32cubeide_1.12.0/stm32cubeide/plugins/com.st.stm32cube.ide.mcu.externaltools.gnu-tools-for-stm32.10.3-2021.10.win32_1.0.200.202301161003/tools/bin/../lib/gcc/arm-none-eabi/10.3.1/../../../../arm-none-eabi/lib/thumb/v7e-m+fp/hard\libc_nano.a(lib_a-memset.o)
                0x00000000080024a8                memset
 *(.glue_7)
 .glue_7        0x00000000080024b8        0x0 linker stubs
 *(.glue_7t)
 .glue_7t       0x00000000080024b8        0x0 linker stubs
 *(.eh_frame)
 .eh_frame      0x00000000080024b8        0x0 c:/users/wilso/desktop/329/stm32cubeide_1.12.0/stm32cubeide/plugins/com.st.stm32cube.ide.mcu.externaltools.gnu-tools-for-stm32.10.3-2021.10.win32_1.0.200.202301161003/tools/bin/../lib/gcc/arm-none-eabi/10.3.1/thumb/v7e-m+fp/hard/crtbegin.o
 *(.init)
 .init          0x00000000080024b8        0x4 c:/users/wilso/desktop/329/stm32cubeide_1.12.0/stm32cubeide/plugins/com.st.stm32cube.ide.mcu.externaltools.gnu-tools-for-stm32.10.3-2021.10.win32_1.0.200.202301161003/tools/bin/../lib/gcc/arm-none-eabi/10.3.1/thumb/v7e-m+fp/hard/crti.o
                0x00000000080024b8                _init
 .init          0x00000000080024bc        0x8 c:/users/wilso/desktop/329/stm32cubeide_1.12.0/stm32cubeide/plugins/com.st.stm32cube.ide.mcu.externaltools.gnu-tools-for-stm32.10.3-2021.10.win32_1.0.200.202301161003/tools/bin/../lib/gcc/arm-none-eabi/10.3.1/thumb/v7e-m+fp/hard/crtn.o
 *(.fini)
 .fini          0x00000000080024c4        0x4 c:/users/wilso/desktop/329/stm32cubeide_1.12.0/stm32cubeide/plugins/com.st.stm32cube.ide.mcu.externaltools.gnu-tools-for-stm32.10.3-2021.10.win32_1.0.200.202301161003/tools/bin/../lib/gcc/arm-none-eabi/10.3.1/thumb/v7e-m+fp/hard/crti.o
                0x00000000080024c4                _fini
 .fini          0x00000000080024c8        0x8 c:/users/wilso/desktop/329/stm32cubeide_1.12.0/stm32cubeide/plugins/com.st.stm32cube.ide.mcu.externaltools.gnu-tools-for-stm32.10.3-2021.10.win32_1.0.200.202301161003/tools/bin/../lib/gcc/arm-none-eabi/10.3.1/thumb/v7e-m+fp/hard/crtn.o
                0x00000000080024d0                . = ALIGN (0x4)
                0x00000000080024d0                _etext = .

.vfp11_veneer   0x00000000080024d0        0x0
 .vfp11_veneer  0x00000000080024d0        0x0 linker stubs

.v4_bx          0x00000000080024d0        0x0
 .v4_bx         0x00000000080024d0        0x0 linker stubs

.iplt           0x00000000080024d0        0x0
 .iplt          0x00000000080024d0        0x0 c:/users/wilso/desktop/329/stm32cubeide_1.12.0/stm32cubeide/plugins/com.st.stm32cube.ide.mcu.externaltools.gnu-tools-for-stm32.10.3-2021.10.win32_1.0.200.202301161003/tools/bin/../lib/gcc/arm-none-eabi/10.3.1/thumb/v7e-m+fp/hard/crtbegin.o

.rodata         0x00000000080024d0      0x290
                0x00000000080024d0                . = ALIGN (0x4)
 *(.rodata)
 .rodata        0x00000000080024d0      0x1f1 ./Core/Src/FP_process.o
 *fill*         0x00000000080026c1        0x3 
 .rodata        0x00000000080026c4       0x4c ./Core/Src/fingerprint.o
 .rodata        0x0000000008002710        0xe ./Core/Src/main.o
 *(.rodata*)
 *fill*         0x000000000800271e        0x2 
 .rodata.AHBPrescTable
                0x0000000008002720       0x10 ./Core/Src/system_stm32l4xx.o
                0x0000000008002720                AHBPrescTable
 .rodata.MSIRangeTable
                0x0000000008002730       0x30 ./Core/Src/system_stm32l4xx.o
                0x0000000008002730                MSIRangeTable
                0x0000000008002760                . = ALIGN (0x4)

.rel.dyn        0x0000000008002760        0x0
 .rel.iplt      0x0000000008002760        0x0 c:/users/wilso/desktop/329/stm32cubeide_1.12.0/stm32cubeide/plugins/com.st.stm32cube.ide.mcu.externaltools.gnu-tools-for-stm32.10.3-2021.10.win32_1.0.200.202301161003/tools/bin/../lib/gcc/arm-none-eabi/10.3.1/thumb/v7e-m+fp/hard/crtbegin.o

.ARM.extab      0x0000000008002760        0x0
                0x0000000008002760                . = ALIGN (0x4)
 *(.ARM.extab* .gnu.linkonce.armextab.*)
                0x0000000008002760                . = ALIGN (0x4)

.ARM            0x0000000008002760        0x0
                0x0000000008002760                . = ALIGN (0x4)
                0x0000000008002760                __exidx_start = .
 *(.ARM.exidx*)
                0x0000000008002760                __exidx_end = .
                0x0000000008002760                . = ALIGN (0x4)

.preinit_array  0x0000000008002760        0x0
                0x0000000008002760                . = ALIGN (0x4)
                0x0000000008002760                PROVIDE (__preinit_array_start = .)
 *(.preinit_array*)
                0x0000000008002760                PROVIDE (__preinit_array_end = .)
                0x0000000008002760                . = ALIGN (0x4)

.init_array     0x0000000008002760        0x4
                0x0000000008002760                . = ALIGN (0x4)
                0x0000000008002760                PROVIDE (__init_array_start = .)
 *(SORT_BY_NAME(.init_array.*))
 *(.init_array*)
 .init_array    0x0000000008002760        0x4 c:/users/wilso/desktop/329/stm32cubeide_1.12.0/stm32cubeide/plugins/com.st.stm32cube.ide.mcu.externaltools.gnu-tools-for-stm32.10.3-2021.10.win32_1.0.200.202301161003/tools/bin/../lib/gcc/arm-none-eabi/10.3.1/thumb/v7e-m+fp/hard/crtbegin.o
                0x0000000008002764                PROVIDE (__init_array_end = .)
                0x0000000008002764                . = ALIGN (0x4)

.fini_array     0x0000000008002764        0x4
                0x0000000008002764                . = ALIGN (0x4)
                [!provide]                        PROVIDE (__fini_array_start = .)
 *(SORT_BY_NAME(.fini_array.*))
 *(.fini_array*)
 .fini_array    0x0000000008002764        0x4 c:/users/wilso/desktop/329/stm32cubeide_1.12.0/stm32cubeide/plugins/com.st.stm32cube.ide.mcu.externaltools.gnu-tools-for-stm32.10.3-2021.10.win32_1.0.200.202301161003/tools/bin/../lib/gcc/arm-none-eabi/10.3.1/thumb/v7e-m+fp/hard/crtbegin.o
                [!provide]                        PROVIDE (__fini_array_end = .)
                0x0000000008002768                . = ALIGN (0x4)
                0x0000000008002768                _sidata = LOADADDR (.data)

.data           0x0000000020000000       0x18 load address 0x0000000008002768
                0x0000000020000000                . = ALIGN (0x4)
                0x0000000020000000                _sdata = .
 *(.data)
 *(.data*)
 .data.FP_ID    0x0000000020000000        0x2 ./Core/Src/FP_process.o
                0x0000000020000000                FP_ID
 *fill*         0x0000000020000002        0x2 
 .data.GPIO_Pin
                0x0000000020000004        0x8 ./Core/Src/lcd.o
                0x0000000020000004                GPIO_Pin
 .data.SystemCoreClock
                0x000000002000000c        0x4 ./Core/Src/system_stm32l4xx.o
                0x000000002000000c                SystemCoreClock
 .data.uwTickPrio
                0x0000000020000010        0x4 ./Drivers/STM32L4xx_HAL_Driver/Src/stm32l4xx_hal.o
                0x0000000020000010                uwTickPrio
 .data.uwTickFreq
                0x0000000020000014        0x1 ./Drivers/STM32L4xx_HAL_Driver/Src/stm32l4xx_hal.o
                0x0000000020000014                uwTickFreq
 *(.RamFunc)
 *(.RamFunc*)
                0x0000000020000018                . = ALIGN (0x4)
 *fill*         0x0000000020000015        0x3 
                0x0000000020000018                _edata = .

.igot.plt       0x0000000020000018        0x0 load address 0x0000000008002780
 .igot.plt      0x0000000020000018        0x0 c:/users/wilso/desktop/329/stm32cubeide_1.12.0/stm32cubeide/plugins/com.st.stm32cube.ide.mcu.externaltools.gnu-tools-for-stm32.10.3-2021.10.win32_1.0.200.202301161003/tools/bin/../lib/gcc/arm-none-eabi/10.3.1/thumb/v7e-m+fp/hard/crtbegin.o
                0x0000000020000018                . = ALIGN (0x4)

.bss            0x0000000020000018      0x480 load address 0x0000000008002780
                0x0000000020000018                _sbss = .
                0x0000000020000018                __bss_start__ = _sbss
 *(.bss)
 .bss           0x0000000020000018       0x1c c:/users/wilso/desktop/329/stm32cubeide_1.12.0/stm32cubeide/plugins/com.st.stm32cube.ide.mcu.externaltools.gnu-tools-for-stm32.10.3-2021.10.win32_1.0.200.202301161003/tools/bin/../lib/gcc/arm-none-eabi/10.3.1/thumb/v7e-m+fp/hard/crtbegin.o
 *(.bss*)
 .bss.MEM_GLOBAL
                0x0000000020000034        0x1 ./Core/Src/FP_process.o
                0x0000000020000034                MEM_GLOBAL
 *fill*         0x0000000020000035        0x3 
 .bss.USER_INPUT_NAME
                0x0000000020000038      0x320 ./Core/Src/FP_process.o
                0x0000000020000038                USER_INPUT_NAME
 .bss.ACK_LENGTH
                0x0000000020000358        0x4 ./Core/Src/fingerprint.o
                0x0000000020000358                ACK_LENGTH
 .bss.errorbuffer
                0x000000002000035c       0x1c ./Core/Src/main.o
                0x000000002000035c                errorbuffer
 .bss.index0    0x0000000020000378        0x4 ./Core/Src/main.o
 .bss.ConfirmationCode
                0x000000002000037c        0x1 ./Core/Src/main.o
                0x000000002000037c                ConfirmationCode
 *fill*         0x000000002000037d        0x3 
 .bss.index     0x0000000020000380        0x4 ./Core/Src/main.o
                0x0000000020000380                index
 .bss.discordbuffer
                0x0000000020000384      0x100 ./Core/Src/main.o
                0x0000000020000384                discordbuffer
 .bss.flag      0x0000000020000484        0x4 ./Core/Src/main.o
                0x0000000020000484                flag
 .bss.EN_Flag   0x0000000020000488        0x4 ./Core/Src/main.o
                0x0000000020000488                EN_Flag
 .bss.AT_Flag   0x000000002000048c        0x4 ./Core/Src/main.o
                0x000000002000048c                AT_Flag
 .bss.EX_Flag   0x0000000020000490        0x4 ./Core/Src/main.o
                0x0000000020000490                EX_Flag
 .bss.uwTick    0x0000000020000494        0x4 ./Drivers/STM32L4xx_HAL_Driver/Src/stm32l4xx_hal.o
                0x0000000020000494                uwTick
 *(COMMON)
                0x0000000020000498                . = ALIGN (0x4)
                0x0000000020000498                _ebss = .
                0x0000000020000498                __bss_end__ = _ebss

._user_heap_stack
                0x0000000020000498      0x600 load address 0x0000000008002780
                0x0000000020000498                . = ALIGN (0x8)
                [!provide]                        PROVIDE (end = .)
                0x0000000020000498                PROVIDE (_end = .)
                0x0000000020000698                . = (. + _Min_Heap_Size)
 *fill*         0x0000000020000498      0x200 
                0x0000000020000a98                . = (. + _Min_Stack_Size)
 *fill*         0x0000000020000698      0x400 
                0x0000000020000a98                . = ALIGN (0x8)

/DISCARD/
 libc.a(*)
 libm.a(*)
 libgcc.a(*)

.ARM.attributes
                0x0000000000000000       0x30
 *(.ARM.attributes)
 .ARM.attributes
                0x0000000000000000       0x1e c:/users/wilso/desktop/329/stm32cubeide_1.12.0/stm32cubeide/plugins/com.st.stm32cube.ide.mcu.externaltools.gnu-tools-for-stm32.10.3-2021.10.win32_1.0.200.202301161003/tools/bin/../lib/gcc/arm-none-eabi/10.3.1/thumb/v7e-m+fp/hard/crti.o
 .ARM.attributes
                0x000000000000001e       0x34 c:/users/wilso/desktop/329/stm32cubeide_1.12.0/stm32cubeide/plugins/com.st.stm32cube.ide.mcu.externaltools.gnu-tools-for-stm32.10.3-2021.10.win32_1.0.200.202301161003/tools/bin/../lib/gcc/arm-none-eabi/10.3.1/thumb/v7e-m+fp/hard/crtbegin.o
 .ARM.attributes
                0x0000000000000052       0x34 ./Core/Src/FP_process.o
 .ARM.attributes
                0x0000000000000086       0x34 ./Core/Src/delay.o
 .ARM.attributes
                0x00000000000000ba       0x34 ./Core/Src/fingerprint.o
 .ARM.attributes
                0x00000000000000ee       0x34 ./Core/Src/lcd.o
 .ARM.attributes
                0x0000000000000122       0x34 ./Core/Src/main.o
 .ARM.attributes
                0x0000000000000156       0x34 ./Core/Src/stm32l4xx_hal_msp.o
 .ARM.attributes
                0x000000000000018a       0x34 ./Core/Src/stm32l4xx_it.o
 .ARM.attributes
                0x00000000000001be       0x34 ./Core/Src/system_stm32l4xx.o
 .ARM.attributes
                0x00000000000001f2       0x34 ./Core/Src/uart.o
 .ARM.attributes
                0x0000000000000226       0x21 ./Core/Startup/startup_stm32l4a6zgtx.o
 .ARM.attributes
                0x0000000000000247       0x34 ./Drivers/STM32L4xx_HAL_Driver/Src/stm32l4xx_hal.o
 .ARM.attributes
                0x000000000000027b       0x34 ./Drivers/STM32L4xx_HAL_Driver/Src/stm32l4xx_hal_cortex.o
 .ARM.attributes
                0x00000000000002af       0x34 ./Drivers/STM32L4xx_HAL_Driver/Src/stm32l4xx_hal_pwr_ex.o
 .ARM.attributes
                0x00000000000002e3       0x34 ./Drivers/STM32L4xx_HAL_Driver/Src/stm32l4xx_hal_rcc.o
 .ARM.attributes
                0x0000000000000317       0x34 c:/users/wilso/desktop/329/stm32cubeide_1.12.0/stm32cubeide/plugins/com.st.stm32cube.ide.mcu.externaltools.gnu-tools-for-stm32.10.3-2021.10.win32_1.0.200.202301161003/tools/bin/../lib/gcc/arm-none-eabi/10.3.1/../../../../arm-none-eabi/lib/thumb/v7e-m+fp/hard\libc_nano.a(lib_a-init.o)
 .ARM.attributes
                0x000000000000034b       0x34 c:/users/wilso/desktop/329/stm32cubeide_1.12.0/stm32cubeide/plugins/com.st.stm32cube.ide.mcu.externaltools.gnu-tools-for-stm32.10.3-2021.10.win32_1.0.200.202301161003/tools/bin/../lib/gcc/arm-none-eabi/10.3.1/../../../../arm-none-eabi/lib/thumb/v7e-m+fp/hard\libc_nano.a(lib_a-memset.o)
 .ARM.attributes
                0x000000000000037f       0x1e c:/users/wilso/desktop/329/stm32cubeide_1.12.0/stm32cubeide/plugins/com.st.stm32cube.ide.mcu.externaltools.gnu-tools-for-stm32.10.3-2021.10.win32_1.0.200.202301161003/tools/bin/../lib/gcc/arm-none-eabi/10.3.1/thumb/v7e-m+fp/hard/crtn.o
OUTPUT(P4.elf elf32-littlearm)
LOAD linker stubs
LOAD c:/users/wilso/desktop/329/stm32cubeide_1.12.0/stm32cubeide/plugins/com.st.stm32cube.ide.mcu.externaltools.gnu-tools-for-stm32.10.3-2021.10.win32_1.0.200.202301161003/tools/bin/../lib/gcc/arm-none-eabi/10.3.1/../../../../arm-none-eabi/lib/thumb/v7e-m+fp/hard\libc.a
LOAD c:/users/wilso/desktop/329/stm32cubeide_1.12.0/stm32cubeide/plugins/com.st.stm32cube.ide.mcu.externaltools.gnu-tools-for-stm32.10.3-2021.10.win32_1.0.200.202301161003/tools/bin/../lib/gcc/arm-none-eabi/10.3.1/../../../../arm-none-eabi/lib/thumb/v7e-m+fp/hard\libm.a
LOAD c:/users/wilso/desktop/329/stm32cubeide_1.12.0/stm32cubeide/plugins/com.st.stm32cube.ide.mcu.externaltools.gnu-tools-for-stm32.10.3-2021.10.win32_1.0.200.202301161003/tools/bin/../lib/gcc/arm-none-eabi/10.3.1/thumb/v7e-m+fp/hard\libgcc.a

.debug_info     0x0000000000000000     0x658e
 .debug_info    0x0000000000000000      0x485 ./Core/Src/FP_process.o
 .debug_info    0x0000000000000485      0x132 ./Core/Src/delay.o
 .debug_info    0x00000000000005b7      0x83b ./Core/Src/fingerprint.o
 .debug_info    0x0000000000000df2      0x718 ./Core/Src/lcd.o
 .debug_info    0x000000000000150a      0xa41 ./Core/Src/main.o
 .debug_info    0x0000000000001f4b      0x324 ./Core/Src/stm32l4xx_hal_msp.o
 .debug_info    0x000000000000226f      0x122 ./Core/Src/stm32l4xx_it.o
 .debug_info    0x0000000000002391      0x5e2 ./Core/Src/system_stm32l4xx.o
 .debug_info    0x0000000000002973      0xb04 ./Core/Src/uart.o
 .debug_info    0x0000000000003477       0x22 ./Core/Startup/startup_stm32l4a6zgtx.o
 .debug_info    0x0000000000003499      0xb9b ./Drivers/STM32L4xx_HAL_Driver/Src/stm32l4xx_hal.o
 .debug_info    0x0000000000004034      0xe5d ./Drivers/STM32L4xx_HAL_Driver/Src/stm32l4xx_hal_cortex.o
 .debug_info    0x0000000000004e91      0x9e6 ./Drivers/STM32L4xx_HAL_Driver/Src/stm32l4xx_hal_pwr_ex.o
 .debug_info    0x0000000000005877      0xd17 ./Drivers/STM32L4xx_HAL_Driver/Src/stm32l4xx_hal_rcc.o

.debug_abbrev   0x0000000000000000     0x16aa
 .debug_abbrev  0x0000000000000000      0x1b8 ./Core/Src/FP_process.o
 .debug_abbrev  0x00000000000001b8       0xe4 ./Core/Src/delay.o
 .debug_abbrev  0x000000000000029c      0x1a3 ./Core/Src/fingerprint.o
 .debug_abbrev  0x000000000000043f      0x1cd ./Core/Src/lcd.o
 .debug_abbrev  0x000000000000060c      0x284 ./Core/Src/main.o
 .debug_abbrev  0x0000000000000890       0xc2 ./Core/Src/stm32l4xx_hal_msp.o
 .debug_abbrev  0x0000000000000952       0x74 ./Core/Src/stm32l4xx_it.o
 .debug_abbrev  0x00000000000009c6      0x116 ./Core/Src/system_stm32l4xx.o
 .debug_abbrev  0x0000000000000adc      0x1bc ./Core/Src/uart.o
 .debug_abbrev  0x0000000000000c98       0x12 ./Core/Startup/startup_stm32l4a6zgtx.o
 .debug_abbrev  0x0000000000000caa      0x23a ./Drivers/STM32L4xx_HAL_Driver/Src/stm32l4xx_hal.o
 .debug_abbrev  0x0000000000000ee4      0x316 ./Drivers/STM32L4xx_HAL_Driver/Src/stm32l4xx_hal_cortex.o
 .debug_abbrev  0x00000000000011fa      0x1f3 ./Drivers/STM32L4xx_HAL_Driver/Src/stm32l4xx_hal_pwr_ex.o
 .debug_abbrev  0x00000000000013ed      0x2bd ./Drivers/STM32L4xx_HAL_Driver/Src/stm32l4xx_hal_rcc.o

.debug_aranges  0x0000000000000000      0x6f0
 .debug_aranges
                0x0000000000000000       0x38 ./Core/Src/FP_process.o
 .debug_aranges
                0x0000000000000038       0x28 ./Core/Src/delay.o
 .debug_aranges
                0x0000000000000060       0x88 ./Core/Src/fingerprint.o
 .debug_aranges
                0x00000000000000e8       0x80 ./Core/Src/lcd.o
 .debug_aranges
                0x0000000000000168       0x48 ./Core/Src/main.o
 .debug_aranges
                0x00000000000001b0       0x20 ./Core/Src/stm32l4xx_hal_msp.o
 .debug_aranges
                0x00000000000001d0       0x60 ./Core/Src/stm32l4xx_it.o
 .debug_aranges
                0x0000000000000230       0x28 ./Core/Src/system_stm32l4xx.o
 .debug_aranges
                0x0000000000000258       0x48 ./Core/Src/uart.o
 .debug_aranges
                0x00000000000002a0       0x28 ./Core/Startup/startup_stm32l4a6zgtx.o
 .debug_aranges
                0x00000000000002c8      0x130 ./Drivers/STM32L4xx_HAL_Driver/Src/stm32l4xx_hal.o
 .debug_aranges
                0x00000000000003f8      0x118 ./Drivers/STM32L4xx_HAL_Driver/Src/stm32l4xx_hal_cortex.o
 .debug_aranges
                0x0000000000000510      0x150 ./Drivers/STM32L4xx_HAL_Driver/Src/stm32l4xx_hal_pwr_ex.o
 .debug_aranges
                0x0000000000000660       0x90 ./Drivers/STM32L4xx_HAL_Driver/Src/stm32l4xx_hal_rcc.o

.debug_ranges   0x0000000000000000      0x618
 .debug_ranges  0x0000000000000000       0x28 ./Core/Src/FP_process.o
 .debug_ranges  0x0000000000000028       0x18 ./Core/Src/delay.o
 .debug_ranges  0x0000000000000040       0x78 ./Core/Src/fingerprint.o
 .debug_ranges  0x00000000000000b8       0x70 ./Core/Src/lcd.o
 .debug_ranges  0x0000000000000128       0x38 ./Core/Src/main.o
 .debug_ranges  0x0000000000000160       0x10 ./Core/Src/stm32l4xx_hal_msp.o
 .debug_ranges  0x0000000000000170       0x50 ./Core/Src/stm32l4xx_it.o
 .debug_ranges  0x00000000000001c0       0x18 ./Core/Src/system_stm32l4xx.o
 .debug_ranges  0x00000000000001d8       0x38 ./Core/Src/uart.o
 .debug_ranges  0x0000000000000210       0x20 ./Core/Startup/startup_stm32l4a6zgtx.o
 .debug_ranges  0x0000000000000230      0x120 ./Drivers/STM32L4xx_HAL_Driver/Src/stm32l4xx_hal.o
 .debug_ranges  0x0000000000000350      0x108 ./Drivers/STM32L4xx_HAL_Driver/Src/stm32l4xx_hal_cortex.o
 .debug_ranges  0x0000000000000458      0x140 ./Drivers/STM32L4xx_HAL_Driver/Src/stm32l4xx_hal_pwr_ex.o
 .debug_ranges  0x0000000000000598       0x80 ./Drivers/STM32L4xx_HAL_Driver/Src/stm32l4xx_hal_rcc.o

.debug_macro    0x0000000000000000    0x2773f
 .debug_macro   0x0000000000000000      0x1d2 ./Core/Src/FP_process.o
 .debug_macro   0x00000000000001d2      0xa78 ./Core/Src/FP_process.o
 .debug_macro   0x0000000000000c4a      0x19b ./Core/Src/FP_process.o
 .debug_macro   0x0000000000000de5       0x2e ./Core/Src/FP_process.o
 .debug_macro   0x0000000000000e13       0x28 ./Core/Src/FP_process.o
 .debug_macro   0x0000000000000e3b       0x22 ./Core/Src/FP_process.o
 .debug_macro   0x0000000000000e5d       0x8e ./Core/Src/FP_process.o
 .debug_macro   0x0000000000000eeb       0x51 ./Core/Src/FP_process.o
 .debug_macro   0x0000000000000f3c      0x103 ./Core/Src/FP_process.o
 .debug_macro   0x000000000000103f       0x6a ./Core/Src/FP_process.o
 .debug_macro   0x00000000000010a9      0x1df ./Core/Src/FP_process.o
 .debug_macro   0x0000000000001288       0x1c ./Core/Src/FP_process.o
 .debug_macro   0x00000000000012a4       0x22 ./Core/Src/FP_process.o
 .debug_macro   0x00000000000012c6       0xfb ./Core/Src/FP_process.o
 .debug_macro   0x00000000000013c1     0x1011 ./Core/Src/FP_process.o
 .debug_macro   0x00000000000023d2      0x11f ./Core/Src/FP_process.o
 .debug_macro   0x00000000000024f1    0x1c8bf ./Core/Src/FP_process.o
 .debug_macro   0x000000000001edb0       0x6d ./Core/Src/FP_process.o
 .debug_macro   0x000000000001ee1d     0x38e6 ./Core/Src/FP_process.o
 .debug_macro   0x0000000000022703      0x174 ./Core/Src/FP_process.o
 .debug_macro   0x0000000000022877       0x5c ./Core/Src/FP_process.o
 .debug_macro   0x00000000000228d3     0x1909 ./Core/Src/FP_process.o
 .debug_macro   0x00000000000241dc      0x773 ./Core/Src/FP_process.o
 .debug_macro   0x000000000002494f      0x1b9 ./Core/Src/FP_process.o
 .debug_macro   0x0000000000024b08      0x202 ./Core/Src/FP_process.o
 .debug_macro   0x0000000000024d0a      0x26b ./Core/Src/FP_process.o
 .debug_macro   0x0000000000024f75      0x23d ./Core/Src/FP_process.o
 .debug_macro   0x00000000000251b2      0x241 ./Core/Src/FP_process.o
 .debug_macro   0x00000000000253f3      0x3ad ./Core/Src/FP_process.o
 .debug_macro   0x00000000000257a0       0xe4 ./Core/Src/FP_process.o
 .debug_macro   0x0000000000025884      0x122 ./Core/Src/FP_process.o
 .debug_macro   0x00000000000259a6      0x3ef ./Core/Src/FP_process.o
 .debug_macro   0x0000000000025d95      0x433 ./Core/Src/FP_process.o
 .debug_macro   0x00000000000261c8       0x10 ./Core/Src/FP_process.o
 .debug_macro   0x00000000000261d8       0x40 ./Core/Src/FP_process.o
 .debug_macro   0x0000000000026218      0x1bc ./Core/Src/delay.o
 .debug_macro   0x00000000000263d4      0x1d0 ./Core/Src/fingerprint.o
 .debug_macro   0x00000000000265a4      0x1bb ./Core/Src/lcd.o
 .debug_macro   0x000000000002675f      0x1e8 ./Core/Src/main.o
 .debug_macro   0x0000000000026947       0x3a ./Core/Src/main.o
 .debug_macro   0x0000000000026981      0x1a8 ./Core/Src/stm32l4xx_hal_msp.o
 .debug_macro   0x0000000000026b29      0x1b2 ./Core/Src/stm32l4xx_it.o
 .debug_macro   0x0000000000026cdb      0x198 ./Core/Src/system_stm32l4xx.o
 .debug_macro   0x0000000000026e73      0x1b2 ./Core/Src/uart.o
 .debug_macro   0x0000000000027025      0x1e6 ./Drivers/STM32L4xx_HAL_Driver/Src/stm32l4xx_hal.o
 .debug_macro   0x000000000002720b      0x198 ./Drivers/STM32L4xx_HAL_Driver/Src/stm32l4xx_hal_cortex.o
 .debug_macro   0x00000000000273a3      0x1c2 ./Drivers/STM32L4xx_HAL_Driver/Src/stm32l4xx_hal_pwr_ex.o
 .debug_macro   0x0000000000027565      0x1da ./Drivers/STM32L4xx_HAL_Driver/Src/stm32l4xx_hal_rcc.o

.debug_line     0x0000000000000000     0x8dd1
 .debug_line    0x0000000000000000      0xa15 ./Core/Src/FP_process.o
 .debug_line    0x0000000000000a15      0x81a ./Core/Src/delay.o
 .debug_line    0x000000000000122f      0xc7b ./Core/Src/fingerprint.o
 .debug_line    0x0000000000001eaa      0xa91 ./Core/Src/lcd.o
 .debug_line    0x000000000000293b      0xa87 ./Core/Src/main.o
 .debug_line    0x00000000000033c2      0x7d7 ./Core/Src/stm32l4xx_hal_msp.o
 .debug_line    0x0000000000003b99      0x89a ./Core/Src/stm32l4xx_it.o
 .debug_line    0x0000000000004433      0x86f ./Core/Src/system_stm32l4xx.o
 .debug_line    0x0000000000004ca2      0x950 ./Core/Src/uart.o
 .debug_line    0x00000000000055f2       0x88 ./Core/Startup/startup_stm32l4a6zgtx.o
 .debug_line    0x000000000000567a      0xbc7 ./Drivers/STM32L4xx_HAL_Driver/Src/stm32l4xx_hal.o
 .debug_line    0x0000000000006241      0xd6e ./Drivers/STM32L4xx_HAL_Driver/Src/stm32l4xx_hal_cortex.o
 .debug_line    0x0000000000006faf      0xd99 ./Drivers/STM32L4xx_HAL_Driver/Src/stm32l4xx_hal_pwr_ex.o
 .debug_line    0x0000000000007d48     0x1089 ./Drivers/STM32L4xx_HAL_Driver/Src/stm32l4xx_hal_rcc.o

.debug_str      0x0000000000000000    0xee937
 .debug_str     0x0000000000000000    0xec8d4 ./Core/Src/FP_process.o
                                      0xecb7c (size before relaxing)
 .debug_str     0x00000000000ec8d4       0x58 ./Core/Src/delay.o
                                      0xec993 (size before relaxing)
 .debug_str     0x00000000000ec92c       0xd5 ./Core/Src/fingerprint.o
                                      0xecaca (size before relaxing)
 .debug_str     0x00000000000eca01      0x290 ./Core/Src/lcd.o
                                      0xeccdd (size before relaxing)
 .debug_str     0x00000000000ecc91      0x2e0 ./Core/Src/main.o
                                      0xecf4b (size before relaxing)
 .debug_str     0x00000000000ecf71       0x33 ./Core/Src/stm32l4xx_hal_msp.o
                                      0xecaa8 (size before relaxing)
 .debug_str     0x00000000000ecfa4       0xc9 ./Core/Src/stm32l4xx_it.o
                                      0xec9d4 (size before relaxing)
 .debug_str     0x00000000000ed06d       0xe2 ./Core/Src/system_stm32l4xx.o
                                      0xecb5a (size before relaxing)
 .debug_str     0x00000000000ed14f      0x589 ./Core/Src/uart.o
                                      0xed17c (size before relaxing)
 .debug_str     0x00000000000ed6d8       0x36 ./Core/Startup/startup_stm32l4a6zgtx.o
                                         0x5d (size before relaxing)
 .debug_str     0x00000000000ed70e      0x65e ./Drivers/STM32L4xx_HAL_Driver/Src/stm32l4xx_hal.o
                                      0xed770 (size before relaxing)
 .debug_str     0x00000000000edd6c      0x328 ./Drivers/STM32L4xx_HAL_Driver/Src/stm32l4xx_hal_cortex.o
                                      0xed411 (size before relaxing)
 .debug_str     0x00000000000ee094      0x4b3 ./Drivers/STM32L4xx_HAL_Driver/Src/stm32l4xx_hal_pwr_ex.o
                                      0xed0a9 (size before relaxing)
 .debug_str     0x00000000000ee547      0x3f0 ./Drivers/STM32L4xx_HAL_Driver/Src/stm32l4xx_hal_rcc.o
                                      0xed1a7 (size before relaxing)

.comment        0x0000000000000000       0x50
 .comment       0x0000000000000000       0x50 ./Core/Src/FP_process.o
                                         0x51 (size before relaxing)
 .comment       0x0000000000000050       0x51 ./Core/Src/delay.o
 .comment       0x0000000000000050       0x51 ./Core/Src/fingerprint.o
 .comment       0x0000000000000050       0x51 ./Core/Src/lcd.o
 .comment       0x0000000000000050       0x51 ./Core/Src/main.o
 .comment       0x0000000000000050       0x51 ./Core/Src/stm32l4xx_hal_msp.o
 .comment       0x0000000000000050       0x51 ./Core/Src/stm32l4xx_it.o
 .comment       0x0000000000000050       0x51 ./Core/Src/system_stm32l4xx.o
 .comment       0x0000000000000050       0x51 ./Core/Src/uart.o
 .comment       0x0000000000000050       0x51 ./Drivers/STM32L4xx_HAL_Driver/Src/stm32l4xx_hal.o
 .comment       0x0000000000000050       0x51 ./Drivers/STM32L4xx_HAL_Driver/Src/stm32l4xx_hal_cortex.o
 .comment       0x0000000000000050       0x51 ./Drivers/STM32L4xx_HAL_Driver/Src/stm32l4xx_hal_pwr_ex.o
 .comment       0x0000000000000050       0x51 ./Drivers/STM32L4xx_HAL_Driver/Src/stm32l4xx_hal_rcc.o

.debug_frame    0x0000000000000000     0x1900
 .debug_frame   0x0000000000000000       0x9c ./Core/Src/FP_process.o
 .debug_frame   0x000000000000009c       0x58 ./Core/Src/delay.o
 .debug_frame   0x00000000000000f4      0x20c ./Core/Src/fingerprint.o
 .debug_frame   0x0000000000000300      0x1c4 ./Core/Src/lcd.o
 .debug_frame   0x00000000000004c4       0xe0 ./Core/Src/main.o
 .debug_frame   0x00000000000005a4       0x38 ./Core/Src/stm32l4xx_hal_msp.o
 .debug_frame   0x00000000000005dc      0x104 ./Core/Src/stm32l4xx_it.o
 .debug_frame   0x00000000000006e0       0x58 ./Core/Src/system_stm32l4xx.o
 .debug_frame   0x0000000000000738       0xec ./Core/Src/uart.o
 .debug_frame   0x0000000000000824      0x498 ./Drivers/STM32L4xx_HAL_Driver/Src/stm32l4xx_hal.o
 .debug_frame   0x0000000000000cbc      0x498 ./Drivers/STM32L4xx_HAL_Driver/Src/stm32l4xx_hal_cortex.o
 .debug_frame   0x0000000000001154      0x544 ./Drivers/STM32L4xx_HAL_Driver/Src/stm32l4xx_hal_pwr_ex.o
 .debug_frame   0x0000000000001698      0x21c ./Drivers/STM32L4xx_HAL_Driver/Src/stm32l4xx_hal_rcc.o
 .debug_frame   0x00000000000018b4       0x2c c:/users/wilso/desktop/329/stm32cubeide_1.12.0/stm32cubeide/plugins/com.st.stm32cube.ide.mcu.externaltools.gnu-tools-for-stm32.10.3-2021.10.win32_1.0.200.202301161003/tools/bin/../lib/gcc/arm-none-eabi/10.3.1/../../../../arm-none-eabi/lib/thumb/v7e-m+fp/hard\libc_nano.a(lib_a-init.o)
 .debug_frame   0x00000000000018e0       0x20 c:/users/wilso/desktop/329/stm32cubeide_1.12.0/stm32cubeide/plugins/com.st.stm32cube.ide.mcu.externaltools.gnu-tools-for-stm32.10.3-2021.10.win32_1.0.200.202301161003/tools/bin/../lib/gcc/arm-none-eabi/10.3.1/../../../../arm-none-eabi/lib/thumb/v7e-m+fp/hard\libc_nano.a(lib_a-memset.o)
