Archive member included to satisfy reference by file (symbol)

c:/users/wilso/desktop/329/stm32cubeide_1.12.0/stm32cubeide/plugins/com.st.stm32cube.ide.mcu.externaltools.gnu-tools-for-stm32.10.3-2021.10.win32_1.0.200.202301161003/tools/bin/../lib/gcc/arm-none-eabi/10.3.1/../../../../arm-none-eabi/lib/thumb/v7e-m+fp/hard\libc_nano.a(lib_a-errno.o)
                              ./Core/Src/syscalls.o (__errno)
c:/users/wilso/desktop/329/stm32cubeide_1.12.0/stm32cubeide/plugins/com.st.stm32cube.ide.mcu.externaltools.gnu-tools-for-stm32.10.3-2021.10.win32_1.0.200.202301161003/tools/bin/../lib/gcc/arm-none-eabi/10.3.1/../../../../arm-none-eabi/lib/thumb/v7e-m+fp/hard\libc_nano.a(lib_a-exit.o)
                              c:/users/wilso/desktop/329/stm32cubeide_1.12.0/stm32cubeide/plugins/com.st.stm32cube.ide.mcu.externaltools.gnu-tools-for-stm32.10.3-2021.10.win32_1.0.200.202301161003/tools/bin/../lib/gcc/arm-none-eabi/10.3.1/../../../../arm-none-eabi/lib/thumb/v7e-m+fp/hard/crt0.o (exit)
c:/users/wilso/desktop/329/stm32cubeide_1.12.0/stm32cubeide/plugins/com.st.stm32cube.ide.mcu.externaltools.gnu-tools-for-stm32.10.3-2021.10.win32_1.0.200.202301161003/tools/bin/../lib/gcc/arm-none-eabi/10.3.1/../../../../arm-none-eabi/lib/thumb/v7e-m+fp/hard\libc_nano.a(lib_a-impure.o)
                              c:/users/wilso/desktop/329/stm32cubeide_1.12.0/stm32cubeide/plugins/com.st.stm32cube.ide.mcu.externaltools.gnu-tools-for-stm32.10.3-2021.10.win32_1.0.200.202301161003/tools/bin/../lib/gcc/arm-none-eabi/10.3.1/../../../../arm-none-eabi/lib/thumb/v7e-m+fp/hard\libc_nano.a(lib_a-exit.o) (_global_impure_ptr)
c:/users/wilso/desktop/329/stm32cubeide_1.12.0/stm32cubeide/plugins/com.st.stm32cube.ide.mcu.externaltools.gnu-tools-for-stm32.10.3-2021.10.win32_1.0.200.202301161003/tools/bin/../lib/gcc/arm-none-eabi/10.3.1/../../../../arm-none-eabi/lib/thumb/v7e-m+fp/hard\libc_nano.a(lib_a-init.o)
                              c:/users/wilso/desktop/329/stm32cubeide_1.12.0/stm32cubeide/plugins/com.st.stm32cube.ide.mcu.externaltools.gnu-tools-for-stm32.10.3-2021.10.win32_1.0.200.202301161003/tools/bin/../lib/gcc/arm-none-eabi/10.3.1/../../../../arm-none-eabi/lib/thumb/v7e-m+fp/hard/crt0.o (__libc_init_array)
c:/users/wilso/desktop/329/stm32cubeide_1.12.0/stm32cubeide/plugins/com.st.stm32cube.ide.mcu.externaltools.gnu-tools-for-stm32.10.3-2021.10.win32_1.0.200.202301161003/tools/bin/../lib/gcc/arm-none-eabi/10.3.1/../../../../arm-none-eabi/lib/thumb/v7e-m+fp/hard\libc_nano.a(lib_a-memset.o)
                              c:/users/wilso/desktop/329/stm32cubeide_1.12.0/stm32cubeide/plugins/com.st.stm32cube.ide.mcu.externaltools.gnu-tools-for-stm32.10.3-2021.10.win32_1.0.200.202301161003/tools/bin/../lib/gcc/arm-none-eabi/10.3.1/../../../../arm-none-eabi/lib/thumb/v7e-m+fp/hard/crt0.o (memset)

Discarded input sections

 .text          0x0000000000000000        0x0 c:/users/wilso/desktop/329/stm32cubeide_1.12.0/stm32cubeide/plugins/com.st.stm32cube.ide.mcu.externaltools.gnu-tools-for-stm32.10.3-2021.10.win32_1.0.200.202301161003/tools/bin/../lib/gcc/arm-none-eabi/10.3.1/thumb/v7e-m+fp/hard/crti.o
 .data          0x0000000000000000        0x0 c:/users/wilso/desktop/329/stm32cubeide_1.12.0/stm32cubeide/plugins/com.st.stm32cube.ide.mcu.externaltools.gnu-tools-for-stm32.10.3-2021.10.win32_1.0.200.202301161003/tools/bin/../lib/gcc/arm-none-eabi/10.3.1/thumb/v7e-m+fp/hard/crti.o
 .bss           0x0000000000000000        0x0 c:/users/wilso/desktop/329/stm32cubeide_1.12.0/stm32cubeide/plugins/com.st.stm32cube.ide.mcu.externaltools.gnu-tools-for-stm32.10.3-2021.10.win32_1.0.200.202301161003/tools/bin/../lib/gcc/arm-none-eabi/10.3.1/thumb/v7e-m+fp/hard/crti.o
 .data          0x0000000000000000        0x4 c:/users/wilso/desktop/329/stm32cubeide_1.12.0/stm32cubeide/plugins/com.st.stm32cube.ide.mcu.externaltools.gnu-tools-for-stm32.10.3-2021.10.win32_1.0.200.202301161003/tools/bin/../lib/gcc/arm-none-eabi/10.3.1/thumb/v7e-m+fp/hard/crtbegin.o
 .rodata        0x0000000000000000       0x24 c:/users/wilso/desktop/329/stm32cubeide_1.12.0/stm32cubeide/plugins/com.st.stm32cube.ide.mcu.externaltools.gnu-tools-for-stm32.10.3-2021.10.win32_1.0.200.202301161003/tools/bin/../lib/gcc/arm-none-eabi/10.3.1/thumb/v7e-m+fp/hard/crtbegin.o
 .text          0x0000000000000000       0x7c c:/users/wilso/desktop/329/stm32cubeide_1.12.0/stm32cubeide/plugins/com.st.stm32cube.ide.mcu.externaltools.gnu-tools-for-stm32.10.3-2021.10.win32_1.0.200.202301161003/tools/bin/../lib/gcc/arm-none-eabi/10.3.1/../../../../arm-none-eabi/lib/thumb/v7e-m+fp/hard/crt0.o
 .data          0x0000000000000000        0x0 c:/users/wilso/desktop/329/stm32cubeide_1.12.0/stm32cubeide/plugins/com.st.stm32cube.ide.mcu.externaltools.gnu-tools-for-stm32.10.3-2021.10.win32_1.0.200.202301161003/tools/bin/../lib/gcc/arm-none-eabi/10.3.1/../../../../arm-none-eabi/lib/thumb/v7e-m+fp/hard/crt0.o
[...]
Memory Configuration

Name             Origin             Length             Attributes
RAM              0x0000000020000000 0x0000000000050000 xrw
RAM2             0x0000000010000000 0x0000000000010000 xrw
FLASH            0x0000000008000000 0x0000000000100000 xr
*default*        0x0000000000000000 0xffffffffffffffff

Linker script and memory map

LOAD c:/users/wilso/desktop/329/stm32cubeide_1.12.0/stm32cubeide/plugins/com.st.stm32cube.ide.mcu.externaltools.gnu-tools-for-stm32.10.3-2021.10.win32_1.0.200.202301161003/tools/bin/../lib/gcc/arm-none-eabi/10.3.1/thumb/v7e-m+fp/hard/crti.o
LOAD c:/users/wilso/desktop/329/stm32cubeide_1.12.0/stm32cubeide/plugins/com.st.stm32cube.ide.mcu.externaltools.gnu-tools-for-stm32.10.3-2021.10.win32_1.0.200.202301161003/tools/bin/../lib/gcc/arm-none-eabi/10.3.1/thumb/v7e-m+fp/hard/crtbegin.o
LOAD c:/users/wilso/desktop/329/stm32cubeide_1.12.0/stm32cubeide/plugins/com.st.stm32cube.ide.mcu.externaltools.gnu-tools-for-stm32.10.3-2021.10.win32_1.0.200.202301161003/tools/bin/../lib/gcc/arm-none-eabi/10.3.1/../../../../arm-none-eabi/lib/thumb/v7e-m+fp/hard/crt0.o
LOAD ./Core/Src/main.o
LOAD ./Core/Src/stm32l4xx_hal_msp.o
LOAD ./Core/Src/stm32l4xx_it.o
LOAD ./Core/Src/syscalls.o
LOAD ./Core/Src/sysmem.o
LOAD ./Core/Src/system_stm32l4xx.o
LOAD ./Core/Startup/startup_stm32l4a6zgtx.o
LOAD ./Drivers/STM32L4xx_HAL_Driver/Src/stm32l4xx_hal.o
LOAD ./Drivers/STM32L4xx_HAL_Driver/Src/stm32l4xx_hal_cortex.o
LOAD ./Drivers/STM32L4xx_HAL_Driver/Src/stm32l4xx_hal_dma.o
LOAD ./Drivers/STM32L4xx_HAL_Driver/Src/stm32l4xx_hal_dma_ex.o
LOAD ./Drivers/STM32L4xx_HAL_Driver/Src/stm32l4xx_hal_exti.o
LOAD ./Drivers/STM32L4xx_HAL_Driver/Src/stm32l4xx_hal_flash.o
LOAD ./Drivers/STM32L4xx_HAL_Driver/Src/stm32l4xx_hal_flash_ex.o
LOAD ./Drivers/STM32L4xx_HAL_Driver/Src/stm32l4xx_hal_flash_ramfunc.o
LOAD ./Drivers/STM32L4xx_HAL_Driver/Src/stm32l4xx_hal_gpio.o
LOAD ./Drivers/STM32L4xx_HAL_Driver/Src/stm32l4xx_hal_pwr.o
LOAD ./Drivers/STM32L4xx_HAL_Driver/Src/stm32l4xx_hal_pwr_ex.o
LOAD ./Drivers/STM32L4xx_HAL_Driver/Src/stm32l4xx_hal_rcc.o
LOAD ./Drivers/STM32L4xx_HAL_Driver/Src/stm32l4xx_hal_rcc_ex.o
LOAD ./Drivers/STM32L4xx_HAL_Driver/Src/stm32l4xx_hal_rng.o
START GROUP
LOAD c:/users/wilso/desktop/329/stm32cubeide_1.12.0/stm32cubeide/plugins/com.st.stm32cube.ide.mcu.externaltools.gnu-tools-for-stm32.10.3-2021.10.win32_1.0.200.202301161003/tools/bin/../lib/gcc/arm-none-eabi/10.3.1/../../../../arm-none-eabi/lib/thumb/v7e-m+fp/hard\libc_nano.a
LOAD c:/users/wilso/desktop/329/stm32cubeide_1.12.0/stm32cubeide/plugins/com.st.stm32cube.ide.mcu.externaltools.gnu-tools-for-stm32.10.3-2021.10.win32_1.0.200.202301161003/tools/bin/../lib/gcc/arm-none-eabi/10.3.1/../../../../arm-none-eabi/lib/thumb/v7e-m+fp/hard\libm.a
END GROUP
START GROUP
LOAD c:/users/wilso/desktop/329/stm32cubeide_1.12.0/stm32cubeide/plugins/com.st.stm32cube.ide.mcu.externaltools.gnu-tools-for-stm32.10.3-2021.10.win32_1.0.200.202301161003/tools/bin/../lib/gcc/arm-none-eabi/10.3.1/thumb/v7e-m+fp/hard\libgcc.a
LOAD c:/users/wilso/desktop/329/stm32cubeide_1.12.0/stm32cubeide/plugins/com.st.stm32cube.ide.mcu.externaltools.gnu-tools-for-stm32.10.3-2021.10.win32_1.0.200.202301161003/tools/bin/../lib/gcc/arm-none-eabi/10.3.1/../../../../arm-none-eabi/lib/thumb/v7e-m+fp/hard\libc_nano.a
END GROUP
START GROUP
LOAD c:/users/wilso/desktop/329/stm32cubeide_1.12.0/stm32cubeide/plugins/com.st.stm32cube.ide.mcu.externaltools.gnu-tools-for-stm32.10.3-2021.10.win32_1.0.200.202301161003/tools/bin/../lib/gcc/arm-none-eabi/10.3.1/thumb/v7e-m+fp/hard\libgcc.a
LOAD c:/users/wilso/desktop/329/stm32cubeide_1.12.0/stm32cubeide/plugins/com.st.stm32cube.ide.mcu.externaltools.gnu-tools-for-stm32.10.3-2021.10.win32_1.0.200.202301161003/tools/bin/../lib/gcc/arm-none-eabi/10.3.1/../../../../arm-none-eabi/lib/thumb/v7e-m+fp/hard\libc_nano.a
LOAD c:/users/wilso/desktop/329/stm32cubeide_1.12.0/stm32cubeide/plugins/com.st.stm32cube.ide.mcu.externaltools.gnu-tools-for-stm32.10.3-2021.10.win32_1.0.200.202301161003/tools/bin/../lib/gcc/arm-none-eabi/10.3.1/../../../../arm-none-eabi/lib/thumb/v7e-m+fp/hard\libnosys.a
END GROUP
START GROUP
LOAD c:/users/wilso/desktop/329/stm32cubeide_1.12.0/stm32cubeide/plugins/com.st.stm32cube.ide.mcu.externaltools.gnu-tools-for-stm32.10.3-2021.10.win32_1.0.200.202301161003/tools/bin/../lib/gcc/arm-none-eabi/10.3.1/thumb/v7e-m+fp/hard\libgcc.a
LOAD c:/users/wilso/desktop/329/stm32cubeide_1.12.0/stm32cubeide/plugins/com.st.stm32cube.ide.mcu.externaltools.gnu-tools-for-stm32.10.3-2021.10.win32_1.0.200.202301161003/tools/bin/../lib/gcc/arm-none-eabi/10.3.1/../../../../arm-none-eabi/lib/thumb/v7e-m+fp/hard\libc_nano.a
LOAD c:/users/wilso/desktop/329/stm32cubeide_1.12.0/stm32cubeide/plugins/com.st.stm32cube.ide.mcu.externaltools.gnu-tools-for-stm32.10.3-2021.10.win32_1.0.200.202301161003/tools/bin/../lib/gcc/arm-none-eabi/10.3.1/../../../../arm-none-eabi/lib/thumb/v7e-m+fp/hard\libnosys.a
END GROUP
LOAD c:/users/wilso/desktop/329/stm32cubeide_1.12.0/stm32cubeide/plugins/com.st.stm32cube.ide.mcu.externaltools.gnu-tools-for-stm32.10.3-2021.10.win32_1.0.200.202301161003/tools/bin/../lib/gcc/arm-none-eabi/10.3.1/thumb/v7e-m+fp/hard/crtend.o
LOAD c:/users/wilso/desktop/329/stm32cubeide_1.12.0/stm32cubeide/plugins/com.st.stm32cube.ide.mcu.externaltools.gnu-tools-for-stm32.10.3-2021.10.win32_1.0.200.202301161003/tools/bin/../lib/gcc/arm-none-eabi/10.3.1/thumb/v7e-m+fp/hard/crtn.o
                0x0000000020050000                _estack = (ORIGIN (RAM) + LENGTH (RAM))
                0x0000000000000200                _Min_Heap_Size = 0x200
                0x0000000000000400                _Min_Stack_Size = 0x400

.isr_vector     0x0000000008000000      0x1ac
                0x0000000008000000                . = ALIGN (0x4)
 *(.isr_vector)
 .isr_vector    0x0000000008000000      0x1ac ./Core/Startup/startup_stm32l4a6zgtx.o
                0x0000000008000000                g_pfnVectors
                0x00000000080001ac                . = ALIGN (0x4)

.text           0x00000000080001ac     0x1e20
                0x00000000080001ac                . = ALIGN (0x4)
 *(.text)
 .text          0x00000000080001ac       0x40 c:/users/wilso/desktop/329/stm32cubeide_1.12.0/stm32cubeide/plugins/com.st.stm32cube.ide.mcu.externaltools.gnu-tools-for-stm32.10.3-2021.10.win32_1.0.200.202301161003/tools/bin/../lib/gcc/arm-none-eabi/10.3.1/thumb/v7e-m+fp/hard/crtbegin.o
 *(.text*)
 .text.main     0x00000000080001ec      0x100 ./Core/Src/main.o
                0x00000000080001ec                main
 .text.SystemClock_Config
                0x00000000080002ec       0x8c ./Core/Src/main.o
                0x00000000080002ec                SystemClock_Config
 .text.MX_RNG_Init
                0x0000000008000378       0x28 ./Core/Src/main.o
 .text.Error_Handler
                0x00000000080003a0        0xa ./Core/Src/main.o
                0x00000000080003a0                Error_Handler
 *fill*         0x00000000080003aa        0x2 
 .text.HAL_MspInit
                0x00000000080003ac       0x48 ./Core/Src/stm32l4xx_hal_msp.o
                0x00000000080003ac                HAL_MspInit
 .text.HAL_RNG_MspInit
                0x00000000080003f4       0x88 ./Core/Src/stm32l4xx_hal_msp.o
                0x00000000080003f4                HAL_RNG_MspInit
 .text.NMI_Handler
                0x000000000800047c        0x6 ./Core/Src/stm32l4xx_it.o
                0x000000000800047c                NMI_Handler
 .text.HardFault_Handler
                0x0000000008000482        0x6 ./Core/Src/stm32l4xx_it.o
                0x0000000008000482                HardFault_Handler
 .text.MemManage_Handler
                0x0000000008000488        0x6 ./Core/Src/stm32l4xx_it.o
                0x0000000008000488                MemManage_Handler
 .text.BusFault_Handler
                0x000000000800048e        0x6 ./Core/Src/stm32l4xx_it.o
                0x000000000800048e                BusFault_Handler
 .text.UsageFault_Handler
                0x0000000008000494        0x6 ./Core/Src/stm32l4xx_it.o
                0x0000000008000494                UsageFault_Handler
 .text.SVC_Handler
                0x000000000800049a        0xe ./Core/Src/stm32l4xx_it.o
                0x000000000800049a                SVC_Handler
 .text.DebugMon_Handler
                0x00000000080004a8        0xe ./Core/Src/stm32l4xx_it.o
                0x00000000080004a8                DebugMon_Handler
 .text.PendSV_Handler
                0x00000000080004b6        0xe ./Core/Src/stm32l4xx_it.o
                0x00000000080004b6                PendSV_Handler
 .text.SysTick_Handler
                0x00000000080004c4        0xc ./Core/Src/stm32l4xx_it.o
                0x00000000080004c4                SysTick_Handler
 .text.SystemInit
                0x00000000080004d0       0x24 ./Core/Src/system_stm32l4xx.o
                0x00000000080004d0                SystemInit
 .text.Reset_Handler
                0x00000000080004f4       0x50 ./Core/Startup/startup_stm32l4a6zgtx.o
                0x00000000080004f4                Reset_Handler
 .text.Default_Handler
                0x0000000008000544        0x2 ./Core/Startup/startup_stm32l4a6zgtx.o
                0x0000000008000544                RTC_Alarm_IRQHandler
                0x0000000008000544                HASH_RNG_IRQHandler
                0x0000000008000544                EXTI2_IRQHandler
                0x0000000008000544                TIM8_TRG_COM_IRQHandler
                0x0000000008000544                TIM8_CC_IRQHandler
                0x0000000008000544                TIM1_CC_IRQHandler
                0x0000000008000544                TSC_IRQHandler
                0x0000000008000544                TAMP_STAMP_IRQHandler
                0x0000000008000544                CAN2_RX1_IRQHandler
                0x0000000008000544                EXTI3_IRQHandler
                0x0000000008000544                LPTIM2_IRQHandler
                0x0000000008000544                DFSDM1_FLT1_IRQHandler
                0x0000000008000544                I2C3_ER_IRQHandler
                0x0000000008000544                DFSDM1_FLT2_IRQHandler
                0x0000000008000544                EXTI0_IRQHandler
                0x0000000008000544                I2C2_EV_IRQHandler
                0x0000000008000544                CAN1_RX0_IRQHandler
                0x0000000008000544                FPU_IRQHandler
                0x0000000008000544                TIM1_UP_TIM16_IRQHandler
                0x0000000008000544                CAN2_SCE_IRQHandler
                0x0000000008000544                ADC1_2_IRQHandler
                0x0000000008000544                SPI1_IRQHandler
                0x0000000008000544                TIM6_DAC_IRQHandler
                0x0000000008000544                DCMI_IRQHandler
                0x0000000008000544                CAN2_RX0_IRQHandler
                0x0000000008000544                TIM8_UP_IRQHandler
                0x0000000008000544                DMA2_Channel2_IRQHandler
                0x0000000008000544                DMA1_Channel4_IRQHandler
                0x0000000008000544                SAI2_IRQHandler
                0x0000000008000544                DFSDM1_FLT3_IRQHandler
                0x0000000008000544                USART3_IRQHandler
                0x0000000008000544                DMA1_Channel7_IRQHandler
                0x0000000008000544                CAN1_RX1_IRQHandler
                0x0000000008000544                LCD_IRQHandler
                0x0000000008000544                UART5_IRQHandler
                0x0000000008000544                ADC3_IRQHandler
                0x0000000008000544                TIM4_IRQHandler
                0x0000000008000544                DMA2_Channel1_IRQHandler
                0x0000000008000544                QUADSPI_IRQHandler
                0x0000000008000544                I2C1_EV_IRQHandler
                0x0000000008000544                DMA1_Channel6_IRQHandler
                0x0000000008000544                UART4_IRQHandler
                0x0000000008000544                DMA2_Channel4_IRQHandler
                0x0000000008000544                TIM3_IRQHandler
                0x0000000008000544                RCC_IRQHandler
                0x0000000008000544                DMA1_Channel1_IRQHandler
                0x0000000008000544                Default_Handler
                0x0000000008000544                DMA2_Channel7_IRQHandler
                0x0000000008000544                EXTI15_10_IRQHandler
                0x0000000008000544                TIM7_IRQHandler
                0x0000000008000544                SDMMC1_IRQHandler
                0x0000000008000544                CAN2_TX_IRQHandler
                0x0000000008000544                TIM5_IRQHandler
                0x0000000008000544                I2C3_EV_IRQHandler
                0x0000000008000544                EXTI9_5_IRQHandler
                0x0000000008000544                RTC_WKUP_IRQHandler
                0x0000000008000544                PVD_PVM_IRQHandler
                0x0000000008000544                SPI2_IRQHandler
                0x0000000008000544                CAN1_TX_IRQHandler
                0x0000000008000544                DMA2_Channel5_IRQHandler
                0x0000000008000544                CRS_IRQHandler
                0x0000000008000544                DMA1_Channel5_IRQHandler
                0x0000000008000544                EXTI4_IRQHandler
                0x0000000008000544                TIM1_TRG_COM_TIM17_IRQHandler
                0x0000000008000544                DMA1_Channel3_IRQHandler
                0x0000000008000544                COMP_IRQHandler
                0x0000000008000544                WWDG_IRQHandler
                0x0000000008000544                I2C4_EV_IRQHandler
                0x0000000008000544                LPUART1_IRQHandler
                0x0000000008000544                DMA2_Channel6_IRQHandler
                0x0000000008000544                TIM2_IRQHandler
                0x0000000008000544                DMA2D_IRQHandler
                0x0000000008000544                EXTI1_IRQHandler
                0x0000000008000544                AES_IRQHandler
                0x0000000008000544                USART2_IRQHandler
                0x0000000008000544                DFSDM1_FLT0_IRQHandler
                0x0000000008000544                I2C2_ER_IRQHandler
                0x0000000008000544                DMA1_Channel2_IRQHandler
                0x0000000008000544                TIM8_BRK_IRQHandler
                0x0000000008000544                CAN1_SCE_IRQHandler
                0x0000000008000544                FLASH_IRQHandler
                0x0000000008000544                USART1_IRQHandler
                0x0000000008000544                OTG_FS_IRQHandler
                0x0000000008000544                SPI3_IRQHandler
                0x0000000008000544                I2C1_ER_IRQHandler
                0x0000000008000544                FMC_IRQHandler
                0x0000000008000544                SWPMI1_IRQHandler
                0x0000000008000544                LPTIM1_IRQHandler
                0x0000000008000544                I2C4_ER_IRQHandler
                0x0000000008000544                SAI1_IRQHandler
                0x0000000008000544                DMA2_Channel3_IRQHandler
                0x0000000008000544                TIM1_BRK_TIM15_IRQHandler
 .text.HAL_Init
                0x0000000008000546       0x30 ./Drivers/STM32L4xx_HAL_Driver/Src/stm32l4xx_hal.o
                0x0000000008000546                HAL_Init
 *fill*         0x0000000008000576        0x2 
 .text.HAL_InitTick
                0x0000000008000578       0x78 ./Drivers/STM32L4xx_HAL_Driver/Src/stm32l4xx_hal.o
                0x0000000008000578                HAL_InitTick
 .text.HAL_IncTick
                0x00000000080005f0       0x28 ./Drivers/STM32L4xx_HAL_Driver/Src/stm32l4xx_hal.o
                0x00000000080005f0                HAL_IncTick
 .text.HAL_GetTick
                0x0000000008000618       0x18 ./Drivers/STM32L4xx_HAL_Driver/Src/stm32l4xx_hal.o
                0x0000000008000618                HAL_GetTick
 .text.HAL_Delay
                0x0000000008000630       0x48 ./Drivers/STM32L4xx_HAL_Driver/Src/stm32l4xx_hal.o
                0x0000000008000630                HAL_Delay
 .text.__NVIC_SetPriorityGrouping
                0x0000000008000678       0x48 ./Drivers/STM32L4xx_HAL_Driver/Src/stm32l4xx_hal_cortex.o
 .text.__NVIC_GetPriorityGrouping
                0x00000000080006c0       0x1c ./Drivers/STM32L4xx_HAL_Driver/Src/stm32l4xx_hal_cortex.o
 .text.__NVIC_SetPriority
                0x00000000080006dc       0x54 ./Drivers/STM32L4xx_HAL_Driver/Src/stm32l4xx_hal_cortex.o
 .text.NVIC_EncodePriority
                0x0000000008000730       0x66 ./Drivers/STM32L4xx_HAL_Driver/Src/stm32l4xx_hal_cortex.o
 *fill*         0x0000000008000796        0x2 
 .text.SysTick_Config
                0x0000000008000798       0x44 ./Drivers/STM32L4xx_HAL_Driver/Src/stm32l4xx_hal_cortex.o
 .text.HAL_NVIC_SetPriorityGrouping
                0x00000000080007dc       0x16 ./Drivers/STM32L4xx_HAL_Driver/Src/stm32l4xx_hal_cortex.o
                0x00000000080007dc                HAL_NVIC_SetPriorityGrouping
 .text.HAL_NVIC_SetPriority
                0x00000000080007f2       0x38 ./Drivers/STM32L4xx_HAL_Driver/Src/stm32l4xx_hal_cortex.o
                0x00000000080007f2                HAL_NVIC_SetPriority
 .text.HAL_SYSTICK_Config
                0x000000000800082a       0x18 ./Drivers/STM32L4xx_HAL_Driver/Src/stm32l4xx_hal_cortex.o
                0x000000000800082a                HAL_SYSTICK_Config
 *fill*         0x0000000008000842        0x2 
 .text.HAL_PWREx_GetVoltageRange
                0x0000000008000844       0x1c ./Drivers/STM32L4xx_HAL_Driver/Src/stm32l4xx_hal_pwr_ex.o
                0x0000000008000844                HAL_PWREx_GetVoltageRange
 .text.HAL_PWREx_ControlVoltageScaling
                0x0000000008000860       0xac ./Drivers/STM32L4xx_HAL_Driver/Src/stm32l4xx_hal_pwr_ex.o
                0x0000000008000860                HAL_PWREx_ControlVoltageScaling
 .text.HAL_RCC_OscConfig
                0x000000000800090c      0x834 ./Drivers/STM32L4xx_HAL_Driver/Src/stm32l4xx_hal_rcc.o
                0x000000000800090c                HAL_RCC_OscConfig
 .text.HAL_RCC_ClockConfig
                0x0000000008001140      0x200 ./Drivers/STM32L4xx_HAL_Driver/Src/stm32l4xx_hal_rcc.o
                0x0000000008001140                HAL_RCC_ClockConfig
 .text.HAL_RCC_GetSysClockFreq
                0x0000000008001340      0x118 ./Drivers/STM32L4xx_HAL_Driver/Src/stm32l4xx_hal_rcc.o
                0x0000000008001340                HAL_RCC_GetSysClockFreq
 .text.RCC_SetFlashLatencyFromMSIRange
                0x0000000008001458       0xc0 ./Drivers/STM32L4xx_HAL_Driver/Src/stm32l4xx_hal_rcc.o
 .text.HAL_RCCEx_PeriphCLKConfig
                0x0000000008001518      0x5f8 ./Drivers/STM32L4xx_HAL_Driver/Src/stm32l4xx_hal_rcc_ex.o
                0x0000000008001518                HAL_RCCEx_PeriphCLKConfig
 .text.RCCEx_PLLSAI1_Config
                0x0000000008001b10      0x1e4 ./Drivers/STM32L4xx_HAL_Driver/Src/stm32l4xx_hal_rcc_ex.o
 .text.RCCEx_PLLSAI2_Config
                0x0000000008001cf4      0x1b8 ./Drivers/STM32L4xx_HAL_Driver/Src/stm32l4xx_hal_rcc_ex.o
 .text.HAL_RNG_Init
                0x0000000008001eac       0xae ./Drivers/STM32L4xx_HAL_Driver/Src/stm32l4xx_hal_rng.o
                0x0000000008001eac                HAL_RNG_Init
 *fill*         0x0000000008001f5a        0x2 
 .text.__libc_init_array
                0x0000000008001f5c       0x48 c:/users/wilso/desktop/329/stm32cubeide_1.12.0/stm32cubeide/plugins/com.st.stm32cube.ide.mcu.externaltools.gnu-tools-for-stm32.10.3-2021.10.win32_1.0.200.202301161003/tools/bin/../lib/gcc/arm-none-eabi/10.3.1/../../../../arm-none-eabi/lib/thumb/v7e-m+fp/hard\libc_nano.a(lib_a-init.o)
                0x0000000008001f5c                __libc_init_array
 .text.memset   0x0000000008001fa4       0x10 c:/users/wilso/desktop/329/stm32cubeide_1.12.0/stm32cubeide/plugins/com.st.stm32cube.ide.mcu.externaltools.gnu-tools-for-stm32.10.3-2021.10.win32_1.0.200.202301161003/tools/bin/../lib/gcc/arm-none-eabi/10.3.1/../../../../arm-none-eabi/lib/thumb/v7e-m+fp/hard\libc_nano.a(lib_a-memset.o)
                0x0000000008001fa4                memset
 *(.glue_7)
 .glue_7        0x0000000008001fb4        0x0 linker stubs
 *(.glue_7t)
 .glue_7t       0x0000000008001fb4        0x0 linker stubs
 *(.eh_frame)
 .eh_frame      0x0000000008001fb4        0x0 c:/users/wilso/desktop/329/stm32cubeide_1.12.0/stm32cubeide/plugins/com.st.stm32cube.ide.mcu.externaltools.gnu-tools-for-stm32.10.3-2021.10.win32_1.0.200.202301161003/tools/bin/../lib/gcc/arm-none-eabi/10.3.1/thumb/v7e-m+fp/hard/crtbegin.o
 *(.init)
 .init          0x0000000008001fb4        0x4 c:/users/wilso/desktop/329/stm32cubeide_1.12.0/stm32cubeide/plugins/com.st.stm32cube.ide.mcu.externaltools.gnu-tools-for-stm32.10.3-2021.10.win32_1.0.200.202301161003/tools/bin/../lib/gcc/arm-none-eabi/10.3.1/thumb/v7e-m+fp/hard/crti.o
                0x0000000008001fb4                _init
 .init          0x0000000008001fb8        0x8 c:/users/wilso/desktop/329/stm32cubeide_1.12.0/stm32cubeide/plugins/com.st.stm32cube.ide.mcu.externaltools.gnu-tools-for-stm32.10.3-2021.10.win32_1.0.200.202301161003/tools/bin/../lib/gcc/arm-none-eabi/10.3.1/thumb/v7e-m+fp/hard/crtn.o
 *(.fini)
 .fini          0x0000000008001fc0        0x4 c:/users/wilso/desktop/329/stm32cubeide_1.12.0/stm32cubeide/plugins/com.st.stm32cube.ide.mcu.externaltools.gnu-tools-for-stm32.10.3-2021.10.win32_1.0.200.202301161003/tools/bin/../lib/gcc/arm-none-eabi/10.3.1/thumb/v7e-m+fp/hard/crti.o
                0x0000000008001fc0                _fini
 .fini          0x0000000008001fc4        0x8 c:/users/wilso/desktop/329/stm32cubeide_1.12.0/stm32cubeide/plugins/com.st.stm32cube.ide.mcu.externaltools.gnu-tools-for-stm32.10.3-2021.10.win32_1.0.200.202301161003/tools/bin/../lib/gcc/arm-none-eabi/10.3.1/thumb/v7e-m+fp/hard/crtn.o
                0x0000000008001fcc                . = ALIGN (0x4)
                0x0000000008001fcc                _etext = .

.vfp11_veneer   0x0000000008001fcc        0x0
 .vfp11_veneer  0x0000000008001fcc        0x0 linker stubs

.v4_bx          0x0000000008001fcc        0x0
 .v4_bx         0x0000000008001fcc        0x0 linker stubs

.iplt           0x0000000008001fcc        0x0
 .iplt          0x0000000008001fcc        0x0 c:/users/wilso/desktop/329/stm32cubeide_1.12.0/stm32cubeide/plugins/com.st.stm32cube.ide.mcu.externaltools.gnu-tools-for-stm32.10.3-2021.10.win32_1.0.200.202301161003/tools/bin/../lib/gcc/arm-none-eabi/10.3.1/thumb/v7e-m+fp/hard/crtbegin.o

.rodata         0x0000000008001fcc       0x40
                0x0000000008001fcc                . = ALIGN (0x4)
 *(.rodata)
 *(.rodata*)
 .rodata.AHBPrescTable
                0x0000000008001fcc       0x10 ./Core/Src/system_stm32l4xx.o
                0x0000000008001fcc                AHBPrescTable
 .rodata.MSIRangeTable
                0x0000000008001fdc       0x30 ./Core/Src/system_stm32l4xx.o
                0x0000000008001fdc                MSIRangeTable
                0x000000000800200c                . = ALIGN (0x4)

.rel.dyn        0x000000000800200c        0x0
 .rel.iplt      0x000000000800200c        0x0 c:/users/wilso/desktop/329/stm32cubeide_1.12.0/stm32cubeide/plugins/com.st.stm32cube.ide.mcu.externaltools.gnu-tools-for-stm32.10.3-2021.10.win32_1.0.200.202301161003/tools/bin/../lib/gcc/arm-none-eabi/10.3.1/thumb/v7e-m+fp/hard/crtbegin.o

.ARM.extab      0x000000000800200c        0x0
                0x000000000800200c                . = ALIGN (0x4)
 *(.ARM.extab* .gnu.linkonce.armextab.*)
                0x000000000800200c                . = ALIGN (0x4)

.ARM            0x000000000800200c        0x0
                0x000000000800200c                . = ALIGN (0x4)
                0x000000000800200c                __exidx_start = .
 *(.ARM.exidx*)
                0x000000000800200c                __exidx_end = .
                0x000000000800200c                . = ALIGN (0x4)

.preinit_array  0x000000000800200c        0x0
                0x000000000800200c                . = ALIGN (0x4)
                0x000000000800200c                PROVIDE (__preinit_array_start = .)
 *(.preinit_array*)
                0x000000000800200c                PROVIDE (__preinit_array_end = .)
                0x000000000800200c                . = ALIGN (0x4)

.init_array     0x000000000800200c        0x4
                0x000000000800200c                . = ALIGN (0x4)
                0x000000000800200c                PROVIDE (__init_array_start = .)
 *(SORT_BY_NAME(.init_array.*))
 *(.init_array*)
 .init_array    0x000000000800200c        0x4 c:/users/wilso/desktop/329/stm32cubeide_1.12.0/stm32cubeide/plugins/com.st.stm32cube.ide.mcu.externaltools.gnu-tools-for-stm32.10.3-2021.10.win32_1.0.200.202301161003/tools/bin/../lib/gcc/arm-none-eabi/10.3.1/thumb/v7e-m+fp/hard/crtbegin.o
                0x0000000008002010                PROVIDE (__init_array_end = .)
                0x0000000008002010                . = ALIGN (0x4)

.fini_array     0x0000000008002010        0x4
                0x0000000008002010                . = ALIGN (0x4)
                [!provide]                        PROVIDE (__fini_array_start = .)
 *(SORT_BY_NAME(.fini_array.*))
 *(.fini_array*)
 .fini_array    0x0000000008002010        0x4 c:/users/wilso/desktop/329/stm32cubeide_1.12.0/stm32cubeide/plugins/com.st.stm32cube.ide.mcu.externaltools.gnu-tools-for-stm32.10.3-2021.10.win32_1.0.200.202301161003/tools/bin/../lib/gcc/arm-none-eabi/10.3.1/thumb/v7e-m+fp/hard/crtbegin.o
                [!provide]                        PROVIDE (__fini_array_end = .)
                0x0000000008002014                . = ALIGN (0x4)
                0x0000000008002014                _sidata = LOADADDR (.data)

.data           0x0000000020000000        0xc load address 0x0000000008002014
                0x0000000020000000                . = ALIGN (0x4)
                0x0000000020000000                _sdata = .
 *(.data)
 *(.data*)
 .data.SystemCoreClock
                0x0000000020000000        0x4 ./Core/Src/system_stm32l4xx.o
                0x0000000020000000                SystemCoreClock
 .data.uwTickPrio
                0x0000000020000004        0x4 ./Drivers/STM32L4xx_HAL_Driver/Src/stm32l4xx_hal.o
                0x0000000020000004                uwTickPrio
 .data.uwTickFreq
                0x0000000020000008        0x1 ./Drivers/STM32L4xx_HAL_Driver/Src/stm32l4xx_hal.o
                0x0000000020000008                uwTickFreq
 *(.RamFunc)
 *(.RamFunc*)
                0x000000002000000c                . = ALIGN (0x4)
 *fill*         0x0000000020000009        0x3 
                0x000000002000000c                _edata = .

.igot.plt       0x000000002000000c        0x0 load address 0x0000000008002020
 .igot.plt      0x000000002000000c        0x0 c:/users/wilso/desktop/329/stm32cubeide_1.12.0/stm32cubeide/plugins/com.st.stm32cube.ide.mcu.externaltools.gnu-tools-for-stm32.10.3-2021.10.win32_1.0.200.202301161003/tools/bin/../lib/gcc/arm-none-eabi/10.3.1/thumb/v7e-m+fp/hard/crtbegin.o
                0x000000002000000c                . = ALIGN (0x4)

.bss            0x000000002000000c       0x30 load address 0x0000000008002020
                0x000000002000000c                _sbss = .
                0x000000002000000c                __bss_start__ = _sbss
 *(.bss)
 .bss           0x000000002000000c       0x1c c:/users/wilso/desktop/329/stm32cubeide_1.12.0/stm32cubeide/plugins/com.st.stm32cube.ide.mcu.externaltools.gnu-tools-for-stm32.10.3-2021.10.win32_1.0.200.202301161003/tools/bin/../lib/gcc/arm-none-eabi/10.3.1/thumb/v7e-m+fp/hard/crtbegin.o
 *(.bss*)
 .bss.hrng      0x0000000020000028       0x10 ./Core/Src/main.o
                0x0000000020000028                hrng
 .bss.uwTick    0x0000000020000038        0x4 ./Drivers/STM32L4xx_HAL_Driver/Src/stm32l4xx_hal.o
                0x0000000020000038                uwTick
 *(COMMON)
                0x000000002000003c                . = ALIGN (0x4)
                0x000000002000003c                _ebss = .
                0x000000002000003c                __bss_end__ = _ebss

._user_heap_stack
                0x000000002000003c      0x604 load address 0x0000000008002020
                0x0000000020000040                . = ALIGN (0x8)
 *fill*         0x000000002000003c        0x4 
                [!provide]                        PROVIDE (end = .)
                0x0000000020000040                PROVIDE (_end = .)
                0x0000000020000240                . = (. + _Min_Heap_Size)
 *fill*         0x0000000020000040      0x200 
                0x0000000020000640                . = (. + _Min_Stack_Size)
 *fill*         0x0000000020000240      0x400 
                0x0000000020000640                . = ALIGN (0x8)

/DISCARD/
 libc.a(*)
 libm.a(*)
 libgcc.a(*)

.ARM.attributes
                0x0000000000000000       0x30
 *(.ARM.attributes)
 .ARM.attributes
                0x0000000000000000       0x1e c:/users/wilso/desktop/329/stm32cubeide_1.12.0/stm32cubeide/plugins/com.st.stm32cube.ide.mcu.externaltools.gnu-tools-for-stm32.10.3-2021.10.win32_1.0.200.202301161003/tools/bin/../lib/gcc/arm-none-eabi/10.3.1/thumb/v7e-m+fp/hard/crti.o
 .ARM.attributes
                0x000000000000001e       0x34 c:/users/wilso/desktop/329/stm32cubeide_1.12.0/stm32cubeide/plugins/com.st.stm32cube.ide.mcu.externaltools.gnu-tools-for-stm32.10.3-2021.10.win32_1.0.200.202301161003/tools/bin/../lib/gcc/arm-none-eabi/10.3.1/thumb/v7e-m+fp/hard/crtbegin.o
 .ARM.attributes
                0x0000000000000052       0x34 ./Core/Src/main.o
 .ARM.attributes
                0x0000000000000086       0x34 ./Core/Src/stm32l4xx_hal_msp.o
 .ARM.attributes
                0x00000000000000ba       0x34 ./Core/Src/stm32l4xx_it.o
 .ARM.attributes
                0x00000000000000ee       0x34 ./Core/Src/system_stm32l4xx.o
 .ARM.attributes
                0x0000000000000122       0x21 ./Core/Startup/startup_stm32l4a6zgtx.o
 .ARM.attributes
                0x0000000000000143       0x34 ./Drivers/STM32L4xx_HAL_Driver/Src/stm32l4xx_hal.o
 .ARM.attributes
                0x0000000000000177       0x34 ./Drivers/STM32L4xx_HAL_Driver/Src/stm32l4xx_hal_cortex.o
 .ARM.attributes
                0x00000000000001ab       0x34 ./Drivers/STM32L4xx_HAL_Driver/Src/stm32l4xx_hal_pwr_ex.o
 .ARM.attributes
                0x00000000000001df       0x34 ./Drivers/STM32L4xx_HAL_Driver/Src/stm32l4xx_hal_rcc.o
 .ARM.attributes
                0x0000000000000213       0x34 ./Drivers/STM32L4xx_HAL_Driver/Src/stm32l4xx_hal_rcc_ex.o
 .ARM.attributes
                0x0000000000000247       0x34 ./Drivers/STM32L4xx_HAL_Driver/Src/stm32l4xx_hal_rng.o
 .ARM.attributes
                0x000000000000027b       0x34 c:/users/wilso/desktop/329/stm32cubeide_1.12.0/stm32cubeide/plugins/com.st.stm32cube.ide.mcu.externaltools.gnu-tools-for-stm32.10.3-2021.10.win32_1.0.200.202301161003/tools/bin/../lib/gcc/arm-none-eabi/10.3.1/../../../../arm-none-eabi/lib/thumb/v7e-m+fp/hard\libc_nano.a(lib_a-init.o)
 .ARM.attributes
                0x00000000000002af       0x34 c:/users/wilso/desktop/329/stm32cubeide_1.12.0/stm32cubeide/plugins/com.st.stm32cube.ide.mcu.externaltools.gnu-tools-for-stm32.10.3-2021.10.win32_1.0.200.202301161003/tools/bin/../lib/gcc/arm-none-eabi/10.3.1/../../../../arm-none-eabi/lib/thumb/v7e-m+fp/hard\libc_nano.a(lib_a-memset.o)
 .ARM.attributes
                0x00000000000002e3       0x1e c:/users/wilso/desktop/329/stm32cubeide_1.12.0/stm32cubeide/plugins/com.st.stm32cube.ide.mcu.externaltools.gnu-tools-for-stm32.10.3-2021.10.win32_1.0.200.202301161003/tools/bin/../lib/gcc/arm-none-eabi/10.3.1/thumb/v7e-m+fp/hard/crtn.o
OUTPUT(testing.elf elf32-littlearm)
LOAD linker stubs
LOAD c:/users/wilso/desktop/329/stm32cubeide_1.12.0/stm32cubeide/plugins/com.st.stm32cube.ide.mcu.externaltools.gnu-tools-for-stm32.10.3-2021.10.win32_1.0.200.202301161003/tools/bin/../lib/gcc/arm-none-eabi/10.3.1/../../../../arm-none-eabi/lib/thumb/v7e-m+fp/hard\libc.a
LOAD c:/users/wilso/desktop/329/stm32cubeide_1.12.0/stm32cubeide/plugins/com.st.stm32cube.ide.mcu.externaltools.gnu-tools-for-stm32.10.3-2021.10.win32_1.0.200.202301161003/tools/bin/../lib/gcc/arm-none-eabi/10.3.1/../../../../arm-none-eabi/lib/thumb/v7e-m+fp/hard\libm.a
LOAD c:/users/wilso/desktop/329/stm32cubeide_1.12.0/stm32cubeide/plugins/com.st.stm32cube.ide.mcu.externaltools.gnu-tools-for-stm32.10.3-2021.10.win32_1.0.200.202301161003/tools/bin/../lib/gcc/arm-none-eabi/10.3.1/thumb/v7e-m+fp/hard\libgcc.a

.debug_info     0x0000000000000000     0x5cfa
 .debug_info    0x0000000000000000      0x7af ./Core/Src/main.o
 .debug_info    0x00000000000007af      0x71f ./Core/Src/stm32l4xx_hal_msp.o
 .debug_info    0x0000000000000ece      0x122 ./Core/Src/stm32l4xx_it.o
 .debug_info    0x0000000000000ff0      0x5e2 ./Core/Src/system_stm32l4xx.o
 .debug_info    0x00000000000015d2       0x22 ./Core/Startup/startup_stm32l4a6zgtx.o
 .debug_info    0x00000000000015f4      0xb9b ./Drivers/STM32L4xx_HAL_Driver/Src/stm32l4xx_hal.o
 .debug_info    0x000000000000218f      0xe5d ./Drivers/STM32L4xx_HAL_Driver/Src/stm32l4xx_hal_cortex.o
 .debug_info    0x0000000000002fec      0x9e6 ./Drivers/STM32L4xx_HAL_Driver/Src/stm32l4xx_hal_pwr_ex.o
 .debug_info    0x00000000000039d2      0xd17 ./Drivers/STM32L4xx_HAL_Driver/Src/stm32l4xx_hal_rcc.o
 .debug_info    0x00000000000046e9     0x1148 ./Drivers/STM32L4xx_HAL_Driver/Src/stm32l4xx_hal_rcc_ex.o
 .debug_info    0x0000000000005831      0x4c9 ./Drivers/STM32L4xx_HAL_Driver/Src/stm32l4xx_hal_rng.o

.debug_abbrev   0x0000000000000000     0x1357
 .debug_abbrev  0x0000000000000000      0x1f8 ./Core/Src/main.o
 .debug_abbrev  0x00000000000001f8      0x181 ./Core/Src/stm32l4xx_hal_msp.o
 .debug_abbrev  0x0000000000000379       0x74 ./Core/Src/stm32l4xx_it.o
 .debug_abbrev  0x00000000000003ed      0x116 ./Core/Src/system_stm32l4xx.o
 .debug_abbrev  0x0000000000000503       0x12 ./Core/Startup/startup_stm32l4a6zgtx.o
 .debug_abbrev  0x0000000000000515      0x23a ./Drivers/STM32L4xx_HAL_Driver/Src/stm32l4xx_hal.o
 .debug_abbrev  0x000000000000074f      0x316 ./Drivers/STM32L4xx_HAL_Driver/Src/stm32l4xx_hal_cortex.o
 .debug_abbrev  0x0000000000000a65      0x1f3 ./Drivers/STM32L4xx_HAL_Driver/Src/stm32l4xx_hal_pwr_ex.o
 .debug_abbrev  0x0000000000000c58      0x2bd ./Drivers/STM32L4xx_HAL_Driver/Src/stm32l4xx_hal_rcc.o
 .debug_abbrev  0x0000000000000f15      0x299 ./Drivers/STM32L4xx_HAL_Driver/Src/stm32l4xx_hal_rcc_ex.o
 .debug_abbrev  0x00000000000011ae      0x1a9 ./Drivers/STM32L4xx_HAL_Driver/Src/stm32l4xx_hal_rng.o

.debug_aranges  0x0000000000000000      0x6d0
 .debug_aranges
                0x0000000000000000       0x38 ./Core/Src/main.o
 .debug_aranges
                0x0000000000000038       0x30 ./Core/Src/stm32l4xx_hal_msp.o
 .debug_aranges
                0x0000000000000068       0x60 ./Core/Src/stm32l4xx_it.o
 .debug_aranges
                0x00000000000000c8       0x28 ./Core/Src/system_stm32l4xx.o
 .debug_aranges
                0x00000000000000f0       0x28 ./Core/Startup/startup_stm32l4a6zgtx.o
 .debug_aranges
                0x0000000000000118      0x130 ./Drivers/STM32L4xx_HAL_Driver/Src/stm32l4xx_hal.o
 .debug_aranges
                0x0000000000000248      0x118 ./Drivers/STM32L4xx_HAL_Driver/Src/stm32l4xx_hal_cortex.o
 .debug_aranges
                0x0000000000000360      0x150 ./Drivers/STM32L4xx_HAL_Driver/Src/stm32l4xx_hal_pwr_ex.o
 .debug_aranges
                0x00000000000004b0       0x90 ./Drivers/STM32L4xx_HAL_Driver/Src/stm32l4xx_hal_rcc.o
 .debug_aranges
                0x0000000000000540      0x108 ./Drivers/STM32L4xx_HAL_Driver/Src/stm32l4xx_hal_rcc_ex.o
 .debug_aranges
                0x0000000000000648       0x88 ./Drivers/STM32L4xx_HAL_Driver/Src/stm32l4xx_hal_rng.o

.debug_ranges   0x0000000000000000      0x628
 .debug_ranges  0x0000000000000000       0x28 ./Core/Src/main.o
 .debug_ranges  0x0000000000000028       0x20 ./Core/Src/stm32l4xx_hal_msp.o
 .debug_ranges  0x0000000000000048       0x50 ./Core/Src/stm32l4xx_it.o
 .debug_ranges  0x0000000000000098       0x18 ./Core/Src/system_stm32l4xx.o
 .debug_ranges  0x00000000000000b0       0x20 ./Core/Startup/startup_stm32l4a6zgtx.o
 .debug_ranges  0x00000000000000d0      0x120 ./Drivers/STM32L4xx_HAL_Driver/Src/stm32l4xx_hal.o
 .debug_ranges  0x00000000000001f0      0x108 ./Drivers/STM32L4xx_HAL_Driver/Src/stm32l4xx_hal_cortex.o
 .debug_ranges  0x00000000000002f8      0x140 ./Drivers/STM32L4xx_HAL_Driver/Src/stm32l4xx_hal_pwr_ex.o
 .debug_ranges  0x0000000000000438       0x80 ./Drivers/STM32L4xx_HAL_Driver/Src/stm32l4xx_hal_rcc.o
 .debug_ranges  0x00000000000004b8       0xf8 ./Drivers/STM32L4xx_HAL_Driver/Src/stm32l4xx_hal_rcc_ex.o
 .debug_ranges  0x00000000000005b0       0x78 ./Drivers/STM32L4xx_HAL_Driver/Src/stm32l4xx_hal_rng.o

.debug_macro    0x0000000000000000    0x27212
 .debug_macro   0x0000000000000000      0x1ac ./Core/Src/main.o
 .debug_macro   0x00000000000001ac      0xa78 ./Core/Src/main.o
 .debug_macro   0x0000000000000c24      0x1a1 ./Core/Src/main.o
 .debug_macro   0x0000000000000dc5       0x2e ./Core/Src/main.o
 .debug_macro   0x0000000000000df3       0x28 ./Core/Src/main.o
 .debug_macro   0x0000000000000e1b       0x22 ./Core/Src/main.o
 .debug_macro   0x0000000000000e3d       0x8e ./Core/Src/main.o
 .debug_macro   0x0000000000000ecb       0x51 ./Core/Src/main.o
 .debug_macro   0x0000000000000f1c      0x103 ./Core/Src/main.o
 .debug_macro   0x000000000000101f       0x6a ./Core/Src/main.o
 .debug_macro   0x0000000000001089      0x1df ./Core/Src/main.o
 .debug_macro   0x0000000000001268       0x1c ./Core/Src/main.o
 .debug_macro   0x0000000000001284       0x22 ./Core/Src/main.o
 .debug_macro   0x00000000000012a6       0xfb ./Core/Src/main.o
 .debug_macro   0x00000000000013a1     0x1011 ./Core/Src/main.o
 .debug_macro   0x00000000000023b2      0x11f ./Core/Src/main.o
 .debug_macro   0x00000000000024d1    0x1c8bf ./Core/Src/main.o
 .debug_macro   0x000000000001ed90       0x6d ./Core/Src/main.o
 .debug_macro   0x000000000001edfd     0x38e6 ./Core/Src/main.o
 .debug_macro   0x00000000000226e3      0x174 ./Core/Src/main.o
 .debug_macro   0x0000000000022857       0x5c ./Core/Src/main.o
 .debug_macro   0x00000000000228b3     0x1909 ./Core/Src/main.o
 .debug_macro   0x00000000000241bc      0x773 ./Core/Src/main.o
 .debug_macro   0x000000000002492f      0x1b9 ./Core/Src/main.o
 .debug_macro   0x0000000000024ae8      0x202 ./Core/Src/main.o
 .debug_macro   0x0000000000024cea      0x26b ./Core/Src/main.o
 .debug_macro   0x0000000000024f55      0x23d ./Core/Src/main.o
 .debug_macro   0x0000000000025192      0x241 ./Core/Src/main.o
 .debug_macro   0x00000000000253d3      0x3ad ./Core/Src/main.o
 .debug_macro   0x0000000000025780       0xe4 ./Core/Src/main.o
 .debug_macro   0x0000000000025864      0x122 ./Core/Src/main.o
 .debug_macro   0x0000000000025986      0x3ef ./Core/Src/main.o
 .debug_macro   0x0000000000025d75       0xa4 ./Core/Src/main.o
 .debug_macro   0x0000000000025e19      0x433 ./Core/Src/main.o
 .debug_macro   0x000000000002624c      0x1ac ./Core/Src/stm32l4xx_hal_msp.o
 .debug_macro   0x00000000000263f8      0x1b6 ./Core/Src/stm32l4xx_it.o
 .debug_macro   0x00000000000265ae      0x1a2 ./Core/Src/system_stm32l4xx.o
 .debug_macro   0x0000000000026750      0x1f0 ./Drivers/STM32L4xx_HAL_Driver/Src/stm32l4xx_hal.o
 .debug_macro   0x0000000000026940      0x1a2 ./Drivers/STM32L4xx_HAL_Driver/Src/stm32l4xx_hal_cortex.o
 .debug_macro   0x0000000000026ae2      0x1cc ./Drivers/STM32L4xx_HAL_Driver/Src/stm32l4xx_hal_pwr_ex.o
 .debug_macro   0x0000000000026cae      0x1e4 ./Drivers/STM32L4xx_HAL_Driver/Src/stm32l4xx_hal_rcc.o
 .debug_macro   0x0000000000026e92      0x1d8 ./Drivers/STM32L4xx_HAL_Driver/Src/stm32l4xx_hal_rcc_ex.o
 .debug_macro   0x000000000002706a      0x1a8 ./Drivers/STM32L4xx_HAL_Driver/Src/stm32l4xx_hal_rng.o

.debug_line     0x0000000000000000     0x7cfe
 .debug_line    0x0000000000000000      0x8c9 ./Core/Src/main.o
 .debug_line    0x00000000000008c9      0x847 ./Core/Src/stm32l4xx_hal_msp.o
 .debug_line    0x0000000000001110      0x8b1 ./Core/Src/stm32l4xx_it.o
 .debug_line    0x00000000000019c1      0x886 ./Core/Src/system_stm32l4xx.o
 .debug_line    0x0000000000002247       0x88 ./Core/Startup/startup_stm32l4a6zgtx.o
 .debug_line    0x00000000000022cf      0xbde ./Drivers/STM32L4xx_HAL_Driver/Src/stm32l4xx_hal.o
 .debug_line    0x0000000000002ead      0xd85 ./Drivers/STM32L4xx_HAL_Driver/Src/stm32l4xx_hal_cortex.o
 .debug_line    0x0000000000003c32      0xdb0 ./Drivers/STM32L4xx_HAL_Driver/Src/stm32l4xx_hal_pwr_ex.o
 .debug_line    0x00000000000049e2     0x10a0 ./Drivers/STM32L4xx_HAL_Driver/Src/stm32l4xx_hal_rcc.o
 .debug_line    0x0000000000005a82     0x17e6 ./Drivers/STM32L4xx_HAL_Driver/Src/stm32l4xx_hal_rcc_ex.o
 .debug_line    0x0000000000007268      0xa96 ./Drivers/STM32L4xx_HAL_Driver/Src/stm32l4xx_hal_rng.o

.debug_str      0x0000000000000000    0xef377
 .debug_str     0x0000000000000000    0xed00f ./Core/Src/main.o
                                      0xed2c4 (size before relaxing)
 .debug_str     0x00000000000ed00f      0x2dc ./Core/Src/stm32l4xx_hal_msp.o
                                      0xed392 (size before relaxing)
 .debug_str     0x00000000000ed2eb       0xc9 ./Core/Src/stm32l4xx_it.o
                                      0xecea5 (size before relaxing)
 .debug_str     0x00000000000ed3b4       0xfc ./Core/Src/system_stm32l4xx.o
                                      0xed040 (size before relaxing)
 .debug_str     0x00000000000ed4b0       0x36 ./Core/Startup/startup_stm32l4a6zgtx.o
                                         0x62 (size before relaxing)
 .debug_str     0x00000000000ed4e6      0xb09 ./Drivers/STM32L4xx_HAL_Driver/Src/stm32l4xx_hal.o
                                      0xedc56 (size before relaxing)
 .debug_str     0x00000000000edfef      0x350 ./Drivers/STM32L4xx_HAL_Driver/Src/stm32l4xx_hal_cortex.o
                                      0xed8f7 (size before relaxing)
 .debug_str     0x00000000000ee33f      0x52b ./Drivers/STM32L4xx_HAL_Driver/Src/stm32l4xx_hal_pwr_ex.o
                                      0xed58f (size before relaxing)
 .debug_str     0x00000000000ee86a      0x3f0 ./Drivers/STM32L4xx_HAL_Driver/Src/stm32l4xx_hal_rcc.o
                                      0xed68d (size before relaxing)
 .debug_str     0x00000000000eec5a      0x5b5 ./Drivers/STM32L4xx_HAL_Driver/Src/stm32l4xx_hal_rcc_ex.o
                                      0xeda28 (size before relaxing)
 .debug_str     0x00000000000ef20f      0x168 ./Drivers/STM32L4xx_HAL_Driver/Src/stm32l4xx_hal_rng.o
                                      0xed0c8 (size before relaxing)

.comment        0x0000000000000000       0x50
 .comment       0x0000000000000000       0x50 ./Core/Src/main.o
                                         0x51 (size before relaxing)
 .comment       0x0000000000000050       0x51 ./Core/Src/stm32l4xx_hal_msp.o
 .comment       0x0000000000000050       0x51 ./Core/Src/stm32l4xx_it.o
 .comment       0x0000000000000050       0x51 ./Core/Src/system_stm32l4xx.o
 .comment       0x0000000000000050       0x51 ./Drivers/STM32L4xx_HAL_Driver/Src/stm32l4xx_hal.o
 .comment       0x0000000000000050       0x51 ./Drivers/STM32L4xx_HAL_Driver/Src/stm32l4xx_hal_cortex.o
 .comment       0x0000000000000050       0x51 ./Drivers/STM32L4xx_HAL_Driver/Src/stm32l4xx_hal_pwr_ex.o
 .comment       0x0000000000000050       0x51 ./Drivers/STM32L4xx_HAL_Driver/Src/stm32l4xx_hal_rcc.o
 .comment       0x0000000000000050       0x51 ./Drivers/STM32L4xx_HAL_Driver/Src/stm32l4xx_hal_rcc_ex.o
 .comment       0x0000000000000050       0x51 ./Drivers/STM32L4xx_HAL_Driver/Src/stm32l4xx_hal_rng.o

.debug_frame    0x0000000000000000     0x19ac
 .debug_frame   0x0000000000000000       0x88 ./Core/Src/main.o
 .debug_frame   0x0000000000000088       0x84 ./Core/Src/stm32l4xx_hal_msp.o
 .debug_frame   0x000000000000010c      0x104 ./Core/Src/stm32l4xx_it.o
 .debug_frame   0x0000000000000210       0x58 ./Core/Src/system_stm32l4xx.o
 .debug_frame   0x0000000000000268      0x498 ./Drivers/STM32L4xx_HAL_Driver/Src/stm32l4xx_hal.o
 .debug_frame   0x0000000000000700      0x498 ./Drivers/STM32L4xx_HAL_Driver/Src/stm32l4xx_hal_cortex.o
 .debug_frame   0x0000000000000b98      0x544 ./Drivers/STM32L4xx_HAL_Driver/Src/stm32l4xx_hal_pwr_ex.o
 .debug_frame   0x00000000000010dc      0x21c ./Drivers/STM32L4xx_HAL_Driver/Src/stm32l4xx_hal_rcc.o
 .debug_frame   0x00000000000012f8      0x43c ./Drivers/STM32L4xx_HAL_Driver/Src/stm32l4xx_hal_rcc_ex.o
 .debug_frame   0x0000000000001734      0x22c ./Drivers/STM32L4xx_HAL_Driver/Src/stm32l4xx_hal_rng.o
 .debug_frame   0x0000000000001960       0x2c c:/users/wilso/desktop/329/stm32cubeide_1.12.0/stm32cubeide/plugins/com.st.stm32cube.ide.mcu.externaltools.gnu-tools-for-stm32.10.3-2021.10.win32_1.0.200.202301161003/tools/bin/../lib/gcc/arm-none-eabi/10.3.1/../../../../arm-none-eabi/lib/thumb/v7e-m+fp/hard\libc_nano.a(lib_a-init.o)
 .debug_frame   0x000000000000198c       0x20 c:/users/wilso/desktop/329/stm32cubeide_1.12.0/stm32cubeide/plugins/com.st.stm32cube.ide.mcu.externaltools.gnu-tools-for-stm32.10.3-2021.10.win32_1.0.200.202301161003/tools/bin/../lib/gcc/arm-none-eabi/10.3.1/../../../../arm-none-eabi/lib/thumb/v7e-m+fp/hard\libc_nano.a(lib_a-memset.o)
