../Core/Src/lcd.c:13:6:LCD_init	8	static
../Core/Src/lcd.c:54:6:Nybble	8	static
../Core/Src/lcd.c:62:6:command	32	static
../Core/Src/lcd.c:89:6:write	32	static
../Core/Src/lcd.c:119:6:lcd_set_cursor_position	24	static
../Core/Src/lcd.c:133:6:str_write	24	static
../Core/Src/lcd.c:147:6:LCD_reset_count_display	8	static
../Core/Src/lcd.c:158:6:LCD_update_count_display	8	static
../Core/Src/lcd.c:169:6:load_time	24	static
../Core/Src/lcd.c:187:6:LCD_convert_time_to_ascii	16	static
../Core/Src/lcd.c:190:5:time_in_sec	32	static
../Core/Src/lcd.c:198:5:LCD_convert_ascii_to_time	16	static
../Core/Src/lcd.c:200:5:decrement_time	16	static
