../Core/Src/lcd.c:42:6:LCD_init	8	static
../Core/Src/lcd.c:80:6:Nybble	8	static
../Core/Src/lcd.c:88:6:command	32	static
../Core/Src/lcd.c:115:6:write	32	static
../Core/Src/lcd.c:144:6:lcd_set_cursor_position	24	static
../Core/Src/lcd.c:158:6:str_write	24	static
../Core/Src/lcd.c:170:6:LCD_reset_count_display	8	static
../Core/Src/lcd.c:181:6:LCD_update_count_display	8	static
../Core/Src/lcd.c:192:6:load_time	24	static
../Core/Src/lcd.c:209:5:LCD_convert_ascii_to_time	16	static
../Core/Src/lcd.c:215:5:time_in_sec	32	static
../Core/Src/lcd.c:223:5:decrement_time	16	static
