../Core/Src/uart.c:23:6:LPUART_init	4	static,ignoring_inline_asm
../Core/Src/uart.c:50:6:LPUART_Print	24	static
../Core/Src/uart.c:61:6:LPUART_ESC_Print	16	static
../Core/Src/uart.c:67:6:Terminal_Init	8	static
../Core/Src/uart.c:82:10:Samples_Min	24	static
../Core/Src/uart.c:93:10:Samples_Max	24	static
../Core/Src/uart.c:104:10:Samples_Ave	32	static
../Core/Src/uart.c:115:6:Update_Counts	32	static
../Core/Src/uart.c:132:6:Update_Volts	32	static
../Core/Src/uart.c:150:6:Digit_Write	16	static
../Core/Src/uart.c:183:6:Terminal_Values	16	static
