../Core/Src/lcd.c:40:6:LCD_init	8	static
../Core/Src/lcd.c:78:6:Nybble	8	static
../Core/Src/lcd.c:86:6:command	32	static
../Core/Src/lcd.c:113:6:write	32	static
../Core/Src/lcd.c:142:6:lcd_set_cursor_position	24	static
../Core/Src/lcd.c:156:6:str_write	24	static
../Core/Src/lcd.c:168:6:LCD_reset_count_display	8	static
../Core/Src/lcd.c:179:6:LCD_update_count_display	8	static
../Core/Src/lcd.c:190:6:load_time	24	static
../Core/Src/lcd.c:209:5:time_in_sec	32	static
../Core/Src/lcd.c:217:5:decrement_time	16	static
../Core/Src/lcd.c:222:5:LCD_convert_ascii_to_time	16	static
