15:57:12 **** Incremental Build of configuration Debug for project A4 ****
make -j16 all 
arm-none-eabi-gcc "../Core/Src/main.c" -mcpu=cortex-m4 -std=gnu11 -g3 -DDEBUG -DUSE_HAL_DRIVER -DSTM32L4A6xx -c -I../Core/Inc -I../Drivers/STM32L4xx_HAL_Driver/Inc -I../Drivers/STM32L4xx_HAL_Driver/Inc/Legacy -I../Drivers/CMSIS/Device/ST/STM32L4xx/Include -I../Drivers/CMSIS/Include -O0 -ffunction-sections -fdata-sections -Wall -fstack-usage -fcyclomatic-complexity -MMD -MP -MF"Core/Src/main.d" -MT"Core/Src/main.o" --specs=nano.specs -mfpu=fpv4-sp-d16 -mfloat-abi=hard -mthumb -o "Core/Src/main.o"
../Core/Src/main.c: In function 'main':
../Core/Src/main.c:34:3: warning: implicit declaration of function 'LCD_init' [-Wimplicit-function-declaration]
   34 |   LCD_init();
      |   ^~~~~~~~
../Core/Src/main.c:58:3: warning: implicit declaration of function 'lcd_set_cursor_position' [-Wimplicit-function-declaration]
   58 |   lcd_set_cursor_position(1, 0); // set cursor to second row, first column
      |   ^~~~~~~~~~~~~~~~~~~~~~~
../Core/Src/main.c:117:9: warning: implicit declaration of function 'itoa' [-Wimplicit-function-declaration]
  117 |         itoa(milliseconds, str, 10);
      |         ^~~~
arm-none-eabi-gcc -o "A4.elf" @"objects.list"   -mcpu=cortex-m4 -T"C:\Users\Wilso\Desktop\Code\C\A4\STM32L4A6ZGTX_FLASH.ld" --specs=nosys.specs -Wl,-Map="A4.map" -Wl,--gc-sections -static --specs=nano.specs -mfpu=fpv4-sp-d16 -mfloat-abi=hard -mthumb -Wl,--start-group -lc -lm -Wl,--end-group
Finished building target: A4.elf
 
arm-none-eabi-size   A4.elf 
arm-none-eabi-objdump -h -S  A4.elf  > "A4.list"
   text	   data	    bss	    dec	    hex	filename
   7204	     28	   1572	   8804	   2264	A4.elf
Finished building: default.size.stdout
 
Finished building: A4.list
 

15:57:13 Build Finished. 0 errors, 3 warnings. (took 738ms)

