22:57:20 **** Incremental Build of configuration Debug for project A7 ****
make -j16 all 
arm-none-eabi-gcc "../Core/Src/uart.c" -mcpu=cortex-m4 -std=gnu11 -g3 -DDEBUG -DUSE_HAL_DRIVER -DSTM32L4A6xx -c -I../Core/Inc -I../Drivers/STM32L4xx_HAL_Driver/Inc -I../Drivers/STM32L4xx_HAL_Driver/Inc/Legacy -I../Drivers/CMSIS/Device/ST/STM32L4xx/Include -I../Drivers/CMSIS/Include -O0 -ffunction-sections -fdata-sections -Wall -fstack-usage -fcyclomatic-complexity -MMD -MP -MF"Core/Src/uart.d" -MT"Core/Src/uart.o" --specs=nano.specs -mfpu=fpv4-sp-d16 -mfloat-abi=hard -mthumb -o "Core/Src/uart.o"
arm-none-eabi-gcc -o "A7.elf" @"objects.list"   -mcpu=cortex-m4 -T"C:\Users\Wilso\Desktop\Code\C\A7\STM32L4A6ZGTX_FLASH.ld" --specs=nosys.specs -Wl,-Map="A7.map" -Wl,--gc-sections -static --specs=nano.specs -mfpu=fpv4-sp-d16 -mfloat-abi=hard -mthumb -Wl,--start-group -lc -lm -Wl,--end-group
Finished building target: A7.elf
 
arm-none-eabi-size   A7.elf 
arm-none-eabi-objdump -h -S  A7.elf  > "A7.list"
   text	   data	    bss	    dec	    hex	filename
   9384	     20	   1644	  11048	   2b28	A7.elf
Finished building: default.size.stdout
 
Finished building: A7.list
 

22:57:21 Build Finished. 0 errors, 0 warnings. (took 760ms)

