12:50:02 **** Incremental Build of configuration Debug for project P2 ****
make -j16 all 
arm-none-eabi-gcc "../Core/Src/main.c" -mcpu=cortex-m4 -std=gnu11 -g3 -DDEBUG -DUSE_HAL_DRIVER -DSTM32L4A6xx -c -I../Core/Inc -I../Drivers/STM32L4xx_HAL_Driver/Inc -I../Drivers/STM32L4xx_HAL_Driver/Inc/Legacy -I../Drivers/CMSIS/Device/ST/STM32L4xx/Include -I../Drivers/CMSIS/Include -O0 -ffunction-sections -fdata-sections -Wall -fstack-usage -fcyclomatic-complexity -MMD -MP -MF"Core/Src/main.d" -MT"Core/Src/main.o" --specs=nano.specs -mfpu=fpv4-sp-d16 -mfloat-abi=hard -mthumb -o "Core/Src/main.o"
../Core/Src/main.c: In function 'main':
../Core/Src/main.c:19:2: warning: implicit declaration of function 'LCD_init' [-Wimplicit-function-declaration]
   19 |  LCD_init();
      |  ^~~~~~~~
../Core/Src/main.c:21:2: warning: implicit declaration of function 'SPI_init' [-Wimplicit-function-declaration]
   21 |  SPI_init();
      |  ^~~~~~~~
../Core/Src/main.c:31:2: warning: implicit declaration of function 'lcd_set_cursor_position' [-Wimplicit-function-declaration]
   31 |  lcd_set_cursor_position(0, 0); // set cursor to second row, first column
      |  ^~~~~~~~~~~~~~~~~~~~~~~
../Core/Src/main.c:36:2: warning: implicit declaration of function 'command' [-Wimplicit-function-declaration]
   36 |  command(0x0C);
      |  ^~~~~~~
../Core/Src/main.c:50:4: warning: implicit declaration of function 'write' [-Wimplicit-function-declaration]
   50 |    write(output + '0');
      |    ^~~~~
../Core/Src/main.c:43:13: warning: variable 'frequency' set but not used [-Wunused-but-set-variable]
   43 |    uint32_t frequency = 0;
      |             ^~~~~~~~~
../Core/Src/main.c: In function 'TIM2_IRQHandler':
../Core/Src/main.c:98:7: warning: implicit declaration of function 'DAC_write'; did you mean 'str_write'? [-Wimplicit-function-declaration]
   98 |       DAC_write(0);
      |       ^~~~~~~~~
      |       str_write
arm-none-eabi-gcc -o "P2.elf" @"objects.list"   -mcpu=cortex-m4 -T"C:\Users\Wilso\Desktop\Code\C\P2\STM32L4A6ZGTX_FLASH.ld" --specs=nosys.specs -Wl,-Map="P2.map" -Wl,--gc-sections -static --specs=nano.specs -mfpu=fpv4-sp-d16 -mfloat-abi=hard -mthumb -Wl,--start-group -lc -lm -Wl,--end-group
Finished building target: P2.elf
 
arm-none-eabi-size   P2.elf 
arm-none-eabi-objdump -h -S  P2.elf  > "P2.list"
   text	   data	    bss	    dec	    hex	filename
   7336	     60	   1572	   8968	   2308	P2.elf
Finished building: default.size.stdout
 
Finished building: P2.list
 
