00:53:30 **** Incremental Build of configuration Debug for project A4 ****
make -j16 all 
arm-none-eabi-gcc "../Core/Src/main.c" -mcpu=cortex-m4 -std=gnu11 -g3 -DDEBUG -DUSE_HAL_DRIVER -DSTM32L4A6xx -c -I../Core/Inc -I../Drivers/STM32L4xx_HAL_Driver/Inc -I../Drivers/STM32L4xx_HAL_Driver/Inc/Legacy -I../Drivers/CMSIS/Device/ST/STM32L4xx/Include -I../Drivers/CMSIS/Include -O0 -ffunction-sections -fdata-sections -Wall -fstack-usage -fcyclomatic-complexity -MMD -MP -MF"Core/Src/main.d" -MT"Core/Src/main.o" --specs=nano.specs -mfpu=fpv4-sp-d16 -mfloat-abi=hard -mthumb -o "Core/Src/main.o"
../Core/Src/main.c: In function 'main':
../Core/Src/main.c:37:7: warning: unused variable 'reset_state' [-Wunused-variable]
   37 |   int reset_state;
      |       ^~~~~~~~~~~
arm-none-eabi-gcc -o "A4.elf" @"objects.list"   -mcpu=cortex-m4 -T"C:\Users\Wilso\Desktop\Code\C\A4\STM32L4A6ZGTX_FLASH.ld" --specs=nosys.specs -Wl,-Map="A4.map" -Wl,--gc-sections -static --specs=nano.specs -mfpu=fpv4-sp-d16 -mfloat-abi=hard -mthumb -Wl,--start-group -lc -lm -Wl,--end-group
Finished building target: A4.elf
 
arm-none-eabi-size   A4.elf 
arm-none-eabi-objdump -h -S  A4.elf  > "A4.list"
   text	   data	    bss	    dec	    hex	filename
   8196	     20	   1588	   9804	   264c	A4.elf
Finished building: default.size.stdout
 
Finished building: A4.list
 
00:59:59 **** Incremental Build of configuration Debug for project A4 ****
make -j16 all 
arm-none-eabi-gcc "../Core/Src/main.c" -mcpu=cortex-m4 -std=gnu11 -g3 -DDEBUG -DUSE_HAL_DRIVER -DSTM32L4A6xx -c -I../Core/Inc -I../Drivers/STM32L4xx_HAL_Driver/Inc -I../Drivers/STM32L4xx_HAL_Driver/Inc/Legacy -I../Drivers/CMSIS/Device/ST/STM32L4xx/Include -I../Drivers/CMSIS/Include -O0 -ffunction-sections -fdata-sections -Wall -fstack-usage -fcyclomatic-complexity -MMD -MP -MF"Core/Src/main.d" -MT"Core/Src/main.o" --specs=nano.specs -mfpu=fpv4-sp-d16 -mfloat-abi=hard -mthumb -o "Core/Src/main.o"
../Core/Src/main.c: In function 'main':
../Core/Src/main.c:21:3: warning: implicit declaration of function 'LCD_init' [-Wimplicit-function-declaration]
   21 |   LCD_init();
      |   ^~~~~~~~
../Core/Src/main.c:46:5: warning: implicit declaration of function 'lcd_set_cursor_position' [-Wimplicit-function-declaration]
   46 |     lcd_set_cursor_position(1, 0); // set cursor to second row, first column
      |     ^~~~~~~~~~~~~~~~~~~~~~~
../Core/Src/main.c:56:12: error: 'reset' undeclared (first use in this function)
   56 |            reset = 0;             // ensures reset is 0 so doesn't reset display
      |            ^~~~~
../Core/Src/main.c:56:12: note: each undeclared identifier is reported only once for each function it appears in
make: *** [Core/Src/subdir.mk:43: Core/Src/main.o] Error 1
"make -j16 all" terminated with exit code 2. Build might be incomplete.
01:00:09 **** Incremental Build of configuration Debug for project A4 ****
make -j16 all 
arm-none-eabi-gcc "../Core/Src/main.c" -mcpu=cortex-m4 -std=gnu11 -g3 -DDEBUG -DUSE_HAL_DRIVER -DSTM32L4A6xx -c -I../Core/Inc -I../Drivers/STM32L4xx_HAL_Driver/Inc -I../Drivers/STM32L4xx_HAL_Driver/Inc/Legacy -I../Drivers/CMSIS/Device/ST/STM32L4xx/Include -I../Drivers/CMSIS/Include -O0 -ffunction-sections -fdata-sections -Wall -fstack-usage -fcyclomatic-complexity -MMD -MP -MF"Core/Src/main.d" -MT"Core/Src/main.o" --specs=nano.specs -mfpu=fpv4-sp-d16 -mfloat-abi=hard -mthumb -o "Core/Src/main.o"
../Core/Src/main.c: In function 'main':
../Core/Src/main.c:21:3: warning: implicit declaration of function 'LCD_init' [-Wimplicit-function-declaration]
   21 |   LCD_init();
      |   ^~~~~~~~
../Core/Src/main.c:46:5: warning: implicit declaration of function 'lcd_set_cursor_position' [-Wimplicit-function-declaration]
   46 |     lcd_set_cursor_position(1, 0); // set cursor to second row, first column
      |     ^~~~~~~~~~~~~~~~~~~~~~~
arm-none-eabi-gcc -o "A4.elf" @"objects.list"   -mcpu=cortex-m4 -T"C:\Users\Wilso\Desktop\Code\C\A4\STM32L4A6ZGTX_FLASH.ld" --specs=nosys.specs -Wl,-Map="A4.map" -Wl,--gc-sections -static --specs=nano.specs -mfpu=fpv4-sp-d16 -mfloat-abi=hard -mthumb -Wl,--start-group -lc -lm -Wl,--end-group
Finished building target: A4.elf
 
arm-none-eabi-size   A4.elf 
arm-none-eabi-objdump -h -S  A4.elf  > "A4.list"
   text	   data	    bss	    dec	    hex	filename
   9588	     60	   1588	  11236	   2be4	A4.elf
Finished building: default.size.stdout
 
Finished building: A4.list
 
01:01:13 **** Incremental Build of configuration Debug for project A4 ****
make -j16 all 
arm-none-eabi-gcc "../Core/Src/main.c" -mcpu=cortex-m4 -std=gnu11 -g3 -DDEBUG -DUSE_HAL_DRIVER -DSTM32L4A6xx -c -I../Core/Inc -I../Drivers/STM32L4xx_HAL_Driver/Inc -I../Drivers/STM32L4xx_HAL_Driver/Inc/Legacy -I../Drivers/CMSIS/Device/ST/STM32L4xx/Include -I../Drivers/CMSIS/Include -O0 -ffunction-sections -fdata-sections -Wall -fstack-usage -fcyclomatic-complexity -MMD -MP -MF"Core/Src/main.d" -MT"Core/Src/main.o" --specs=nano.specs -mfpu=fpv4-sp-d16 -mfloat-abi=hard -mthumb -o "Core/Src/main.o"
../Core/Src/main.c: In function 'main':
../Core/Src/main.c:21:3: warning: implicit declaration of function 'LCD_init' [-Wimplicit-function-declaration]
   21 |   LCD_init();
      |   ^~~~~~~~
../Core/Src/main.c:46:5: warning: implicit declaration of function 'lcd_set_cursor_position' [-Wimplicit-function-declaration]
   46 |     lcd_set_cursor_position(1, 0); // set cursor to second row, first column
      |     ^~~~~~~~~~~~~~~~~~~~~~~
arm-none-eabi-gcc -o "A4.elf" @"objects.list"   -mcpu=cortex-m4 -T"C:\Users\Wilso\Desktop\Code\C\A4\STM32L4A6ZGTX_FLASH.ld" --specs=nosys.specs -Wl,-Map="A4.map" -Wl,--gc-sections -static --specs=nano.specs -mfpu=fpv4-sp-d16 -mfloat-abi=hard -mthumb -Wl,--start-group -lc -lm -Wl,--end-group
Finished building target: A4.elf
 
arm-none-eabi-size   A4.elf 
arm-none-eabi-objdump -h -S  A4.elf  > "A4.list"
   text	   data	    bss	    dec	    hex	filename
   9588	     60	   1588	  11236	   2be4	A4.elf
Finished building: default.size.stdout
 
Finished building: A4.list
 
01:01:37 **** Incremental Build of configuration Debug for project A4 ****
make -j16 all 
arm-none-eabi-gcc "../Core/Src/main.c" -mcpu=cortex-m4 -std=gnu11 -g3 -DDEBUG -DUSE_HAL_DRIVER -DSTM32L4A6xx -c -I../Core/Inc -I../Drivers/STM32L4xx_HAL_Driver/Inc -I../Drivers/STM32L4xx_HAL_Driver/Inc/Legacy -I../Drivers/CMSIS/Device/ST/STM32L4xx/Include -I../Drivers/CMSIS/Include -O0 -ffunction-sections -fdata-sections -Wall -fstack-usage -fcyclomatic-complexity -MMD -MP -MF"Core/Src/main.d" -MT"Core/Src/main.o" --specs=nano.specs -mfpu=fpv4-sp-d16 -mfloat-abi=hard -mthumb -o "Core/Src/main.o"
../Core/Src/main.c: In function 'main':
../Core/Src/main.c:21:3: warning: implicit declaration of function 'LCD_init' [-Wimplicit-function-declaration]
   21 |   LCD_init();
      |   ^~~~~~~~
../Core/Src/main.c:46:5: warning: implicit declaration of function 'lcd_set_cursor_position' [-Wimplicit-function-declaration]
   46 |     lcd_set_cursor_position(1, 0); // set cursor to second row, first column
      |     ^~~~~~~~~~~~~~~~~~~~~~~
../Core/Src/main.c:15:6: warning: unused variable 'reset_state' [-Wunused-variable]
   15 |  int reset_state = 1;
      |      ^~~~~~~~~~~
arm-none-eabi-gcc -o "A4.elf" @"objects.list"   -mcpu=cortex-m4 -T"C:\Users\Wilso\Desktop\Code\C\A4\STM32L4A6ZGTX_FLASH.ld" --specs=nosys.specs -Wl,-Map="A4.map" -Wl,--gc-sections -static --specs=nano.specs -mfpu=fpv4-sp-d16 -mfloat-abi=hard -mthumb -Wl,--start-group -lc -lm -Wl,--end-group
Finished building target: A4.elf
 
arm-none-eabi-size   A4.elf 
arm-none-eabi-objdump -h -S  A4.elf  > "A4.list"
   text	   data	    bss	    dec	    hex	filename
   9296	     28	   1588	  10912	   2aa0	A4.elf
Finished building: default.size.stdout
 
Finished building: A4.list
 
01:02:52 **** Build of configuration Debug for project A3 ****
make -j16 all 
arm-none-eabi-gcc "../Core/Src/delay.c" -mcpu=cortex-m4 -std=gnu11 -g3 -DDEBUG -DUSE_HAL_DRIVER -DSTM32L4A6xx -c -I../Core/Inc -I../Drivers/STM32L4xx_HAL_Driver/Inc -I../Drivers/STM32L4xx_HAL_Driver/Inc/Legacy -I../Drivers/CMSIS/Device/ST/STM32L4xx/Include -I../Drivers/CMSIS/Include -O0 -ffunction-sections -fdata-sections -Wall -fstack-usage -fcyclomatic-complexity -MMD -MP -MF"Core/Src/delay.d" -MT"Core/Src/delay.o" --specs=nano.specs -mfpu=fpv4-sp-d16 -mfloat-abi=hard -mthumb -o "Core/Src/delay.o"
arm-none-eabi-gcc "../Core/Src/keypad.c" -mcpu=cortex-m4 -std=gnu11 -g3 -DDEBUG -DUSE_HAL_DRIVER -DSTM32L4A6xx -c -I../Core/Inc -I../Drivers/STM32L4xx_HAL_Driver/Inc -I../Drivers/STM32L4xx_HAL_Driver/Inc/Legacy -I../Drivers/CMSIS/Device/ST/STM32L4xx/Include -I../Drivers/CMSIS/Include -O0 -ffunction-sections -fdata-sections -Wall -fstack-usage -fcyclomatic-complexity -MMD -MP -MF"Core/Src/keypad.d" -MT"Core/Src/keypad.o" --specs=nano.specs -mfpu=fpv4-sp-d16 -mfloat-abi=hard -mthumb -o "Core/Src/keypad.o"
arm-none-eabi-gcc "../Core/Src/lcd.c" -mcpu=cortex-m4 -std=gnu11 -g3 -DDEBUG -DUSE_HAL_DRIVER -DSTM32L4A6xx -c -I../Core/Inc -I../Drivers/STM32L4xx_HAL_Driver/Inc -I../Drivers/STM32L4xx_HAL_Driver/Inc/Legacy -I../Drivers/CMSIS/Device/ST/STM32L4xx/Include -I../Drivers/CMSIS/Include -O0 -ffunction-sections -fdata-sections -Wall -fstack-usage -fcyclomatic-complexity -MMD -MP -MF"Core/Src/lcd.d" -MT"Core/Src/lcd.o" --specs=nano.specs -mfpu=fpv4-sp-d16 -mfloat-abi=hard -mthumb -o "Core/Src/lcd.o"
arm-none-eabi-gcc "../Core/Src/main.c" -mcpu=cortex-m4 -std=gnu11 -g3 -DDEBUG -DUSE_HAL_DRIVER -DSTM32L4A6xx -c -I../Core/Inc -I../Drivers/STM32L4xx_HAL_Driver/Inc -I../Drivers/STM32L4xx_HAL_Driver/Inc/Legacy -I../Drivers/CMSIS/Device/ST/STM32L4xx/Include -I../Drivers/CMSIS/Include -O0 -ffunction-sections -fdata-sections -Wall -fstack-usage -fcyclomatic-complexity -MMD -MP -MF"Core/Src/main.d" -MT"Core/Src/main.o" --specs=nano.specs -mfpu=fpv4-sp-d16 -mfloat-abi=hard -mthumb -o "Core/Src/main.o"
../Core/Src/main.c: In function 'main':
../Core/Src/main.c:76:3: warning: implicit declaration of function 'LCD_init' [-Wimplicit-function-declaration]
   76 |   LCD_init();
      |   ^~~~~~~~
../Core/Src/main.c:82:3: warning: implicit declaration of function 'lcd_set_cursor_position' [-Wimplicit-function-declaration]
   82 |   lcd_set_cursor_position(1, 0); // set cursor to second row, first column
      |   ^~~~~~~~~~~~~~~~~~~~~~~
../Core/Src/main.c:86:3: warning: implicit declaration of function 'command' [-Wimplicit-function-declaration]
   86 |   command(0x0D); // turns blinking cursor on to indicate ready for input
      |   ^~~~~~~
../Core/Src/main.c:119:11: warning: implicit declaration of function 'write' [-Wimplicit-function-declaration]
  119 |           write(output);
      |           ^~~~~
../Core/Src/main.c:69:8: warning: unused variable 'output_LCD' [-Wunused-variable]
   69 |   char output_LCD[4];
      |        ^~~~~~~~~~
arm-none-eabi-gcc -o "A3.elf" @"objects.list"   -mcpu=cortex-m4 -T"C:\Users\Wilso\Desktop\Code\C\A3\STM32L4A6ZGTX_FLASH.ld" --specs=nosys.specs -Wl,-Map="A3.map" -Wl,--gc-sections -static --specs=nano.specs -mfpu=fpv4-sp-d16 -mfloat-abi=hard -mthumb -Wl,--start-group -lc -lm -Wl,--end-group
c:\users\wilso\desktop\329\stm32cubeide_1.12.0\stm32cubeide\plugins\com.st.stm32cube.ide.mcu.externaltools.gnu-tools-for-stm32.10.3-2021.10.win32_1.0.200.202301161003\tools\arm-none-eabi\bin\ld.exe: ./Core/Src/lcd.o: in function `load_time':
C:/Users/Wilso/Desktop/Code/C/A3/Debug/../Core/Src/lcd.c:201: undefined reference to `LCD_convert_time_to_ascii'
c:\users\wilso\desktop\329\stm32cubeide_1.12.0\stm32cubeide\plugins\com.st.stm32cube.ide.mcu.externaltools.gnu-tools-for-stm32.10.3-2021.10.win32_1.0.200.202301161003\tools\arm-none-eabi\bin\ld.exe: C:/Users/Wilso/Desktop/Code/C/A3/Debug/../Core/Src/lcd.c:202: undefined reference to `LCD_convert_time_to_ascii'
c:\users\wilso\desktop\329\stm32cubeide_1.12.0\stm32cubeide\plugins\com.st.stm32cube.ide.mcu.externaltools.gnu-tools-for-stm32.10.3-2021.10.win32_1.0.200.202301161003\tools\arm-none-eabi\bin\ld.exe: C:/Users/Wilso/Desktop/Code/C/A3/Debug/../Core/Src/lcd.c:203: undefined reference to `LCD_convert_time_to_ascii'
c:\users\wilso\desktop\329\stm32cubeide_1.12.0\stm32cubeide\plugins\com.st.stm32cube.ide.mcu.externaltools.gnu-tools-for-stm32.10.3-2021.10.win32_1.0.200.202301161003\tools\arm-none-eabi\bin\ld.exe: C:/Users/Wilso/Desktop/Code/C/A3/Debug/../Core/Src/lcd.c:204: undefined reference to `LCD_convert_time_to_ascii'
collect2.exe: error: ld returned 1 exit status
make: *** [makefile:64: A3.elf] Error 1
"make -j16 all" terminated with exit code 2. Build might be incomplete.
01:03:09 **** Incremental Build of configuration Debug for project testing ****
make -j16 all 
arm-none-eabi-size   testing.elf 
   text	   data	    bss	    dec	    hex	filename
   8204	     20	   1588	   9812	   2654	testing.elf
Finished building: default.size.stdout
 
01:03:36 **** Incremental Build of configuration Debug for project A4 ****
make -j16 all 
arm-none-eabi-gcc "../Core/Src/main.c" -mcpu=cortex-m4 -std=gnu11 -g3 -DDEBUG -DUSE_HAL_DRIVER -DSTM32L4A6xx -c -I../Core/Inc -I../Drivers/STM32L4xx_HAL_Driver/Inc -I../Drivers/STM32L4xx_HAL_Driver/Inc/Legacy -I../Drivers/CMSIS/Device/ST/STM32L4xx/Include -I../Drivers/CMSIS/Include -O0 -ffunction-sections -fdata-sections -Wall -fstack-usage -fcyclomatic-complexity -MMD -MP -MF"Core/Src/main.d" -MT"Core/Src/main.o" --specs=nano.specs -mfpu=fpv4-sp-d16 -mfloat-abi=hard -mthumb -o "Core/Src/main.o"
../Core/Src/main.c: In function 'main':
../Core/Src/main.c:21:3: warning: implicit declaration of function 'LCD_init' [-Wimplicit-function-declaration]
   21 |   LCD_init();
      |   ^~~~~~~~
../Core/Src/main.c:46:5: warning: implicit declaration of function 'lcd_set_cursor_position' [-Wimplicit-function-declaration]
   46 |     lcd_set_cursor_position(1, 0); // set cursor to second row, first column
      |     ^~~~~~~~~~~~~~~~~~~~~~~
../Core/Src/main.c:15:6: warning: unused variable 'reset_state' [-Wunused-variable]
   15 |  int reset_state = 1;
      |      ^~~~~~~~~~~
arm-none-eabi-gcc -o "A4.elf" @"objects.list"   -mcpu=cortex-m4 -T"C:\Users\Wilso\Desktop\Code\C\A4\STM32L4A6ZGTX_FLASH.ld" --specs=nosys.specs -Wl,-Map="A4.map" -Wl,--gc-sections -static --specs=nano.specs -mfpu=fpv4-sp-d16 -mfloat-abi=hard -mthumb -Wl,--start-group -lc -lm -Wl,--end-group
Finished building target: A4.elf
 
arm-none-eabi-size   A4.elf 
arm-none-eabi-objdump -h -S  A4.elf  > "A4.list"
   text	   data	    bss	    dec	    hex	filename
   9224	     28	   1588	  10840	   2a58	A4.elf
Finished building: default.size.stdout
 
Finished building: A4.list
 
01:03:57 **** Incremental Build of configuration Debug for project A4 ****
make -j16 all 
arm-none-eabi-gcc "../Core/Src/main.c" -mcpu=cortex-m4 -std=gnu11 -g3 -DDEBUG -DUSE_HAL_DRIVER -DSTM32L4A6xx -c -I../Core/Inc -I../Drivers/STM32L4xx_HAL_Driver/Inc -I../Drivers/STM32L4xx_HAL_Driver/Inc/Legacy -I../Drivers/CMSIS/Device/ST/STM32L4xx/Include -I../Drivers/CMSIS/Include -O0 -ffunction-sections -fdata-sections -Wall -fstack-usage -fcyclomatic-complexity -MMD -MP -MF"Core/Src/main.d" -MT"Core/Src/main.o" --specs=nano.specs -mfpu=fpv4-sp-d16 -mfloat-abi=hard -mthumb -o "Core/Src/main.o"
../Core/Src/main.c: In function 'main':
../Core/Src/main.c:21:3: warning: implicit declaration of function 'LCD_init' [-Wimplicit-function-declaration]
   21 |   LCD_init();
      |   ^~~~~~~~
../Core/Src/main.c:46:5: warning: implicit declaration of function 'lcd_set_cursor_position' [-Wimplicit-function-declaration]
   46 |     lcd_set_cursor_position(1, 0); // set cursor to second row, first column
      |     ^~~~~~~~~~~~~~~~~~~~~~~
arm-none-eabi-gcc -o "A4.elf" @"objects.list"   -mcpu=cortex-m4 -T"C:\Users\Wilso\Desktop\Code\C\A4\STM32L4A6ZGTX_FLASH.ld" --specs=nosys.specs -Wl,-Map="A4.map" -Wl,--gc-sections -static --specs=nano.specs -mfpu=fpv4-sp-d16 -mfloat-abi=hard -mthumb -Wl,--start-group -lc -lm -Wl,--end-group
Finished building target: A4.elf
 
arm-none-eabi-size   A4.elf 
arm-none-eabi-objdump -h -S  A4.elf  > "A4.list"
   text	   data	    bss	    dec	    hex	filename
   9516	     60	   1588	  11164	   2b9c	A4.elf
Finished building: default.size.stdout
 
Finished building: A4.list
 
