12:22:28 **** Incremental Build of configuration Debug for project A3 ****
make -j16 all 
arm-none-eabi-gcc "../Core/Src/main.c" -mcpu=cortex-m4 -std=gnu11 -g3 -DDEBUG -DUSE_HAL_DRIVER -DSTM32L4A6xx -c -I../Core/Inc -I../Drivers/STM32L4xx_HAL_Driver/Inc -I../Drivers/STM32L4xx_HAL_Driver/Inc/Legacy -I../Drivers/CMSIS/Device/ST/STM32L4xx/Include -I../Drivers/CMSIS/Include -O0 -ffunction-sections -fdata-sections -Wall -fstack-usage -fcyclomatic-complexity -MMD -MP -MF"Core/Src/main.d" -MT"Core/Src/main.o" --specs=nano.specs -mfpu=fpv4-sp-d16 -mfloat-abi=hard -mthumb -o "Core/Src/main.o"
../Core/Src/main.c: In function 'main':
../Core/Src/main.c:38:2: warning: implicit declaration of function 'LCD_init' [-Wimplicit-function-declaration]
   38 |  LCD_init();
      |  ^~~~~~~~
../Core/Src/main.c:44:2: warning: implicit declaration of function 'lcd_set_cursor_position' [-Wimplicit-function-declaration]
   44 |  lcd_set_cursor_position(1, 0);
      |  ^~~~~~~~~~~~~~~~~~~~~~~
../Core/Src/main.c:48:2: warning: implicit declaration of function 'command' [-Wimplicit-function-declaration]
   48 |  command(0x0D);  //turns blinking cursor on to indicate ready for input
      |  ^~~~~~~
../Core/Src/main.c:78:6: warning: implicit declaration of function 'write' [-Wimplicit-function-declaration]
   78 |      write(output);
      |      ^~~~~
arm-none-eabi-gcc -o "A3.elf" @"objects.list"   -mcpu=cortex-m4 -T"C:\Users\Wilso\Desktop\Code\C\A3\STM32L4A6ZGTX_FLASH.ld" --specs=nosys.specs -Wl,-Map="A3.map" -Wl,--gc-sections -static --specs=nano.specs -mfpu=fpv4-sp-d16 -mfloat-abi=hard -mthumb -Wl,--start-group -lc -lm -Wl,--end-group
Finished building target: A3.elf
 
arm-none-eabi-size   A3.elf 
arm-none-eabi-objdump -h -S  A3.elf  > "A3.list"
   text	   data	    bss	    dec	    hex	filename
   7564	     60	   1580	   9204	   23f4	A3.elf
Finished building: default.size.stdout
 
Finished building: A3.list
 
12:22:31 **** Incremental Build of configuration Debug for project A3 ****
make -j16 all 
arm-none-eabi-size   A3.elf 
   text	   data	    bss	    dec	    hex	filename
   7564	     60	   1580	   9204	   23f4	A3.elf
Finished building: default.size.stdout
 
12:26:48 **** Incremental Build of configuration Debug for project A3 ****
make -j16 all 
arm-none-eabi-gcc "../Core/Src/main.c" -mcpu=cortex-m4 -std=gnu11 -g3 -DDEBUG -DUSE_HAL_DRIVER -DSTM32L4A6xx -c -I../Core/Inc -I../Drivers/STM32L4xx_HAL_Driver/Inc -I../Drivers/STM32L4xx_HAL_Driver/Inc/Legacy -I../Drivers/CMSIS/Device/ST/STM32L4xx/Include -I../Drivers/CMSIS/Include -O0 -ffunction-sections -fdata-sections -Wall -fstack-usage -fcyclomatic-complexity -MMD -MP -MF"Core/Src/main.d" -MT"Core/Src/main.o" --specs=nano.specs -mfpu=fpv4-sp-d16 -mfloat-abi=hard -mthumb -o "Core/Src/main.o"
../Core/Src/main.c: In function 'main':
../Core/Src/main.c:38:2: warning: implicit declaration of function 'LCD_init' [-Wimplicit-function-declaration]
   38 |  LCD_init();
      |  ^~~~~~~~
../Core/Src/main.c:44:2: warning: implicit declaration of function 'lcd_set_cursor_position' [-Wimplicit-function-declaration]
   44 |  lcd_set_cursor_position(1, 0);
      |  ^~~~~~~~~~~~~~~~~~~~~~~
../Core/Src/main.c:48:2: warning: implicit declaration of function 'command' [-Wimplicit-function-declaration]
   48 |  command(0x0D);  //turns blinking cursor on to indicate ready for input
      |  ^~~~~~~
../Core/Src/main.c:78:6: warning: implicit declaration of function 'write' [-Wimplicit-function-declaration]
   78 |      write(output);
      |      ^~~~~
arm-none-eabi-gcc -o "A3.elf" @"objects.list"   -mcpu=cortex-m4 -T"C:\Users\Wilso\Desktop\Code\C\A3\STM32L4A6ZGTX_FLASH.ld" --specs=nosys.specs -Wl,-Map="A3.map" -Wl,--gc-sections -static --specs=nano.specs -mfpu=fpv4-sp-d16 -mfloat-abi=hard -mthumb -Wl,--start-group -lc -lm -Wl,--end-group
Finished building target: A3.elf
 
arm-none-eabi-size   A3.elf 
arm-none-eabi-objdump -h -S  A3.elf  > "A3.list"
   text	   data	    bss	    dec	    hex	filename
   7564	     60	   1580	   9204	   23f4	A3.elf
Finished building: default.size.stdout
 
Finished building: A3.list
 
12:28:37 **** Incremental Build of configuration Debug for project A3 ****
make -j16 all 
arm-none-eabi-gcc "../Core/Src/main.c" -mcpu=cortex-m4 -std=gnu11 -g3 -DDEBUG -DUSE_HAL_DRIVER -DSTM32L4A6xx -c -I../Core/Inc -I../Drivers/STM32L4xx_HAL_Driver/Inc -I../Drivers/STM32L4xx_HAL_Driver/Inc/Legacy -I../Drivers/CMSIS/Device/ST/STM32L4xx/Include -I../Drivers/CMSIS/Include -O0 -ffunction-sections -fdata-sections -Wall -fstack-usage -fcyclomatic-complexity -MMD -MP -MF"Core/Src/main.d" -MT"Core/Src/main.o" --specs=nano.specs -mfpu=fpv4-sp-d16 -mfloat-abi=hard -mthumb -o "Core/Src/main.o"
../Core/Src/main.c: In function 'main':
../Core/Src/main.c:38:2: warning: implicit declaration of function 'LCD_init' [-Wimplicit-function-declaration]
   38 |  LCD_init();
      |  ^~~~~~~~
../Core/Src/main.c:44:2: warning: implicit declaration of function 'lcd_set_cursor_position' [-Wimplicit-function-declaration]
   44 |  lcd_set_cursor_position(1, 0);
      |  ^~~~~~~~~~~~~~~~~~~~~~~
../Core/Src/main.c:48:2: warning: implicit declaration of function 'command' [-Wimplicit-function-declaration]
   48 |  command(0x0D);  //turns blinking cursor on to indicate ready for input
      |  ^~~~~~~
../Core/Src/main.c:78:6: warning: implicit declaration of function 'write' [-Wimplicit-function-declaration]
   78 |      write(output);
      |      ^~~~~
../Core/Src/main.c:103:6: error: expected ';' before 'go'
  103 |      go = 1;
      |      ^~
make: *** [Core/Src/subdir.mk:43: Core/Src/main.o] Error 1
"make -j16 all" terminated with exit code 2. Build might be incomplete.
12:28:42 **** Incremental Build of configuration Debug for project A3 ****
make -j16 all 
arm-none-eabi-gcc "../Core/Src/main.c" -mcpu=cortex-m4 -std=gnu11 -g3 -DDEBUG -DUSE_HAL_DRIVER -DSTM32L4A6xx -c -I../Core/Inc -I../Drivers/STM32L4xx_HAL_Driver/Inc -I../Drivers/STM32L4xx_HAL_Driver/Inc/Legacy -I../Drivers/CMSIS/Device/ST/STM32L4xx/Include -I../Drivers/CMSIS/Include -O0 -ffunction-sections -fdata-sections -Wall -fstack-usage -fcyclomatic-complexity -MMD -MP -MF"Core/Src/main.d" -MT"Core/Src/main.o" --specs=nano.specs -mfpu=fpv4-sp-d16 -mfloat-abi=hard -mthumb -o "Core/Src/main.o"
../Core/Src/main.c: In function 'main':
../Core/Src/main.c:38:2: warning: implicit declaration of function 'LCD_init' [-Wimplicit-function-declaration]
   38 |  LCD_init();
      |  ^~~~~~~~
../Core/Src/main.c:44:2: warning: implicit declaration of function 'lcd_set_cursor_position' [-Wimplicit-function-declaration]
   44 |  lcd_set_cursor_position(1, 0);
      |  ^~~~~~~~~~~~~~~~~~~~~~~
../Core/Src/main.c:48:2: warning: implicit declaration of function 'command' [-Wimplicit-function-declaration]
   48 |  command(0x0D);  //turns blinking cursor on to indicate ready for input
      |  ^~~~~~~
../Core/Src/main.c:78:6: warning: implicit declaration of function 'write' [-Wimplicit-function-declaration]
   78 |      write(output);
      |      ^~~~~
arm-none-eabi-gcc -o "A3.elf" @"objects.list"   -mcpu=cortex-m4 -T"C:\Users\Wilso\Desktop\Code\C\A3\STM32L4A6ZGTX_FLASH.ld" --specs=nosys.specs -Wl,-Map="A3.map" -Wl,--gc-sections -static --specs=nano.specs -mfpu=fpv4-sp-d16 -mfloat-abi=hard -mthumb -Wl,--start-group -lc -lm -Wl,--end-group
Finished building target: A3.elf
 
arm-none-eabi-size   A3.elf 
arm-none-eabi-objdump -h -S  A3.elf  > "A3.list"
   text	   data	    bss	    dec	    hex	filename
   7572	     60	   1580	   9212	   23fc	A3.elf
Finished building: default.size.stdout
 
Finished building: A3.list
 
12:30:32 **** Incremental Build of configuration Debug for project A3 ****
make -j16 all 
arm-none-eabi-gcc "../Core/Src/main.c" -mcpu=cortex-m4 -std=gnu11 -g3 -DDEBUG -DUSE_HAL_DRIVER -DSTM32L4A6xx -c -I../Core/Inc -I../Drivers/STM32L4xx_HAL_Driver/Inc -I../Drivers/STM32L4xx_HAL_Driver/Inc/Legacy -I../Drivers/CMSIS/Device/ST/STM32L4xx/Include -I../Drivers/CMSIS/Include -O0 -ffunction-sections -fdata-sections -Wall -fstack-usage -fcyclomatic-complexity -MMD -MP -MF"Core/Src/main.d" -MT"Core/Src/main.o" --specs=nano.specs -mfpu=fpv4-sp-d16 -mfloat-abi=hard -mthumb -o "Core/Src/main.o"
../Core/Src/main.c: In function 'main':
../Core/Src/main.c:38:2: warning: implicit declaration of function 'LCD_init' [-Wimplicit-function-declaration]
   38 |  LCD_init();
      |  ^~~~~~~~
../Core/Src/main.c:44:2: warning: implicit declaration of function 'lcd_set_cursor_position' [-Wimplicit-function-declaration]
   44 |  lcd_set_cursor_position(1, 0);
      |  ^~~~~~~~~~~~~~~~~~~~~~~
../Core/Src/main.c:48:2: warning: implicit declaration of function 'command' [-Wimplicit-function-declaration]
   48 |  command(0x0D);  //turns blinking cursor on to indicate ready for input
      |  ^~~~~~~
../Core/Src/main.c:78:6: warning: implicit declaration of function 'write' [-Wimplicit-function-declaration]
   78 |      write(output);
      |      ^~~~~
arm-none-eabi-gcc -o "A3.elf" @"objects.list"   -mcpu=cortex-m4 -T"C:\Users\Wilso\Desktop\Code\C\A3\STM32L4A6ZGTX_FLASH.ld" --specs=nosys.specs -Wl,-Map="A3.map" -Wl,--gc-sections -static --specs=nano.specs -mfpu=fpv4-sp-d16 -mfloat-abi=hard -mthumb -Wl,--start-group -lc -lm -Wl,--end-group
Finished building target: A3.elf
 
arm-none-eabi-size   A3.elf 
arm-none-eabi-objdump -h -S  A3.elf  > "A3.list"
   text	   data	    bss	    dec	    hex	filename
   7572	     60	   1580	   9212	   23fc	A3.elf
Finished building: default.size.stdout
 
Finished building: A3.list
 
12:32:31 **** Incremental Build of configuration Debug for project A3 ****
make -j16 all 
arm-none-eabi-gcc "../Core/Src/main.c" -mcpu=cortex-m4 -std=gnu11 -g3 -DDEBUG -DUSE_HAL_DRIVER -DSTM32L4A6xx -c -I../Core/Inc -I../Drivers/STM32L4xx_HAL_Driver/Inc -I../Drivers/STM32L4xx_HAL_Driver/Inc/Legacy -I../Drivers/CMSIS/Device/ST/STM32L4xx/Include -I../Drivers/CMSIS/Include -O0 -ffunction-sections -fdata-sections -Wall -fstack-usage -fcyclomatic-complexity -MMD -MP -MF"Core/Src/main.d" -MT"Core/Src/main.o" --specs=nano.specs -mfpu=fpv4-sp-d16 -mfloat-abi=hard -mthumb -o "Core/Src/main.o"
../Core/Src/main.c: In function 'main':
../Core/Src/main.c:38:2: warning: implicit declaration of function 'LCD_init' [-Wimplicit-function-declaration]
   38 |  LCD_init();
      |  ^~~~~~~~
../Core/Src/main.c:44:2: warning: implicit declaration of function 'lcd_set_cursor_position' [-Wimplicit-function-declaration]
   44 |  lcd_set_cursor_position(1, 0);
      |  ^~~~~~~~~~~~~~~~~~~~~~~
../Core/Src/main.c:48:2: warning: implicit declaration of function 'command' [-Wimplicit-function-declaration]
   48 |  command(0x0D);  //turns blinking cursor on to indicate ready for input
      |  ^~~~~~~
../Core/Src/main.c:78:6: warning: implicit declaration of function 'write' [-Wimplicit-function-declaration]
   78 |      write(output);
      |      ^~~~~
arm-none-eabi-gcc -o "A3.elf" @"objects.list"   -mcpu=cortex-m4 -T"C:\Users\Wilso\Desktop\Code\C\A3\STM32L4A6ZGTX_FLASH.ld" --specs=nosys.specs -Wl,-Map="A3.map" -Wl,--gc-sections -static --specs=nano.specs -mfpu=fpv4-sp-d16 -mfloat-abi=hard -mthumb -Wl,--start-group -lc -lm -Wl,--end-group
Finished building target: A3.elf
 
arm-none-eabi-size   A3.elf 
arm-none-eabi-objdump -h -S  A3.elf  > "A3.list"
   text	   data	    bss	    dec	    hex	filename
   7584	     60	   1580	   9224	   2408	A3.elf
Finished building: default.size.stdout
 
Finished building: A3.list
 
12:35:19 **** Incremental Build of configuration Debug for project A3 ****
make -j16 all 
arm-none-eabi-gcc "../Core/Src/main.c" -mcpu=cortex-m4 -std=gnu11 -g3 -DDEBUG -DUSE_HAL_DRIVER -DSTM32L4A6xx -c -I../Core/Inc -I../Drivers/STM32L4xx_HAL_Driver/Inc -I../Drivers/STM32L4xx_HAL_Driver/Inc/Legacy -I../Drivers/CMSIS/Device/ST/STM32L4xx/Include -I../Drivers/CMSIS/Include -O0 -ffunction-sections -fdata-sections -Wall -fstack-usage -fcyclomatic-complexity -MMD -MP -MF"Core/Src/main.d" -MT"Core/Src/main.o" --specs=nano.specs -mfpu=fpv4-sp-d16 -mfloat-abi=hard -mthumb -o "Core/Src/main.o"
../Core/Src/main.c: In function 'main':
../Core/Src/main.c:38:2: warning: implicit declaration of function 'LCD_init' [-Wimplicit-function-declaration]
   38 |  LCD_init();
      |  ^~~~~~~~
../Core/Src/main.c:44:2: warning: implicit declaration of function 'lcd_set_cursor_position' [-Wimplicit-function-declaration]
   44 |  lcd_set_cursor_position(1, 0);
      |  ^~~~~~~~~~~~~~~~~~~~~~~
../Core/Src/main.c:48:2: warning: implicit declaration of function 'command' [-Wimplicit-function-declaration]
   48 |  command(0x0D);  //turns blinking cursor on to indicate ready for input
      |  ^~~~~~~
../Core/Src/main.c:78:6: warning: implicit declaration of function 'write' [-Wimplicit-function-declaration]
   78 |      write(output);
      |      ^~~~~
../Core/Src/main.c:104:16: warning: statement with no effect [-Wunused-value]
  104 |      four_push == 0;
      |      ~~~~~~~~~~^~~~
arm-none-eabi-gcc -o "A3.elf" @"objects.list"   -mcpu=cortex-m4 -T"C:\Users\Wilso\Desktop\Code\C\A3\STM32L4A6ZGTX_FLASH.ld" --specs=nosys.specs -Wl,-Map="A3.map" -Wl,--gc-sections -static --specs=nano.specs -mfpu=fpv4-sp-d16 -mfloat-abi=hard -mthumb -Wl,--start-group -lc -lm -Wl,--end-group
Finished building target: A3.elf
 
arm-none-eabi-size   A3.elf 
arm-none-eabi-objdump -h -S  A3.elf  > "A3.list"
   text	   data	    bss	    dec	    hex	filename
   7584	     60	   1580	   9224	   2408	A3.elf
Finished building: default.size.stdout
 
Finished building: A3.list
 
12:36:14 **** Incremental Build of configuration Debug for project A3 ****
make -j16 all 
arm-none-eabi-gcc "../Core/Src/main.c" -mcpu=cortex-m4 -std=gnu11 -g3 -DDEBUG -DUSE_HAL_DRIVER -DSTM32L4A6xx -c -I../Core/Inc -I../Drivers/STM32L4xx_HAL_Driver/Inc -I../Drivers/STM32L4xx_HAL_Driver/Inc/Legacy -I../Drivers/CMSIS/Device/ST/STM32L4xx/Include -I../Drivers/CMSIS/Include -O0 -ffunction-sections -fdata-sections -Wall -fstack-usage -fcyclomatic-complexity -MMD -MP -MF"Core/Src/main.d" -MT"Core/Src/main.o" --specs=nano.specs -mfpu=fpv4-sp-d16 -mfloat-abi=hard -mthumb -o "Core/Src/main.o"
../Core/Src/main.c: In function 'main':
../Core/Src/main.c:38:2: warning: implicit declaration of function 'LCD_init' [-Wimplicit-function-declaration]
   38 |  LCD_init();
      |  ^~~~~~~~
../Core/Src/main.c:44:2: warning: implicit declaration of function 'lcd_set_cursor_position' [-Wimplicit-function-declaration]
   44 |  lcd_set_cursor_position(1, 0);
      |  ^~~~~~~~~~~~~~~~~~~~~~~
../Core/Src/main.c:48:2: warning: implicit declaration of function 'command' [-Wimplicit-function-declaration]
   48 |  command(0x0D);  //turns blinking cursor on to indicate ready for input
      |  ^~~~~~~
../Core/Src/main.c:79:6: warning: implicit declaration of function 'write' [-Wimplicit-function-declaration]
   79 |      write(output);
      |      ^~~~~
arm-none-eabi-gcc -o "A3.elf" @"objects.list"   -mcpu=cortex-m4 -T"C:\Users\Wilso\Desktop\Code\C\A3\STM32L4A6ZGTX_FLASH.ld" --specs=nosys.specs -Wl,-Map="A3.map" -Wl,--gc-sections -static --specs=nano.specs -mfpu=fpv4-sp-d16 -mfloat-abi=hard -mthumb -Wl,--start-group -lc -lm -Wl,--end-group
Finished building target: A3.elf
 
arm-none-eabi-size   A3.elf 
arm-none-eabi-objdump -h -S  A3.elf  > "A3.list"
   text	   data	    bss	    dec	    hex	filename
   7592	     60	   1580	   9232	   2410	A3.elf
Finished building: default.size.stdout
 
Finished building: A3.list
 
12:40:50 **** Incremental Build of configuration Debug for project A3 ****
make -j16 all 
arm-none-eabi-gcc "../Core/Src/main.c" -mcpu=cortex-m4 -std=gnu11 -g3 -DDEBUG -DUSE_HAL_DRIVER -DSTM32L4A6xx -c -I../Core/Inc -I../Drivers/STM32L4xx_HAL_Driver/Inc -I../Drivers/STM32L4xx_HAL_Driver/Inc/Legacy -I../Drivers/CMSIS/Device/ST/STM32L4xx/Include -I../Drivers/CMSIS/Include -O0 -ffunction-sections -fdata-sections -Wall -fstack-usage -fcyclomatic-complexity -MMD -MP -MF"Core/Src/main.d" -MT"Core/Src/main.o" --specs=nano.specs -mfpu=fpv4-sp-d16 -mfloat-abi=hard -mthumb -o "Core/Src/main.o"
../Core/Src/main.c: In function 'main':
../Core/Src/main.c:42:2: warning: implicit declaration of function 'LCD_init' [-Wimplicit-function-declaration]
   42 |  LCD_init();
      |  ^~~~~~~~
../Core/Src/main.c:48:2: warning: implicit declaration of function 'lcd_set_cursor_position' [-Wimplicit-function-declaration]
   48 |  lcd_set_cursor_position(1, 0);
      |  ^~~~~~~~~~~~~~~~~~~~~~~
../Core/Src/main.c:52:2: warning: implicit declaration of function 'command' [-Wimplicit-function-declaration]
   52 |  command(0x0D);  //turns blinking cursor on to indicate ready for input
      |  ^~~~~~~
../Core/Src/main.c:83:6: warning: implicit declaration of function 'write' [-Wimplicit-function-declaration]
   83 |      write(output);
      |      ^~~~~
arm-none-eabi-gcc -o "A3.elf" @"objects.list"   -mcpu=cortex-m4 -T"C:\Users\Wilso\Desktop\Code\C\A3\STM32L4A6ZGTX_FLASH.ld" --specs=nosys.specs -Wl,-Map="A3.map" -Wl,--gc-sections -static --specs=nano.specs -mfpu=fpv4-sp-d16 -mfloat-abi=hard -mthumb -Wl,--start-group -lc -lm -Wl,--end-group
Finished building target: A3.elf
 
arm-none-eabi-size   A3.elf 
arm-none-eabi-objdump -h -S  A3.elf  > "A3.list"
   text	   data	    bss	    dec	    hex	filename
   7656	     60	   1596	   9312	   2460	A3.elf
Finished building: default.size.stdout
 
Finished building: A3.list
 
12:47:22 **** Incremental Build of configuration Debug for project A3 ****
make -j16 all 
arm-none-eabi-gcc "../Core/Src/main.c" -mcpu=cortex-m4 -std=gnu11 -g3 -DDEBUG -DUSE_HAL_DRIVER -DSTM32L4A6xx -c -I../Core/Inc -I../Drivers/STM32L4xx_HAL_Driver/Inc -I../Drivers/STM32L4xx_HAL_Driver/Inc/Legacy -I../Drivers/CMSIS/Device/ST/STM32L4xx/Include -I../Drivers/CMSIS/Include -O0 -ffunction-sections -fdata-sections -Wall -fstack-usage -fcyclomatic-complexity -MMD -MP -MF"Core/Src/main.d" -MT"Core/Src/main.o" --specs=nano.specs -mfpu=fpv4-sp-d16 -mfloat-abi=hard -mthumb -o "Core/Src/main.o"
../Core/Src/main.c: In function 'main':
../Core/Src/main.c:42:2: warning: implicit declaration of function 'LCD_init' [-Wimplicit-function-declaration]
   42 |  LCD_init();
      |  ^~~~~~~~
../Core/Src/main.c:48:2: warning: implicit declaration of function 'lcd_set_cursor_position' [-Wimplicit-function-declaration]
   48 |  lcd_set_cursor_position(1, 0);
      |  ^~~~~~~~~~~~~~~~~~~~~~~
../Core/Src/main.c:52:2: warning: implicit declaration of function 'command' [-Wimplicit-function-declaration]
   52 |  command(0x0D);  //turns blinking cursor on to indicate ready for input
      |  ^~~~~~~
../Core/Src/main.c:85:6: warning: implicit declaration of function 'write' [-Wimplicit-function-declaration]
   85 |      write(output);
      |      ^~~~~
arm-none-eabi-gcc -o "A3.elf" @"objects.list"   -mcpu=cortex-m4 -T"C:\Users\Wilso\Desktop\Code\C\A3\STM32L4A6ZGTX_FLASH.ld" --specs=nosys.specs -Wl,-Map="A3.map" -Wl,--gc-sections -static --specs=nano.specs -mfpu=fpv4-sp-d16 -mfloat-abi=hard -mthumb -Wl,--start-group -lc -lm -Wl,--end-group
Finished building target: A3.elf
 
arm-none-eabi-size   A3.elf 
arm-none-eabi-objdump -h -S  A3.elf  > "A3.list"
   text	   data	    bss	    dec	    hex	filename
   7724	     60	   1596	   9380	   24a4	A3.elf
Finished building: default.size.stdout
 
Finished building: A3.list
 
12:54:28 **** Incremental Build of configuration Debug for project A3 ****
make -j16 all 
arm-none-eabi-gcc "../Core/Src/main.c" -mcpu=cortex-m4 -std=gnu11 -g3 -DDEBUG -DUSE_HAL_DRIVER -DSTM32L4A6xx -c -I../Core/Inc -I../Drivers/STM32L4xx_HAL_Driver/Inc -I../Drivers/STM32L4xx_HAL_Driver/Inc/Legacy -I../Drivers/CMSIS/Device/ST/STM32L4xx/Include -I../Drivers/CMSIS/Include -O0 -ffunction-sections -fdata-sections -Wall -fstack-usage -fcyclomatic-complexity -MMD -MP -MF"Core/Src/main.d" -MT"Core/Src/main.o" --specs=nano.specs -mfpu=fpv4-sp-d16 -mfloat-abi=hard -mthumb -o "Core/Src/main.o"
../Core/Src/main.c: In function 'main':
../Core/Src/main.c:42:2: warning: implicit declaration of function 'LCD_init' [-Wimplicit-function-declaration]
   42 |  LCD_init();
      |  ^~~~~~~~
../Core/Src/main.c:48:2: warning: implicit declaration of function 'lcd_set_cursor_position' [-Wimplicit-function-declaration]
   48 |  lcd_set_cursor_position(1, 0);
      |  ^~~~~~~~~~~~~~~~~~~~~~~
../Core/Src/main.c:52:2: warning: implicit declaration of function 'command' [-Wimplicit-function-declaration]
   52 |  command(0x0D);  //turns blinking cursor on to indicate ready for input
      |  ^~~~~~~
../Core/Src/main.c:85:6: warning: implicit declaration of function 'write' [-Wimplicit-function-declaration]
   85 |      write(output);
      |      ^~~~~
../Core/Src/main.c:116:16: warning: statement with no effect [-Wunused-value]
  116 |      four_push == 0;
      |      ~~~~~~~~~~^~~~
arm-none-eabi-gcc -o "A3.elf" @"objects.list"   -mcpu=cortex-m4 -T"C:\Users\Wilso\Desktop\Code\C\A3\STM32L4A6ZGTX_FLASH.ld" --specs=nosys.specs -Wl,-Map="A3.map" -Wl,--gc-sections -static --specs=nano.specs -mfpu=fpv4-sp-d16 -mfloat-abi=hard -mthumb -Wl,--start-group -lc -lm -Wl,--end-group
Finished building target: A3.elf
 
arm-none-eabi-size   A3.elf 
arm-none-eabi-objdump -h -S  A3.elf  > "A3.list"
   text	   data	    bss	    dec	    hex	filename
   7744	     60	   1596	   9400	   24b8	A3.elf
Finished building: default.size.stdout
 
Finished building: A3.list
 
12:57:02 **** Incremental Build of configuration Debug for project A3 ****
make -j16 all 
arm-none-eabi-gcc "../Core/Src/main.c" -mcpu=cortex-m4 -std=gnu11 -g3 -DDEBUG -DUSE_HAL_DRIVER -DSTM32L4A6xx -c -I../Core/Inc -I../Drivers/STM32L4xx_HAL_Driver/Inc -I../Drivers/STM32L4xx_HAL_Driver/Inc/Legacy -I../Drivers/CMSIS/Device/ST/STM32L4xx/Include -I../Drivers/CMSIS/Include -O0 -ffunction-sections -fdata-sections -Wall -fstack-usage -fcyclomatic-complexity -MMD -MP -MF"Core/Src/main.d" -MT"Core/Src/main.o" --specs=nano.specs -mfpu=fpv4-sp-d16 -mfloat-abi=hard -mthumb -o "Core/Src/main.o"
../Core/Src/main.c: In function 'main':
../Core/Src/main.c:42:2: warning: implicit declaration of function 'LCD_init' [-Wimplicit-function-declaration]
   42 |  LCD_init();
      |  ^~~~~~~~
../Core/Src/main.c:48:2: warning: implicit declaration of function 'lcd_set_cursor_position' [-Wimplicit-function-declaration]
   48 |  lcd_set_cursor_position(1, 0);
      |  ^~~~~~~~~~~~~~~~~~~~~~~
../Core/Src/main.c:52:2: warning: implicit declaration of function 'command' [-Wimplicit-function-declaration]
   52 |  command(0x0D);  //turns blinking cursor on to indicate ready for input
      |  ^~~~~~~
../Core/Src/main.c:86:6: warning: implicit declaration of function 'write' [-Wimplicit-function-declaration]
   86 |      write(output);
      |      ^~~~~
../Core/Src/main.c:117:16: warning: statement with no effect [-Wunused-value]
  117 |      four_push == 0;
      |      ~~~~~~~~~~^~~~
arm-none-eabi-gcc -o "A3.elf" @"objects.list"   -mcpu=cortex-m4 -T"C:\Users\Wilso\Desktop\Code\C\A3\STM32L4A6ZGTX_FLASH.ld" --specs=nosys.specs -Wl,-Map="A3.map" -Wl,--gc-sections -static --specs=nano.specs -mfpu=fpv4-sp-d16 -mfloat-abi=hard -mthumb -Wl,--start-group -lc -lm -Wl,--end-group
Finished building target: A3.elf
 
arm-none-eabi-size   A3.elf 
arm-none-eabi-objdump -h -S  A3.elf  > "A3.list"
   text	   data	    bss	    dec	    hex	filename
   7756	     60	   1596	   9412	   24c4	A3.elf
Finished building: default.size.stdout
 
Finished building: A3.list
 
12:58:04 **** Incremental Build of configuration Debug for project A3 ****
make -j16 all 
arm-none-eabi-gcc "../Core/Src/main.c" -mcpu=cortex-m4 -std=gnu11 -g3 -DDEBUG -DUSE_HAL_DRIVER -DSTM32L4A6xx -c -I../Core/Inc -I../Drivers/STM32L4xx_HAL_Driver/Inc -I../Drivers/STM32L4xx_HAL_Driver/Inc/Legacy -I../Drivers/CMSIS/Device/ST/STM32L4xx/Include -I../Drivers/CMSIS/Include -O0 -ffunction-sections -fdata-sections -Wall -fstack-usage -fcyclomatic-complexity -MMD -MP -MF"Core/Src/main.d" -MT"Core/Src/main.o" --specs=nano.specs -mfpu=fpv4-sp-d16 -mfloat-abi=hard -mthumb -o "Core/Src/main.o"
../Core/Src/main.c: In function 'main':
../Core/Src/main.c:42:2: warning: implicit declaration of function 'LCD_init' [-Wimplicit-function-declaration]
   42 |  LCD_init();
      |  ^~~~~~~~
../Core/Src/main.c:48:2: warning: implicit declaration of function 'lcd_set_cursor_position' [-Wimplicit-function-declaration]
   48 |  lcd_set_cursor_position(1, 0);
      |  ^~~~~~~~~~~~~~~~~~~~~~~
../Core/Src/main.c:52:2: warning: implicit declaration of function 'command' [-Wimplicit-function-declaration]
   52 |  command(0x0D);  //turns blinking cursor on to indicate ready for input
      |  ^~~~~~~
../Core/Src/main.c:86:6: warning: implicit declaration of function 'write' [-Wimplicit-function-declaration]
   86 |      write(output);
      |      ^~~~~
arm-none-eabi-gcc -o "A3.elf" @"objects.list"   -mcpu=cortex-m4 -T"C:\Users\Wilso\Desktop\Code\C\A3\STM32L4A6ZGTX_FLASH.ld" --specs=nosys.specs -Wl,-Map="A3.map" -Wl,--gc-sections -static --specs=nano.specs -mfpu=fpv4-sp-d16 -mfloat-abi=hard -mthumb -Wl,--start-group -lc -lm -Wl,--end-group
Finished building target: A3.elf
 
arm-none-eabi-size   A3.elf 
arm-none-eabi-objdump -h -S  A3.elf  > "A3.list"
   text	   data	    bss	    dec	    hex	filename
   7764	     60	   1596	   9420	   24cc	A3.elf
Finished building: default.size.stdout
 
Finished building: A3.list
 
12:58:38 **** Incremental Build of configuration Debug for project A3 ****
make -j16 all 
arm-none-eabi-size   A3.elf 
   text	   data	    bss	    dec	    hex	filename
   7764	     60	   1596	   9420	   24cc	A3.elf
Finished building: default.size.stdout
 
12:59:45 **** Incremental Build of configuration Debug for project A3 ****
make -j16 all 
arm-none-eabi-gcc "../Core/Src/main.c" -mcpu=cortex-m4 -std=gnu11 -g3 -DDEBUG -DUSE_HAL_DRIVER -DSTM32L4A6xx -c -I../Core/Inc -I../Drivers/STM32L4xx_HAL_Driver/Inc -I../Drivers/STM32L4xx_HAL_Driver/Inc/Legacy -I../Drivers/CMSIS/Device/ST/STM32L4xx/Include -I../Drivers/CMSIS/Include -O0 -ffunction-sections -fdata-sections -Wall -fstack-usage -fcyclomatic-complexity -MMD -MP -MF"Core/Src/main.d" -MT"Core/Src/main.o" --specs=nano.specs -mfpu=fpv4-sp-d16 -mfloat-abi=hard -mthumb -o "Core/Src/main.o"
../Core/Src/main.c: In function 'main':
../Core/Src/main.c:42:2: warning: implicit declaration of function 'LCD_init' [-Wimplicit-function-declaration]
   42 |  LCD_init();
      |  ^~~~~~~~
../Core/Src/main.c:48:2: warning: implicit declaration of function 'lcd_set_cursor_position' [-Wimplicit-function-declaration]
   48 |  lcd_set_cursor_position(1, 0);
      |  ^~~~~~~~~~~~~~~~~~~~~~~
../Core/Src/main.c:52:2: warning: implicit declaration of function 'command' [-Wimplicit-function-declaration]
   52 |  command(0x0D);  //turns blinking cursor on to indicate ready for input
      |  ^~~~~~~
../Core/Src/main.c:85:6: warning: implicit declaration of function 'write' [-Wimplicit-function-declaration]
   85 |      write(output);
      |      ^~~~~
arm-none-eabi-gcc -o "A3.elf" @"objects.list"   -mcpu=cortex-m4 -T"C:\Users\Wilso\Desktop\Code\C\A3\STM32L4A6ZGTX_FLASH.ld" --specs=nosys.specs -Wl,-Map="A3.map" -Wl,--gc-sections -static --specs=nano.specs -mfpu=fpv4-sp-d16 -mfloat-abi=hard -mthumb -Wl,--start-group -lc -lm -Wl,--end-group
Finished building target: A3.elf
 
arm-none-eabi-size   A3.elf 
arm-none-eabi-objdump -h -S  A3.elf  > "A3.list"
   text	   data	    bss	    dec	    hex	filename
   7724	     60	   1596	   9380	   24a4	A3.elf
Finished building: default.size.stdout
 
Finished building: A3.list
 
13:01:15 **** Incremental Build of configuration Debug for project A3 ****
make -j16 all 
arm-none-eabi-size   A3.elf 
   text	   data	    bss	    dec	    hex	filename
   7724	     60	   1596	   9380	   24a4	A3.elf
Finished building: default.size.stdout
 
13:16:55 **** Incremental Build of configuration Debug for project A3 ****
make -j16 all 
arm-none-eabi-gcc "../Core/Src/main.c" -mcpu=cortex-m4 -std=gnu11 -g3 -DDEBUG -DUSE_HAL_DRIVER -DSTM32L4A6xx -c -I../Core/Inc -I../Drivers/STM32L4xx_HAL_Driver/Inc -I../Drivers/STM32L4xx_HAL_Driver/Inc/Legacy -I../Drivers/CMSIS/Device/ST/STM32L4xx/Include -I../Drivers/CMSIS/Include -O0 -ffunction-sections -fdata-sections -Wall -fstack-usage -fcyclomatic-complexity -MMD -MP -MF"Core/Src/main.d" -MT"Core/Src/main.o" --specs=nano.specs -mfpu=fpv4-sp-d16 -mfloat-abi=hard -mthumb -o "Core/Src/main.o"
../Core/Src/main.c: In function 'main':
../Core/Src/main.c:42:2: warning: implicit declaration of function 'LCD_init' [-Wimplicit-function-declaration]
   42 |  LCD_init();
      |  ^~~~~~~~
../Core/Src/main.c:48:2: warning: implicit declaration of function 'lcd_set_cursor_position' [-Wimplicit-function-declaration]
   48 |  lcd_set_cursor_position(1, 0);
      |  ^~~~~~~~~~~~~~~~~~~~~~~
../Core/Src/main.c:52:2: warning: implicit declaration of function 'command' [-Wimplicit-function-declaration]
   52 |  command(0x0D);  //turns blinking cursor on to indicate ready for input
      |  ^~~~~~~
../Core/Src/main.c:85:6: warning: implicit declaration of function 'write' [-Wimplicit-function-declaration]
   85 |      write(output);
      |      ^~~~~
../Core/Src/main.c:151:4: error: 'for_push' undeclared (first use in this function); did you mean 'four_push'?
  151 |    for_push = 0;
      |    ^~~~~~~~
      |    four_push
../Core/Src/main.c:151:4: note: each undeclared identifier is reported only once for each function it appears in
make: *** [Core/Src/subdir.mk:43: Core/Src/main.o] Error 1
"make -j16 all" terminated with exit code 2. Build might be incomplete.
13:17:05 **** Incremental Build of configuration Debug for project A3 ****
make -j16 all 
arm-none-eabi-gcc "../Core/Src/main.c" -mcpu=cortex-m4 -std=gnu11 -g3 -DDEBUG -DUSE_HAL_DRIVER -DSTM32L4A6xx -c -I../Core/Inc -I../Drivers/STM32L4xx_HAL_Driver/Inc -I../Drivers/STM32L4xx_HAL_Driver/Inc/Legacy -I../Drivers/CMSIS/Device/ST/STM32L4xx/Include -I../Drivers/CMSIS/Include -O0 -ffunction-sections -fdata-sections -Wall -fstack-usage -fcyclomatic-complexity -MMD -MP -MF"Core/Src/main.d" -MT"Core/Src/main.o" --specs=nano.specs -mfpu=fpv4-sp-d16 -mfloat-abi=hard -mthumb -o "Core/Src/main.o"
../Core/Src/main.c: In function 'main':
../Core/Src/main.c:42:2: warning: implicit declaration of function 'LCD_init' [-Wimplicit-function-declaration]
   42 |  LCD_init();
      |  ^~~~~~~~
../Core/Src/main.c:48:2: warning: implicit declaration of function 'lcd_set_cursor_position' [-Wimplicit-function-declaration]
   48 |  lcd_set_cursor_position(1, 0);
      |  ^~~~~~~~~~~~~~~~~~~~~~~
../Core/Src/main.c:52:2: warning: implicit declaration of function 'command' [-Wimplicit-function-declaration]
   52 |  command(0x0D);  //turns blinking cursor on to indicate ready for input
      |  ^~~~~~~
../Core/Src/main.c:85:6: warning: implicit declaration of function 'write' [-Wimplicit-function-declaration]
   85 |      write(output);
      |      ^~~~~
arm-none-eabi-gcc -o "A3.elf" @"objects.list"   -mcpu=cortex-m4 -T"C:\Users\Wilso\Desktop\Code\C\A3\STM32L4A6ZGTX_FLASH.ld" --specs=nosys.specs -Wl,-Map="A3.map" -Wl,--gc-sections -static --specs=nano.specs -mfpu=fpv4-sp-d16 -mfloat-abi=hard -mthumb -Wl,--start-group -lc -lm -Wl,--end-group
Finished building target: A3.elf
 
arm-none-eabi-size   A3.elf 
arm-none-eabi-objdump -h -S  A3.elf  > "A3.list"
   text	   data	    bss	    dec	    hex	filename
   7776	     60	   1596	   9432	   24d8	A3.elf
Finished building: default.size.stdout
 
Finished building: A3.list
 
13:17:23 **** Incremental Build of configuration Debug for project A3 ****
make -j16 all 
arm-none-eabi-size   A3.elf 
   text	   data	    bss	    dec	    hex	filename
   7776	     60	   1596	   9432	   24d8	A3.elf
Finished building: default.size.stdout
 
13:18:37 **** Incremental Build of configuration Debug for project A3 ****
make -j16 all 
arm-none-eabi-gcc "../Core/Src/main.c" -mcpu=cortex-m4 -std=gnu11 -g3 -DDEBUG -DUSE_HAL_DRIVER -DSTM32L4A6xx -c -I../Core/Inc -I../Drivers/STM32L4xx_HAL_Driver/Inc -I../Drivers/STM32L4xx_HAL_Driver/Inc/Legacy -I../Drivers/CMSIS/Device/ST/STM32L4xx/Include -I../Drivers/CMSIS/Include -O0 -ffunction-sections -fdata-sections -Wall -fstack-usage -fcyclomatic-complexity -MMD -MP -MF"Core/Src/main.d" -MT"Core/Src/main.o" --specs=nano.specs -mfpu=fpv4-sp-d16 -mfloat-abi=hard -mthumb -o "Core/Src/main.o"
../Core/Src/main.c: In function 'main':
../Core/Src/main.c:42:2: warning: implicit declaration of function 'LCD_init' [-Wimplicit-function-declaration]
   42 |  LCD_init();
      |  ^~~~~~~~
../Core/Src/main.c:48:2: warning: implicit declaration of function 'lcd_set_cursor_position' [-Wimplicit-function-declaration]
   48 |  lcd_set_cursor_position(1, 0);
      |  ^~~~~~~~~~~~~~~~~~~~~~~
../Core/Src/main.c:52:2: warning: implicit declaration of function 'command' [-Wimplicit-function-declaration]
   52 |  command(0x0D);  //turns blinking cursor on to indicate ready for input
      |  ^~~~~~~
../Core/Src/main.c:85:6: warning: implicit declaration of function 'write' [-Wimplicit-function-declaration]
   85 |      write(output);
      |      ^~~~~
arm-none-eabi-gcc -o "A3.elf" @"objects.list"   -mcpu=cortex-m4 -T"C:\Users\Wilso\Desktop\Code\C\A3\STM32L4A6ZGTX_FLASH.ld" --specs=nosys.specs -Wl,-Map="A3.map" -Wl,--gc-sections -static --specs=nano.specs -mfpu=fpv4-sp-d16 -mfloat-abi=hard -mthumb -Wl,--start-group -lc -lm -Wl,--end-group
Finished building target: A3.elf
 
arm-none-eabi-size   A3.elf 
arm-none-eabi-objdump -h -S  A3.elf  > "A3.list"
   text	   data	    bss	    dec	    hex	filename
   7788	     60	   1596	   9444	   24e4	A3.elf
Finished building: default.size.stdout
 
Finished building: A3.list
 
13:19:57 **** Incremental Build of configuration Debug for project A3 ****
make -j16 all 
arm-none-eabi-gcc "../Core/Src/main.c" -mcpu=cortex-m4 -std=gnu11 -g3 -DDEBUG -DUSE_HAL_DRIVER -DSTM32L4A6xx -c -I../Core/Inc -I../Drivers/STM32L4xx_HAL_Driver/Inc -I../Drivers/STM32L4xx_HAL_Driver/Inc/Legacy -I../Drivers/CMSIS/Device/ST/STM32L4xx/Include -I../Drivers/CMSIS/Include -O0 -ffunction-sections -fdata-sections -Wall -fstack-usage -fcyclomatic-complexity -MMD -MP -MF"Core/Src/main.d" -MT"Core/Src/main.o" --specs=nano.specs -mfpu=fpv4-sp-d16 -mfloat-abi=hard -mthumb -o "Core/Src/main.o"
../Core/Src/main.c: In function 'main':
../Core/Src/main.c:42:2: warning: implicit declaration of function 'LCD_init' [-Wimplicit-function-declaration]
   42 |  LCD_init();
      |  ^~~~~~~~
../Core/Src/main.c:48:2: warning: implicit declaration of function 'lcd_set_cursor_position' [-Wimplicit-function-declaration]
   48 |  lcd_set_cursor_position(1, 0);
      |  ^~~~~~~~~~~~~~~~~~~~~~~
../Core/Src/main.c:52:2: warning: implicit declaration of function 'command' [-Wimplicit-function-declaration]
   52 |  command(0x0D);  //turns blinking cursor on to indicate ready for input
      |  ^~~~~~~
../Core/Src/main.c:85:6: warning: implicit declaration of function 'write' [-Wimplicit-function-declaration]
   85 |      write(output);
      |      ^~~~~
arm-none-eabi-gcc -o "A3.elf" @"objects.list"   -mcpu=cortex-m4 -T"C:\Users\Wilso\Desktop\Code\C\A3\STM32L4A6ZGTX_FLASH.ld" --specs=nosys.specs -Wl,-Map="A3.map" -Wl,--gc-sections -static --specs=nano.specs -mfpu=fpv4-sp-d16 -mfloat-abi=hard -mthumb -Wl,--start-group -lc -lm -Wl,--end-group
Finished building target: A3.elf
 
arm-none-eabi-size   A3.elf 
arm-none-eabi-objdump -h -S  A3.elf  > "A3.list"
   text	   data	    bss	    dec	    hex	filename
   7792	     60	   1596	   9448	   24e8	A3.elf
Finished building: default.size.stdout
 
Finished building: A3.list
 
13:21:57 **** Incremental Build of configuration Debug for project A3 ****
make -j16 all 
arm-none-eabi-gcc "../Core/Src/main.c" -mcpu=cortex-m4 -std=gnu11 -g3 -DDEBUG -DUSE_HAL_DRIVER -DSTM32L4A6xx -c -I../Core/Inc -I../Drivers/STM32L4xx_HAL_Driver/Inc -I../Drivers/STM32L4xx_HAL_Driver/Inc/Legacy -I../Drivers/CMSIS/Device/ST/STM32L4xx/Include -I../Drivers/CMSIS/Include -O0 -ffunction-sections -fdata-sections -Wall -fstack-usage -fcyclomatic-complexity -MMD -MP -MF"Core/Src/main.d" -MT"Core/Src/main.o" --specs=nano.specs -mfpu=fpv4-sp-d16 -mfloat-abi=hard -mthumb -o "Core/Src/main.o"
../Core/Src/main.c: In function 'main':
../Core/Src/main.c:42:2: warning: implicit declaration of function 'LCD_init' [-Wimplicit-function-declaration]
   42 |  LCD_init();
      |  ^~~~~~~~
../Core/Src/main.c:48:2: warning: implicit declaration of function 'lcd_set_cursor_position' [-Wimplicit-function-declaration]
   48 |  lcd_set_cursor_position(1, 0);
      |  ^~~~~~~~~~~~~~~~~~~~~~~
../Core/Src/main.c:52:2: warning: implicit declaration of function 'command' [-Wimplicit-function-declaration]
   52 |  command(0x0D);  //turns blinking cursor on to indicate ready for input
      |  ^~~~~~~
../Core/Src/main.c:86:6: warning: implicit declaration of function 'write' [-Wimplicit-function-declaration]
   86 |      write(output);
      |      ^~~~~
arm-none-eabi-gcc -o "A3.elf" @"objects.list"   -mcpu=cortex-m4 -T"C:\Users\Wilso\Desktop\Code\C\A3\STM32L4A6ZGTX_FLASH.ld" --specs=nosys.specs -Wl,-Map="A3.map" -Wl,--gc-sections -static --specs=nano.specs -mfpu=fpv4-sp-d16 -mfloat-abi=hard -mthumb -Wl,--start-group -lc -lm -Wl,--end-group
Finished building target: A3.elf
 
arm-none-eabi-size   A3.elf 
arm-none-eabi-objdump -h -S  A3.elf  > "A3.list"
   text	   data	    bss	    dec	    hex	filename
   7804	     60	   1596	   9460	   24f4	A3.elf
Finished building: default.size.stdout
 
Finished building: A3.list
 
13:28:06 **** Incremental Build of configuration Debug for project A3 ****
make -j16 all 
arm-none-eabi-gcc "../Core/Src/lcd.c" -mcpu=cortex-m4 -std=gnu11 -g3 -DDEBUG -DUSE_HAL_DRIVER -DSTM32L4A6xx -c -I../Core/Inc -I../Drivers/STM32L4xx_HAL_Driver/Inc -I../Drivers/STM32L4xx_HAL_Driver/Inc/Legacy -I../Drivers/CMSIS/Device/ST/STM32L4xx/Include -I../Drivers/CMSIS/Include -O0 -ffunction-sections -fdata-sections -Wall -fstack-usage -fcyclomatic-complexity -MMD -MP -MF"Core/Src/lcd.d" -MT"Core/Src/lcd.o" --specs=nano.specs -mfpu=fpv4-sp-d16 -mfloat-abi=hard -mthumb -o "Core/Src/lcd.o"
arm-none-eabi-gcc "../Core/Src/main.c" -mcpu=cortex-m4 -std=gnu11 -g3 -DDEBUG -DUSE_HAL_DRIVER -DSTM32L4A6xx -c -I../Core/Inc -I../Drivers/STM32L4xx_HAL_Driver/Inc -I../Drivers/STM32L4xx_HAL_Driver/Inc/Legacy -I../Drivers/CMSIS/Device/ST/STM32L4xx/Include -I../Drivers/CMSIS/Include -O0 -ffunction-sections -fdata-sections -Wall -fstack-usage -fcyclomatic-complexity -MMD -MP -MF"Core/Src/main.d" -MT"Core/Src/main.o" --specs=nano.specs -mfpu=fpv4-sp-d16 -mfloat-abi=hard -mthumb -o "Core/Src/main.o"
../Core/Src/main.c: In function 'main':
../Core/Src/main.c:42:2: warning: implicit declaration of function 'LCD_init' [-Wimplicit-function-declaration]
   42 |  LCD_init();
      |  ^~~~~~~~
../Core/Src/main.c:48:2: warning: implicit declaration of function 'lcd_set_cursor_position' [-Wimplicit-function-declaration]
   48 |  lcd_set_cursor_position(1, 0);
      |  ^~~~~~~~~~~~~~~~~~~~~~~
../Core/Src/main.c:52:2: warning: implicit declaration of function 'command' [-Wimplicit-function-declaration]
   52 |  command(0x0D);  //turns blinking cursor on to indicate ready for input
      |  ^~~~~~~
../Core/Src/main.c:86:6: warning: implicit declaration of function 'write' [-Wimplicit-function-declaration]
   86 |      write(output);
      |      ^~~~~
arm-none-eabi-gcc -o "A3.elf" @"objects.list"   -mcpu=cortex-m4 -T"C:\Users\Wilso\Desktop\Code\C\A3\STM32L4A6ZGTX_FLASH.ld" --specs=nosys.specs -Wl,-Map="A3.map" -Wl,--gc-sections -static --specs=nano.specs -mfpu=fpv4-sp-d16 -mfloat-abi=hard -mthumb -Wl,--start-group -lc -lm -Wl,--end-group
Finished building target: A3.elf
 
arm-none-eabi-size   A3.elf 
arm-none-eabi-objdump -h -S  A3.elf  > "A3.list"
   text	   data	    bss	    dec	    hex	filename
   7832	     60	   1596	   9488	   2510	A3.elf
Finished building: default.size.stdout
 
Finished building: A3.list
 
13:29:06 **** Incremental Build of configuration Debug for project A3 ****
make -j16 all 
arm-none-eabi-gcc "../Core/Src/lcd.c" -mcpu=cortex-m4 -std=gnu11 -g3 -DDEBUG -DUSE_HAL_DRIVER -DSTM32L4A6xx -c -I../Core/Inc -I../Drivers/STM32L4xx_HAL_Driver/Inc -I../Drivers/STM32L4xx_HAL_Driver/Inc/Legacy -I../Drivers/CMSIS/Device/ST/STM32L4xx/Include -I../Drivers/CMSIS/Include -O0 -ffunction-sections -fdata-sections -Wall -fstack-usage -fcyclomatic-complexity -MMD -MP -MF"Core/Src/lcd.d" -MT"Core/Src/lcd.o" --specs=nano.specs -mfpu=fpv4-sp-d16 -mfloat-abi=hard -mthumb -o "Core/Src/lcd.o"
arm-none-eabi-gcc -o "A3.elf" @"objects.list"   -mcpu=cortex-m4 -T"C:\Users\Wilso\Desktop\Code\C\A3\STM32L4A6ZGTX_FLASH.ld" --specs=nosys.specs -Wl,-Map="A3.map" -Wl,--gc-sections -static --specs=nano.specs -mfpu=fpv4-sp-d16 -mfloat-abi=hard -mthumb -Wl,--start-group -lc -lm -Wl,--end-group
Finished building target: A3.elf
 
arm-none-eabi-size   A3.elf 
arm-none-eabi-objdump -h -S  A3.elf  > "A3.list"
   text	   data	    bss	    dec	    hex	filename
   7832	     60	   1596	   9488	   2510	A3.elf
Finished building: default.size.stdout
 
Finished building: A3.list
 
13:33:50 **** Incremental Build of configuration Debug for project A3 ****
make -j16 all 
arm-none-eabi-gcc "../Core/Src/main.c" -mcpu=cortex-m4 -std=gnu11 -g3 -DDEBUG -DUSE_HAL_DRIVER -DSTM32L4A6xx -c -I../Core/Inc -I../Drivers/STM32L4xx_HAL_Driver/Inc -I../Drivers/STM32L4xx_HAL_Driver/Inc/Legacy -I../Drivers/CMSIS/Device/ST/STM32L4xx/Include -I../Drivers/CMSIS/Include -O0 -ffunction-sections -fdata-sections -Wall -fstack-usage -fcyclomatic-complexity -MMD -MP -MF"Core/Src/main.d" -MT"Core/Src/main.o" --specs=nano.specs -mfpu=fpv4-sp-d16 -mfloat-abi=hard -mthumb -o "Core/Src/main.o"
../Core/Src/main.c: In function 'main':
../Core/Src/main.c:42:2: warning: implicit declaration of function 'LCD_init' [-Wimplicit-function-declaration]
   42 |  LCD_init();
      |  ^~~~~~~~
../Core/Src/main.c:47:2: warning: implicit declaration of function 'lcd_set_cursor_position' [-Wimplicit-function-declaration]
   47 |  lcd_set_cursor_position(1, 0);
      |  ^~~~~~~~~~~~~~~~~~~~~~~
../Core/Src/main.c:51:2: warning: implicit declaration of function 'command' [-Wimplicit-function-declaration]
   51 |  command(0x0D);  //turns blinking cursor on to indicate ready for input
      |  ^~~~~~~
../Core/Src/main.c:85:6: warning: implicit declaration of function 'write' [-Wimplicit-function-declaration]
   85 |      write(output);
      |      ^~~~~
arm-none-eabi-gcc -o "A3.elf" @"objects.list"   -mcpu=cortex-m4 -T"C:\Users\Wilso\Desktop\Code\C\A3\STM32L4A6ZGTX_FLASH.ld" --specs=nosys.specs -Wl,-Map="A3.map" -Wl,--gc-sections -static --specs=nano.specs -mfpu=fpv4-sp-d16 -mfloat-abi=hard -mthumb -Wl,--start-group -lc -lm -Wl,--end-group
Finished building target: A3.elf
 
arm-none-eabi-size   A3.elf 
arm-none-eabi-objdump -h -S  A3.elf  > "A3.list"
   text	   data	    bss	    dec	    hex	filename
   7808	     60	   1596	   9464	   24f8	A3.elf
Finished building: default.size.stdout
 
Finished building: A3.list
 
13:35:04 **** Incremental Build of configuration Debug for project A3 ****
make -j16 all 
arm-none-eabi-size   A3.elf 
   text	   data	    bss	    dec	    hex	filename
   7808	     60	   1596	   9464	   24f8	A3.elf
Finished building: default.size.stdout
 
13:35:43 **** Incremental Build of configuration Debug for project A3 ****
make -j16 all 
arm-none-eabi-gcc "../Core/Src/main.c" -mcpu=cortex-m4 -std=gnu11 -g3 -DDEBUG -DUSE_HAL_DRIVER -DSTM32L4A6xx -c -I../Core/Inc -I../Drivers/STM32L4xx_HAL_Driver/Inc -I../Drivers/STM32L4xx_HAL_Driver/Inc/Legacy -I../Drivers/CMSIS/Device/ST/STM32L4xx/Include -I../Drivers/CMSIS/Include -O0 -ffunction-sections -fdata-sections -Wall -fstack-usage -fcyclomatic-complexity -MMD -MP -MF"Core/Src/main.d" -MT"Core/Src/main.o" --specs=nano.specs -mfpu=fpv4-sp-d16 -mfloat-abi=hard -mthumb -o "Core/Src/main.o"
../Core/Src/main.c: In function 'main':
../Core/Src/main.c:42:2: warning: implicit declaration of function 'LCD_init' [-Wimplicit-function-declaration]
   42 |  LCD_init();
      |  ^~~~~~~~
../Core/Src/main.c:47:2: warning: implicit declaration of function 'lcd_set_cursor_position' [-Wimplicit-function-declaration]
   47 |  lcd_set_cursor_position(1, 0);
      |  ^~~~~~~~~~~~~~~~~~~~~~~
../Core/Src/main.c:51:2: warning: implicit declaration of function 'command' [-Wimplicit-function-declaration]
   51 |  command(0x0D);  //turns blinking cursor on to indicate ready for input
      |  ^~~~~~~
../Core/Src/main.c:85:6: warning: implicit declaration of function 'write' [-Wimplicit-function-declaration]
   85 |      write(output);
      |      ^~~~~
arm-none-eabi-gcc -o "A3.elf" @"objects.list"   -mcpu=cortex-m4 -T"C:\Users\Wilso\Desktop\Code\C\A3\STM32L4A6ZGTX_FLASH.ld" --specs=nosys.specs -Wl,-Map="A3.map" -Wl,--gc-sections -static --specs=nano.specs -mfpu=fpv4-sp-d16 -mfloat-abi=hard -mthumb -Wl,--start-group -lc -lm -Wl,--end-group
Finished building target: A3.elf
 
arm-none-eabi-size   A3.elf 
arm-none-eabi-objdump -h -S  A3.elf  > "A3.list"
   text	   data	    bss	    dec	    hex	filename
   7808	     60	   1596	   9464	   24f8	A3.elf
Finished building: default.size.stdout
 
Finished building: A3.list
 
13:36:22 **** Incremental Build of configuration Debug for project A3 ****
make -j16 all 
arm-none-eabi-gcc "../Core/Src/main.c" -mcpu=cortex-m4 -std=gnu11 -g3 -DDEBUG -DUSE_HAL_DRIVER -DSTM32L4A6xx -c -I../Core/Inc -I../Drivers/STM32L4xx_HAL_Driver/Inc -I../Drivers/STM32L4xx_HAL_Driver/Inc/Legacy -I../Drivers/CMSIS/Device/ST/STM32L4xx/Include -I../Drivers/CMSIS/Include -O0 -ffunction-sections -fdata-sections -Wall -fstack-usage -fcyclomatic-complexity -MMD -MP -MF"Core/Src/main.d" -MT"Core/Src/main.o" --specs=nano.specs -mfpu=fpv4-sp-d16 -mfloat-abi=hard -mthumb -o "Core/Src/main.o"
../Core/Src/main.c: In function 'main':
../Core/Src/main.c:42:2: warning: implicit declaration of function 'LCD_init' [-Wimplicit-function-declaration]
   42 |  LCD_init();
      |  ^~~~~~~~
../Core/Src/main.c:47:2: warning: implicit declaration of function 'lcd_set_cursor_position' [-Wimplicit-function-declaration]
   47 |  lcd_set_cursor_position(1, 0);
      |  ^~~~~~~~~~~~~~~~~~~~~~~
../Core/Src/main.c:51:2: warning: implicit declaration of function 'command' [-Wimplicit-function-declaration]
   51 |  command(0x0D);  //turns blinking cursor on to indicate ready for input
      |  ^~~~~~~
../Core/Src/main.c:85:6: warning: implicit declaration of function 'write' [-Wimplicit-function-declaration]
   85 |      write(output);
      |      ^~~~~
arm-none-eabi-gcc -o "A3.elf" @"objects.list"   -mcpu=cortex-m4 -T"C:\Users\Wilso\Desktop\Code\C\A3\STM32L4A6ZGTX_FLASH.ld" --specs=nosys.specs -Wl,-Map="A3.map" -Wl,--gc-sections -static --specs=nano.specs -mfpu=fpv4-sp-d16 -mfloat-abi=hard -mthumb -Wl,--start-group -lc -lm -Wl,--end-group
Finished building target: A3.elf
 
arm-none-eabi-size   A3.elf 
arm-none-eabi-objdump -h -S  A3.elf  > "A3.list"
   text	   data	    bss	    dec	    hex	filename
   7808	     60	   1596	   9464	   24f8	A3.elf
Finished building: default.size.stdout
 
Finished building: A3.list
 
13:36:58 **** Incremental Build of configuration Debug for project A3 ****
make -j16 all 
arm-none-eabi-gcc "../Core/Src/main.c" -mcpu=cortex-m4 -std=gnu11 -g3 -DDEBUG -DUSE_HAL_DRIVER -DSTM32L4A6xx -c -I../Core/Inc -I../Drivers/STM32L4xx_HAL_Driver/Inc -I../Drivers/STM32L4xx_HAL_Driver/Inc/Legacy -I../Drivers/CMSIS/Device/ST/STM32L4xx/Include -I../Drivers/CMSIS/Include -O0 -ffunction-sections -fdata-sections -Wall -fstack-usage -fcyclomatic-complexity -MMD -MP -MF"Core/Src/main.d" -MT"Core/Src/main.o" --specs=nano.specs -mfpu=fpv4-sp-d16 -mfloat-abi=hard -mthumb -o "Core/Src/main.o"
../Core/Src/main.c: In function 'main':
../Core/Src/main.c:42:2: warning: implicit declaration of function 'LCD_init' [-Wimplicit-function-declaration]
   42 |  LCD_init();
      |  ^~~~~~~~
../Core/Src/main.c:47:2: warning: implicit declaration of function 'lcd_set_cursor_position' [-Wimplicit-function-declaration]
   47 |  lcd_set_cursor_position(1, 0);
      |  ^~~~~~~~~~~~~~~~~~~~~~~
../Core/Src/main.c:51:2: warning: implicit declaration of function 'command' [-Wimplicit-function-declaration]
   51 |  command(0x0D);  //turns blinking cursor on to indicate ready for input
      |  ^~~~~~~
../Core/Src/main.c:85:6: warning: implicit declaration of function 'write' [-Wimplicit-function-declaration]
   85 |      write(output);
      |      ^~~~~
arm-none-eabi-gcc -o "A3.elf" @"objects.list"   -mcpu=cortex-m4 -T"C:\Users\Wilso\Desktop\Code\C\A3\STM32L4A6ZGTX_FLASH.ld" --specs=nosys.specs -Wl,-Map="A3.map" -Wl,--gc-sections -static --specs=nano.specs -mfpu=fpv4-sp-d16 -mfloat-abi=hard -mthumb -Wl,--start-group -lc -lm -Wl,--end-group
Finished building target: A3.elf
 
arm-none-eabi-size   A3.elf 
arm-none-eabi-objdump -h -S  A3.elf  > "A3.list"
   text	   data	    bss	    dec	    hex	filename
   7808	     60	   1596	   9464	   24f8	A3.elf
Finished building: default.size.stdout
 
Finished building: A3.list
 
13:39:09 **** Incremental Build of configuration Debug for project A3 ****
make -j16 all 
arm-none-eabi-gcc "../Core/Src/main.c" -mcpu=cortex-m4 -std=gnu11 -g3 -DDEBUG -DUSE_HAL_DRIVER -DSTM32L4A6xx -c -I../Core/Inc -I../Drivers/STM32L4xx_HAL_Driver/Inc -I../Drivers/STM32L4xx_HAL_Driver/Inc/Legacy -I../Drivers/CMSIS/Device/ST/STM32L4xx/Include -I../Drivers/CMSIS/Include -O0 -ffunction-sections -fdata-sections -Wall -fstack-usage -fcyclomatic-complexity -MMD -MP -MF"Core/Src/main.d" -MT"Core/Src/main.o" --specs=nano.specs -mfpu=fpv4-sp-d16 -mfloat-abi=hard -mthumb -o "Core/Src/main.o"
../Core/Src/main.c: In function 'main':
../Core/Src/main.c:42:2: warning: implicit declaration of function 'LCD_init' [-Wimplicit-function-declaration]
   42 |  LCD_init();
      |  ^~~~~~~~
../Core/Src/main.c:48:2: warning: implicit declaration of function 'lcd_set_cursor_position' [-Wimplicit-function-declaration]
   48 |  lcd_set_cursor_position(1, 0);
      |  ^~~~~~~~~~~~~~~~~~~~~~~
../Core/Src/main.c:52:2: warning: implicit declaration of function 'command' [-Wimplicit-function-declaration]
   52 |  command(0x0D);  //turns blinking cursor on to indicate ready for input
      |  ^~~~~~~
../Core/Src/main.c:87:6: warning: implicit declaration of function 'write' [-Wimplicit-function-declaration]
   87 |      write(output);
      |      ^~~~~
arm-none-eabi-gcc -o "A3.elf" @"objects.list"   -mcpu=cortex-m4 -T"C:\Users\Wilso\Desktop\Code\C\A3\STM32L4A6ZGTX_FLASH.ld" --specs=nosys.specs -Wl,-Map="A3.map" -Wl,--gc-sections -static --specs=nano.specs -mfpu=fpv4-sp-d16 -mfloat-abi=hard -mthumb -Wl,--start-group -lc -lm -Wl,--end-group
Finished building target: A3.elf
 
arm-none-eabi-size   A3.elf 
arm-none-eabi-objdump -h -S  A3.elf  > "A3.list"
   text	   data	    bss	    dec	    hex	filename
   7808	     60	   1596	   9464	   24f8	A3.elf
Finished building: default.size.stdout
 
Finished building: A3.list
 
13:40:37 **** Incremental Build of configuration Debug for project A3 ****
make -j16 all 
arm-none-eabi-gcc "../Core/Src/lcd.c" -mcpu=cortex-m4 -std=gnu11 -g3 -DDEBUG -DUSE_HAL_DRIVER -DSTM32L4A6xx -c -I../Core/Inc -I../Drivers/STM32L4xx_HAL_Driver/Inc -I../Drivers/STM32L4xx_HAL_Driver/Inc/Legacy -I../Drivers/CMSIS/Device/ST/STM32L4xx/Include -I../Drivers/CMSIS/Include -O0 -ffunction-sections -fdata-sections -Wall -fstack-usage -fcyclomatic-complexity -MMD -MP -MF"Core/Src/lcd.d" -MT"Core/Src/lcd.o" --specs=nano.specs -mfpu=fpv4-sp-d16 -mfloat-abi=hard -mthumb -o "Core/Src/lcd.o"
arm-none-eabi-gcc -o "A3.elf" @"objects.list"   -mcpu=cortex-m4 -T"C:\Users\Wilso\Desktop\Code\C\A3\STM32L4A6ZGTX_FLASH.ld" --specs=nosys.specs -Wl,-Map="A3.map" -Wl,--gc-sections -static --specs=nano.specs -mfpu=fpv4-sp-d16 -mfloat-abi=hard -mthumb -Wl,--start-group -lc -lm -Wl,--end-group
Finished building target: A3.elf
 
arm-none-eabi-size   A3.elf 
arm-none-eabi-objdump -h -S  A3.elf  > "A3.list"
   text	   data	    bss	    dec	    hex	filename
   7804	     60	   1596	   9460	   24f4	A3.elf
Finished building: default.size.stdout
 
Finished building: A3.list
 
13:42:13 **** Incremental Build of configuration Debug for project A3 ****
make -j16 all 
arm-none-eabi-gcc "../Core/Src/main.c" -mcpu=cortex-m4 -std=gnu11 -g3 -DDEBUG -DUSE_HAL_DRIVER -DSTM32L4A6xx -c -I../Core/Inc -I../Drivers/STM32L4xx_HAL_Driver/Inc -I../Drivers/STM32L4xx_HAL_Driver/Inc/Legacy -I../Drivers/CMSIS/Device/ST/STM32L4xx/Include -I../Drivers/CMSIS/Include -O0 -ffunction-sections -fdata-sections -Wall -fstack-usage -fcyclomatic-complexity -MMD -MP -MF"Core/Src/main.d" -MT"Core/Src/main.o" --specs=nano.specs -mfpu=fpv4-sp-d16 -mfloat-abi=hard -mthumb -o "Core/Src/main.o"
../Core/Src/main.c: In function 'main':
../Core/Src/main.c:42:2: warning: implicit declaration of function 'LCD_init' [-Wimplicit-function-declaration]
   42 |  LCD_init();
      |  ^~~~~~~~
../Core/Src/main.c:48:2: warning: implicit declaration of function 'lcd_set_cursor_position' [-Wimplicit-function-declaration]
   48 |  lcd_set_cursor_position(1, 0);
      |  ^~~~~~~~~~~~~~~~~~~~~~~
../Core/Src/main.c:52:2: warning: implicit declaration of function 'command' [-Wimplicit-function-declaration]
   52 |  command(0x0D);  //turns blinking cursor on to indicate ready for input
      |  ^~~~~~~
../Core/Src/main.c:87:6: warning: implicit declaration of function 'write' [-Wimplicit-function-declaration]
   87 |      write(output);
      |      ^~~~~
arm-none-eabi-gcc -o "A3.elf" @"objects.list"   -mcpu=cortex-m4 -T"C:\Users\Wilso\Desktop\Code\C\A3\STM32L4A6ZGTX_FLASH.ld" --specs=nosys.specs -Wl,-Map="A3.map" -Wl,--gc-sections -static --specs=nano.specs -mfpu=fpv4-sp-d16 -mfloat-abi=hard -mthumb -Wl,--start-group -lc -lm -Wl,--end-group
Finished building target: A3.elf
 
arm-none-eabi-size   A3.elf 
arm-none-eabi-objdump -h -S  A3.elf  > "A3.list"
   text	   data	    bss	    dec	    hex	filename
   7812	     60	   1596	   9468	   24fc	A3.elf
Finished building: default.size.stdout
 
Finished building: A3.list
 
13:42:44 **** Incremental Build of configuration Debug for project A3 ****
make -j16 all 
arm-none-eabi-gcc "../Core/Src/lcd.c" -mcpu=cortex-m4 -std=gnu11 -g3 -DDEBUG -DUSE_HAL_DRIVER -DSTM32L4A6xx -c -I../Core/Inc -I../Drivers/STM32L4xx_HAL_Driver/Inc -I../Drivers/STM32L4xx_HAL_Driver/Inc/Legacy -I../Drivers/CMSIS/Device/ST/STM32L4xx/Include -I../Drivers/CMSIS/Include -O0 -ffunction-sections -fdata-sections -Wall -fstack-usage -fcyclomatic-complexity -MMD -MP -MF"Core/Src/lcd.d" -MT"Core/Src/lcd.o" --specs=nano.specs -mfpu=fpv4-sp-d16 -mfloat-abi=hard -mthumb -o "Core/Src/lcd.o"
arm-none-eabi-gcc -o "A3.elf" @"objects.list"   -mcpu=cortex-m4 -T"C:\Users\Wilso\Desktop\Code\C\A3\STM32L4A6ZGTX_FLASH.ld" --specs=nosys.specs -Wl,-Map="A3.map" -Wl,--gc-sections -static --specs=nano.specs -mfpu=fpv4-sp-d16 -mfloat-abi=hard -mthumb -Wl,--start-group -lc -lm -Wl,--end-group
Finished building target: A3.elf
 
arm-none-eabi-size   A3.elf 
arm-none-eabi-objdump -h -S  A3.elf  > "A3.list"
   text	   data	    bss	    dec	    hex	filename
   7816	     60	   1596	   9472	   2500	A3.elf
Finished building: default.size.stdout
 
Finished building: A3.list
 
