20:47:20 **** Incremental Build of configuration Debug for project A5 ****
make -j16 all 
arm-none-eabi-gcc "../Core/Src/main.c" -mcpu=cortex-m4 -std=gnu11 -g3 -DDEBUG -DUSE_HAL_DRIVER -DSTM32L4A6xx -c -I../Core/Inc -I../Drivers/STM32L4xx_HAL_Driver/Inc -I../Drivers/STM32L4xx_HAL_Driver/Inc/Legacy -I../Drivers/CMSIS/Device/ST/STM32L4xx/Include -I../Drivers/CMSIS/Include -O0 -ffunction-sections -fdata-sections -Wall -fstack-usage -fcyclomatic-complexity -MMD -MP -MF"Core/Src/main.d" -MT"Core/Src/main.o" --specs=nano.specs -mfpu=fpv4-sp-d16 -mfloat-abi=hard -mthumb -o "Core/Src/main.o"
../Core/Src/main.c: In function 'main':
../Core/Src/main.c:20:3: warning: implicit declaration of function 'SPI_init' [-Wimplicit-function-declaration]
   20 |   SPI_init();
      |   ^~~~~~~~
../Core/Src/main.c:33:16: warning: implicit declaration of function 'DAC_write' [-Wimplicit-function-declaration]
   33 |                DAC_write(0);
      |                ^~~~~~~~~
../Core/Src/main.c:50:43: warning: implicit declaration of function 'DAC_volt_conv' [-Wimplicit-function-declaration]
   50 |                        uint32_t dig_val = DAC_volt_conv((output_volt * 10) + 200);
      |                                           ^~~~~~~~~~~~~
arm-none-eabi-gcc -o "A5.elf" @"objects.list"   -mcpu=cortex-m4 -T"C:\Users\Wilso\Desktop\Code\C\A5\STM32L4A6ZGTX_FLASH.ld" --specs=nosys.specs -Wl,-Map="A5.map" -Wl,--gc-sections -static --specs=nano.specs -mfpu=fpv4-sp-d16 -mfloat-abi=hard -mthumb -Wl,--start-group -lc -lm -Wl,--end-group
Finished building target: A5.elf
 
arm-none-eabi-size   A5.elf 
arm-none-eabi-objdump -h -S  A5.elf  > "A5.list"
   text	   data	    bss	    dec	    hex	filename
   8264	     52	   1572	   9888	   26a0	A5.elf
Finished building: default.size.stdout
 
Finished building: A5.list
 
20:47:24 **** Incremental Build of configuration Debug for project A5 ****
make -j16 all 
arm-none-eabi-size   A5.elf 
   text	   data	    bss	    dec	    hex	filename
   8264	     52	   1572	   9888	   26a0	A5.elf
Finished building: default.size.stdout
 
20:48:24 **** Incremental Build of configuration Debug for project A5 ****
make -j16 all 
arm-none-eabi-size   A5.elf 
   text	   data	    bss	    dec	    hex	filename
   8264	     52	   1572	   9888	   26a0	A5.elf
Finished building: default.size.stdout
 
20:51:04 **** Incremental Build of configuration Debug for project A5 ****
make -j16 all 
arm-none-eabi-gcc "../Core/Src/main.c" -mcpu=cortex-m4 -std=gnu11 -g3 -DDEBUG -DUSE_HAL_DRIVER -DSTM32L4A6xx -c -I../Core/Inc -I../Drivers/STM32L4xx_HAL_Driver/Inc -I../Drivers/STM32L4xx_HAL_Driver/Inc/Legacy -I../Drivers/CMSIS/Device/ST/STM32L4xx/Include -I../Drivers/CMSIS/Include -O0 -ffunction-sections -fdata-sections -Wall -fstack-usage -fcyclomatic-complexity -MMD -MP -MF"Core/Src/main.d" -MT"Core/Src/main.o" --specs=nano.specs -mfpu=fpv4-sp-d16 -mfloat-abi=hard -mthumb -o "Core/Src/main.o"
../Core/Src/main.c: In function 'main':
../Core/Src/main.c:20:3: warning: implicit declaration of function 'SPI_init' [-Wimplicit-function-declaration]
   20 |   SPI_init();
      |   ^~~~~~~~
../Core/Src/main.c:33:16: warning: implicit declaration of function 'DAC_write' [-Wimplicit-function-declaration]
   33 |                DAC_write(0);
      |                ^~~~~~~~~
../Core/Src/main.c:50:43: warning: implicit declaration of function 'DAC_volt_conv' [-Wimplicit-function-declaration]
   50 |                        uint32_t dig_val = DAC_volt_conv((output_volt * 10) );
      |                                           ^~~~~~~~~~~~~
arm-none-eabi-gcc -o "A5.elf" @"objects.list"   -mcpu=cortex-m4 -T"C:\Users\Wilso\Desktop\Code\C\A5\STM32L4A6ZGTX_FLASH.ld" --specs=nosys.specs -Wl,-Map="A5.map" -Wl,--gc-sections -static --specs=nano.specs -mfpu=fpv4-sp-d16 -mfloat-abi=hard -mthumb -Wl,--start-group -lc -lm -Wl,--end-group
Finished building target: A5.elf
 
arm-none-eabi-size   A5.elf 
arm-none-eabi-objdump -h -S  A5.elf  > "A5.list"
   text	   data	    bss	    dec	    hex	filename
   8264	     52	   1572	   9888	   26a0	A5.elf
Finished building: default.size.stdout
 
Finished building: A5.list
 
20:52:08 **** Incremental Build of configuration Debug for project A5 ****
make -j16 all 
arm-none-eabi-gcc "../Core/Src/main.c" -mcpu=cortex-m4 -std=gnu11 -g3 -DDEBUG -DUSE_HAL_DRIVER -DSTM32L4A6xx -c -I../Core/Inc -I../Drivers/STM32L4xx_HAL_Driver/Inc -I../Drivers/STM32L4xx_HAL_Driver/Inc/Legacy -I../Drivers/CMSIS/Device/ST/STM32L4xx/Include -I../Drivers/CMSIS/Include -O0 -ffunction-sections -fdata-sections -Wall -fstack-usage -fcyclomatic-complexity -MMD -MP -MF"Core/Src/main.d" -MT"Core/Src/main.o" --specs=nano.specs -mfpu=fpv4-sp-d16 -mfloat-abi=hard -mthumb -o "Core/Src/main.o"
../Core/Src/main.c: In function 'main':
../Core/Src/main.c:19:3: warning: implicit declaration of function 'SPI_init' [-Wimplicit-function-declaration]
   19 |   SPI_init();
      |   ^~~~~~~~
../Core/Src/main.c:31:9: warning: implicit declaration of function 'DAC_write' [-Wimplicit-function-declaration]
   31 |         DAC_write(0);
      |         ^~~~~~~~~
../Core/Src/main.c:48:28: warning: implicit declaration of function 'DAC_volt_conv' [-Wimplicit-function-declaration]
   48 |         uint32_t dig_val = DAC_volt_conv((output_volt * 10));
      |                            ^~~~~~~~~~~~~
arm-none-eabi-gcc -o "A5.elf" @"objects.list"   -mcpu=cortex-m4 -T"C:\Users\Wilso\Desktop\Code\C\A5\STM32L4A6ZGTX_FLASH.ld" --specs=nosys.specs -Wl,-Map="A5.map" -Wl,--gc-sections -static --specs=nano.specs -mfpu=fpv4-sp-d16 -mfloat-abi=hard -mthumb -Wl,--start-group -lc -lm -Wl,--end-group
Finished building target: A5.elf
 
arm-none-eabi-size   A5.elf 
arm-none-eabi-objdump -h -S  A5.elf  > "A5.list"
   text	   data	    bss	    dec	    hex	filename
   8264	     52	   1572	   9888	   26a0	A5.elf
Finished building: default.size.stdout
 
Finished building: A5.list
 
