22:56:22 **** Incremental Build of configuration Debug for project A3 ****
make -j16 all 
arm-none-eabi-gcc "../Core/Src/lcd.c" -mcpu=cortex-m4 -std=gnu11 -g3 -DDEBUG -DUSE_HAL_DRIVER -DSTM32L4A6xx -c -I../Core/Inc -I../Drivers/STM32L4xx_HAL_Driver/Inc -I../Drivers/STM32L4xx_HAL_Driver/Inc/Legacy -I../Drivers/CMSIS/Device/ST/STM32L4xx/Include -I../Drivers/CMSIS/Include -O0 -ffunction-sections -fdata-sections -Wall -fstack-usage -fcyclomatic-complexity -MMD -MP -MF"Core/Src/lcd.d" -MT"Core/Src/lcd.o" --specs=nano.specs -mfpu=fpv4-sp-d16 -mfloat-abi=hard -mthumb -o "Core/Src/lcd.o"
arm-none-eabi-gcc -o "A3.elf" @"objects.list"   -mcpu=cortex-m4 -T"C:\Users\Wilso\Desktop\Code\C\A3\STM32L4A6ZGTX_FLASH.ld" --specs=nosys.specs -Wl,-Map="A3.map" -Wl,--gc-sections -static --specs=nano.specs -mfpu=fpv4-sp-d16 -mfloat-abi=hard -mthumb -Wl,--start-group -lc -lm -Wl,--end-group
Finished building target: A3.elf
 
arm-none-eabi-size   A3.elf 
arm-none-eabi-objdump -h -S  A3.elf  > "A3.list"
   text	   data	    bss	    dec	    hex	filename
   6072	     20	   1572	   7664	   1df0	A3.elf
Finished building: default.size.stdout
 
Finished building: A3.list
 
22:56:26 **** Incremental Build of configuration Debug for project A3 ****
make -j16 all 
arm-none-eabi-size   A3.elf 
   text	   data	    bss	    dec	    hex	filename
   6072	     20	   1572	   7664	   1df0	A3.elf
Finished building: default.size.stdout
 
22:58:42 **** Incremental Build of configuration Debug for project A3 ****
make -j16 all 
arm-none-eabi-gcc "../Core/Src/lcd.c" -mcpu=cortex-m4 -std=gnu11 -g3 -DDEBUG -DUSE_HAL_DRIVER -DSTM32L4A6xx -c -I../Core/Inc -I../Drivers/STM32L4xx_HAL_Driver/Inc -I../Drivers/STM32L4xx_HAL_Driver/Inc/Legacy -I../Drivers/CMSIS/Device/ST/STM32L4xx/Include -I../Drivers/CMSIS/Include -O0 -ffunction-sections -fdata-sections -Wall -fstack-usage -fcyclomatic-complexity -MMD -MP -MF"Core/Src/lcd.d" -MT"Core/Src/lcd.o" --specs=nano.specs -mfpu=fpv4-sp-d16 -mfloat-abi=hard -mthumb -o "Core/Src/lcd.o"
arm-none-eabi-gcc -o "A3.elf" @"objects.list"   -mcpu=cortex-m4 -T"C:\Users\Wilso\Desktop\Code\C\A3\STM32L4A6ZGTX_FLASH.ld" --specs=nosys.specs -Wl,-Map="A3.map" -Wl,--gc-sections -static --specs=nano.specs -mfpu=fpv4-sp-d16 -mfloat-abi=hard -mthumb -Wl,--start-group -lc -lm -Wl,--end-group
Finished building target: A3.elf
 
arm-none-eabi-size   A3.elf 
arm-none-eabi-objdump -h -S  A3.elf  > "A3.list"
   text	   data	    bss	    dec	    hex	filename
   6088	     20	   1572	   7680	   1e00	A3.elf
Finished building: default.size.stdout
 
Finished building: A3.list
 
22:59:16 **** Incremental Build of configuration Debug for project A3 ****
make -j16 all 
arm-none-eabi-size   A3.elf 
   text	   data	    bss	    dec	    hex	filename
   6088	     20	   1572	   7680	   1e00	A3.elf
Finished building: default.size.stdout
 
23:06:17 **** Incremental Build of configuration Debug for project A3 ****
make -j16 all 
arm-none-eabi-gcc "../Core/Src/lcd.c" -mcpu=cortex-m4 -std=gnu11 -g3 -DDEBUG -DUSE_HAL_DRIVER -DSTM32L4A6xx -c -I../Core/Inc -I../Drivers/STM32L4xx_HAL_Driver/Inc -I../Drivers/STM32L4xx_HAL_Driver/Inc/Legacy -I../Drivers/CMSIS/Device/ST/STM32L4xx/Include -I../Drivers/CMSIS/Include -O0 -ffunction-sections -fdata-sections -Wall -fstack-usage -fcyclomatic-complexity -MMD -MP -MF"Core/Src/lcd.d" -MT"Core/Src/lcd.o" --specs=nano.specs -mfpu=fpv4-sp-d16 -mfloat-abi=hard -mthumb -o "Core/Src/lcd.o"
arm-none-eabi-gcc -o "A3.elf" @"objects.list"   -mcpu=cortex-m4 -T"C:\Users\Wilso\Desktop\Code\C\A3\STM32L4A6ZGTX_FLASH.ld" --specs=nosys.specs -Wl,-Map="A3.map" -Wl,--gc-sections -static --specs=nano.specs -mfpu=fpv4-sp-d16 -mfloat-abi=hard -mthumb -Wl,--start-group -lc -lm -Wl,--end-group
Finished building target: A3.elf
 
arm-none-eabi-size   A3.elf 
arm-none-eabi-objdump -h -S  A3.elf  > "A3.list"
   text	   data	    bss	    dec	    hex	filename
   6056	     20	   1572	   7648	   1de0	A3.elf
Finished building: default.size.stdout
 
Finished building: A3.list
 
23:07:04 **** Incremental Build of configuration Debug for project A3 ****
make -j16 all 
arm-none-eabi-gcc "../Core/Src/main.c" -mcpu=cortex-m4 -std=gnu11 -g3 -DDEBUG -DUSE_HAL_DRIVER -DSTM32L4A6xx -c -I../Core/Inc -I../Drivers/STM32L4xx_HAL_Driver/Inc -I../Drivers/STM32L4xx_HAL_Driver/Inc/Legacy -I../Drivers/CMSIS/Device/ST/STM32L4xx/Include -I../Drivers/CMSIS/Include -O0 -ffunction-sections -fdata-sections -Wall -fstack-usage -fcyclomatic-complexity -MMD -MP -MF"Core/Src/main.d" -MT"Core/Src/main.o" --specs=nano.specs -mfpu=fpv4-sp-d16 -mfloat-abi=hard -mthumb -o "Core/Src/main.o"
../Core/Src/main.c: In function 'main':
../Core/Src/main.c:17:5: warning: implicit declaration of function 'LCD_init' [-Wimplicit-function-declaration]
   17 |     LCD_init();
      |     ^~~~~~~~
../Core/Src/main.c:19:5: warning: implicit declaration of function 'write' [-Wimplicit-function-declaration]
   19 |     write("A");
      |     ^~~~~
arm-none-eabi-gcc -o "A3.elf" @"objects.list"   -mcpu=cortex-m4 -T"C:\Users\Wilso\Desktop\Code\C\A3\STM32L4A6ZGTX_FLASH.ld" --specs=nosys.specs -Wl,-Map="A3.map" -Wl,--gc-sections -static --specs=nano.specs -mfpu=fpv4-sp-d16 -mfloat-abi=hard -mthumb -Wl,--start-group -lc -lm -Wl,--end-group
Finished building target: A3.elf
 
arm-none-eabi-size   A3.elf 
arm-none-eabi-objdump -h -S  A3.elf  > "A3.list"
   text	   data	    bss	    dec	    hex	filename
   5980	     20	   1572	   7572	   1d94	A3.elf
Finished building: default.size.stdout
 
Finished building: A3.list
 
23:10:52 **** Incremental Build of configuration Debug for project A3 ****
make -j16 all 
arm-none-eabi-gcc "../Core/Src/lcd.c" -mcpu=cortex-m4 -std=gnu11 -g3 -DDEBUG -DUSE_HAL_DRIVER -DSTM32L4A6xx -c -I../Core/Inc -I../Drivers/STM32L4xx_HAL_Driver/Inc -I../Drivers/STM32L4xx_HAL_Driver/Inc/Legacy -I../Drivers/CMSIS/Device/ST/STM32L4xx/Include -I../Drivers/CMSIS/Include -O0 -ffunction-sections -fdata-sections -Wall -fstack-usage -fcyclomatic-complexity -MMD -MP -MF"Core/Src/lcd.d" -MT"Core/Src/lcd.o" --specs=nano.specs -mfpu=fpv4-sp-d16 -mfloat-abi=hard -mthumb -o "Core/Src/lcd.o"
arm-none-eabi-gcc -o "A3.elf" @"objects.list"   -mcpu=cortex-m4 -T"C:\Users\Wilso\Desktop\Code\C\A3\STM32L4A6ZGTX_FLASH.ld" --specs=nosys.specs -Wl,-Map="A3.map" -Wl,--gc-sections -static --specs=nano.specs -mfpu=fpv4-sp-d16 -mfloat-abi=hard -mthumb -Wl,--start-group -lc -lm -Wl,--end-group
Finished building target: A3.elf
 
arm-none-eabi-size   A3.elf 
arm-none-eabi-objdump -h -S  A3.elf  > "A3.list"
   text	   data	    bss	    dec	    hex	filename
   5964	     20	   1572	   7556	   1d84	A3.elf
Finished building: default.size.stdout
 
Finished building: A3.list
 
23:12:54 **** Incremental Build of configuration Debug for project A3 ****
make -j16 all 
arm-none-eabi-gcc "../Core/Src/lcd.c" -mcpu=cortex-m4 -std=gnu11 -g3 -DDEBUG -DUSE_HAL_DRIVER -DSTM32L4A6xx -c -I../Core/Inc -I../Drivers/STM32L4xx_HAL_Driver/Inc -I../Drivers/STM32L4xx_HAL_Driver/Inc/Legacy -I../Drivers/CMSIS/Device/ST/STM32L4xx/Include -I../Drivers/CMSIS/Include -O0 -ffunction-sections -fdata-sections -Wall -fstack-usage -fcyclomatic-complexity -MMD -MP -MF"Core/Src/lcd.d" -MT"Core/Src/lcd.o" --specs=nano.specs -mfpu=fpv4-sp-d16 -mfloat-abi=hard -mthumb -o "Core/Src/lcd.o"
arm-none-eabi-gcc -o "A3.elf" @"objects.list"   -mcpu=cortex-m4 -T"C:\Users\Wilso\Desktop\Code\C\A3\STM32L4A6ZGTX_FLASH.ld" --specs=nosys.specs -Wl,-Map="A3.map" -Wl,--gc-sections -static --specs=nano.specs -mfpu=fpv4-sp-d16 -mfloat-abi=hard -mthumb -Wl,--start-group -lc -lm -Wl,--end-group
Finished building target: A3.elf
 
arm-none-eabi-size   A3.elf 
arm-none-eabi-objdump -h -S  A3.elf  > "A3.list"
   text	   data	    bss	    dec	    hex	filename
   5980	     20	   1572	   7572	   1d94	A3.elf
Finished building: default.size.stdout
 
Finished building: A3.list
 
23:15:06 **** Incremental Build of configuration Debug for project A3 ****
make -j16 all 
arm-none-eabi-gcc "../Core/Src/lcd.c" -mcpu=cortex-m4 -std=gnu11 -g3 -DDEBUG -DUSE_HAL_DRIVER -DSTM32L4A6xx -c -I../Core/Inc -I../Drivers/STM32L4xx_HAL_Driver/Inc -I../Drivers/STM32L4xx_HAL_Driver/Inc/Legacy -I../Drivers/CMSIS/Device/ST/STM32L4xx/Include -I../Drivers/CMSIS/Include -O0 -ffunction-sections -fdata-sections -Wall -fstack-usage -fcyclomatic-complexity -MMD -MP -MF"Core/Src/lcd.d" -MT"Core/Src/lcd.o" --specs=nano.specs -mfpu=fpv4-sp-d16 -mfloat-abi=hard -mthumb -o "Core/Src/lcd.o"
arm-none-eabi-gcc -o "A3.elf" @"objects.list"   -mcpu=cortex-m4 -T"C:\Users\Wilso\Desktop\Code\C\A3\STM32L4A6ZGTX_FLASH.ld" --specs=nosys.specs -Wl,-Map="A3.map" -Wl,--gc-sections -static --specs=nano.specs -mfpu=fpv4-sp-d16 -mfloat-abi=hard -mthumb -Wl,--start-group -lc -lm -Wl,--end-group
Finished building target: A3.elf
 
arm-none-eabi-size   A3.elf 
arm-none-eabi-objdump -h -S  A3.elf  > "A3.list"
   text	   data	    bss	    dec	    hex	filename
   6004	     20	   1572	   7596	   1dac	A3.elf
Finished building: default.size.stdout
 
Finished building: A3.list
 
23:16:00 **** Incremental Build of configuration Debug for project A3 ****
make -j16 all 
arm-none-eabi-size   A3.elf 
   text	   data	    bss	    dec	    hex	filename
   6004	     20	   1572	   7596	   1dac	A3.elf
Finished building: default.size.stdout
 
23:22:35 **** Incremental Build of configuration Debug for project A3 ****
make -j16 all 
arm-none-eabi-gcc "../Core/Src/lcd.c" -mcpu=cortex-m4 -std=gnu11 -g3 -DDEBUG -DUSE_HAL_DRIVER -DSTM32L4A6xx -c -I../Core/Inc -I../Drivers/STM32L4xx_HAL_Driver/Inc -I../Drivers/STM32L4xx_HAL_Driver/Inc/Legacy -I../Drivers/CMSIS/Device/ST/STM32L4xx/Include -I../Drivers/CMSIS/Include -O0 -ffunction-sections -fdata-sections -Wall -fstack-usage -fcyclomatic-complexity -MMD -MP -MF"Core/Src/lcd.d" -MT"Core/Src/lcd.o" --specs=nano.specs -mfpu=fpv4-sp-d16 -mfloat-abi=hard -mthumb -o "Core/Src/lcd.o"
arm-none-eabi-gcc -o "A3.elf" @"objects.list"   -mcpu=cortex-m4 -T"C:\Users\Wilso\Desktop\Code\C\A3\STM32L4A6ZGTX_FLASH.ld" --specs=nosys.specs -Wl,-Map="A3.map" -Wl,--gc-sections -static --specs=nano.specs -mfpu=fpv4-sp-d16 -mfloat-abi=hard -mthumb -Wl,--start-group -lc -lm -Wl,--end-group
Finished building target: A3.elf
 
arm-none-eabi-size   A3.elf 
arm-none-eabi-objdump -h -S  A3.elf  > "A3.list"
   text	   data	    bss	    dec	    hex	filename
   6036	     20	   1572	   7628	   1dcc	A3.elf
Finished building: default.size.stdout
 
Finished building: A3.list
 
23:22:58 **** Incremental Build of configuration Debug for project A3 ****
make -j16 all 
arm-none-eabi-size   A3.elf 
   text	   data	    bss	    dec	    hex	filename
   6036	     20	   1572	   7628	   1dcc	A3.elf
Finished building: default.size.stdout
 
23:24:28 **** Incremental Build of configuration Debug for project A3 ****
make -j16 all 
arm-none-eabi-size   A3.elf 
   text	   data	    bss	    dec	    hex	filename
   6036	     20	   1572	   7628	   1dcc	A3.elf
Finished building: default.size.stdout
 
23:25:20 **** Incremental Build of configuration Debug for project A3 ****
make -j16 all 
arm-none-eabi-size   A3.elf 
   text	   data	    bss	    dec	    hex	filename
   6036	     20	   1572	   7628	   1dcc	A3.elf
Finished building: default.size.stdout
 
23:28:09 **** Incremental Build of configuration Debug for project A3 ****
make -j16 all 
arm-none-eabi-gcc "../Core/Src/lcd.c" -mcpu=cortex-m4 -std=gnu11 -g3 -DDEBUG -DUSE_HAL_DRIVER -DSTM32L4A6xx -c -I../Core/Inc -I../Drivers/STM32L4xx_HAL_Driver/Inc -I../Drivers/STM32L4xx_HAL_Driver/Inc/Legacy -I../Drivers/CMSIS/Device/ST/STM32L4xx/Include -I../Drivers/CMSIS/Include -O0 -ffunction-sections -fdata-sections -Wall -fstack-usage -fcyclomatic-complexity -MMD -MP -MF"Core/Src/lcd.d" -MT"Core/Src/lcd.o" --specs=nano.specs -mfpu=fpv4-sp-d16 -mfloat-abi=hard -mthumb -o "Core/Src/lcd.o"
arm-none-eabi-gcc -o "A3.elf" @"objects.list"   -mcpu=cortex-m4 -T"C:\Users\Wilso\Desktop\Code\C\A3\STM32L4A6ZGTX_FLASH.ld" --specs=nosys.specs -Wl,-Map="A3.map" -Wl,--gc-sections -static --specs=nano.specs -mfpu=fpv4-sp-d16 -mfloat-abi=hard -mthumb -Wl,--start-group -lc -lm -Wl,--end-group
Finished building target: A3.elf
 
arm-none-eabi-size   A3.elf 
arm-none-eabi-objdump -h -S  A3.elf  > "A3.list"
   text	   data	    bss	    dec	    hex	filename
   6052	     20	   1572	   7644	   1ddc	A3.elf
Finished building: default.size.stdout
 
Finished building: A3.list
 
23:28:36 **** Incremental Build of configuration Debug for project A3 ****
make -j16 all 
arm-none-eabi-size   A3.elf 
   text	   data	    bss	    dec	    hex	filename
   6052	     20	   1572	   7644	   1ddc	A3.elf
Finished building: default.size.stdout
 
23:34:57 **** Incremental Build of configuration Debug for project A3 ****
make -j16 all 
arm-none-eabi-size   A3.elf 
   text	   data	    bss	    dec	    hex	filename
   6052	     20	   1572	   7644	   1ddc	A3.elf
Finished building: default.size.stdout
 
23:46:38 **** Incremental Build of configuration Debug for project A3 ****
make -j16 all 
arm-none-eabi-size   A3.elf 
   text	   data	    bss	    dec	    hex	filename
   6052	     20	   1572	   7644	   1ddc	A3.elf
Finished building: default.size.stdout
 
23:47:08 **** Incremental Build of configuration Debug for project A3 ****
make -j16 all 
arm-none-eabi-size   A3.elf 
   text	   data	    bss	    dec	    hex	filename
   6052	     20	   1572	   7644	   1ddc	A3.elf
Finished building: default.size.stdout
 
23:48:00 **** Incremental Build of configuration Debug for project A3 ****
make -j16 all 
arm-none-eabi-size   A3.elf 
   text	   data	    bss	    dec	    hex	filename
   6052	     20	   1572	   7644	   1ddc	A3.elf
Finished building: default.size.stdout
 
00:00:57 **** Incremental Build of configuration Debug for project A3 ****
make -j16 all 
arm-none-eabi-size   A3.elf 
   text	   data	    bss	    dec	    hex	filename
   6052	     20	   1572	   7644	   1ddc	A3.elf
Finished building: default.size.stdout
 
00:09:48 **** Incremental Build of configuration Debug for project A3 ****
make -j16 all 
arm-none-eabi-gcc "../Core/Src/lcd.c" -mcpu=cortex-m4 -std=gnu11 -g3 -DDEBUG -DUSE_HAL_DRIVER -DSTM32L4A6xx -c -I../Core/Inc -I../Drivers/STM32L4xx_HAL_Driver/Inc -I../Drivers/STM32L4xx_HAL_Driver/Inc/Legacy -I../Drivers/CMSIS/Device/ST/STM32L4xx/Include -I../Drivers/CMSIS/Include -O0 -ffunction-sections -fdata-sections -Wall -fstack-usage -fcyclomatic-complexity -MMD -MP -MF"Core/Src/lcd.d" -MT"Core/Src/lcd.o" --specs=nano.specs -mfpu=fpv4-sp-d16 -mfloat-abi=hard -mthumb -o "Core/Src/lcd.o"
arm-none-eabi-gcc "../Core/Src/main.c" -mcpu=cortex-m4 -std=gnu11 -g3 -DDEBUG -DUSE_HAL_DRIVER -DSTM32L4A6xx -c -I../Core/Inc -I../Drivers/STM32L4xx_HAL_Driver/Inc -I../Drivers/STM32L4xx_HAL_Driver/Inc/Legacy -I../Drivers/CMSIS/Device/ST/STM32L4xx/Include -I../Drivers/CMSIS/Include -O0 -ffunction-sections -fdata-sections -Wall -fstack-usage -fcyclomatic-complexity -MMD -MP -MF"Core/Src/main.d" -MT"Core/Src/main.o" --specs=nano.specs -mfpu=fpv4-sp-d16 -mfloat-abi=hard -mthumb -o "Core/Src/main.o"
../Core/Src/main.c: In function 'main':
../Core/Src/main.c:17:5: warning: implicit declaration of function 'LCD_init' [-Wimplicit-function-declaration]
   17 |     LCD_init();
      |     ^~~~~~~~
../Core/Src/main.c:19:5: warning: implicit declaration of function 'write' [-Wimplicit-function-declaration]
   19 |     write("G");
      |     ^~~~~
arm-none-eabi-gcc -o "A3.elf" @"objects.list"   -mcpu=cortex-m4 -T"C:\Users\Wilso\Desktop\Code\C\A3\STM32L4A6ZGTX_FLASH.ld" --specs=nosys.specs -Wl,-Map="A3.map" -Wl,--gc-sections -static --specs=nano.specs -mfpu=fpv4-sp-d16 -mfloat-abi=hard -mthumb -Wl,--start-group -lc -lm -Wl,--end-group
Finished building target: A3.elf
 
arm-none-eabi-size   A3.elf 
arm-none-eabi-objdump -h -S  A3.elf  > "A3.list"
   text	   data	    bss	    dec	    hex	filename
   6068	     20	   1572	   7660	   1dec	A3.elf
Finished building: default.size.stdout
 
Finished building: A3.list
 
00:10:20 **** Incremental Build of configuration Debug for project A3 ****
make -j16 all 
arm-none-eabi-size   A3.elf 
   text	   data	    bss	    dec	    hex	filename
   6068	     20	   1572	   7660	   1dec	A3.elf
Finished building: default.size.stdout
 
00:11:56 **** Incremental Build of configuration Debug for project A3 ****
make -j16 all 
arm-none-eabi-size   A3.elf 
   text	   data	    bss	    dec	    hex	filename
   6068	     20	   1572	   7660	   1dec	A3.elf
Finished building: default.size.stdout
 
00:17:39 **** Incremental Build of configuration Debug for project A3 ****
make -j16 all 
arm-none-eabi-gcc "../Core/Src/lcd.c" -mcpu=cortex-m4 -std=gnu11 -g3 -DDEBUG -DUSE_HAL_DRIVER -DSTM32L4A6xx -c -I../Core/Inc -I../Drivers/STM32L4xx_HAL_Driver/Inc -I../Drivers/STM32L4xx_HAL_Driver/Inc/Legacy -I../Drivers/CMSIS/Device/ST/STM32L4xx/Include -I../Drivers/CMSIS/Include -O0 -ffunction-sections -fdata-sections -Wall -fstack-usage -fcyclomatic-complexity -MMD -MP -MF"Core/Src/lcd.d" -MT"Core/Src/lcd.o" --specs=nano.specs -mfpu=fpv4-sp-d16 -mfloat-abi=hard -mthumb -o "Core/Src/lcd.o"
arm-none-eabi-gcc -o "A3.elf" @"objects.list"   -mcpu=cortex-m4 -T"C:\Users\Wilso\Desktop\Code\C\A3\STM32L4A6ZGTX_FLASH.ld" --specs=nosys.specs -Wl,-Map="A3.map" -Wl,--gc-sections -static --specs=nano.specs -mfpu=fpv4-sp-d16 -mfloat-abi=hard -mthumb -Wl,--start-group -lc -lm -Wl,--end-group
Finished building target: A3.elf
 
arm-none-eabi-size   A3.elf 
arm-none-eabi-objdump -h -S  A3.elf  > "A3.list"
   text	   data	    bss	    dec	    hex	filename
   6068	     20	   1572	   7660	   1dec	A3.elf
Finished building: default.size.stdout
 
Finished building: A3.list
 
00:22:05 **** Incremental Build of configuration Debug for project A3 ****
make -j16 all 
arm-none-eabi-gcc "../Core/Src/lcd.c" -mcpu=cortex-m4 -std=gnu11 -g3 -DDEBUG -DUSE_HAL_DRIVER -DSTM32L4A6xx -c -I../Core/Inc -I../Drivers/STM32L4xx_HAL_Driver/Inc -I../Drivers/STM32L4xx_HAL_Driver/Inc/Legacy -I../Drivers/CMSIS/Device/ST/STM32L4xx/Include -I../Drivers/CMSIS/Include -O0 -ffunction-sections -fdata-sections -Wall -fstack-usage -fcyclomatic-complexity -MMD -MP -MF"Core/Src/lcd.d" -MT"Core/Src/lcd.o" --specs=nano.specs -mfpu=fpv4-sp-d16 -mfloat-abi=hard -mthumb -o "Core/Src/lcd.o"
arm-none-eabi-gcc -o "A3.elf" @"objects.list"   -mcpu=cortex-m4 -T"C:\Users\Wilso\Desktop\Code\C\A3\STM32L4A6ZGTX_FLASH.ld" --specs=nosys.specs -Wl,-Map="A3.map" -Wl,--gc-sections -static --specs=nano.specs -mfpu=fpv4-sp-d16 -mfloat-abi=hard -mthumb -Wl,--start-group -lc -lm -Wl,--end-group
Finished building target: A3.elf
 
arm-none-eabi-size   A3.elf 
arm-none-eabi-objdump -h -S  A3.elf  > "A3.list"
   text	   data	    bss	    dec	    hex	filename
   6068	     20	   1572	   7660	   1dec	A3.elf
Finished building: default.size.stdout
 
Finished building: A3.list
 
00:22:09 **** Incremental Build of configuration Debug for project A3 ****
make -j16 all 
arm-none-eabi-size   A3.elf 
   text	   data	    bss	    dec	    hex	filename
   6068	     20	   1572	   7660	   1dec	A3.elf
Finished building: default.size.stdout
 
00:22:34 **** Incremental Build of configuration Debug for project A3 ****
make -j16 all 
arm-none-eabi-size   A3.elf 
   text	   data	    bss	    dec	    hex	filename
   6068	     20	   1572	   7660	   1dec	A3.elf
Finished building: default.size.stdout
 
00:22:49 **** Incremental Build of configuration Debug for project A3 ****
make -j16 all 
arm-none-eabi-size   A3.elf 
   text	   data	    bss	    dec	    hex	filename
   6068	     20	   1572	   7660	   1dec	A3.elf
Finished building: default.size.stdout
 
00:25:11 **** Incremental Build of configuration Debug for project A3 ****
make -j16 all 
arm-none-eabi-gcc "../Core/Src/main.c" -mcpu=cortex-m4 -std=gnu11 -g3 -DDEBUG -DUSE_HAL_DRIVER -DSTM32L4A6xx -c -I../Core/Inc -I../Drivers/STM32L4xx_HAL_Driver/Inc -I../Drivers/STM32L4xx_HAL_Driver/Inc/Legacy -I../Drivers/CMSIS/Device/ST/STM32L4xx/Include -I../Drivers/CMSIS/Include -O0 -ffunction-sections -fdata-sections -Wall -fstack-usage -fcyclomatic-complexity -MMD -MP -MF"Core/Src/main.d" -MT"Core/Src/main.o" --specs=nano.specs -mfpu=fpv4-sp-d16 -mfloat-abi=hard -mthumb -o "Core/Src/main.o"
../Core/Src/main.c: In function 'main':
../Core/Src/main.c:17:5: warning: implicit declaration of function 'LCD_init' [-Wimplicit-function-declaration]
   17 |     LCD_init();
      |     ^~~~~~~~
../Core/Src/main.c:19:5: warning: implicit declaration of function 'write' [-Wimplicit-function-declaration]
   19 |     write("G");
      |     ^~~~~
arm-none-eabi-gcc -o "A3.elf" @"objects.list"   -mcpu=cortex-m4 -T"C:\Users\Wilso\Desktop\Code\C\A3\STM32L4A6ZGTX_FLASH.ld" --specs=nosys.specs -Wl,-Map="A3.map" -Wl,--gc-sections -static --specs=nano.specs -mfpu=fpv4-sp-d16 -mfloat-abi=hard -mthumb -Wl,--start-group -lc -lm -Wl,--end-group
Finished building target: A3.elf
 
arm-none-eabi-size   A3.elf 
arm-none-eabi-objdump -h -S  A3.elf  > "A3.list"
   text	   data	    bss	    dec	    hex	filename
   6068	     20	   1572	   7660	   1dec	A3.elf
Finished building: default.size.stdout
 
Finished building: A3.list
 
00:26:51 **** Incremental Build of configuration Debug for project A3 ****
make -j16 all 
arm-none-eabi-gcc "../Core/Src/lcd.c" -mcpu=cortex-m4 -std=gnu11 -g3 -DDEBUG -DUSE_HAL_DRIVER -DSTM32L4A6xx -c -I../Core/Inc -I../Drivers/STM32L4xx_HAL_Driver/Inc -I../Drivers/STM32L4xx_HAL_Driver/Inc/Legacy -I../Drivers/CMSIS/Device/ST/STM32L4xx/Include -I../Drivers/CMSIS/Include -O0 -ffunction-sections -fdata-sections -Wall -fstack-usage -fcyclomatic-complexity -MMD -MP -MF"Core/Src/lcd.d" -MT"Core/Src/lcd.o" --specs=nano.specs -mfpu=fpv4-sp-d16 -mfloat-abi=hard -mthumb -o "Core/Src/lcd.o"
arm-none-eabi-gcc -o "A3.elf" @"objects.list"   -mcpu=cortex-m4 -T"C:\Users\Wilso\Desktop\Code\C\A3\STM32L4A6ZGTX_FLASH.ld" --specs=nosys.specs -Wl,-Map="A3.map" -Wl,--gc-sections -static --specs=nano.specs -mfpu=fpv4-sp-d16 -mfloat-abi=hard -mthumb -Wl,--start-group -lc -lm -Wl,--end-group
Finished building target: A3.elf
 
arm-none-eabi-size   A3.elf 
arm-none-eabi-objdump -h -S  A3.elf  > "A3.list"
   text	   data	    bss	    dec	    hex	filename
   6068	     20	   1572	   7660	   1dec	A3.elf
Finished building: default.size.stdout
 
Finished building: A3.list
 
00:29:07 **** Incremental Build of configuration Debug for project A3 ****
make -j16 all 
arm-none-eabi-gcc "../Core/Src/main.c" -mcpu=cortex-m4 -std=gnu11 -g3 -DDEBUG -DUSE_HAL_DRIVER -DSTM32L4A6xx -c -I../Core/Inc -I../Drivers/STM32L4xx_HAL_Driver/Inc -I../Drivers/STM32L4xx_HAL_Driver/Inc/Legacy -I../Drivers/CMSIS/Device/ST/STM32L4xx/Include -I../Drivers/CMSIS/Include -O0 -ffunction-sections -fdata-sections -Wall -fstack-usage -fcyclomatic-complexity -MMD -MP -MF"Core/Src/main.d" -MT"Core/Src/main.o" --specs=nano.specs -mfpu=fpv4-sp-d16 -mfloat-abi=hard -mthumb -o "Core/Src/main.o"
../Core/Src/main.c: In function 'main':
../Core/Src/main.c:17:5: warning: implicit declaration of function 'LCD_init' [-Wimplicit-function-declaration]
   17 |     LCD_init();
      |     ^~~~~~~~
../Core/Src/main.c:19:5: warning: implicit declaration of function 'write' [-Wimplicit-function-declaration]
   19 |     write('G');
      |     ^~~~~
arm-none-eabi-gcc -o "A3.elf" @"objects.list"   -mcpu=cortex-m4 -T"C:\Users\Wilso\Desktop\Code\C\A3\STM32L4A6ZGTX_FLASH.ld" --specs=nosys.specs -Wl,-Map="A3.map" -Wl,--gc-sections -static --specs=nano.specs -mfpu=fpv4-sp-d16 -mfloat-abi=hard -mthumb -Wl,--start-group -lc -lm -Wl,--end-group
Finished building target: A3.elf
 
arm-none-eabi-size   A3.elf 
arm-none-eabi-objdump -h -S  A3.elf  > "A3.list"
   text	   data	    bss	    dec	    hex	filename
   6060	     20	   1572	   7652	   1de4	A3.elf
Finished building: default.size.stdout
 
Finished building: A3.list
 
00:29:47 **** Incremental Build of configuration Debug for project A3 ****
make -j16 all 
arm-none-eabi-size   A3.elf 
   text	   data	    bss	    dec	    hex	filename
   6060	     20	   1572	   7652	   1de4	A3.elf
Finished building: default.size.stdout
 
00:30:09 **** Incremental Build of configuration Debug for project A3 ****
make -j16 all 
arm-none-eabi-size   A3.elf 
   text	   data	    bss	    dec	    hex	filename
   6060	     20	   1572	   7652	   1de4	A3.elf
Finished building: default.size.stdout
 
00:32:49 **** Incremental Build of configuration Debug for project A3 ****
make -j16 all 
arm-none-eabi-gcc "../Core/Src/lcd.c" -mcpu=cortex-m4 -std=gnu11 -g3 -DDEBUG -DUSE_HAL_DRIVER -DSTM32L4A6xx -c -I../Core/Inc -I../Drivers/STM32L4xx_HAL_Driver/Inc -I../Drivers/STM32L4xx_HAL_Driver/Inc/Legacy -I../Drivers/CMSIS/Device/ST/STM32L4xx/Include -I../Drivers/CMSIS/Include -O0 -ffunction-sections -fdata-sections -Wall -fstack-usage -fcyclomatic-complexity -MMD -MP -MF"Core/Src/lcd.d" -MT"Core/Src/lcd.o" --specs=nano.specs -mfpu=fpv4-sp-d16 -mfloat-abi=hard -mthumb -o "Core/Src/lcd.o"
arm-none-eabi-gcc -o "A3.elf" @"objects.list"   -mcpu=cortex-m4 -T"C:\Users\Wilso\Desktop\Code\C\A3\STM32L4A6ZGTX_FLASH.ld" --specs=nosys.specs -Wl,-Map="A3.map" -Wl,--gc-sections -static --specs=nano.specs -mfpu=fpv4-sp-d16 -mfloat-abi=hard -mthumb -Wl,--start-group -lc -lm -Wl,--end-group
Finished building target: A3.elf
 
arm-none-eabi-size   A3.elf 
arm-none-eabi-objdump -h -S  A3.elf  > "A3.list"
   text	   data	    bss	    dec	    hex	filename
   6060	     20	   1572	   7652	   1de4	A3.elf
Finished building: default.size.stdout
 
Finished building: A3.list
 
00:33:34 **** Incremental Build of configuration Debug for project A3 ****
make -j16 all 
arm-none-eabi-gcc "../Core/Src/main.c" -mcpu=cortex-m4 -std=gnu11 -g3 -DDEBUG -DUSE_HAL_DRIVER -DSTM32L4A6xx -c -I../Core/Inc -I../Drivers/STM32L4xx_HAL_Driver/Inc -I../Drivers/STM32L4xx_HAL_Driver/Inc/Legacy -I../Drivers/CMSIS/Device/ST/STM32L4xx/Include -I../Drivers/CMSIS/Include -O0 -ffunction-sections -fdata-sections -Wall -fstack-usage -fcyclomatic-complexity -MMD -MP -MF"Core/Src/main.d" -MT"Core/Src/main.o" --specs=nano.specs -mfpu=fpv4-sp-d16 -mfloat-abi=hard -mthumb -o "Core/Src/main.o"
../Core/Src/main.c: In function 'main':
../Core/Src/main.c:17:5: warning: implicit declaration of function 'LCD_init' [-Wimplicit-function-declaration]
   17 |     LCD_init();
      |     ^~~~~~~~
../Core/Src/main.c:18:4: warning: implicit declaration of function 'lcd_put_cur' [-Wimplicit-function-declaration]
   18 |    lcd_put_cur(0, 0);
      |    ^~~~~~~~~~~
../Core/Src/main.c:19:5: warning: implicit declaration of function 'write' [-Wimplicit-function-declaration]
   19 |     write('G');
      |     ^~~~~
arm-none-eabi-gcc -o "A3.elf" @"objects.list"   -mcpu=cortex-m4 -T"C:\Users\Wilso\Desktop\Code\C\A3\STM32L4A6ZGTX_FLASH.ld" --specs=nosys.specs -Wl,-Map="A3.map" -Wl,--gc-sections -static --specs=nano.specs -mfpu=fpv4-sp-d16 -mfloat-abi=hard -mthumb -Wl,--start-group -lc -lm -Wl,--end-group
Finished building target: A3.elf
 
arm-none-eabi-size   A3.elf 
arm-none-eabi-objdump -h -S  A3.elf  > "A3.list"
   text	   data	    bss	    dec	    hex	filename
   6132	     20	   1572	   7724	   1e2c	A3.elf
Finished building: default.size.stdout
 
Finished building: A3.list
 
00:35:07 **** Incremental Build of configuration Debug for project A3 ****
make -j16 all 
arm-none-eabi-gcc "../Core/Src/main.c" -mcpu=cortex-m4 -std=gnu11 -g3 -DDEBUG -DUSE_HAL_DRIVER -DSTM32L4A6xx -c -I../Core/Inc -I../Drivers/STM32L4xx_HAL_Driver/Inc -I../Drivers/STM32L4xx_HAL_Driver/Inc/Legacy -I../Drivers/CMSIS/Device/ST/STM32L4xx/Include -I../Drivers/CMSIS/Include -O0 -ffunction-sections -fdata-sections -Wall -fstack-usage -fcyclomatic-complexity -MMD -MP -MF"Core/Src/main.d" -MT"Core/Src/main.o" --specs=nano.specs -mfpu=fpv4-sp-d16 -mfloat-abi=hard -mthumb -o "Core/Src/main.o"
../Core/Src/main.c: In function 'main':
../Core/Src/main.c:17:5: warning: implicit declaration of function 'LCD_init' [-Wimplicit-function-declaration]
   17 |     LCD_init();
      |     ^~~~~~~~
../Core/Src/main.c:18:4: warning: implicit declaration of function 'lcd_put_cur' [-Wimplicit-function-declaration]
   18 |    lcd_put_cur(0, 0);
      |    ^~~~~~~~~~~
../Core/Src/main.c:19:5: warning: implicit declaration of function 'write' [-Wimplicit-function-declaration]
   19 |     write('G');
      |     ^~~~~
../Core/Src/main.c:23:4: warning: implicit declaration of function 'delay'; did you mean 'delay_us'? [-Wimplicit-function-declaration]
   23 |    delay(50000000);
      |    ^~~~~
      |    delay_us
arm-none-eabi-gcc -o "A3.elf" @"objects.list"   -mcpu=cortex-m4 -T"C:\Users\Wilso\Desktop\Code\C\A3\STM32L4A6ZGTX_FLASH.ld" --specs=nosys.specs -Wl,-Map="A3.map" -Wl,--gc-sections -static --specs=nano.specs -mfpu=fpv4-sp-d16 -mfloat-abi=hard -mthumb -Wl,--start-group -lc -lm -Wl,--end-group
c:\users\wilso\desktop\329\stm32cubeide_1.12.0\stm32cubeide\plugins\com.st.stm32cube.ide.mcu.externaltools.gnu-tools-for-stm32.10.3-2021.10.win32_1.0.200.202301161003\tools\arm-none-eabi\bin\ld.exe: ./Core/Src/main.o: in function `main':
C:/Users/Wilso/Desktop/Code/C/A3/Debug/../Core/Src/main.c:23: undefined reference to `delay'
collect2.exe: error: ld returned 1 exit status
make: *** [makefile:64: A3.elf] Error 1
"make -j16 all" terminated with exit code 2. Build might be incomplete.
00:35:21 **** Incremental Build of configuration Debug for project A3 ****
make -j16 all 
arm-none-eabi-gcc "../Core/Src/main.c" -mcpu=cortex-m4 -std=gnu11 -g3 -DDEBUG -DUSE_HAL_DRIVER -DSTM32L4A6xx -c -I../Core/Inc -I../Drivers/STM32L4xx_HAL_Driver/Inc -I../Drivers/STM32L4xx_HAL_Driver/Inc/Legacy -I../Drivers/CMSIS/Device/ST/STM32L4xx/Include -I../Drivers/CMSIS/Include -O0 -ffunction-sections -fdata-sections -Wall -fstack-usage -fcyclomatic-complexity -MMD -MP -MF"Core/Src/main.d" -MT"Core/Src/main.o" --specs=nano.specs -mfpu=fpv4-sp-d16 -mfloat-abi=hard -mthumb -o "Core/Src/main.o"
../Core/Src/main.c: In function 'main':
../Core/Src/main.c:17:5: warning: implicit declaration of function 'LCD_init' [-Wimplicit-function-declaration]
   17 |     LCD_init();
      |     ^~~~~~~~
../Core/Src/main.c:18:4: warning: implicit declaration of function 'lcd_put_cur' [-Wimplicit-function-declaration]
   18 |    lcd_put_cur(0, 0);
      |    ^~~~~~~~~~~
../Core/Src/main.c:19:5: warning: implicit declaration of function 'write' [-Wimplicit-function-declaration]
   19 |     write('G');
      |     ^~~~~
arm-none-eabi-gcc -o "A3.elf" @"objects.list"   -mcpu=cortex-m4 -T"C:\Users\Wilso\Desktop\Code\C\A3\STM32L4A6ZGTX_FLASH.ld" --specs=nosys.specs -Wl,-Map="A3.map" -Wl,--gc-sections -static --specs=nano.specs -mfpu=fpv4-sp-d16 -mfloat-abi=hard -mthumb -Wl,--start-group -lc -lm -Wl,--end-group
Finished building target: A3.elf
 
arm-none-eabi-size   A3.elf 
arm-none-eabi-objdump -h -S  A3.elf  > "A3.list"
   text	   data	    bss	    dec	    hex	filename
   6184	     20	   1572	   7776	   1e60	A3.elf
Finished building: default.size.stdout
 
Finished building: A3.list
 
00:35:45 **** Incremental Build of configuration Debug for project A3 ****
make -j16 all 
arm-none-eabi-size   A3.elf 
   text	   data	    bss	    dec	    hex	filename
   6184	     20	   1572	   7776	   1e60	A3.elf
Finished building: default.size.stdout
 
00:36:08 **** Incremental Build of configuration Debug for project A3 ****
make -j16 all 
arm-none-eabi-size   A3.elf 
   text	   data	    bss	    dec	    hex	filename
   6184	     20	   1572	   7776	   1e60	A3.elf
Finished building: default.size.stdout
 
00:36:34 **** Incremental Build of configuration Debug for project A3 ****
make -j16 all 
arm-none-eabi-gcc "../Core/Src/main.c" -mcpu=cortex-m4 -std=gnu11 -g3 -DDEBUG -DUSE_HAL_DRIVER -DSTM32L4A6xx -c -I../Core/Inc -I../Drivers/STM32L4xx_HAL_Driver/Inc -I../Drivers/STM32L4xx_HAL_Driver/Inc/Legacy -I../Drivers/CMSIS/Device/ST/STM32L4xx/Include -I../Drivers/CMSIS/Include -O0 -ffunction-sections -fdata-sections -Wall -fstack-usage -fcyclomatic-complexity -MMD -MP -MF"Core/Src/main.d" -MT"Core/Src/main.o" --specs=nano.specs -mfpu=fpv4-sp-d16 -mfloat-abi=hard -mthumb -o "Core/Src/main.o"
../Core/Src/main.c: In function 'main':
../Core/Src/main.c:17:5: warning: implicit declaration of function 'LCD_init' [-Wimplicit-function-declaration]
   17 |     LCD_init();
      |     ^~~~~~~~
../Core/Src/main.c:18:5: warning: implicit declaration of function 'write' [-Wimplicit-function-declaration]
   18 |     write('G');
      |     ^~~~~
arm-none-eabi-gcc -o "A3.elf" @"objects.list"   -mcpu=cortex-m4 -T"C:\Users\Wilso\Desktop\Code\C\A3\STM32L4A6ZGTX_FLASH.ld" --specs=nosys.specs -Wl,-Map="A3.map" -Wl,--gc-sections -static --specs=nano.specs -mfpu=fpv4-sp-d16 -mfloat-abi=hard -mthumb -Wl,--start-group -lc -lm -Wl,--end-group
Finished building target: A3.elf
 
arm-none-eabi-size   A3.elf 
arm-none-eabi-objdump -h -S  A3.elf  > "A3.list"
   text	   data	    bss	    dec	    hex	filename
   6072	     20	   1572	   7664	   1df0	A3.elf
Finished building: default.size.stdout
 
Finished building: A3.list
 
00:38:08 **** Incremental Build of configuration Debug for project A3 ****
make -j16 all 
arm-none-eabi-gcc "../Core/Src/main.c" -mcpu=cortex-m4 -std=gnu11 -g3 -DDEBUG -DUSE_HAL_DRIVER -DSTM32L4A6xx -c -I../Core/Inc -I../Drivers/STM32L4xx_HAL_Driver/Inc -I../Drivers/STM32L4xx_HAL_Driver/Inc/Legacy -I../Drivers/CMSIS/Device/ST/STM32L4xx/Include -I../Drivers/CMSIS/Include -O0 -ffunction-sections -fdata-sections -Wall -fstack-usage -fcyclomatic-complexity -MMD -MP -MF"Core/Src/main.d" -MT"Core/Src/main.o" --specs=nano.specs -mfpu=fpv4-sp-d16 -mfloat-abi=hard -mthumb -o "Core/Src/main.o"
../Core/Src/main.c: In function 'main':
../Core/Src/main.c:17:5: warning: implicit declaration of function 'LCD_init' [-Wimplicit-function-declaration]
   17 |     LCD_init();
      |     ^~~~~~~~
../Core/Src/main.c:18:4: warning: implicit declaration of function 'write' [-Wimplicit-function-declaration]
   18 |    write('H');
      |    ^~~~~
arm-none-eabi-gcc -o "A3.elf" @"objects.list"   -mcpu=cortex-m4 -T"C:\Users\Wilso\Desktop\Code\C\A3\STM32L4A6ZGTX_FLASH.ld" --specs=nosys.specs -Wl,-Map="A3.map" -Wl,--gc-sections -static --specs=nano.specs -mfpu=fpv4-sp-d16 -mfloat-abi=hard -mthumb -Wl,--start-group -lc -lm -Wl,--end-group
Finished building target: A3.elf
 
arm-none-eabi-size   A3.elf 
arm-none-eabi-objdump -h -S  A3.elf  > "A3.list"
   text	   data	    bss	    dec	    hex	filename
   6116	     20	   1572	   7708	   1e1c	A3.elf
Finished building: default.size.stdout
 
Finished building: A3.list
 
00:47:01 **** Incremental Build of configuration Debug for project A3 ****
make -j16 all 
arm-none-eabi-gcc "../Core/Src/lcd.c" -mcpu=cortex-m4 -std=gnu11 -g3 -DDEBUG -DUSE_HAL_DRIVER -DSTM32L4A6xx -c -I../Core/Inc -I../Drivers/STM32L4xx_HAL_Driver/Inc -I../Drivers/STM32L4xx_HAL_Driver/Inc/Legacy -I../Drivers/CMSIS/Device/ST/STM32L4xx/Include -I../Drivers/CMSIS/Include -O0 -ffunction-sections -fdata-sections -Wall -fstack-usage -fcyclomatic-complexity -MMD -MP -MF"Core/Src/lcd.d" -MT"Core/Src/lcd.o" --specs=nano.specs -mfpu=fpv4-sp-d16 -mfloat-abi=hard -mthumb -o "Core/Src/lcd.o"
arm-none-eabi-gcc -o "A3.elf" @"objects.list"   -mcpu=cortex-m4 -T"C:\Users\Wilso\Desktop\Code\C\A3\STM32L4A6ZGTX_FLASH.ld" --specs=nosys.specs -Wl,-Map="A3.map" -Wl,--gc-sections -static --specs=nano.specs -mfpu=fpv4-sp-d16 -mfloat-abi=hard -mthumb -Wl,--start-group -lc -lm -Wl,--end-group
Finished building target: A3.elf
 
arm-none-eabi-size   A3.elf 
arm-none-eabi-objdump -h -S  A3.elf  > "A3.list"
   text	   data	    bss	    dec	    hex	filename
   6116	     20	   1572	   7708	   1e1c	A3.elf
Finished building: default.size.stdout
 
Finished building: A3.list
 
00:49:59 **** Incremental Build of configuration Debug for project A3 ****
make -j16 all 
arm-none-eabi-gcc "../Core/Src/lcd.c" -mcpu=cortex-m4 -std=gnu11 -g3 -DDEBUG -DUSE_HAL_DRIVER -DSTM32L4A6xx -c -I../Core/Inc -I../Drivers/STM32L4xx_HAL_Driver/Inc -I../Drivers/STM32L4xx_HAL_Driver/Inc/Legacy -I../Drivers/CMSIS/Device/ST/STM32L4xx/Include -I../Drivers/CMSIS/Include -O0 -ffunction-sections -fdata-sections -Wall -fstack-usage -fcyclomatic-complexity -MMD -MP -MF"Core/Src/lcd.d" -MT"Core/Src/lcd.o" --specs=nano.specs -mfpu=fpv4-sp-d16 -mfloat-abi=hard -mthumb -o "Core/Src/lcd.o"
arm-none-eabi-gcc -o "A3.elf" @"objects.list"   -mcpu=cortex-m4 -T"C:\Users\Wilso\Desktop\Code\C\A3\STM32L4A6ZGTX_FLASH.ld" --specs=nosys.specs -Wl,-Map="A3.map" -Wl,--gc-sections -static --specs=nano.specs -mfpu=fpv4-sp-d16 -mfloat-abi=hard -mthumb -Wl,--start-group -lc -lm -Wl,--end-group
Finished building target: A3.elf
 
arm-none-eabi-size   A3.elf 
arm-none-eabi-objdump -h -S  A3.elf  > "A3.list"
   text	   data	    bss	    dec	    hex	filename
   6116	     20	   1572	   7708	   1e1c	A3.elf
Finished building: default.size.stdout
 
Finished building: A3.list
 
00:56:27 **** Incremental Build of configuration Debug for project A3 ****
make -j16 all 
arm-none-eabi-gcc "../Core/Src/lcd.c" -mcpu=cortex-m4 -std=gnu11 -g3 -DDEBUG -DUSE_HAL_DRIVER -DSTM32L4A6xx -c -I../Core/Inc -I../Drivers/STM32L4xx_HAL_Driver/Inc -I../Drivers/STM32L4xx_HAL_Driver/Inc/Legacy -I../Drivers/CMSIS/Device/ST/STM32L4xx/Include -I../Drivers/CMSIS/Include -O0 -ffunction-sections -fdata-sections -Wall -fstack-usage -fcyclomatic-complexity -MMD -MP -MF"Core/Src/lcd.d" -MT"Core/Src/lcd.o" --specs=nano.specs -mfpu=fpv4-sp-d16 -mfloat-abi=hard -mthumb -o "Core/Src/lcd.o"
arm-none-eabi-gcc -o "A3.elf" @"objects.list"   -mcpu=cortex-m4 -T"C:\Users\Wilso\Desktop\Code\C\A3\STM32L4A6ZGTX_FLASH.ld" --specs=nosys.specs -Wl,-Map="A3.map" -Wl,--gc-sections -static --specs=nano.specs -mfpu=fpv4-sp-d16 -mfloat-abi=hard -mthumb -Wl,--start-group -lc -lm -Wl,--end-group
Finished building target: A3.elf
 
arm-none-eabi-size   A3.elf 
arm-none-eabi-objdump -h -S  A3.elf  > "A3.list"
   text	   data	    bss	    dec	    hex	filename
   6052	     20	   1572	   7644	   1ddc	A3.elf
Finished building: default.size.stdout
 
Finished building: A3.list
 
00:57:21 **** Incremental Build of configuration Debug for project A3 ****
make -j16 all 
arm-none-eabi-gcc "../Core/Src/lcd.c" -mcpu=cortex-m4 -std=gnu11 -g3 -DDEBUG -DUSE_HAL_DRIVER -DSTM32L4A6xx -c -I../Core/Inc -I../Drivers/STM32L4xx_HAL_Driver/Inc -I../Drivers/STM32L4xx_HAL_Driver/Inc/Legacy -I../Drivers/CMSIS/Device/ST/STM32L4xx/Include -I../Drivers/CMSIS/Include -O0 -ffunction-sections -fdata-sections -Wall -fstack-usage -fcyclomatic-complexity -MMD -MP -MF"Core/Src/lcd.d" -MT"Core/Src/lcd.o" --specs=nano.specs -mfpu=fpv4-sp-d16 -mfloat-abi=hard -mthumb -o "Core/Src/lcd.o"
arm-none-eabi-gcc -o "A3.elf" @"objects.list"   -mcpu=cortex-m4 -T"C:\Users\Wilso\Desktop\Code\C\A3\STM32L4A6ZGTX_FLASH.ld" --specs=nosys.specs -Wl,-Map="A3.map" -Wl,--gc-sections -static --specs=nano.specs -mfpu=fpv4-sp-d16 -mfloat-abi=hard -mthumb -Wl,--start-group -lc -lm -Wl,--end-group
Finished building target: A3.elf
 
arm-none-eabi-size   A3.elf 
arm-none-eabi-objdump -h -S  A3.elf  > "A3.list"
   text	   data	    bss	    dec	    hex	filename
   6044	     20	   1572	   7636	   1dd4	A3.elf
Finished building: default.size.stdout
 
Finished building: A3.list
 
00:58:24 **** Incremental Build of configuration Debug for project A3 ****
make -j16 all 
arm-none-eabi-gcc "../Core/Src/main.c" -mcpu=cortex-m4 -std=gnu11 -g3 -DDEBUG -DUSE_HAL_DRIVER -DSTM32L4A6xx -c -I../Core/Inc -I../Drivers/STM32L4xx_HAL_Driver/Inc -I../Drivers/STM32L4xx_HAL_Driver/Inc/Legacy -I../Drivers/CMSIS/Device/ST/STM32L4xx/Include -I../Drivers/CMSIS/Include -O0 -ffunction-sections -fdata-sections -Wall -fstack-usage -fcyclomatic-complexity -MMD -MP -MF"Core/Src/main.d" -MT"Core/Src/main.o" --specs=nano.specs -mfpu=fpv4-sp-d16 -mfloat-abi=hard -mthumb -o "Core/Src/main.o"
../Core/Src/main.c: In function 'main':
../Core/Src/main.c:17:5: warning: implicit declaration of function 'LCD_init' [-Wimplicit-function-declaration]
   17 |     LCD_init();
      |     ^~~~~~~~
../Core/Src/main.c:18:4: warning: implicit declaration of function 'write' [-Wimplicit-function-declaration]
   18 |    write('H');
      |    ^~~~~
arm-none-eabi-gcc -o "A3.elf" @"objects.list"   -mcpu=cortex-m4 -T"C:\Users\Wilso\Desktop\Code\C\A3\STM32L4A6ZGTX_FLASH.ld" --specs=nosys.specs -Wl,-Map="A3.map" -Wl,--gc-sections -static --specs=nano.specs -mfpu=fpv4-sp-d16 -mfloat-abi=hard -mthumb -Wl,--start-group -lc -lm -Wl,--end-group
Finished building target: A3.elf
 
arm-none-eabi-size   A3.elf 
arm-none-eabi-objdump -h -S  A3.elf  > "A3.list"
   text	   data	    bss	    dec	    hex	filename
   6112	     20	   1572	   7704	   1e18	A3.elf
Finished building: default.size.stdout
 
Finished building: A3.list
 
01:00:31 **** Incremental Build of configuration Debug for project A3 ****
make -j16 all 
arm-none-eabi-gcc "../Core/Src/main.c" -mcpu=cortex-m4 -std=gnu11 -g3 -DDEBUG -DUSE_HAL_DRIVER -DSTM32L4A6xx -c -I../Core/Inc -I../Drivers/STM32L4xx_HAL_Driver/Inc -I../Drivers/STM32L4xx_HAL_Driver/Inc/Legacy -I../Drivers/CMSIS/Device/ST/STM32L4xx/Include -I../Drivers/CMSIS/Include -O0 -ffunction-sections -fdata-sections -Wall -fstack-usage -fcyclomatic-complexity -MMD -MP -MF"Core/Src/main.d" -MT"Core/Src/main.o" --specs=nano.specs -mfpu=fpv4-sp-d16 -mfloat-abi=hard -mthumb -o "Core/Src/main.o"
../Core/Src/main.c: In function 'main':
../Core/Src/main.c:17:5: warning: implicit declaration of function 'LCD_init' [-Wimplicit-function-declaration]
   17 |     LCD_init();
      |     ^~~~~~~~
../Core/Src/main.c:18:4: warning: implicit declaration of function 'write' [-Wimplicit-function-declaration]
   18 |    write('H');
      |    ^~~~~
arm-none-eabi-gcc -o "A3.elf" @"objects.list"   -mcpu=cortex-m4 -T"C:\Users\Wilso\Desktop\Code\C\A3\STM32L4A6ZGTX_FLASH.ld" --specs=nosys.specs -Wl,-Map="A3.map" -Wl,--gc-sections -static --specs=nano.specs -mfpu=fpv4-sp-d16 -mfloat-abi=hard -mthumb -Wl,--start-group -lc -lm -Wl,--end-group
Finished building target: A3.elf
 
arm-none-eabi-size   A3.elf 
arm-none-eabi-objdump -h -S  A3.elf  > "A3.list"
   text	   data	    bss	    dec	    hex	filename
   6104	     20	   1572	   7696	   1e10	A3.elf
Finished building: default.size.stdout
 
Finished building: A3.list
 
01:01:35 **** Incremental Build of configuration Debug for project A3 ****
make -j16 all 
arm-none-eabi-gcc "../Core/Src/lcd.c" -mcpu=cortex-m4 -std=gnu11 -g3 -DDEBUG -DUSE_HAL_DRIVER -DSTM32L4A6xx -c -I../Core/Inc -I../Drivers/STM32L4xx_HAL_Driver/Inc -I../Drivers/STM32L4xx_HAL_Driver/Inc/Legacy -I../Drivers/CMSIS/Device/ST/STM32L4xx/Include -I../Drivers/CMSIS/Include -O0 -ffunction-sections -fdata-sections -Wall -fstack-usage -fcyclomatic-complexity -MMD -MP -MF"Core/Src/lcd.d" -MT"Core/Src/lcd.o" --specs=nano.specs -mfpu=fpv4-sp-d16 -mfloat-abi=hard -mthumb -o "Core/Src/lcd.o"
arm-none-eabi-gcc -o "A3.elf" @"objects.list"   -mcpu=cortex-m4 -T"C:\Users\Wilso\Desktop\Code\C\A3\STM32L4A6ZGTX_FLASH.ld" --specs=nosys.specs -Wl,-Map="A3.map" -Wl,--gc-sections -static --specs=nano.specs -mfpu=fpv4-sp-d16 -mfloat-abi=hard -mthumb -Wl,--start-group -lc -lm -Wl,--end-group
Finished building target: A3.elf
 
arm-none-eabi-size   A3.elf 
arm-none-eabi-objdump -h -S  A3.elf  > "A3.list"
   text	   data	    bss	    dec	    hex	filename
   6092	     20	   1572	   7684	   1e04	A3.elf
Finished building: default.size.stdout
 
Finished building: A3.list
 
01:05:04 **** Incremental Build of configuration Debug for project A3 ****
make -j16 all 
arm-none-eabi-gcc "../Core/Src/main.c" -mcpu=cortex-m4 -std=gnu11 -g3 -DDEBUG -DUSE_HAL_DRIVER -DSTM32L4A6xx -c -I../Core/Inc -I../Drivers/STM32L4xx_HAL_Driver/Inc -I../Drivers/STM32L4xx_HAL_Driver/Inc/Legacy -I../Drivers/CMSIS/Device/ST/STM32L4xx/Include -I../Drivers/CMSIS/Include -O0 -ffunction-sections -fdata-sections -Wall -fstack-usage -fcyclomatic-complexity -MMD -MP -MF"Core/Src/main.d" -MT"Core/Src/main.o" --specs=nano.specs -mfpu=fpv4-sp-d16 -mfloat-abi=hard -mthumb -o "Core/Src/main.o"
../Core/Src/main.c: In function 'main':
../Core/Src/main.c:17:5: warning: implicit declaration of function 'LCD_init' [-Wimplicit-function-declaration]
   17 |     LCD_init();
      |     ^~~~~~~~
../Core/Src/main.c:18:4: warning: implicit declaration of function 'write' [-Wimplicit-function-declaration]
   18 |    write('H');
      |    ^~~~~
../Core/Src/main.c:28:4: warning: implicit declaration of function 'lcd_put_cur' [-Wimplicit-function-declaration]
   28 |    lcd_put_cur( 0, 14);
      |    ^~~~~~~~~~~
arm-none-eabi-gcc -o "A3.elf" @"objects.list"   -mcpu=cortex-m4 -T"C:\Users\Wilso\Desktop\Code\C\A3\STM32L4A6ZGTX_FLASH.ld" --specs=nosys.specs -Wl,-Map="A3.map" -Wl,--gc-sections -static --specs=nano.specs -mfpu=fpv4-sp-d16 -mfloat-abi=hard -mthumb -Wl,--start-group -lc -lm -Wl,--end-group
Finished building target: A3.elf
 
arm-none-eabi-size   A3.elf 
arm-none-eabi-objdump -h -S  A3.elf  > "A3.list"
   text	   data	    bss	    dec	    hex	filename
   6120	     20	   1572	   7712	   1e20	A3.elf
Finished building: default.size.stdout
 
Finished building: A3.list
 
01:06:46 **** Incremental Build of configuration Debug for project A3 ****
make -j16 all 
arm-none-eabi-size   A3.elf 
   text	   data	    bss	    dec	    hex	filename
   6120	     20	   1572	   7712	   1e20	A3.elf
Finished building: default.size.stdout
 
01:07:25 **** Incremental Build of configuration Debug for project A3 ****
make -j16 all 
arm-none-eabi-gcc "../Core/Src/main.c" -mcpu=cortex-m4 -std=gnu11 -g3 -DDEBUG -DUSE_HAL_DRIVER -DSTM32L4A6xx -c -I../Core/Inc -I../Drivers/STM32L4xx_HAL_Driver/Inc -I../Drivers/STM32L4xx_HAL_Driver/Inc/Legacy -I../Drivers/CMSIS/Device/ST/STM32L4xx/Include -I../Drivers/CMSIS/Include -O0 -ffunction-sections -fdata-sections -Wall -fstack-usage -fcyclomatic-complexity -MMD -MP -MF"Core/Src/main.d" -MT"Core/Src/main.o" --specs=nano.specs -mfpu=fpv4-sp-d16 -mfloat-abi=hard -mthumb -o "Core/Src/main.o"
../Core/Src/main.c: In function 'main':
../Core/Src/main.c:17:5: warning: implicit declaration of function 'LCD_init' [-Wimplicit-function-declaration]
   17 |     LCD_init();
      |     ^~~~~~~~
../Core/Src/main.c:18:4: warning: implicit declaration of function 'write' [-Wimplicit-function-declaration]
   18 |    write('H');
      |    ^~~~~
../Core/Src/main.c:20:4: warning: implicit declaration of function 'lcd_put_cur' [-Wimplicit-function-declaration]
   20 |    lcd_put_cur( 1, 14);
      |    ^~~~~~~~~~~
arm-none-eabi-gcc -o "A3.elf" @"objects.list"   -mcpu=cortex-m4 -T"C:\Users\Wilso\Desktop\Code\C\A3\STM32L4A6ZGTX_FLASH.ld" --specs=nosys.specs -Wl,-Map="A3.map" -Wl,--gc-sections -static --specs=nano.specs -mfpu=fpv4-sp-d16 -mfloat-abi=hard -mthumb -Wl,--start-group -lc -lm -Wl,--end-group
Finished building target: A3.elf
 
arm-none-eabi-size   A3.elf 
arm-none-eabi-objdump -h -S  A3.elf  > "A3.list"
   text	   data	    bss	    dec	    hex	filename
   6072	     20	   1572	   7664	   1df0	A3.elf
Finished building: default.size.stdout
 
Finished building: A3.list
 
01:09:02 **** Incremental Build of configuration Debug for project A3 ****
make -j16 all 
arm-none-eabi-gcc "../Core/Src/lcd.c" -mcpu=cortex-m4 -std=gnu11 -g3 -DDEBUG -DUSE_HAL_DRIVER -DSTM32L4A6xx -c -I../Core/Inc -I../Drivers/STM32L4xx_HAL_Driver/Inc -I../Drivers/STM32L4xx_HAL_Driver/Inc/Legacy -I../Drivers/CMSIS/Device/ST/STM32L4xx/Include -I../Drivers/CMSIS/Include -O0 -ffunction-sections -fdata-sections -Wall -fstack-usage -fcyclomatic-complexity -MMD -MP -MF"Core/Src/lcd.d" -MT"Core/Src/lcd.o" --specs=nano.specs -mfpu=fpv4-sp-d16 -mfloat-abi=hard -mthumb -o "Core/Src/lcd.o"
arm-none-eabi-gcc -o "A3.elf" @"objects.list"   -mcpu=cortex-m4 -T"C:\Users\Wilso\Desktop\Code\C\A3\STM32L4A6ZGTX_FLASH.ld" --specs=nosys.specs -Wl,-Map="A3.map" -Wl,--gc-sections -static --specs=nano.specs -mfpu=fpv4-sp-d16 -mfloat-abi=hard -mthumb -Wl,--start-group -lc -lm -Wl,--end-group
Finished building target: A3.elf
 
arm-none-eabi-size   A3.elf 
arm-none-eabi-objdump -h -S  A3.elf  > "A3.list"
   text	   data	    bss	    dec	    hex	filename
   6072	     20	   1572	   7664	   1df0	A3.elf
Finished building: default.size.stdout
 
Finished building: A3.list
 
01:09:45 **** Incremental Build of configuration Debug for project A3 ****
make -j16 all 
arm-none-eabi-gcc "../Core/Src/lcd.c" -mcpu=cortex-m4 -std=gnu11 -g3 -DDEBUG -DUSE_HAL_DRIVER -DSTM32L4A6xx -c -I../Core/Inc -I../Drivers/STM32L4xx_HAL_Driver/Inc -I../Drivers/STM32L4xx_HAL_Driver/Inc/Legacy -I../Drivers/CMSIS/Device/ST/STM32L4xx/Include -I../Drivers/CMSIS/Include -O0 -ffunction-sections -fdata-sections -Wall -fstack-usage -fcyclomatic-complexity -MMD -MP -MF"Core/Src/lcd.d" -MT"Core/Src/lcd.o" --specs=nano.specs -mfpu=fpv4-sp-d16 -mfloat-abi=hard -mthumb -o "Core/Src/lcd.o"
arm-none-eabi-gcc -o "A3.elf" @"objects.list"   -mcpu=cortex-m4 -T"C:\Users\Wilso\Desktop\Code\C\A3\STM32L4A6ZGTX_FLASH.ld" --specs=nosys.specs -Wl,-Map="A3.map" -Wl,--gc-sections -static --specs=nano.specs -mfpu=fpv4-sp-d16 -mfloat-abi=hard -mthumb -Wl,--start-group -lc -lm -Wl,--end-group
Finished building target: A3.elf
 
arm-none-eabi-size   A3.elf 
arm-none-eabi-objdump -h -S  A3.elf  > "A3.list"
   text	   data	    bss	    dec	    hex	filename
   6068	     20	   1572	   7660	   1dec	A3.elf
Finished building: default.size.stdout
 
Finished building: A3.list
 
01:11:31 **** Incremental Build of configuration Debug for project A3 ****
make -j16 all 
arm-none-eabi-gcc "../Core/Src/lcd.c" -mcpu=cortex-m4 -std=gnu11 -g3 -DDEBUG -DUSE_HAL_DRIVER -DSTM32L4A6xx -c -I../Core/Inc -I../Drivers/STM32L4xx_HAL_Driver/Inc -I../Drivers/STM32L4xx_HAL_Driver/Inc/Legacy -I../Drivers/CMSIS/Device/ST/STM32L4xx/Include -I../Drivers/CMSIS/Include -O0 -ffunction-sections -fdata-sections -Wall -fstack-usage -fcyclomatic-complexity -MMD -MP -MF"Core/Src/lcd.d" -MT"Core/Src/lcd.o" --specs=nano.specs -mfpu=fpv4-sp-d16 -mfloat-abi=hard -mthumb -o "Core/Src/lcd.o"
arm-none-eabi-gcc -o "A3.elf" @"objects.list"   -mcpu=cortex-m4 -T"C:\Users\Wilso\Desktop\Code\C\A3\STM32L4A6ZGTX_FLASH.ld" --specs=nosys.specs -Wl,-Map="A3.map" -Wl,--gc-sections -static --specs=nano.specs -mfpu=fpv4-sp-d16 -mfloat-abi=hard -mthumb -Wl,--start-group -lc -lm -Wl,--end-group
Finished building target: A3.elf
 
arm-none-eabi-size   A3.elf 
arm-none-eabi-objdump -h -S  A3.elf  > "A3.list"
   text	   data	    bss	    dec	    hex	filename
   6080	     20	   1572	   7672	   1df8	A3.elf
Finished building: default.size.stdout
 
Finished building: A3.list
 
01:12:16 **** Incremental Build of configuration Debug for project A3 ****
make -j16 all 
arm-none-eabi-gcc "../Core/Src/main.c" -mcpu=cortex-m4 -std=gnu11 -g3 -DDEBUG -DUSE_HAL_DRIVER -DSTM32L4A6xx -c -I../Core/Inc -I../Drivers/STM32L4xx_HAL_Driver/Inc -I../Drivers/STM32L4xx_HAL_Driver/Inc/Legacy -I../Drivers/CMSIS/Device/ST/STM32L4xx/Include -I../Drivers/CMSIS/Include -O0 -ffunction-sections -fdata-sections -Wall -fstack-usage -fcyclomatic-complexity -MMD -MP -MF"Core/Src/main.d" -MT"Core/Src/main.o" --specs=nano.specs -mfpu=fpv4-sp-d16 -mfloat-abi=hard -mthumb -o "Core/Src/main.o"
../Core/Src/main.c: In function 'main':
../Core/Src/main.c:17:5: warning: implicit declaration of function 'LCD_init' [-Wimplicit-function-declaration]
   17 |     LCD_init();
      |     ^~~~~~~~
../Core/Src/main.c:18:4: warning: implicit declaration of function 'write' [-Wimplicit-function-declaration]
   18 |    write('H');
      |    ^~~~~
arm-none-eabi-gcc -o "A3.elf" @"objects.list"   -mcpu=cortex-m4 -T"C:\Users\Wilso\Desktop\Code\C\A3\STM32L4A6ZGTX_FLASH.ld" --specs=nosys.specs -Wl,-Map="A3.map" -Wl,--gc-sections -static --specs=nano.specs -mfpu=fpv4-sp-d16 -mfloat-abi=hard -mthumb -Wl,--start-group -lc -lm -Wl,--end-group
Finished building target: A3.elf
 
arm-none-eabi-size   A3.elf 
arm-none-eabi-objdump -h -S  A3.elf  > "A3.list"
   text	   data	    bss	    dec	    hex	filename
   6012	     20	   1572	   7604	   1db4	A3.elf
Finished building: default.size.stdout
 
Finished building: A3.list
 
01:12:50 **** Incremental Build of configuration Debug for project A3 ****
make -j16 all 
arm-none-eabi-gcc "../Core/Src/lcd.c" -mcpu=cortex-m4 -std=gnu11 -g3 -DDEBUG -DUSE_HAL_DRIVER -DSTM32L4A6xx -c -I../Core/Inc -I../Drivers/STM32L4xx_HAL_Driver/Inc -I../Drivers/STM32L4xx_HAL_Driver/Inc/Legacy -I../Drivers/CMSIS/Device/ST/STM32L4xx/Include -I../Drivers/CMSIS/Include -O0 -ffunction-sections -fdata-sections -Wall -fstack-usage -fcyclomatic-complexity -MMD -MP -MF"Core/Src/lcd.d" -MT"Core/Src/lcd.o" --specs=nano.specs -mfpu=fpv4-sp-d16 -mfloat-abi=hard -mthumb -o "Core/Src/lcd.o"
arm-none-eabi-gcc -o "A3.elf" @"objects.list"   -mcpu=cortex-m4 -T"C:\Users\Wilso\Desktop\Code\C\A3\STM32L4A6ZGTX_FLASH.ld" --specs=nosys.specs -Wl,-Map="A3.map" -Wl,--gc-sections -static --specs=nano.specs -mfpu=fpv4-sp-d16 -mfloat-abi=hard -mthumb -Wl,--start-group -lc -lm -Wl,--end-group
Finished building target: A3.elf
 
arm-none-eabi-size   A3.elf 
arm-none-eabi-objdump -h -S  A3.elf  > "A3.list"
   text	   data	    bss	    dec	    hex	filename
   6004	     20	   1572	   7596	   1dac	A3.elf
Finished building: default.size.stdout
 
Finished building: A3.list
 
01:14:05 **** Incremental Build of configuration Debug for project A3 ****
make -j16 all 
arm-none-eabi-gcc "../Core/Src/lcd.c" -mcpu=cortex-m4 -std=gnu11 -g3 -DDEBUG -DUSE_HAL_DRIVER -DSTM32L4A6xx -c -I../Core/Inc -I../Drivers/STM32L4xx_HAL_Driver/Inc -I../Drivers/STM32L4xx_HAL_Driver/Inc/Legacy -I../Drivers/CMSIS/Device/ST/STM32L4xx/Include -I../Drivers/CMSIS/Include -O0 -ffunction-sections -fdata-sections -Wall -fstack-usage -fcyclomatic-complexity -MMD -MP -MF"Core/Src/lcd.d" -MT"Core/Src/lcd.o" --specs=nano.specs -mfpu=fpv4-sp-d16 -mfloat-abi=hard -mthumb -o "Core/Src/lcd.o"
arm-none-eabi-gcc -o "A3.elf" @"objects.list"   -mcpu=cortex-m4 -T"C:\Users\Wilso\Desktop\Code\C\A3\STM32L4A6ZGTX_FLASH.ld" --specs=nosys.specs -Wl,-Map="A3.map" -Wl,--gc-sections -static --specs=nano.specs -mfpu=fpv4-sp-d16 -mfloat-abi=hard -mthumb -Wl,--start-group -lc -lm -Wl,--end-group
Finished building target: A3.elf
 
arm-none-eabi-size   A3.elf 
arm-none-eabi-objdump -h -S  A3.elf  > "A3.list"
   text	   data	    bss	    dec	    hex	filename
   5932	     28	   1572	   7532	   1d6c	A3.elf
Finished building: default.size.stdout
 
Finished building: A3.list
 
01:16:36 **** Incremental Build of configuration Debug for project A3 ****
make -j16 all 
arm-none-eabi-gcc "../Core/Src/lcd.c" -mcpu=cortex-m4 -std=gnu11 -g3 -DDEBUG -DUSE_HAL_DRIVER -DSTM32L4A6xx -c -I../Core/Inc -I../Drivers/STM32L4xx_HAL_Driver/Inc -I../Drivers/STM32L4xx_HAL_Driver/Inc/Legacy -I../Drivers/CMSIS/Device/ST/STM32L4xx/Include -I../Drivers/CMSIS/Include -O0 -ffunction-sections -fdata-sections -Wall -fstack-usage -fcyclomatic-complexity -MMD -MP -MF"Core/Src/lcd.d" -MT"Core/Src/lcd.o" --specs=nano.specs -mfpu=fpv4-sp-d16 -mfloat-abi=hard -mthumb -o "Core/Src/lcd.o"
arm-none-eabi-gcc "../Core/Src/main.c" -mcpu=cortex-m4 -std=gnu11 -g3 -DDEBUG -DUSE_HAL_DRIVER -DSTM32L4A6xx -c -I../Core/Inc -I../Drivers/STM32L4xx_HAL_Driver/Inc -I../Drivers/STM32L4xx_HAL_Driver/Inc/Legacy -I../Drivers/CMSIS/Device/ST/STM32L4xx/Include -I../Drivers/CMSIS/Include -O0 -ffunction-sections -fdata-sections -Wall -fstack-usage -fcyclomatic-complexity -MMD -MP -MF"Core/Src/main.d" -MT"Core/Src/main.o" --specs=nano.specs -mfpu=fpv4-sp-d16 -mfloat-abi=hard -mthumb -o "Core/Src/main.o"
../Core/Src/main.c: In function 'main':
../Core/Src/main.c:17:5: warning: implicit declaration of function 'LCD_init' [-Wimplicit-function-declaration]
   17 |     LCD_init();
      |     ^~~~~~~~
../Core/Src/main.c:18:4: warning: implicit declaration of function 'write' [-Wimplicit-function-declaration]
   18 |    write('W');
      |    ^~~~~
arm-none-eabi-gcc -o "A3.elf" @"objects.list"   -mcpu=cortex-m4 -T"C:\Users\Wilso\Desktop\Code\C\A3\STM32L4A6ZGTX_FLASH.ld" --specs=nosys.specs -Wl,-Map="A3.map" -Wl,--gc-sections -static --specs=nano.specs -mfpu=fpv4-sp-d16 -mfloat-abi=hard -mthumb -Wl,--start-group -lc -lm -Wl,--end-group
Finished building target: A3.elf
 
arm-none-eabi-size   A3.elf 
arm-none-eabi-objdump -h -S  A3.elf  > "A3.list"
   text	   data	    bss	    dec	    hex	filename
   5900	     28	   1572	   7500	   1d4c	A3.elf
Finished building: default.size.stdout
 
Finished building: A3.list
 
01:17:11 **** Incremental Build of configuration Debug for project A3 ****
make -j16 all 
arm-none-eabi-gcc "../Core/Src/lcd.c" -mcpu=cortex-m4 -std=gnu11 -g3 -DDEBUG -DUSE_HAL_DRIVER -DSTM32L4A6xx -c -I../Core/Inc -I../Drivers/STM32L4xx_HAL_Driver/Inc -I../Drivers/STM32L4xx_HAL_Driver/Inc/Legacy -I../Drivers/CMSIS/Device/ST/STM32L4xx/Include -I../Drivers/CMSIS/Include -O0 -ffunction-sections -fdata-sections -Wall -fstack-usage -fcyclomatic-complexity -MMD -MP -MF"Core/Src/lcd.d" -MT"Core/Src/lcd.o" --specs=nano.specs -mfpu=fpv4-sp-d16 -mfloat-abi=hard -mthumb -o "Core/Src/lcd.o"
arm-none-eabi-gcc -o "A3.elf" @"objects.list"   -mcpu=cortex-m4 -T"C:\Users\Wilso\Desktop\Code\C\A3\STM32L4A6ZGTX_FLASH.ld" --specs=nosys.specs -Wl,-Map="A3.map" -Wl,--gc-sections -static --specs=nano.specs -mfpu=fpv4-sp-d16 -mfloat-abi=hard -mthumb -Wl,--start-group -lc -lm -Wl,--end-group
Finished building target: A3.elf
 
arm-none-eabi-size   A3.elf 
arm-none-eabi-objdump -h -S  A3.elf  > "A3.list"
   text	   data	    bss	    dec	    hex	filename
   5900	     28	   1572	   7500	   1d4c	A3.elf
Finished building: default.size.stdout
 
Finished building: A3.list
 
01:17:39 **** Incremental Build of configuration Debug for project A3 ****
make -j16 all 
arm-none-eabi-gcc "../Core/Src/main.c" -mcpu=cortex-m4 -std=gnu11 -g3 -DDEBUG -DUSE_HAL_DRIVER -DSTM32L4A6xx -c -I../Core/Inc -I../Drivers/STM32L4xx_HAL_Driver/Inc -I../Drivers/STM32L4xx_HAL_Driver/Inc/Legacy -I../Drivers/CMSIS/Device/ST/STM32L4xx/Include -I../Drivers/CMSIS/Include -O0 -ffunction-sections -fdata-sections -Wall -fstack-usage -fcyclomatic-complexity -MMD -MP -MF"Core/Src/main.d" -MT"Core/Src/main.o" --specs=nano.specs -mfpu=fpv4-sp-d16 -mfloat-abi=hard -mthumb -o "Core/Src/main.o"
../Core/Src/main.c: In function 'main':
../Core/Src/main.c:17:5: warning: implicit declaration of function 'LCD_init' [-Wimplicit-function-declaration]
   17 |     LCD_init();
      |     ^~~~~~~~
../Core/Src/main.c:18:4: warning: implicit declaration of function 'write' [-Wimplicit-function-declaration]
   18 |    write('F');
      |    ^~~~~
arm-none-eabi-gcc -o "A3.elf" @"objects.list"   -mcpu=cortex-m4 -T"C:\Users\Wilso\Desktop\Code\C\A3\STM32L4A6ZGTX_FLASH.ld" --specs=nosys.specs -Wl,-Map="A3.map" -Wl,--gc-sections -static --specs=nano.specs -mfpu=fpv4-sp-d16 -mfloat-abi=hard -mthumb -Wl,--start-group -lc -lm -Wl,--end-group
Finished building target: A3.elf
 
arm-none-eabi-size   A3.elf 
arm-none-eabi-objdump -h -S  A3.elf  > "A3.list"
   text	   data	    bss	    dec	    hex	filename
   5900	     28	   1572	   7500	   1d4c	A3.elf
Finished building: default.size.stdout
 
Finished building: A3.list
 
01:22:06 **** Incremental Build of configuration Debug for project A3 ****
make -j16 all 
arm-none-eabi-gcc "../Core/Src/main.c" -mcpu=cortex-m4 -std=gnu11 -g3 -DDEBUG -DUSE_HAL_DRIVER -DSTM32L4A6xx -c -I../Core/Inc -I../Drivers/STM32L4xx_HAL_Driver/Inc -I../Drivers/STM32L4xx_HAL_Driver/Inc/Legacy -I../Drivers/CMSIS/Device/ST/STM32L4xx/Include -I../Drivers/CMSIS/Include -O0 -ffunction-sections -fdata-sections -Wall -fstack-usage -fcyclomatic-complexity -MMD -MP -MF"Core/Src/main.d" -MT"Core/Src/main.o" --specs=nano.specs -mfpu=fpv4-sp-d16 -mfloat-abi=hard -mthumb -o "Core/Src/main.o"
../Core/Src/main.c: In function 'main':
../Core/Src/main.c:14:3: warning: implicit declaration of function 'LCD_init' [-Wimplicit-function-declaration]
   14 |   LCD_init();
      |   ^~~~~~~~
../Core/Src/main.c:17:18: error: 'delay' undeclared (first use in this function); did you mean 'delay_us'?
   17 |   str_write(str, delay);
      |                  ^~~~~
      |                  delay_us
../Core/Src/main.c:17:18: note: each undeclared identifier is reported only once for each function it appears in
../Core/Src/main.c: In function 'str_write':
../Core/Src/main.c:36:9: warning: implicit declaration of function 'write_char' [-Wimplicit-function-declaration]
   36 |         write_char(str[i]);
      |         ^~~~~~~~~~
make: *** [Core/Src/subdir.mk:43: Core/Src/main.o] Error 1
"make -j16 all" terminated with exit code 2. Build might be incomplete.
01:22:37 **** Incremental Build of configuration Debug for project A3 ****
make -j16 all 
arm-none-eabi-gcc "../Core/Src/main.c" -mcpu=cortex-m4 -std=gnu11 -g3 -DDEBUG -DUSE_HAL_DRIVER -DSTM32L4A6xx -c -I../Core/Inc -I../Drivers/STM32L4xx_HAL_Driver/Inc -I../Drivers/STM32L4xx_HAL_Driver/Inc/Legacy -I../Drivers/CMSIS/Device/ST/STM32L4xx/Include -I../Drivers/CMSIS/Include -O0 -ffunction-sections -fdata-sections -Wall -fstack-usage -fcyclomatic-complexity -MMD -MP -MF"Core/Src/main.d" -MT"Core/Src/main.o" --specs=nano.specs -mfpu=fpv4-sp-d16 -mfloat-abi=hard -mthumb -o "Core/Src/main.o"
../Core/Src/main.c: In function 'main':
../Core/Src/main.c:14:3: warning: implicit declaration of function 'LCD_init' [-Wimplicit-function-declaration]
   14 |   LCD_init();
      |   ^~~~~~~~
../Core/Src/main.c: In function 'str_write':
../Core/Src/main.c:36:9: warning: implicit declaration of function 'write_char' [-Wimplicit-function-declaration]
   36 |         write_char(str[i]);
      |         ^~~~~~~~~~
arm-none-eabi-gcc -o "A3.elf" @"objects.list"   -mcpu=cortex-m4 -T"C:\Users\Wilso\Desktop\Code\C\A3\STM32L4A6ZGTX_FLASH.ld" --specs=nosys.specs -Wl,-Map="A3.map" -Wl,--gc-sections -static --specs=nano.specs -mfpu=fpv4-sp-d16 -mfloat-abi=hard -mthumb -Wl,--start-group -lc -lm -Wl,--end-group
c:\users\wilso\desktop\329\stm32cubeide_1.12.0\stm32cubeide\plugins\com.st.stm32cube.ide.mcu.externaltools.gnu-tools-for-stm32.10.3-2021.10.win32_1.0.200.202301161003\tools\arm-none-eabi\bin\ld.exe: ./Core/Src/main.o: in function `str_write':
C:/Users/Wilso/Desktop/Code/C/A3/Debug/../Core/Src/main.c:36: undefined reference to `write_char'
collect2.exe: error: ld returned 1 exit status
make: *** [makefile:64: A3.elf] Error 1
"make -j16 all" terminated with exit code 2. Build might be incomplete.
01:23:05 **** Incremental Build of configuration Debug for project A3 ****
make -j16 all 
arm-none-eabi-gcc "../Core/Src/main.c" -mcpu=cortex-m4 -std=gnu11 -g3 -DDEBUG -DUSE_HAL_DRIVER -DSTM32L4A6xx -c -I../Core/Inc -I../Drivers/STM32L4xx_HAL_Driver/Inc -I../Drivers/STM32L4xx_HAL_Driver/Inc/Legacy -I../Drivers/CMSIS/Device/ST/STM32L4xx/Include -I../Drivers/CMSIS/Include -O0 -ffunction-sections -fdata-sections -Wall -fstack-usage -fcyclomatic-complexity -MMD -MP -MF"Core/Src/main.d" -MT"Core/Src/main.o" --specs=nano.specs -mfpu=fpv4-sp-d16 -mfloat-abi=hard -mthumb -o "Core/Src/main.o"
../Core/Src/main.c: In function 'main':
../Core/Src/main.c:14:3: warning: implicit declaration of function 'LCD_init' [-Wimplicit-function-declaration]
   14 |   LCD_init();
      |   ^~~~~~~~
../Core/Src/main.c: In function 'str_write':
../Core/Src/main.c:36:9: warning: implicit declaration of function 'write' [-Wimplicit-function-declaration]
   36 |         write(str[i]);
      |         ^~~~~
arm-none-eabi-gcc -o "A3.elf" @"objects.list"   -mcpu=cortex-m4 -T"C:\Users\Wilso\Desktop\Code\C\A3\STM32L4A6ZGTX_FLASH.ld" --specs=nosys.specs -Wl,-Map="A3.map" -Wl,--gc-sections -static --specs=nano.specs -mfpu=fpv4-sp-d16 -mfloat-abi=hard -mthumb -Wl,--start-group -lc -lm -Wl,--end-group
Finished building target: A3.elf
 
arm-none-eabi-size   A3.elf 
arm-none-eabi-objdump -h -S  A3.elf  > "A3.list"
   text	   data	    bss	    dec	    hex	filename
   5976	     28	   1572	   7576	   1d98	A3.elf
Finished building: default.size.stdout
 
Finished building: A3.list
 
01:26:18 **** Incremental Build of configuration Debug for project A3 ****
make -j16 all 
arm-none-eabi-gcc "../Core/Src/main.c" -mcpu=cortex-m4 -std=gnu11 -g3 -DDEBUG -DUSE_HAL_DRIVER -DSTM32L4A6xx -c -I../Core/Inc -I../Drivers/STM32L4xx_HAL_Driver/Inc -I../Drivers/STM32L4xx_HAL_Driver/Inc/Legacy -I../Drivers/CMSIS/Device/ST/STM32L4xx/Include -I../Drivers/CMSIS/Include -O0 -ffunction-sections -fdata-sections -Wall -fstack-usage -fcyclomatic-complexity -MMD -MP -MF"Core/Src/main.d" -MT"Core/Src/main.o" --specs=nano.specs -mfpu=fpv4-sp-d16 -mfloat-abi=hard -mthumb -o "Core/Src/main.o"
../Core/Src/main.c: In function 'main':
../Core/Src/main.c:14:3: warning: implicit declaration of function 'LCD_init' [-Wimplicit-function-declaration]
   14 |   LCD_init();
      |   ^~~~~~~~
../Core/Src/main.c: In function 'str_write':
../Core/Src/main.c:27:9: warning: implicit declaration of function 'write' [-Wimplicit-function-declaration]
   27 |         write(str[i]);
      |         ^~~~~
arm-none-eabi-gcc -o "A3.elf" @"objects.list"   -mcpu=cortex-m4 -T"C:\Users\Wilso\Desktop\Code\C\A3\STM32L4A6ZGTX_FLASH.ld" --specs=nosys.specs -Wl,-Map="A3.map" -Wl,--gc-sections -static --specs=nano.specs -mfpu=fpv4-sp-d16 -mfloat-abi=hard -mthumb -Wl,--start-group -lc -lm -Wl,--end-group
Finished building target: A3.elf
 
arm-none-eabi-size   A3.elf 
arm-none-eabi-objdump -h -S  A3.elf  > "A3.list"
   text	   data	    bss	    dec	    hex	filename
   5972	     28	   1572	   7572	   1d94	A3.elf
Finished building: default.size.stdout
 
Finished building: A3.list
 
01:27:05 **** Incremental Build of configuration Debug for project A3 ****
make -j16 all 
arm-none-eabi-gcc "../Core/Src/main.c" -mcpu=cortex-m4 -std=gnu11 -g3 -DDEBUG -DUSE_HAL_DRIVER -DSTM32L4A6xx -c -I../Core/Inc -I../Drivers/STM32L4xx_HAL_Driver/Inc -I../Drivers/STM32L4xx_HAL_Driver/Inc/Legacy -I../Drivers/CMSIS/Device/ST/STM32L4xx/Include -I../Drivers/CMSIS/Include -O0 -ffunction-sections -fdata-sections -Wall -fstack-usage -fcyclomatic-complexity -MMD -MP -MF"Core/Src/main.d" -MT"Core/Src/main.o" --specs=nano.specs -mfpu=fpv4-sp-d16 -mfloat-abi=hard -mthumb -o "Core/Src/main.o"
../Core/Src/main.c: In function 'main':
../Core/Src/main.c:14:3: warning: implicit declaration of function 'LCD_init' [-Wimplicit-function-declaration]
   14 |   LCD_init();
      |   ^~~~~~~~
../Core/Src/main.c: In function 'str_write':
../Core/Src/main.c:27:9: warning: implicit declaration of function 'write' [-Wimplicit-function-declaration]
   27 |         write(str[i]);
      |         ^~~~~
arm-none-eabi-gcc -o "A3.elf" @"objects.list"   -mcpu=cortex-m4 -T"C:\Users\Wilso\Desktop\Code\C\A3\STM32L4A6ZGTX_FLASH.ld" --specs=nosys.specs -Wl,-Map="A3.map" -Wl,--gc-sections -static --specs=nano.specs -mfpu=fpv4-sp-d16 -mfloat-abi=hard -mthumb -Wl,--start-group -lc -lm -Wl,--end-group
Finished building target: A3.elf
 
arm-none-eabi-size   A3.elf 
arm-none-eabi-objdump -h -S  A3.elf  > "A3.list"
   text	   data	    bss	    dec	    hex	filename
   6000	     28	   1572	   7600	   1db0	A3.elf
Finished building: default.size.stdout
 
Finished building: A3.list
 
01:27:45 **** Incremental Build of configuration Debug for project A3 ****
make -j16 all 
arm-none-eabi-gcc "../Core/Src/main.c" -mcpu=cortex-m4 -std=gnu11 -g3 -DDEBUG -DUSE_HAL_DRIVER -DSTM32L4A6xx -c -I../Core/Inc -I../Drivers/STM32L4xx_HAL_Driver/Inc -I../Drivers/STM32L4xx_HAL_Driver/Inc/Legacy -I../Drivers/CMSIS/Device/ST/STM32L4xx/Include -I../Drivers/CMSIS/Include -O0 -ffunction-sections -fdata-sections -Wall -fstack-usage -fcyclomatic-complexity -MMD -MP -MF"Core/Src/main.d" -MT"Core/Src/main.o" --specs=nano.specs -mfpu=fpv4-sp-d16 -mfloat-abi=hard -mthumb -o "Core/Src/main.o"
../Core/Src/main.c: In function 'main':
../Core/Src/main.c:14:3: warning: implicit declaration of function 'LCD_init' [-Wimplicit-function-declaration]
   14 |   LCD_init();
      |   ^~~~~~~~
../Core/Src/main.c: In function 'str_write':
../Core/Src/main.c:27:9: warning: implicit declaration of function 'write' [-Wimplicit-function-declaration]
   27 |         write(str[i]);
      |         ^~~~~
arm-none-eabi-gcc -o "A3.elf" @"objects.list"   -mcpu=cortex-m4 -T"C:\Users\Wilso\Desktop\Code\C\A3\STM32L4A6ZGTX_FLASH.ld" --specs=nosys.specs -Wl,-Map="A3.map" -Wl,--gc-sections -static --specs=nano.specs -mfpu=fpv4-sp-d16 -mfloat-abi=hard -mthumb -Wl,--start-group -lc -lm -Wl,--end-group
Finished building target: A3.elf
 
arm-none-eabi-size   A3.elf 
arm-none-eabi-objdump -h -S  A3.elf  > "A3.list"
   text	   data	    bss	    dec	    hex	filename
   5996	     28	   1572	   7596	   1dac	A3.elf
Finished building: default.size.stdout
 
Finished building: A3.list
 
01:35:58 **** Incremental Build of configuration Debug for project A3 ****
make -j16 all 
arm-none-eabi-gcc "../Core/Src/lcd.c" -mcpu=cortex-m4 -std=gnu11 -g3 -DDEBUG -DUSE_HAL_DRIVER -DSTM32L4A6xx -c -I../Core/Inc -I../Drivers/STM32L4xx_HAL_Driver/Inc -I../Drivers/STM32L4xx_HAL_Driver/Inc/Legacy -I../Drivers/CMSIS/Device/ST/STM32L4xx/Include -I../Drivers/CMSIS/Include -O0 -ffunction-sections -fdata-sections -Wall -fstack-usage -fcyclomatic-complexity -MMD -MP -MF"Core/Src/lcd.d" -MT"Core/Src/lcd.o" --specs=nano.specs -mfpu=fpv4-sp-d16 -mfloat-abi=hard -mthumb -o "Core/Src/lcd.o"
arm-none-eabi-gcc "../Core/Src/main.c" -mcpu=cortex-m4 -std=gnu11 -g3 -DDEBUG -DUSE_HAL_DRIVER -DSTM32L4A6xx -c -I../Core/Inc -I../Drivers/STM32L4xx_HAL_Driver/Inc -I../Drivers/STM32L4xx_HAL_Driver/Inc/Legacy -I../Drivers/CMSIS/Device/ST/STM32L4xx/Include -I../Drivers/CMSIS/Include -O0 -ffunction-sections -fdata-sections -Wall -fstack-usage -fcyclomatic-complexity -MMD -MP -MF"Core/Src/main.d" -MT"Core/Src/main.o" --specs=nano.specs -mfpu=fpv4-sp-d16 -mfloat-abi=hard -mthumb -o "Core/Src/main.o"
../Core/Src/main.c: In function 'main':
../Core/Src/main.c:14:3: warning: implicit declaration of function 'LCD_init' [-Wimplicit-function-declaration]
   14 |   LCD_init();
      |   ^~~~~~~~
../Core/Src/main.c:19:3: warning: implicit declaration of function 'lcd_set_cursor_position' [-Wimplicit-function-declaration]
   19 |   lcd_set_cursor_position(1, 10)
      |   ^~~~~~~~~~~~~~~~~~~~~~~
../Core/Src/main.c:19:33: error: expected ';' before 'const'
   19 |   lcd_set_cursor_position(1, 10)
      |                                 ^
      |                                 ;
   20 |   const char str[] = "*=SET #=GO 00:00";
      |   ~~~~~                          
../Core/Src/main.c: In function 'str_write':
../Core/Src/main.c:31:9: warning: implicit declaration of function 'write' [-Wimplicit-function-declaration]
   31 |         write(str[i]);
      |         ^~~~~
make: *** [Core/Src/subdir.mk:43: Core/Src/main.o] Error 1
make: *** Waiting for unfinished jobs....
"make -j16 all" terminated with exit code 2. Build might be incomplete.
01:36:06 **** Incremental Build of configuration Debug for project A3 ****
make -j16 all 
arm-none-eabi-gcc "../Core/Src/main.c" -mcpu=cortex-m4 -std=gnu11 -g3 -DDEBUG -DUSE_HAL_DRIVER -DSTM32L4A6xx -c -I../Core/Inc -I../Drivers/STM32L4xx_HAL_Driver/Inc -I../Drivers/STM32L4xx_HAL_Driver/Inc/Legacy -I../Drivers/CMSIS/Device/ST/STM32L4xx/Include -I../Drivers/CMSIS/Include -O0 -ffunction-sections -fdata-sections -Wall -fstack-usage -fcyclomatic-complexity -MMD -MP -MF"Core/Src/main.d" -MT"Core/Src/main.o" --specs=nano.specs -mfpu=fpv4-sp-d16 -mfloat-abi=hard -mthumb -o "Core/Src/main.o"
../Core/Src/main.c: In function 'main':
../Core/Src/main.c:14:3: warning: implicit declaration of function 'LCD_init' [-Wimplicit-function-declaration]
   14 |   LCD_init();
      |   ^~~~~~~~
../Core/Src/main.c:19:3: warning: implicit declaration of function 'lcd_set_cursor_position' [-Wimplicit-function-declaration]
   19 |   lcd_set_cursor_position(1, 10);
      |   ^~~~~~~~~~~~~~~~~~~~~~~
../Core/Src/main.c:20:14: error: redefinition of 'str'
   20 |   const char str[] = "*=SET #=GO 00:00";
      |              ^~~
../Core/Src/main.c:16:14: note: previous definition of 'str' was here
   16 |   const char str[] = "EE 329 A3 TIMER ";
      |              ^~~
../Core/Src/main.c: In function 'str_write':
../Core/Src/main.c:31:9: warning: implicit declaration of function 'write' [-Wimplicit-function-declaration]
   31 |         write(str[i]);
      |         ^~~~~
make: *** [Core/Src/subdir.mk:43: Core/Src/main.o] Error 1
"make -j16 all" terminated with exit code 2. Build might be incomplete.
01:36:26 **** Incremental Build of configuration Debug for project A3 ****
make -j16 all 
arm-none-eabi-gcc "../Core/Src/main.c" -mcpu=cortex-m4 -std=gnu11 -g3 -DDEBUG -DUSE_HAL_DRIVER -DSTM32L4A6xx -c -I../Core/Inc -I../Drivers/STM32L4xx_HAL_Driver/Inc -I../Drivers/STM32L4xx_HAL_Driver/Inc/Legacy -I../Drivers/CMSIS/Device/ST/STM32L4xx/Include -I../Drivers/CMSIS/Include -O0 -ffunction-sections -fdata-sections -Wall -fstack-usage -fcyclomatic-complexity -MMD -MP -MF"Core/Src/main.d" -MT"Core/Src/main.o" --specs=nano.specs -mfpu=fpv4-sp-d16 -mfloat-abi=hard -mthumb -o "Core/Src/main.o"
../Core/Src/main.c: In function 'main':
../Core/Src/main.c:14:3: warning: implicit declaration of function 'LCD_init' [-Wimplicit-function-declaration]
   14 |   LCD_init();
      |   ^~~~~~~~
../Core/Src/main.c:19:3: warning: implicit declaration of function 'lcd_set_cursor_position' [-Wimplicit-function-declaration]
   19 |   lcd_set_cursor_position(1, 10);
      |   ^~~~~~~~~~~~~~~~~~~~~~~
../Core/Src/main.c:20:7: error: assignment to expression with array type
   20 |   str = "*=SET #=GO 00:00";
      |       ^
../Core/Src/main.c: In function 'str_write':
../Core/Src/main.c:31:9: warning: implicit declaration of function 'write' [-Wimplicit-function-declaration]
   31 |         write(str[i]);
      |         ^~~~~
make: *** [Core/Src/subdir.mk:43: Core/Src/main.o] Error 1
"make -j16 all" terminated with exit code 2. Build might be incomplete.
01:36:50 **** Incremental Build of configuration Debug for project A3 ****
make -j16 all 
arm-none-eabi-gcc "../Core/Src/main.c" -mcpu=cortex-m4 -std=gnu11 -g3 -DDEBUG -DUSE_HAL_DRIVER -DSTM32L4A6xx -c -I../Core/Inc -I../Drivers/STM32L4xx_HAL_Driver/Inc -I../Drivers/STM32L4xx_HAL_Driver/Inc/Legacy -I../Drivers/CMSIS/Device/ST/STM32L4xx/Include -I../Drivers/CMSIS/Include -O0 -ffunction-sections -fdata-sections -Wall -fstack-usage -fcyclomatic-complexity -MMD -MP -MF"Core/Src/main.d" -MT"Core/Src/main.o" --specs=nano.specs -mfpu=fpv4-sp-d16 -mfloat-abi=hard -mthumb -o "Core/Src/main.o"
../Core/Src/main.c: In function 'main':
../Core/Src/main.c:14:3: warning: implicit declaration of function 'LCD_init' [-Wimplicit-function-declaration]
   14 |   LCD_init();
      |   ^~~~~~~~
../Core/Src/main.c:19:3: warning: implicit declaration of function 'lcd_set_cursor_position' [-Wimplicit-function-declaration]
   19 |   lcd_set_cursor_position(1, 10);
      |   ^~~~~~~~~~~~~~~~~~~~~~~
../Core/Src/main.c: In function 'str_write':
../Core/Src/main.c:31:9: warning: implicit declaration of function 'write' [-Wimplicit-function-declaration]
   31 |         write(str[i]);
      |         ^~~~~
arm-none-eabi-gcc -o "A3.elf" @"objects.list"   -mcpu=cortex-m4 -T"C:\Users\Wilso\Desktop\Code\C\A3\STM32L4A6ZGTX_FLASH.ld" --specs=nosys.specs -Wl,-Map="A3.map" -Wl,--gc-sections -static --specs=nano.specs -mfpu=fpv4-sp-d16 -mfloat-abi=hard -mthumb -Wl,--start-group -lc -lm -Wl,--end-group
Finished building target: A3.elf
 
arm-none-eabi-size   A3.elf 
arm-none-eabi-objdump -h -S  A3.elf  > "A3.list"
   text	   data	    bss	    dec	    hex	filename
   6092	     28	   1572	   7692	   1e0c	A3.elf
Finished building: default.size.stdout
 
Finished building: A3.list
 
01:37:29 **** Incremental Build of configuration Debug for project A3 ****
make -j16 all 
arm-none-eabi-gcc "../Core/Src/main.c" -mcpu=cortex-m4 -std=gnu11 -g3 -DDEBUG -DUSE_HAL_DRIVER -DSTM32L4A6xx -c -I../Core/Inc -I../Drivers/STM32L4xx_HAL_Driver/Inc -I../Drivers/STM32L4xx_HAL_Driver/Inc/Legacy -I../Drivers/CMSIS/Device/ST/STM32L4xx/Include -I../Drivers/CMSIS/Include -O0 -ffunction-sections -fdata-sections -Wall -fstack-usage -fcyclomatic-complexity -MMD -MP -MF"Core/Src/main.d" -MT"Core/Src/main.o" --specs=nano.specs -mfpu=fpv4-sp-d16 -mfloat-abi=hard -mthumb -o "Core/Src/main.o"
../Core/Src/main.c: In function 'main':
../Core/Src/main.c:14:3: warning: implicit declaration of function 'LCD_init' [-Wimplicit-function-declaration]
   14 |   LCD_init();
      |   ^~~~~~~~
../Core/Src/main.c:19:3: warning: implicit declaration of function 'lcd_set_cursor_position' [-Wimplicit-function-declaration]
   19 |   lcd_set_cursor_position(1, 5);
      |   ^~~~~~~~~~~~~~~~~~~~~~~
../Core/Src/main.c: In function 'str_write':
../Core/Src/main.c:31:9: warning: implicit declaration of function 'write' [-Wimplicit-function-declaration]
   31 |         write(str[i]);
      |         ^~~~~
arm-none-eabi-gcc -o "A3.elf" @"objects.list"   -mcpu=cortex-m4 -T"C:\Users\Wilso\Desktop\Code\C\A3\STM32L4A6ZGTX_FLASH.ld" --specs=nosys.specs -Wl,-Map="A3.map" -Wl,--gc-sections -static --specs=nano.specs -mfpu=fpv4-sp-d16 -mfloat-abi=hard -mthumb -Wl,--start-group -lc -lm -Wl,--end-group
Finished building target: A3.elf
 
arm-none-eabi-size   A3.elf 
arm-none-eabi-objdump -h -S  A3.elf  > "A3.list"
   text	   data	    bss	    dec	    hex	filename
   6092	     28	   1572	   7692	   1e0c	A3.elf
Finished building: default.size.stdout
 
Finished building: A3.list
 
01:37:55 **** Incremental Build of configuration Debug for project A3 ****
make -j16 all 
arm-none-eabi-gcc "../Core/Src/main.c" -mcpu=cortex-m4 -std=gnu11 -g3 -DDEBUG -DUSE_HAL_DRIVER -DSTM32L4A6xx -c -I../Core/Inc -I../Drivers/STM32L4xx_HAL_Driver/Inc -I../Drivers/STM32L4xx_HAL_Driver/Inc/Legacy -I../Drivers/CMSIS/Device/ST/STM32L4xx/Include -I../Drivers/CMSIS/Include -O0 -ffunction-sections -fdata-sections -Wall -fstack-usage -fcyclomatic-complexity -MMD -MP -MF"Core/Src/main.d" -MT"Core/Src/main.o" --specs=nano.specs -mfpu=fpv4-sp-d16 -mfloat-abi=hard -mthumb -o "Core/Src/main.o"
../Core/Src/main.c: In function 'main':
../Core/Src/main.c:14:3: warning: implicit declaration of function 'LCD_init' [-Wimplicit-function-declaration]
   14 |   LCD_init();
      |   ^~~~~~~~
../Core/Src/main.c:19:3: warning: implicit declaration of function 'lcd_set_cursor_position' [-Wimplicit-function-declaration]
   19 |   lcd_set_cursor_position(1, 5);
      |   ^~~~~~~~~~~~~~~~~~~~~~~
../Core/Src/main.c: In function 'str_write':
../Core/Src/main.c:31:9: warning: implicit declaration of function 'write' [-Wimplicit-function-declaration]
   31 |         write(str[i]);
      |         ^~~~~
arm-none-eabi-gcc -o "A3.elf" @"objects.list"   -mcpu=cortex-m4 -T"C:\Users\Wilso\Desktop\Code\C\A3\STM32L4A6ZGTX_FLASH.ld" --specs=nosys.specs -Wl,-Map="A3.map" -Wl,--gc-sections -static --specs=nano.specs -mfpu=fpv4-sp-d16 -mfloat-abi=hard -mthumb -Wl,--start-group -lc -lm -Wl,--end-group
Finished building target: A3.elf
 
arm-none-eabi-size   A3.elf 
arm-none-eabi-objdump -h -S  A3.elf  > "A3.list"
   text	   data	    bss	    dec	    hex	filename
   6080	     28	   1572	   7680	   1e00	A3.elf
Finished building: default.size.stdout
 
Finished building: A3.list
 
01:38:31 **** Incremental Build of configuration Debug for project A3 ****
make -j16 all 
arm-none-eabi-gcc "../Core/Src/main.c" -mcpu=cortex-m4 -std=gnu11 -g3 -DDEBUG -DUSE_HAL_DRIVER -DSTM32L4A6xx -c -I../Core/Inc -I../Drivers/STM32L4xx_HAL_Driver/Inc -I../Drivers/STM32L4xx_HAL_Driver/Inc/Legacy -I../Drivers/CMSIS/Device/ST/STM32L4xx/Include -I../Drivers/CMSIS/Include -O0 -ffunction-sections -fdata-sections -Wall -fstack-usage -fcyclomatic-complexity -MMD -MP -MF"Core/Src/main.d" -MT"Core/Src/main.o" --specs=nano.specs -mfpu=fpv4-sp-d16 -mfloat-abi=hard -mthumb -o "Core/Src/main.o"
../Core/Src/main.c: In function 'main':
../Core/Src/main.c:14:3: warning: implicit declaration of function 'LCD_init' [-Wimplicit-function-declaration]
   14 |   LCD_init();
      |   ^~~~~~~~
../Core/Src/main.c:19:3: warning: implicit declaration of function 'lcd_set_cursor_position' [-Wimplicit-function-declaration]
   19 |   lcd_set_cursor_position(0, 5);
      |   ^~~~~~~~~~~~~~~~~~~~~~~
../Core/Src/main.c: In function 'str_write':
../Core/Src/main.c:31:9: warning: implicit declaration of function 'write' [-Wimplicit-function-declaration]
   31 |         write(str[i]);
      |         ^~~~~
[...]
../Core/Src/main.c: In function 'main':
../Core/Src/main.c:14:3: warning: implicit declaration of function 'LCD_init' [-Wimplicit-function-declaration]
   14 |   LCD_init();
      |   ^~~~~~~~
../Core/Src/main.c:21:5: warning: implicit declaration of function 'command' [-Wimplicit-function-declaration]
   21 |     command(0xC2);
      |     ^~~~~~~
../Core/Src/main.c:25:3: warning: implicit declaration of function 'write' [-Wimplicit-function-declaration]
   25 |   write('Y');
      |   ^~~~~
arm-none-eabi-gcc -o "A3.elf" @"objects.list"   -mcpu=cortex-m4 -T"C:\Users\Wilso\Desktop\Code\C\A3\STM32L4A6ZGTX_FLASH.ld" --specs=nosys.specs -Wl,-Map="A3.map" -Wl,--gc-sections -static --specs=nano.specs -mfpu=fpv4-sp-d16 -mfloat-abi=hard -mthumb -Wl,--start-group -lc -lm -Wl,--end-group
Finished building target: A3.elf
 
arm-none-eabi-size   A3.elf 
arm-none-eabi-objdump -h -S  A3.elf  > "A3.list"
   text	   data	    bss	    dec	    hex	filename
   6068	     28	   1572	   7668	   1df4	A3.elf
Finished building: default.size.stdout
 
Finished building: A3.list
 
08:29:25 **** Incremental Build of configuration Debug for project A3 ****
make -j16 all 
arm-none-eabi-gcc "../Core/Src/lcd.c" -mcpu=cortex-m4 -std=gnu11 -g3 -DDEBUG -DUSE_HAL_DRIVER -DSTM32L4A6xx -c -I../Core/Inc -I../Drivers/STM32L4xx_HAL_Driver/Inc -I../Drivers/STM32L4xx_HAL_Driver/Inc/Legacy -I../Drivers/CMSIS/Device/ST/STM32L4xx/Include -I../Drivers/CMSIS/Include -O0 -ffunction-sections -fdata-sections -Wall -fstack-usage -fcyclomatic-complexity -MMD -MP -MF"Core/Src/lcd.d" -MT"Core/Src/lcd.o" --specs=nano.specs -mfpu=fpv4-sp-d16 -mfloat-abi=hard -mthumb -o "Core/Src/lcd.o"
arm-none-eabi-gcc -o "A3.elf" @"objects.list"   -mcpu=cortex-m4 -T"C:\Users\Wilso\Desktop\Code\C\A3\STM32L4A6ZGTX_FLASH.ld" --specs=nosys.specs -Wl,-Map="A3.map" -Wl,--gc-sections -static --specs=nano.specs -mfpu=fpv4-sp-d16 -mfloat-abi=hard -mthumb -Wl,--start-group -lc -lm -Wl,--end-group
Finished building target: A3.elf
 
arm-none-eabi-size   A3.elf 
arm-none-eabi-objdump -h -S  A3.elf  > "A3.list"
   text	   data	    bss	    dec	    hex	filename
   6060	     28	   1572	   7660	   1dec	A3.elf
Finished building: default.size.stdout
 
Finished building: A3.list
 
08:31:05 **** Incremental Build of configuration Debug for project A3 ****
make -j16 all 
arm-none-eabi-gcc "../Core/Src/lcd.c" -mcpu=cortex-m4 -std=gnu11 -g3 -DDEBUG -DUSE_HAL_DRIVER -DSTM32L4A6xx -c -I../Core/Inc -I../Drivers/STM32L4xx_HAL_Driver/Inc -I../Drivers/STM32L4xx_HAL_Driver/Inc/Legacy -I../Drivers/CMSIS/Device/ST/STM32L4xx/Include -I../Drivers/CMSIS/Include -O0 -ffunction-sections -fdata-sections -Wall -fstack-usage -fcyclomatic-complexity -MMD -MP -MF"Core/Src/lcd.d" -MT"Core/Src/lcd.o" --specs=nano.specs -mfpu=fpv4-sp-d16 -mfloat-abi=hard -mthumb -o "Core/Src/lcd.o"
arm-none-eabi-gcc -o "A3.elf" @"objects.list"   -mcpu=cortex-m4 -T"C:\Users\Wilso\Desktop\Code\C\A3\STM32L4A6ZGTX_FLASH.ld" --specs=nosys.specs -Wl,-Map="A3.map" -Wl,--gc-sections -static --specs=nano.specs -mfpu=fpv4-sp-d16 -mfloat-abi=hard -mthumb -Wl,--start-group -lc -lm -Wl,--end-group
Finished building target: A3.elf
 
arm-none-eabi-size   A3.elf 
arm-none-eabi-objdump -h -S  A3.elf  > "A3.list"
   text	   data	    bss	    dec	    hex	filename
   6068	     28	   1572	   7668	   1df4	A3.elf
Finished building: default.size.stdout
 
Finished building: A3.list
 
08:33:24 **** Incremental Build of configuration Debug for project A3 ****
make -j16 all 
arm-none-eabi-gcc "../Core/Src/lcd.c" -mcpu=cortex-m4 -std=gnu11 -g3 -DDEBUG -DUSE_HAL_DRIVER -DSTM32L4A6xx -c -I../Core/Inc -I../Drivers/STM32L4xx_HAL_Driver/Inc -I../Drivers/STM32L4xx_HAL_Driver/Inc/Legacy -I../Drivers/CMSIS/Device/ST/STM32L4xx/Include -I../Drivers/CMSIS/Include -O0 -ffunction-sections -fdata-sections -Wall -fstack-usage -fcyclomatic-complexity -MMD -MP -MF"Core/Src/lcd.d" -MT"Core/Src/lcd.o" --specs=nano.specs -mfpu=fpv4-sp-d16 -mfloat-abi=hard -mthumb -o "Core/Src/lcd.o"
arm-none-eabi-gcc -o "A3.elf" @"objects.list"   -mcpu=cortex-m4 -T"C:\Users\Wilso\Desktop\Code\C\A3\STM32L4A6ZGTX_FLASH.ld" --specs=nosys.specs -Wl,-Map="A3.map" -Wl,--gc-sections -static --specs=nano.specs -mfpu=fpv4-sp-d16 -mfloat-abi=hard -mthumb -Wl,--start-group -lc -lm -Wl,--end-group
Finished building target: A3.elf
 
arm-none-eabi-size   A3.elf 
arm-none-eabi-objdump -h -S  A3.elf  > "A3.list"
   text	   data	    bss	    dec	    hex	filename
   6060	     28	   1572	   7660	   1dec	A3.elf
Finished building: default.size.stdout
 
Finished building: A3.list
 
08:34:01 **** Incremental Build of configuration Debug for project A3 ****
make -j16 all 
arm-none-eabi-gcc "../Core/Src/main.c" -mcpu=cortex-m4 -std=gnu11 -g3 -DDEBUG -DUSE_HAL_DRIVER -DSTM32L4A6xx -c -I../Core/Inc -I../Drivers/STM32L4xx_HAL_Driver/Inc -I../Drivers/STM32L4xx_HAL_Driver/Inc/Legacy -I../Drivers/CMSIS/Device/ST/STM32L4xx/Include -I../Drivers/CMSIS/Include -O0 -ffunction-sections -fdata-sections -Wall -fstack-usage -fcyclomatic-complexity -MMD -MP -MF"Core/Src/main.d" -MT"Core/Src/main.o" --specs=nano.specs -mfpu=fpv4-sp-d16 -mfloat-abi=hard -mthumb -o "Core/Src/main.o"
../Core/Src/main.c: In function 'main':
../Core/Src/main.c:14:3: warning: implicit declaration of function 'LCD_init' [-Wimplicit-function-declaration]
   14 |   LCD_init();
      |   ^~~~~~~~
../Core/Src/main.c:21:5: warning: implicit declaration of function 'command' [-Wimplicit-function-declaration]
   21 |     command(0xC0);
      |     ^~~~~~~
../Core/Src/main.c:25:3: warning: implicit declaration of function 'write' [-Wimplicit-function-declaration]
   25 |   write('Y');
      |   ^~~~~
arm-none-eabi-gcc -o "A3.elf" @"objects.list"   -mcpu=cortex-m4 -T"C:\Users\Wilso\Desktop\Code\C\A3\STM32L4A6ZGTX_FLASH.ld" --specs=nosys.specs -Wl,-Map="A3.map" -Wl,--gc-sections -static --specs=nano.specs -mfpu=fpv4-sp-d16 -mfloat-abi=hard -mthumb -Wl,--start-group -lc -lm -Wl,--end-group
Finished building target: A3.elf
 
arm-none-eabi-size   A3.elf 
arm-none-eabi-objdump -h -S  A3.elf  > "A3.list"
   text	   data	    bss	    dec	    hex	filename
   6060	     28	   1572	   7660	   1dec	A3.elf
Finished building: default.size.stdout
 
Finished building: A3.list
 
08:34:18 **** Incremental Build of configuration Debug for project A3 ****
make -j16 all 
arm-none-eabi-gcc "../Core/Src/main.c" -mcpu=cortex-m4 -std=gnu11 -g3 -DDEBUG -DUSE_HAL_DRIVER -DSTM32L4A6xx -c -I../Core/Inc -I../Drivers/STM32L4xx_HAL_Driver/Inc -I../Drivers/STM32L4xx_HAL_Driver/Inc/Legacy -I../Drivers/CMSIS/Device/ST/STM32L4xx/Include -I../Drivers/CMSIS/Include -O0 -ffunction-sections -fdata-sections -Wall -fstack-usage -fcyclomatic-complexity -MMD -MP -MF"Core/Src/main.d" -MT"Core/Src/main.o" --specs=nano.specs -mfpu=fpv4-sp-d16 -mfloat-abi=hard -mthumb -o "Core/Src/main.o"
../Core/Src/main.c: In function 'main':
../Core/Src/main.c:14:3: warning: implicit declaration of function 'LCD_init' [-Wimplicit-function-declaration]
   14 |   LCD_init();
      |   ^~~~~~~~
../Core/Src/main.c:21:5: warning: implicit declaration of function 'command' [-Wimplicit-function-declaration]
   21 |     command(0xC1);
      |     ^~~~~~~
../Core/Src/main.c:25:3: warning: implicit declaration of function 'write' [-Wimplicit-function-declaration]
   25 |   write('Y');
      |   ^~~~~
arm-none-eabi-gcc -o "A3.elf" @"objects.list"   -mcpu=cortex-m4 -T"C:\Users\Wilso\Desktop\Code\C\A3\STM32L4A6ZGTX_FLASH.ld" --specs=nosys.specs -Wl,-Map="A3.map" -Wl,--gc-sections -static --specs=nano.specs -mfpu=fpv4-sp-d16 -mfloat-abi=hard -mthumb -Wl,--start-group -lc -lm -Wl,--end-group
Finished building target: A3.elf
 
arm-none-eabi-size   A3.elf 
arm-none-eabi-objdump -h -S  A3.elf  > "A3.list"
   text	   data	    bss	    dec	    hex	filename
   6060	     28	   1572	   7660	   1dec	A3.elf
Finished building: default.size.stdout
 
Finished building: A3.list
 
08:36:07 **** Incremental Build of configuration Debug for project A3 ****
make -j16 all 
arm-none-eabi-gcc "../Core/Src/lcd.c" -mcpu=cortex-m4 -std=gnu11 -g3 -DDEBUG -DUSE_HAL_DRIVER -DSTM32L4A6xx -c -I../Core/Inc -I../Drivers/STM32L4xx_HAL_Driver/Inc -I../Drivers/STM32L4xx_HAL_Driver/Inc/Legacy -I../Drivers/CMSIS/Device/ST/STM32L4xx/Include -I../Drivers/CMSIS/Include -O0 -ffunction-sections -fdata-sections -Wall -fstack-usage -fcyclomatic-complexity -MMD -MP -MF"Core/Src/lcd.d" -MT"Core/Src/lcd.o" --specs=nano.specs -mfpu=fpv4-sp-d16 -mfloat-abi=hard -mthumb -o "Core/Src/lcd.o"
arm-none-eabi-gcc "../Core/Src/main.c" -mcpu=cortex-m4 -std=gnu11 -g3 -DDEBUG -DUSE_HAL_DRIVER -DSTM32L4A6xx -c -I../Core/Inc -I../Drivers/STM32L4xx_HAL_Driver/Inc -I../Drivers/STM32L4xx_HAL_Driver/Inc/Legacy -I../Drivers/CMSIS/Device/ST/STM32L4xx/Include -I../Drivers/CMSIS/Include -O0 -ffunction-sections -fdata-sections -Wall -fstack-usage -fcyclomatic-complexity -MMD -MP -MF"Core/Src/main.d" -MT"Core/Src/main.o" --specs=nano.specs -mfpu=fpv4-sp-d16 -mfloat-abi=hard -mthumb -o "Core/Src/main.o"
../Core/Src/main.c: In function 'main':
../Core/Src/main.c:14:3: warning: implicit declaration of function 'LCD_init' [-Wimplicit-function-declaration]
   14 |   LCD_init();
      |   ^~~~~~~~
../Core/Src/main.c:21:5: warning: implicit declaration of function 'command' [-Wimplicit-function-declaration]
   21 |     command(0xC1);
      |     ^~~~~~~
../Core/Src/main.c:25:3: warning: implicit declaration of function 'write' [-Wimplicit-function-declaration]
   25 |   write('Y');
      |   ^~~~~
arm-none-eabi-gcc -o "A3.elf" @"objects.list"   -mcpu=cortex-m4 -T"C:\Users\Wilso\Desktop\Code\C\A3\STM32L4A6ZGTX_FLASH.ld" --specs=nosys.specs -Wl,-Map="A3.map" -Wl,--gc-sections -static --specs=nano.specs -mfpu=fpv4-sp-d16 -mfloat-abi=hard -mthumb -Wl,--start-group -lc -lm -Wl,--end-group
Finished building target: A3.elf
 
arm-none-eabi-size   A3.elf 
arm-none-eabi-objdump -h -S  A3.elf  > "A3.list"
   text	   data	    bss	    dec	    hex	filename
   6060	     28	   1572	   7660	   1dec	A3.elf
Finished building: default.size.stdout
 
Finished building: A3.list
 
08:36:39 **** Incremental Build of configuration Debug for project A3 ****
make -j16 all 
arm-none-eabi-gcc "../Core/Src/main.c" -mcpu=cortex-m4 -std=gnu11 -g3 -DDEBUG -DUSE_HAL_DRIVER -DSTM32L4A6xx -c -I../Core/Inc -I../Drivers/STM32L4xx_HAL_Driver/Inc -I../Drivers/STM32L4xx_HAL_Driver/Inc/Legacy -I../Drivers/CMSIS/Device/ST/STM32L4xx/Include -I../Drivers/CMSIS/Include -O0 -ffunction-sections -fdata-sections -Wall -fstack-usage -fcyclomatic-complexity -MMD -MP -MF"Core/Src/main.d" -MT"Core/Src/main.o" --specs=nano.specs -mfpu=fpv4-sp-d16 -mfloat-abi=hard -mthumb -o "Core/Src/main.o"
../Core/Src/main.c: In function 'main':
../Core/Src/main.c:14:3: warning: implicit declaration of function 'LCD_init' [-Wimplicit-function-declaration]
   14 |   LCD_init();
      |   ^~~~~~~~
../Core/Src/main.c:21:5: warning: implicit declaration of function 'command' [-Wimplicit-function-declaration]
   21 |     command(0x81);
      |     ^~~~~~~
../Core/Src/main.c:25:3: warning: implicit declaration of function 'write' [-Wimplicit-function-declaration]
   25 |   write('Y');
      |   ^~~~~
arm-none-eabi-gcc -o "A3.elf" @"objects.list"   -mcpu=cortex-m4 -T"C:\Users\Wilso\Desktop\Code\C\A3\STM32L4A6ZGTX_FLASH.ld" --specs=nosys.specs -Wl,-Map="A3.map" -Wl,--gc-sections -static --specs=nano.specs -mfpu=fpv4-sp-d16 -mfloat-abi=hard -mthumb -Wl,--start-group -lc -lm -Wl,--end-group
Finished building target: A3.elf
 
arm-none-eabi-size   A3.elf 
arm-none-eabi-objdump -h -S  A3.elf  > "A3.list"
   text	   data	    bss	    dec	    hex	filename
   6060	     28	   1572	   7660	   1dec	A3.elf
Finished building: default.size.stdout
 
Finished building: A3.list
 
08:37:16 **** Incremental Build of configuration Debug for project A3 ****
make -j16 all 
arm-none-eabi-gcc "../Core/Src/main.c" -mcpu=cortex-m4 -std=gnu11 -g3 -DDEBUG -DUSE_HAL_DRIVER -DSTM32L4A6xx -c -I../Core/Inc -I../Drivers/STM32L4xx_HAL_Driver/Inc -I../Drivers/STM32L4xx_HAL_Driver/Inc/Legacy -I../Drivers/CMSIS/Device/ST/STM32L4xx/Include -I../Drivers/CMSIS/Include -O0 -ffunction-sections -fdata-sections -Wall -fstack-usage -fcyclomatic-complexity -MMD -MP -MF"Core/Src/main.d" -MT"Core/Src/main.o" --specs=nano.specs -mfpu=fpv4-sp-d16 -mfloat-abi=hard -mthumb -o "Core/Src/main.o"
../Core/Src/main.c: In function 'main':
../Core/Src/main.c:14:3: warning: implicit declaration of function 'LCD_init' [-Wimplicit-function-declaration]
   14 |   LCD_init();
      |   ^~~~~~~~
../Core/Src/main.c:21:5: warning: implicit declaration of function 'command' [-Wimplicit-function-declaration]
   21 |     command(0xC3);
      |     ^~~~~~~
../Core/Src/main.c:25:3: warning: implicit declaration of function 'write' [-Wimplicit-function-declaration]
   25 |   write('Y');
      |   ^~~~~
arm-none-eabi-gcc -o "A3.elf" @"objects.list"   -mcpu=cortex-m4 -T"C:\Users\Wilso\Desktop\Code\C\A3\STM32L4A6ZGTX_FLASH.ld" --specs=nosys.specs -Wl,-Map="A3.map" -Wl,--gc-sections -static --specs=nano.specs -mfpu=fpv4-sp-d16 -mfloat-abi=hard -mthumb -Wl,--start-group -lc -lm -Wl,--end-group
Finished building target: A3.elf
 
arm-none-eabi-size   A3.elf 
arm-none-eabi-objdump -h -S  A3.elf  > "A3.list"
   text	   data	    bss	    dec	    hex	filename
   6060	     28	   1572	   7660	   1dec	A3.elf
Finished building: default.size.stdout
 
Finished building: A3.list
 
08:37:33 **** Incremental Build of configuration Debug for project A3 ****
make -j16 all 
arm-none-eabi-size   A3.elf 
   text	   data	    bss	    dec	    hex	filename
   6060	     28	   1572	   7660	   1dec	A3.elf
Finished building: default.size.stdout
 
08:37:56 **** Incremental Build of configuration Debug for project A3 ****
make -j16 all 
arm-none-eabi-gcc "../Core/Src/main.c" -mcpu=cortex-m4 -std=gnu11 -g3 -DDEBUG -DUSE_HAL_DRIVER -DSTM32L4A6xx -c -I../Core/Inc -I../Drivers/STM32L4xx_HAL_Driver/Inc -I../Drivers/STM32L4xx_HAL_Driver/Inc/Legacy -I../Drivers/CMSIS/Device/ST/STM32L4xx/Include -I../Drivers/CMSIS/Include -O0 -ffunction-sections -fdata-sections -Wall -fstack-usage -fcyclomatic-complexity -MMD -MP -MF"Core/Src/main.d" -MT"Core/Src/main.o" --specs=nano.specs -mfpu=fpv4-sp-d16 -mfloat-abi=hard -mthumb -o "Core/Src/main.o"
../Core/Src/main.c: In function 'main':
../Core/Src/main.c:14:3: warning: implicit declaration of function 'LCD_init' [-Wimplicit-function-declaration]
   14 |   LCD_init();
      |   ^~~~~~~~
../Core/Src/main.c:21:5: warning: implicit declaration of function 'command' [-Wimplicit-function-declaration]
   21 |     command(0xC2);
      |     ^~~~~~~
../Core/Src/main.c:25:3: warning: implicit declaration of function 'write' [-Wimplicit-function-declaration]
   25 |   write('Y');
      |   ^~~~~
arm-none-eabi-gcc -o "A3.elf" @"objects.list"   -mcpu=cortex-m4 -T"C:\Users\Wilso\Desktop\Code\C\A3\STM32L4A6ZGTX_FLASH.ld" --specs=nosys.specs -Wl,-Map="A3.map" -Wl,--gc-sections -static --specs=nano.specs -mfpu=fpv4-sp-d16 -mfloat-abi=hard -mthumb -Wl,--start-group -lc -lm -Wl,--end-group
Finished building target: A3.elf
 
arm-none-eabi-size   A3.elf 
arm-none-eabi-objdump -h -S  A3.elf  > "A3.list"
   text	   data	    bss	    dec	    hex	filename
   6060	     28	   1572	   7660	   1dec	A3.elf
Finished building: default.size.stdout
 
Finished building: A3.list
 
08:38:28 **** Incremental Build of configuration Debug for project A3 ****
make -j16 all 
arm-none-eabi-gcc "../Core/Src/main.c" -mcpu=cortex-m4 -std=gnu11 -g3 -DDEBUG -DUSE_HAL_DRIVER -DSTM32L4A6xx -c -I../Core/Inc -I../Drivers/STM32L4xx_HAL_Driver/Inc -I../Drivers/STM32L4xx_HAL_Driver/Inc/Legacy -I../Drivers/CMSIS/Device/ST/STM32L4xx/Include -I../Drivers/CMSIS/Include -O0 -ffunction-sections -fdata-sections -Wall -fstack-usage -fcyclomatic-complexity -MMD -MP -MF"Core/Src/main.d" -MT"Core/Src/main.o" --specs=nano.specs -mfpu=fpv4-sp-d16 -mfloat-abi=hard -mthumb -o "Core/Src/main.o"
../Core/Src/main.c: In function 'main':
../Core/Src/main.c:14:3: warning: implicit declaration of function 'LCD_init' [-Wimplicit-function-declaration]
   14 |   LCD_init();
      |   ^~~~~~~~
../Core/Src/main.c:25:3: warning: implicit declaration of function 'write' [-Wimplicit-function-declaration]
   25 |   write('Y');
      |   ^~~~~
arm-none-eabi-gcc -o "A3.elf" @"objects.list"   -mcpu=cortex-m4 -T"C:\Users\Wilso\Desktop\Code\C\A3\STM32L4A6ZGTX_FLASH.ld" --specs=nosys.specs -Wl,-Map="A3.map" -Wl,--gc-sections -static --specs=nano.specs -mfpu=fpv4-sp-d16 -mfloat-abi=hard -mthumb -Wl,--start-group -lc -lm -Wl,--end-group
Finished building target: A3.elf
 
arm-none-eabi-size   A3.elf 
arm-none-eabi-objdump -h -S  A3.elf  > "A3.list"
   text	   data	    bss	    dec	    hex	filename
   6052	     28	   1572	   7652	   1de4	A3.elf
Finished building: default.size.stdout
 
Finished building: A3.list
 
08:39:05 **** Incremental Build of configuration Debug for project A3 ****
make -j16 all 
arm-none-eabi-gcc "../Core/Src/lcd.c" -mcpu=cortex-m4 -std=gnu11 -g3 -DDEBUG -DUSE_HAL_DRIVER -DSTM32L4A6xx -c -I../Core/Inc -I../Drivers/STM32L4xx_HAL_Driver/Inc -I../Drivers/STM32L4xx_HAL_Driver/Inc/Legacy -I../Drivers/CMSIS/Device/ST/STM32L4xx/Include -I../Drivers/CMSIS/Include -O0 -ffunction-sections -fdata-sections -Wall -fstack-usage -fcyclomatic-complexity -MMD -MP -MF"Core/Src/lcd.d" -MT"Core/Src/lcd.o" --specs=nano.specs -mfpu=fpv4-sp-d16 -mfloat-abi=hard -mthumb -o "Core/Src/lcd.o"
arm-none-eabi-gcc "../Core/Src/main.c" -mcpu=cortex-m4 -std=gnu11 -g3 -DDEBUG -DUSE_HAL_DRIVER -DSTM32L4A6xx -c -I../Core/Inc -I../Drivers/STM32L4xx_HAL_Driver/Inc -I../Drivers/STM32L4xx_HAL_Driver/Inc/Legacy -I../Drivers/CMSIS/Device/ST/STM32L4xx/Include -I../Drivers/CMSIS/Include -O0 -ffunction-sections -fdata-sections -Wall -fstack-usage -fcyclomatic-complexity -MMD -MP -MF"Core/Src/main.d" -MT"Core/Src/main.o" --specs=nano.specs -mfpu=fpv4-sp-d16 -mfloat-abi=hard -mthumb -o "Core/Src/main.o"
../Core/Src/main.c: In function 'main':
../Core/Src/main.c:14:3: warning: implicit declaration of function 'LCD_init' [-Wimplicit-function-declaration]
   14 |   LCD_init();
      |   ^~~~~~~~
../Core/Src/main.c:25:3: warning: implicit declaration of function 'write' [-Wimplicit-function-declaration]
   25 |   write('Y');
      |   ^~~~~
arm-none-eabi-gcc -o "A3.elf" @"objects.list"   -mcpu=cortex-m4 -T"C:\Users\Wilso\Desktop\Code\C\A3\STM32L4A6ZGTX_FLASH.ld" --specs=nosys.specs -Wl,-Map="A3.map" -Wl,--gc-sections -static --specs=nano.specs -mfpu=fpv4-sp-d16 -mfloat-abi=hard -mthumb -Wl,--start-group -lc -lm -Wl,--end-group
Finished building target: A3.elf
 
arm-none-eabi-size   A3.elf 
arm-none-eabi-objdump -h -S  A3.elf  > "A3.list"
   text	   data	    bss	    dec	    hex	filename
   6052	     28	   1572	   7652	   1de4	A3.elf
Finished building: default.size.stdout
 
Finished building: A3.list
 
08:39:25 **** Incremental Build of configuration Debug for project A3 ****
make -j16 all 
arm-none-eabi-size   A3.elf 
   text	   data	    bss	    dec	    hex	filename
   6052	     28	   1572	   7652	   1de4	A3.elf
Finished building: default.size.stdout
 
16:50:08 **** Incremental Build of configuration Debug for project A3 ****
make -j16 all 
arm-none-eabi-size   A3.elf 
   text	   data	    bss	    dec	    hex	filename
   6052	     28	   1572	   7652	   1de4	A3.elf
Finished building: default.size.stdout
 
16:50:42 **** Incremental Build of configuration Debug for project A3 ****
make -j16 all 
arm-none-eabi-size   A3.elf 
   text	   data	    bss	    dec	    hex	filename
   6052	     28	   1572	   7652	   1de4	A3.elf
Finished building: default.size.stdout
 
