09:03:15 **** Build of configuration Debug for project P4_testing ****
make -j16 all 
arm-none-eabi-gcc "../Drivers/STM32L4xx_HAL_Driver/Src/stm32l4xx_hal.c" -mcpu=cortex-m4 -std=gnu11 -g3 -DDEBUG -DUSE_HAL_DRIVER -DSTM32L4A6xx -c -I../Core/Inc -I../Drivers/STM32L4xx_HAL_Driver/Inc -I../Drivers/STM32L4xx_HAL_Driver/Inc/Legacy -I../Drivers/CMSIS/Device/ST/STM32L4xx/Include -I../Drivers/CMSIS/Include -O0 -ffunction-sections -fdata-sections -Wall -fstack-usage -fcyclomatic-complexity -MMD -MP -MF"Drivers/STM32L4xx_HAL_Driver/Src/stm32l4xx_hal.d" -MT"Drivers/STM32L4xx_HAL_Driver/Src/stm32l4xx_hal.o" --specs=nano.specs -mfpu=fpv4-sp-d16 -mfloat-abi=hard -mthumb -o "Drivers/STM32L4xx_HAL_Driver/Src/stm32l4xx_hal.o"
arm-none-eabi-gcc "../Drivers/STM32L4xx_HAL_Driver/Src/stm32l4xx_hal_cortex.c" -mcpu=cortex-m4 -std=gnu11 -g3 -DDEBUG -DUSE_HAL_DRIVER -DSTM32L4A6xx -c -I../Core/Inc -I../Drivers/STM32L4xx_HAL_Driver/Inc -I../Drivers/STM32L4xx_HAL_Driver/Inc/Legacy -I../Drivers/CMSIS/Device/ST/STM32L4xx/Include -I../Drivers/CMSIS/Include -O0 -ffunction-sections -fdata-sections -Wall -fstack-usage -fcyclomatic-complexity -MMD -MP -MF"Drivers/STM32L4xx_HAL_Driver/Src/stm32l4xx_hal_cortex.d" -MT"Drivers/STM32L4xx_HAL_Driver/Src/stm32l4xx_hal_cortex.o" --specs=nano.specs -mfpu=fpv4-sp-d16 -mfloat-abi=hard -mthumb -o "Drivers/STM32L4xx_HAL_Driver/Src/stm32l4xx_hal_cortex.o"
arm-none-eabi-gcc "../Drivers/STM32L4xx_HAL_Driver/Src/stm32l4xx_hal_dma.c" -mcpu=cortex-m4 -std=gnu11 -g3 -DDEBUG -DUSE_HAL_DRIVER -DSTM32L4A6xx -c -I../Core/Inc -I../Drivers/STM32L4xx_HAL_Driver/Inc -I../Drivers/STM32L4xx_HAL_Driver/Inc/Legacy -I../Drivers/CMSIS/Device/ST/STM32L4xx/Include -I../Drivers/CMSIS/Include -O0 -ffunction-sections -fdata-sections -Wall -fstack-usage -fcyclomatic-complexity -MMD -MP -MF"Drivers/STM32L4xx_HAL_Driver/Src/stm32l4xx_hal_dma.d" -MT"Drivers/STM32L4xx_HAL_Driver/Src/stm32l4xx_hal_dma.o" --specs=nano.specs -mfpu=fpv4-sp-d16 -mfloat-abi=hard -mthumb -o "Drivers/STM32L4xx_HAL_Driver/Src/stm32l4xx_hal_dma.o"
arm-none-eabi-gcc "../Drivers/STM32L4xx_HAL_Driver/Src/stm32l4xx_hal_dma_ex.c" -mcpu=cortex-m4 -std=gnu11 -g3 -DDEBUG -DUSE_HAL_DRIVER -DSTM32L4A6xx -c -I../Core/Inc -I../Drivers/STM32L4xx_HAL_Driver/Inc -I../Drivers/STM32L4xx_HAL_Driver/Inc/Legacy -I../Drivers/CMSIS/Device/ST/STM32L4xx/Include -I../Drivers/CMSIS/Include -O0 -ffunction-sections -fdata-sections -Wall -fstack-usage -fcyclomatic-complexity -MMD -MP -MF"Drivers/STM32L4xx_HAL_Driver/Src/stm32l4xx_hal_dma_ex.d" -MT"Drivers/STM32L4xx_HAL_Driver/Src/stm32l4xx_hal_dma_ex.o" --specs=nano.specs -mfpu=fpv4-sp-d16 -mfloat-abi=hard -mthumb -o "Drivers/STM32L4xx_HAL_Driver/Src/stm32l4xx_hal_dma_ex.o"
arm-none-eabi-gcc "../Drivers/STM32L4xx_HAL_Driver/Src/stm32l4xx_hal_exti.c" -mcpu=cortex-m4 -std=gnu11 -g3 -DDEBUG -DUSE_HAL_DRIVER -DSTM32L4A6xx -c -I../Core/Inc -I../Drivers/STM32L4xx_HAL_Driver/Inc -I../Drivers/STM32L4xx_HAL_Driver/Inc/Legacy -I../Drivers/CMSIS/Device/ST/STM32L4xx/Include -I../Drivers/CMSIS/Include -O0 -ffunction-sections -fdata-sections -Wall -fstack-usage -fcyclomatic-complexity -MMD -MP -MF"Drivers/STM32L4xx_HAL_Driver/Src/stm32l4xx_hal_exti.d" -MT"Drivers/STM32L4xx_HAL_Driver/Src/stm32l4xx_hal_exti.o" --specs=nano.specs -mfpu=fpv4-sp-d16 -mfloat-abi=hard -mthumb -o "Drivers/STM32L4xx_HAL_Driver/Src/stm32l4xx_hal_exti.o"
arm-none-eabi-gcc "../Drivers/STM32L4xx_HAL_Driver/Src/stm32l4xx_hal_flash.c" -mcpu=cortex-m4 -std=gnu11 -g3 -DDEBUG -DUSE_HAL_DRIVER -DSTM32L4A6xx -c -I../Core/Inc -I../Drivers/STM32L4xx_HAL_Driver/Inc -I../Drivers/STM32L4xx_HAL_Driver/Inc/Legacy -I../Drivers/CMSIS/Device/ST/STM32L4xx/Include -I../Drivers/CMSIS/Include -O0 -ffunction-sections -fdata-sections -Wall -fstack-usage -fcyclomatic-complexity -MMD -MP -MF"Drivers/STM32L4xx_HAL_Driver/Src/stm32l4xx_hal_flash.d" -MT"Drivers/STM32L4xx_HAL_Driver/Src/stm32l4xx_hal_flash.o" --specs=nano.specs -mfpu=fpv4-sp-d16 -mfloat-abi=hard -mthumb -o "Drivers/STM32L4xx_HAL_Driver/Src/stm32l4xx_hal_flash.o"
arm-none-eabi-gcc "../Drivers/STM32L4xx_HAL_Driver/Src/stm32l4xx_hal_flash_ex.c" -mcpu=cortex-m4 -std=gnu11 -g3 -DDEBUG -DUSE_HAL_DRIVER -DSTM32L4A6xx -c -I../Core/Inc -I../Drivers/STM32L4xx_HAL_Driver/Inc -I../Drivers/STM32L4xx_HAL_Driver/Inc/Legacy -I../Drivers/CMSIS/Device/ST/STM32L4xx/Include -I../Drivers/CMSIS/Include -O0 -ffunction-sections -fdata-sections -Wall -fstack-usage -fcyclomatic-complexity -MMD -MP -MF"Drivers/STM32L4xx_HAL_Driver/Src/stm32l4xx_hal_flash_ex.d" -MT"Drivers/STM32L4xx_HAL_Driver/Src/stm32l4xx_hal_flash_ex.o" --specs=nano.specs -mfpu=fpv4-sp-d16 -mfloat-abi=hard -mthumb -o "Drivers/STM32L4xx_HAL_Driver/Src/stm32l4xx_hal_flash_ex.o"
arm-none-eabi-gcc "../Drivers/STM32L4xx_HAL_Driver/Src/stm32l4xx_hal_flash_ramfunc.c" -mcpu=cortex-m4 -std=gnu11 -g3 -DDEBUG -DUSE_HAL_DRIVER -DSTM32L4A6xx -c -I../Core/Inc -I../Drivers/STM32L4xx_HAL_Driver/Inc -I../Drivers/STM32L4xx_HAL_Driver/Inc/Legacy -I../Drivers/CMSIS/Device/ST/STM32L4xx/Include -I../Drivers/CMSIS/Include -O0 -ffunction-sections -fdata-sections -Wall -fstack-usage -fcyclomatic-complexity -MMD -MP -MF"Drivers/STM32L4xx_HAL_Driver/Src/stm32l4xx_hal_flash_ramfunc.d" -MT"Drivers/STM32L4xx_HAL_Driver/Src/stm32l4xx_hal_flash_ramfunc.o" --specs=nano.specs -mfpu=fpv4-sp-d16 -mfloat-abi=hard -mthumb -o "Drivers/STM32L4xx_HAL_Driver/Src/stm32l4xx_hal_flash_ramfunc.o"
arm-none-eabi-gcc "../Drivers/STM32L4xx_HAL_Driver/Src/stm32l4xx_hal_gpio.c" -mcpu=cortex-m4 -std=gnu11 -g3 -DDEBUG -DUSE_HAL_DRIVER -DSTM32L4A6xx -c -I../Core/Inc -I../Drivers/STM32L4xx_HAL_Driver/Inc -I../Drivers/STM32L4xx_HAL_Driver/Inc/Legacy -I../Drivers/CMSIS/Device/ST/STM32L4xx/Include -I../Drivers/CMSIS/Include -O0 -ffunction-sections -fdata-sections -Wall -fstack-usage -fcyclomatic-complexity -MMD -MP -MF"Drivers/STM32L4xx_HAL_Driver/Src/stm32l4xx_hal_gpio.d" -MT"Drivers/STM32L4xx_HAL_Driver/Src/stm32l4xx_hal_gpio.o" --specs=nano.specs -mfpu=fpv4-sp-d16 -mfloat-abi=hard -mthumb -o "Drivers/STM32L4xx_HAL_Driver/Src/stm32l4xx_hal_gpio.o"
arm-none-eabi-gcc "../Drivers/STM32L4xx_HAL_Driver/Src/stm32l4xx_hal_pwr.c" -mcpu=cortex-m4 -std=gnu11 -g3 -DDEBUG -DUSE_HAL_DRIVER -DSTM32L4A6xx -c -I../Core/Inc -I../Drivers/STM32L4xx_HAL_Driver/Inc -I../Drivers/STM32L4xx_HAL_Driver/Inc/Legacy -I../Drivers/CMSIS/Device/ST/STM32L4xx/Include -I../Drivers/CMSIS/Include -O0 -ffunction-sections -fdata-sections -Wall -fstack-usage -fcyclomatic-complexity -MMD -MP -MF"Drivers/STM32L4xx_HAL_Driver/Src/stm32l4xx_hal_pwr.d" -MT"Drivers/STM32L4xx_HAL_Driver/Src/stm32l4xx_hal_pwr.o" --specs=nano.specs -mfpu=fpv4-sp-d16 -mfloat-abi=hard -mthumb -o "Drivers/STM32L4xx_HAL_Driver/Src/stm32l4xx_hal_pwr.o"
arm-none-eabi-gcc "../Drivers/STM32L4xx_HAL_Driver/Src/stm32l4xx_hal_pwr_ex.c" -mcpu=cortex-m4 -std=gnu11 -g3 -DDEBUG -DUSE_HAL_DRIVER -DSTM32L4A6xx -c -I../Core/Inc -I../Drivers/STM32L4xx_HAL_Driver/Inc -I../Drivers/STM32L4xx_HAL_Driver/Inc/Legacy -I../Drivers/CMSIS/Device/ST/STM32L4xx/Include -I../Drivers/CMSIS/Include -O0 -ffunction-sections -fdata-sections -Wall -fstack-usage -fcyclomatic-complexity -MMD -MP -MF"Drivers/STM32L4xx_HAL_Driver/Src/stm32l4xx_hal_pwr_ex.d" -MT"Drivers/STM32L4xx_HAL_Driver/Src/stm32l4xx_hal_pwr_ex.o" --specs=nano.specs -mfpu=fpv4-sp-d16 -mfloat-abi=hard -mthumb -o "Drivers/STM32L4xx_HAL_Driver/Src/stm32l4xx_hal_pwr_ex.o"
arm-none-eabi-gcc "../Drivers/STM32L4xx_HAL_Driver/Src/stm32l4xx_hal_rcc.c" -mcpu=cortex-m4 -std=gnu11 -g3 -DDEBUG -DUSE_HAL_DRIVER -DSTM32L4A6xx -c -I../Core/Inc -I../Drivers/STM32L4xx_HAL_Driver/Inc -I../Drivers/STM32L4xx_HAL_Driver/Inc/Legacy -I../Drivers/CMSIS/Device/ST/STM32L4xx/Include -I../Drivers/CMSIS/Include -O0 -ffunction-sections -fdata-sections -Wall -fstack-usage -fcyclomatic-complexity -MMD -MP -MF"Drivers/STM32L4xx_HAL_Driver/Src/stm32l4xx_hal_rcc.d" -MT"Drivers/STM32L4xx_HAL_Driver/Src/stm32l4xx_hal_rcc.o" --specs=nano.specs -mfpu=fpv4-sp-d16 -mfloat-abi=hard -mthumb -o "Drivers/STM32L4xx_HAL_Driver/Src/stm32l4xx_hal_rcc.o"
arm-none-eabi-gcc "../Drivers/STM32L4xx_HAL_Driver/Src/stm32l4xx_hal_rcc_ex.c" -mcpu=cortex-m4 -std=gnu11 -g3 -DDEBUG -DUSE_HAL_DRIVER -DSTM32L4A6xx -c -I../Core/Inc -I../Drivers/STM32L4xx_HAL_Driver/Inc -I../Drivers/STM32L4xx_HAL_Driver/Inc/Legacy -I../Drivers/CMSIS/Device/ST/STM32L4xx/Include -I../Drivers/CMSIS/Include -O0 -ffunction-sections -fdata-sections -Wall -fstack-usage -fcyclomatic-complexity -MMD -MP -MF"Drivers/STM32L4xx_HAL_Driver/Src/stm32l4xx_hal_rcc_ex.d" -MT"Drivers/STM32L4xx_HAL_Driver/Src/stm32l4xx_hal_rcc_ex.o" --specs=nano.specs -mfpu=fpv4-sp-d16 -mfloat-abi=hard -mthumb -o "Drivers/STM32L4xx_HAL_Driver/Src/stm32l4xx_hal_rcc_ex.o"
arm-none-eabi-gcc -mcpu=cortex-m4 -g3 -DDEBUG -c -x assembler-with-cpp -MMD -MP -MF"Core/Startup/startup_stm32l4a6zgtx.d" -MT"Core/Startup/startup_stm32l4a6zgtx.o" --specs=nano.specs -mfpu=fpv4-sp-d16 -mfloat-abi=hard -mthumb -o "Core/Startup/startup_stm32l4a6zgtx.o" "../Core/Startup/startup_stm32l4a6zgtx.s"
arm-none-eabi-gcc "../Core/Src/main.c" -mcpu=cortex-m4 -std=gnu11 -g3 -DDEBUG -DUSE_HAL_DRIVER -DSTM32L4A6xx -c -I../Core/Inc -I../Drivers/STM32L4xx_HAL_Driver/Inc -I../Drivers/STM32L4xx_HAL_Driver/Inc/Legacy -I../Drivers/CMSIS/Device/ST/STM32L4xx/Include -I../Drivers/CMSIS/Include -O0 -ffunction-sections -fdata-sections -Wall -fstack-usage -fcyclomatic-complexity -MMD -MP -MF"Core/Src/main.d" -MT"Core/Src/main.o" --specs=nano.specs -mfpu=fpv4-sp-d16 -mfloat-abi=hard -mthumb -o "Core/Src/main.o"
arm-none-eabi-gcc "../Core/Src/stm32l4xx_hal_msp.c" -mcpu=cortex-m4 -std=gnu11 -g3 -DDEBUG -DUSE_HAL_DRIVER -DSTM32L4A6xx -c -I../Core/Inc -I../Drivers/STM32L4xx_HAL_Driver/Inc -I../Drivers/STM32L4xx_HAL_Driver/Inc/Legacy -I../Drivers/CMSIS/Device/ST/STM32L4xx/Include -I../Drivers/CMSIS/Include -O0 -ffunction-sections -fdata-sections -Wall -fstack-usage -fcyclomatic-complexity -MMD -MP -MF"Core/Src/stm32l4xx_hal_msp.d" -MT"Core/Src/stm32l4xx_hal_msp.o" --specs=nano.specs -mfpu=fpv4-sp-d16 -mfloat-abi=hard -mthumb -o "Core/Src/stm32l4xx_hal_msp.o"
../Core/Src/main.c: In function 'USART2_IRQHandler':
../Core/Src/main.c:24:14: warning: pointer targets in passing argument 1 of 'UART_print' differ in signedness [-Wpointer-sign]
   24 |   UART_print("\033[31m");
      |              ^~~~~~~~~~
      |              |
      |              char *
In file included from ../Core/Src/main.c:10:
../Core/Inc/uart.h:17:33: note: expected 'const uint8_t *' {aka 'const unsigned char *'} but argument is of type 'char *'
   17 | void UART_print(const uint8_t * str);
      |                 ~~~~~~~~~~~~~~~~^~~
../Core/Src/main.c:29:14: warning: pointer targets in passing argument 1 of 'UART_print' differ in signedness [-Wpointer-sign]
   29 |   UART_print("\033[34m");
      |              ^~~~~~~~~~
      |              |
      |              char *
In file included from ../Core/Src/main.c:10:
../Core/Inc/uart.h:17:33: note: expected 'const uint8_t *' {aka 'const unsigned char *'} but argument is of type 'char *'
   17 | void UART_print(const uint8_t * str);
      |                 ~~~~~~~~~~~~~~~~^~~
../Core/Src/main.c:34:14: warning: pointer targets in passing argument 1 of 'UART_print' differ in signedness [-Wpointer-sign]
   34 |   UART_print("\033[32m");
      |              ^~~~~~~~~~
      |              |
      |              char *
In file included from ../Core/Src/main.c:10:
../Core/Inc/uart.h:17:33: note: expected 'const uint8_t *' {aka 'const unsigned char *'} but argument is of type 'char *'
   17 | void UART_print(const uint8_t * str);
      |                 ~~~~~~~~~~~~~~~~^~~
../Core/Src/main.c:39:14: warning: pointer targets in passing argument 1 of 'UART_print' differ in signedness [-Wpointer-sign]
   39 |   UART_print("\033[0m");
      |              ^~~~~~~~~
      |              |
      |              char *
In file included from ../Core/Src/main.c:10:
../Core/Inc/uart.h:17:33: note: expected 'const uint8_t *' {aka 'const unsigned char *'} but argument is of type 'char *'
   17 | void UART_print(const uint8_t * str);
      |                 ~~~~~~~~~~~~~~~~^~~
../Core/Src/main.c: In function 'main':
../Core/Src/main.c:54:13: warning: pointer targets in passing argument 1 of 'UART_print' differ in signedness [-Wpointer-sign]
   54 |  UART_print("\033[3B\033[5C");
      |             ^~~~~~~~~~~~~~~~
      |             |
      |             char *
In file included from ../Core/Src/main.c:10:
../Core/Inc/uart.h:17:33: note: expected 'const uint8_t *' {aka 'const unsigned char *'} but argument is of type 'char *'
   17 | void UART_print(const uint8_t * str);
      |                 ~~~~~~~~~~~~~~~~^~~
../Core/Src/main.c:55:13: warning: pointer targets in passing argument 1 of 'UART_print' differ in signedness [-Wpointer-sign]
   55 |  UART_print("All good students read the");
      |             ^~~~~~~~~~~~~~~~~~~~~~~~~~~~
      |             |
      |             char *
In file included from ../Core/Src/main.c:10:
../Core/Inc/uart.h:17:33: note: expected 'const uint8_t *' {aka 'const unsigned char *'} but argument is of type 'char *'
   17 | void UART_print(const uint8_t * str);
      |                 ~~~~~~~~~~~~~~~~^~~
../Core/Src/main.c:57:13: warning: pointer targets in passing argument 1 of 'UART_print' differ in signedness [-Wpointer-sign]
   57 |  UART_print("\033[1B\033[21D");
      |             ^~~~~~~~~~~~~~~~~
      |             |
      |             char *
In file included from ../Core/Src/main.c:10:
../Core/Inc/uart.h:17:33: note: expected 'const uint8_t *' {aka 'const unsigned char *'} but argument is of type 'char *'
   17 | void UART_print(const uint8_t * str);
      |                 ~~~~~~~~~~~~~~~~^~~
../Core/Src/main.c:59:13: warning: pointer targets in passing argument 1 of 'UART_print' differ in signedness [-Wpointer-sign]
   59 |  UART_print("\033[5mReference Manual\033[0m");
      |             ^~~~~~~~~~~~~~~~~~~~~~~~~~~~~~~~
      |             |
arm-none-eabi-gcc "../Core/Src/stm32l4xx_it.c" -mcpu=cortex-m4 -std=gnu11 -g3 -DDEBUG -DUSE_HAL_DRIVER -DSTM32L4A6xx -c -I../Core/Inc -I../Drivers/STM32L4xx_HAL_Driver/Inc -I../Drivers/STM32L4xx_HAL_Driver/Inc/Legacy -I../Drivers/CMSIS/Device/ST/STM32L4xx/Include -I../Drivers/CMSIS/Include -O0 -ffunction-sections -fdata-sections -Wall -fstack-usage -fcyclomatic-complexity -MMD -MP -MF"Core/Src/stm32l4xx_it.d" -MT"Core/Src/stm32l4xx_it.o" --specs=nano.specs -mfpu=fpv4-sp-d16 -mfloat-abi=hard -mthumb -o "Core/Src/stm32l4xx_it.o"
      |             char *
In file included from ../Core/Src/main.c:10:
../Core/Inc/uart.h:17:33: note: expected 'const uint8_t *' {aka 'const unsigned char *'} but argument is of type 'char *'
   17 | void UART_print(const uint8_t * str);
      |                 ~~~~~~~~~~~~~~~~^~~
../Core/Src/main.c:61:13: warning: pointer targets in passing argument 1 of 'UART_print' differ in signedness [-Wpointer-sign]
   61 |  UART_print("\033[0;0H");
      |             ^~~~~~~~~~~
      |             |
      |             char *
In file included from ../Core/Src/main.c:10:
../Core/Inc/uart.h:17:33: note: expected 'const uint8_t *' {aka 'const unsigned char *'} but argument is of type 'char *'
   17 | void UART_print(const uint8_t * str);
      |                 ~~~~~~~~~~~~~~~~^~~
../Core/Src/main.c:62:13: warning: pointer targets in passing argument 1 of 'UART_print' differ in signedness [-Wpointer-sign]
   62 |  UART_print("Input: ");
      |             ^~~~~~~~~
      |             |
      |             char *
In file included from ../Core/Src/main.c:10:
../Core/Inc/uart.h:17:33: note: expected 'const uint8_t *' {aka 'const unsigned char *'} but argument is of type 'char *'
   17 | void UART_print(const uint8_t * str);
      |                 ~~~~~~~~~~~~~~~~^~~
../Core/Src/main.c:73:16: warning: pointer targets in passing argument 1 of 'UART_print' differ in signedness [-Wpointer-sign]
   73 |     UART_print("\033[0;0H");
      |                ^~~~~~~~~~~
      |                |
      |                char *
In file included from ../Core/Src/main.c:10:
../Core/Inc/uart.h:17:33: note: expected 'const uint8_t *' {aka 'const unsigned char *'} but argument is of type 'char *'
   17 | void UART_print(const uint8_t * str);
      |                 ~~~~~~~~~~~~~~~~^~~
../Core/Src/main.c:74:16: warning: pointer targets in passing argument 1 of 'UART_print' differ in signedness [-Wpointer-sign]
   74 |     UART_print("\033[2K");
      |                ^~~~~~~~~
      |                |
      |                char *
In file included from ../Core/Src/main.c:10:
../Core/Inc/uart.h:17:33: note: expected 'const uint8_t *' {aka 'const unsigned char *'} but argument is of type 'char *'
   17 | void UART_print(const uint8_t * str);
      |                 ~~~~~~~~~~~~~~~~^~~
../Core/Src/main.c:76:16: warning: pointer targets in passing argument 1 of 'UART_print' differ in signedness [-Wpointer-sign]
   76 |     UART_print("\033[0m");
      |                ^~~~~~~~~
      |                |
      |                char *
In file included from ../Core/Src/main.c:10:
../Core/Inc/uart.h:17:33: note: expected 'const uint8_t *' {aka 'const unsigned char *'} but argument is of type 'char *'
   17 | void UART_print(const uint8_t * str);
      |                 ~~~~~~~~~~~~~~~~^~~
../Core/Src/main.c:77:16: warning: pointer targets in passing argument 1 of 'UART_print' differ in signedness [-Wpointer-sign]
   77 |     UART_print("Input: ");
      |                ^~~~~~~~~
      |                |
      |                char *
In file included from ../Core/Src/main.c:10:
../Core/Inc/uart.h:17:33: note: expected 'const uint8_t *' {aka 'const unsigned char *'} but argument is of type 'char *'
   17 | void UART_print(const uint8_t * str);
      |                 ~~~~~~~~~~~~~~~~^~~
arm-none-eabi-gcc "../Core/Src/syscalls.c" -mcpu=cortex-m4 -std=gnu11 -g3 -DDEBUG -DUSE_HAL_DRIVER -DSTM32L4A6xx -c -I../Core/Inc -I../Drivers/STM32L4xx_HAL_Driver/Inc -I../Drivers/STM32L4xx_HAL_Driver/Inc/Legacy -I../Drivers/CMSIS/Device/ST/STM32L4xx/Include -I../Drivers/CMSIS/Include -O0 -ffunction-sections -fdata-sections -Wall -fstack-usage -fcyclomatic-complexity -MMD -MP -MF"Core/Src/syscalls.d" -MT"Core/Src/syscalls.o" --specs=nano.specs -mfpu=fpv4-sp-d16 -mfloat-abi=hard -mthumb -o "Core/Src/syscalls.o"
arm-none-eabi-gcc "../Core/Src/sysmem.c" -mcpu=cortex-m4 -std=gnu11 -g3 -DDEBUG -DUSE_HAL_DRIVER -DSTM32L4A6xx -c -I../Core/Inc -I../Drivers/STM32L4xx_HAL_Driver/Inc -I../Drivers/STM32L4xx_HAL_Driver/Inc/Legacy -I../Drivers/CMSIS/Device/ST/STM32L4xx/Include -I../Drivers/CMSIS/Include -O0 -ffunction-sections -fdata-sections -Wall -fstack-usage -fcyclomatic-complexity -MMD -MP -MF"Core/Src/sysmem.d" -MT"Core/Src/sysmem.o" --specs=nano.specs -mfpu=fpv4-sp-d16 -mfloat-abi=hard -mthumb -o "Core/Src/sysmem.o"
arm-none-eabi-gcc "../Core/Src/system_stm32l4xx.c" -mcpu=cortex-m4 -std=gnu11 -g3 -DDEBUG -DUSE_HAL_DRIVER -DSTM32L4A6xx -c -I../Core/Inc -I../Drivers/STM32L4xx_HAL_Driver/Inc -I../Drivers/STM32L4xx_HAL_Driver/Inc/Legacy -I../Drivers/CMSIS/Device/ST/STM32L4xx/Include -I../Drivers/CMSIS/Include -O0 -ffunction-sections -fdata-sections -Wall -fstack-usage -fcyclomatic-complexity -MMD -MP -MF"Core/Src/system_stm32l4xx.d" -MT"Core/Src/system_stm32l4xx.o" --specs=nano.specs -mfpu=fpv4-sp-d16 -mfloat-abi=hard -mthumb -o "Core/Src/system_stm32l4xx.o"
arm-none-eabi-gcc "../Core/Src/uart.c" -mcpu=cortex-m4 -std=gnu11 -g3 -DDEBUG -DUSE_HAL_DRIVER -DSTM32L4A6xx -c -I../Core/Inc -I../Drivers/STM32L4xx_HAL_Driver/Inc -I../Drivers/STM32L4xx_HAL_Driver/Inc/Legacy -I../Drivers/CMSIS/Device/ST/STM32L4xx/Include -I../Drivers/CMSIS/Include -O0 -ffunction-sections -fdata-sections -Wall -fstack-usage -fcyclomatic-complexity -MMD -MP -MF"Core/Src/uart.d" -MT"Core/Src/uart.o" --specs=nano.specs -mfpu=fpv4-sp-d16 -mfloat-abi=hard -mthumb -o "Core/Src/uart.o"
arm-none-eabi-gcc -o "P4_testing.elf" @"objects.list"   -mcpu=cortex-m4 -T"C:\Users\Wilso\Desktop\Code\C\P4_testing\STM32L4A6ZGTX_FLASH.ld" --specs=nosys.specs -Wl,-Map="P4_testing.map" -Wl,--gc-sections -static --specs=nano.specs -mfpu=fpv4-sp-d16 -mfloat-abi=hard -mthumb -Wl,--start-group -lc -lm -Wl,--end-group
Finished building target: P4_testing.elf
 
arm-none-eabi-size   P4_testing.elf 
arm-none-eabi-objdump -h -S  P4_testing.elf  > "P4_testing.list"
   text	   data	    bss	    dec	    hex	filename
   1480	     12	   1572	   3064	    bf8	P4_testing.elf
Finished building: default.size.stdout
 
Finished building: P4_testing.list
 
09:03:22 **** Incremental Build of configuration Debug for project P4_testing ****
make -j16 all 
arm-none-eabi-size   P4_testing.elf 
   text	   data	    bss	    dec	    hex	filename
   1480	     12	   1572	   3064	    bf8	P4_testing.elf
Finished building: default.size.stdout
 
09:06:24 **** Incremental Build of configuration Debug for project P4_testing ****
make -j16 all 
arm-none-eabi-gcc "../Drivers/STM32L4xx_HAL_Driver/Src/stm32l4xx_hal.c" -mcpu=cortex-m4 -std=gnu11 -g3 -DDEBUG -DUSE_HAL_DRIVER -DSTM32L4A6xx -c -I../Core/Inc -I../Drivers/STM32L4xx_HAL_Driver/Inc -I../Drivers/STM32L4xx_HAL_Driver/Inc/Legacy -I../Drivers/CMSIS/Device/ST/STM32L4xx/Include -I../Drivers/CMSIS/Include -O0 -ffunction-sections -fdata-sections -Wall -fstack-usage -fcyclomatic-complexity -MMD -MP -MF"Drivers/STM32L4xx_HAL_Driver/Src/stm32l4xx_hal.d" -MT"Drivers/STM32L4xx_HAL_Driver/Src/stm32l4xx_hal.o" --specs=nano.specs -mfpu=fpv4-sp-d16 -mfloat-abi=hard -mthumb -o "Drivers/STM32L4xx_HAL_Driver/Src/stm32l4xx_hal.o"
arm-none-eabi-gcc "../Drivers/STM32L4xx_HAL_Driver/Src/stm32l4xx_hal_cortex.c" -mcpu=cortex-m4 -std=gnu11 -g3 -DDEBUG -DUSE_HAL_DRIVER -DSTM32L4A6xx -c -I../Core/Inc -I../Drivers/STM32L4xx_HAL_Driver/Inc -I../Drivers/STM32L4xx_HAL_Driver/Inc/Legacy -I../Drivers/CMSIS/Device/ST/STM32L4xx/Include -I../Drivers/CMSIS/Include -O0 -ffunction-sections -fdata-sections -Wall -fstack-usage -fcyclomatic-complexity -MMD -MP -MF"Drivers/STM32L4xx_HAL_Driver/Src/stm32l4xx_hal_cortex.d" -MT"Drivers/STM32L4xx_HAL_Driver/Src/stm32l4xx_hal_cortex.o" --specs=nano.specs -mfpu=fpv4-sp-d16 -mfloat-abi=hard -mthumb -o "Drivers/STM32L4xx_HAL_Driver/Src/stm32l4xx_hal_cortex.o"
arm-none-eabi-gcc "../Drivers/STM32L4xx_HAL_Driver/Src/stm32l4xx_hal_dma.c" -mcpu=cortex-m4 -std=gnu11 -g3 -DDEBUG -DUSE_HAL_DRIVER -DSTM32L4A6xx -c -I../Core/Inc -I../Drivers/STM32L4xx_HAL_Driver/Inc -I../Drivers/STM32L4xx_HAL_Driver/Inc/Legacy -I../Drivers/CMSIS/Device/ST/STM32L4xx/Include -I../Drivers/CMSIS/Include -O0 -ffunction-sections -fdata-sections -Wall -fstack-usage -fcyclomatic-complexity -MMD -MP -MF"Drivers/STM32L4xx_HAL_Driver/Src/stm32l4xx_hal_dma.d" -MT"Drivers/STM32L4xx_HAL_Driver/Src/stm32l4xx_hal_dma.o" --specs=nano.specs -mfpu=fpv4-sp-d16 -mfloat-abi=hard -mthumb -o "Drivers/STM32L4xx_HAL_Driver/Src/stm32l4xx_hal_dma.o"
arm-none-eabi-gcc "../Drivers/STM32L4xx_HAL_Driver/Src/stm32l4xx_hal_dma_ex.c" -mcpu=cortex-m4 -std=gnu11 -g3 -DDEBUG -DUSE_HAL_DRIVER -DSTM32L4A6xx -c -I../Core/Inc -I../Drivers/STM32L4xx_HAL_Driver/Inc -I../Drivers/STM32L4xx_HAL_Driver/Inc/Legacy -I../Drivers/CMSIS/Device/ST/STM32L4xx/Include -I../Drivers/CMSIS/Include -O0 -ffunction-sections -fdata-sections -Wall -fstack-usage -fcyclomatic-complexity -MMD -MP -MF"Drivers/STM32L4xx_HAL_Driver/Src/stm32l4xx_hal_dma_ex.d" -MT"Drivers/STM32L4xx_HAL_Driver/Src/stm32l4xx_hal_dma_ex.o" --specs=nano.specs -mfpu=fpv4-sp-d16 -mfloat-abi=hard -mthumb -o "Drivers/STM32L4xx_HAL_Driver/Src/stm32l4xx_hal_dma_ex.o"
arm-none-eabi-gcc "../Drivers/STM32L4xx_HAL_Driver/Src/stm32l4xx_hal_exti.c" -mcpu=cortex-m4 -std=gnu11 -g3 -DDEBUG -DUSE_HAL_DRIVER -DSTM32L4A6xx -c -I../Core/Inc -I../Drivers/STM32L4xx_HAL_Driver/Inc -I../Drivers/STM32L4xx_HAL_Driver/Inc/Legacy -I../Drivers/CMSIS/Device/ST/STM32L4xx/Include -I../Drivers/CMSIS/Include -O0 -ffunction-sections -fdata-sections -Wall -fstack-usage -fcyclomatic-complexity -MMD -MP -MF"Drivers/STM32L4xx_HAL_Driver/Src/stm32l4xx_hal_exti.d" -MT"Drivers/STM32L4xx_HAL_Driver/Src/stm32l4xx_hal_exti.o" --specs=nano.specs -mfpu=fpv4-sp-d16 -mfloat-abi=hard -mthumb -o "Drivers/STM32L4xx_HAL_Driver/Src/stm32l4xx_hal_exti.o"
arm-none-eabi-gcc "../Drivers/STM32L4xx_HAL_Driver/Src/stm32l4xx_hal_flash.c" -mcpu=cortex-m4 -std=gnu11 -g3 -DDEBUG -DUSE_HAL_DRIVER -DSTM32L4A6xx -c -I../Core/Inc -I../Drivers/STM32L4xx_HAL_Driver/Inc -I../Drivers/STM32L4xx_HAL_Driver/Inc/Legacy -I../Drivers/CMSIS/Device/ST/STM32L4xx/Include -I../Drivers/CMSIS/Include -O0 -ffunction-sections -fdata-sections -Wall -fstack-usage -fcyclomatic-complexity -MMD -MP -MF"Drivers/STM32L4xx_HAL_Driver/Src/stm32l4xx_hal_flash.d" -MT"Drivers/STM32L4xx_HAL_Driver/Src/stm32l4xx_hal_flash.o" --specs=nano.specs -mfpu=fpv4-sp-d16 -mfloat-abi=hard -mthumb -o "Drivers/STM32L4xx_HAL_Driver/Src/stm32l4xx_hal_flash.o"
arm-none-eabi-gcc "../Drivers/STM32L4xx_HAL_Driver/Src/stm32l4xx_hal_flash_ex.c" -mcpu=cortex-m4 -std=gnu11 -g3 -DDEBUG -DUSE_HAL_DRIVER -DSTM32L4A6xx -c -I../Core/Inc -I../Drivers/STM32L4xx_HAL_Driver/Inc -I../Drivers/STM32L4xx_HAL_Driver/Inc/Legacy -I../Drivers/CMSIS/Device/ST/STM32L4xx/Include -I../Drivers/CMSIS/Include -O0 -ffunction-sections -fdata-sections -Wall -fstack-usage -fcyclomatic-complexity -MMD -MP -MF"Drivers/STM32L4xx_HAL_Driver/Src/stm32l4xx_hal_flash_ex.d" -MT"Drivers/STM32L4xx_HAL_Driver/Src/stm32l4xx_hal_flash_ex.o" --specs=nano.specs -mfpu=fpv4-sp-d16 -mfloat-abi=hard -mthumb -o "Drivers/STM32L4xx_HAL_Driver/Src/stm32l4xx_hal_flash_ex.o"
arm-none-eabi-gcc "../Drivers/STM32L4xx_HAL_Driver/Src/stm32l4xx_hal_flash_ramfunc.c" -mcpu=cortex-m4 -std=gnu11 -g3 -DDEBUG -DUSE_HAL_DRIVER -DSTM32L4A6xx -c -I../Core/Inc -I../Drivers/STM32L4xx_HAL_Driver/Inc -I../Drivers/STM32L4xx_HAL_Driver/Inc/Legacy -I../Drivers/CMSIS/Device/ST/STM32L4xx/Include -I../Drivers/CMSIS/Include -O0 -ffunction-sections -fdata-sections -Wall -fstack-usage -fcyclomatic-complexity -MMD -MP -MF"Drivers/STM32L4xx_HAL_Driver/Src/stm32l4xx_hal_flash_ramfunc.d" -MT"Drivers/STM32L4xx_HAL_Driver/Src/stm32l4xx_hal_flash_ramfunc.o" --specs=nano.specs -mfpu=fpv4-sp-d16 -mfloat-abi=hard -mthumb -o "Drivers/STM32L4xx_HAL_Driver/Src/stm32l4xx_hal_flash_ramfunc.o"
arm-none-eabi-gcc "../Drivers/STM32L4xx_HAL_Driver/Src/stm32l4xx_hal_gpio.c" -mcpu=cortex-m4 -std=gnu11 -g3 -DDEBUG -DUSE_HAL_DRIVER -DSTM32L4A6xx -c -I../Core/Inc -I../Drivers/STM32L4xx_HAL_Driver/Inc -I../Drivers/STM32L4xx_HAL_Driver/Inc/Legacy -I../Drivers/CMSIS/Device/ST/STM32L4xx/Include -I../Drivers/CMSIS/Include -O0 -ffunction-sections -fdata-sections -Wall -fstack-usage -fcyclomatic-complexity -MMD -MP -MF"Drivers/STM32L4xx_HAL_Driver/Src/stm32l4xx_hal_gpio.d" -MT"Drivers/STM32L4xx_HAL_Driver/Src/stm32l4xx_hal_gpio.o" --specs=nano.specs -mfpu=fpv4-sp-d16 -mfloat-abi=hard -mthumb -o "Drivers/STM32L4xx_HAL_Driver/Src/stm32l4xx_hal_gpio.o"
arm-none-eabi-gcc "../Drivers/STM32L4xx_HAL_Driver/Src/stm32l4xx_hal_pwr.c" -mcpu=cortex-m4 -std=gnu11 -g3 -DDEBUG -DUSE_HAL_DRIVER -DSTM32L4A6xx -c -I../Core/Inc -I../Drivers/STM32L4xx_HAL_Driver/Inc -I../Drivers/STM32L4xx_HAL_Driver/Inc/Legacy -I../Drivers/CMSIS/Device/ST/STM32L4xx/Include -I../Drivers/CMSIS/Include -O0 -ffunction-sections -fdata-sections -Wall -fstack-usage -fcyclomatic-complexity -MMD -MP -MF"Drivers/STM32L4xx_HAL_Driver/Src/stm32l4xx_hal_pwr.d" -MT"Drivers/STM32L4xx_HAL_Driver/Src/stm32l4xx_hal_pwr.o" --specs=nano.specs -mfpu=fpv4-sp-d16 -mfloat-abi=hard -mthumb -o "Drivers/STM32L4xx_HAL_Driver/Src/stm32l4xx_hal_pwr.o"
arm-none-eabi-gcc "../Drivers/STM32L4xx_HAL_Driver/Src/stm32l4xx_hal_pwr_ex.c" -mcpu=cortex-m4 -std=gnu11 -g3 -DDEBUG -DUSE_HAL_DRIVER -DSTM32L4A6xx -c -I../Core/Inc -I../Drivers/STM32L4xx_HAL_Driver/Inc -I../Drivers/STM32L4xx_HAL_Driver/Inc/Legacy -I../Drivers/CMSIS/Device/ST/STM32L4xx/Include -I../Drivers/CMSIS/Include -O0 -ffunction-sections -fdata-sections -Wall -fstack-usage -fcyclomatic-complexity -MMD -MP -MF"Drivers/STM32L4xx_HAL_Driver/Src/stm32l4xx_hal_pwr_ex.d" -MT"Drivers/STM32L4xx_HAL_Driver/Src/stm32l4xx_hal_pwr_ex.o" --specs=nano.specs -mfpu=fpv4-sp-d16 -mfloat-abi=hard -mthumb -o "Drivers/STM32L4xx_HAL_Driver/Src/stm32l4xx_hal_pwr_ex.o"
arm-none-eabi-gcc "../Drivers/STM32L4xx_HAL_Driver/Src/stm32l4xx_hal_rcc.c" -mcpu=cortex-m4 -std=gnu11 -g3 -DDEBUG -DUSE_HAL_DRIVER -DSTM32L4A6xx -c -I../Core/Inc -I../Drivers/STM32L4xx_HAL_Driver/Inc -I../Drivers/STM32L4xx_HAL_Driver/Inc/Legacy -I../Drivers/CMSIS/Device/ST/STM32L4xx/Include -I../Drivers/CMSIS/Include -O0 -ffunction-sections -fdata-sections -Wall -fstack-usage -fcyclomatic-complexity -MMD -MP -MF"Drivers/STM32L4xx_HAL_Driver/Src/stm32l4xx_hal_rcc.d" -MT"Drivers/STM32L4xx_HAL_Driver/Src/stm32l4xx_hal_rcc.o" --specs=nano.specs -mfpu=fpv4-sp-d16 -mfloat-abi=hard -mthumb -o "Drivers/STM32L4xx_HAL_Driver/Src/stm32l4xx_hal_rcc.o"
arm-none-eabi-gcc "../Drivers/STM32L4xx_HAL_Driver/Src/stm32l4xx_hal_rcc_ex.c" -mcpu=cortex-m4 -std=gnu11 -g3 -DDEBUG -DUSE_HAL_DRIVER -DSTM32L4A6xx -c -I../Core/Inc -I../Drivers/STM32L4xx_HAL_Driver/Inc -I../Drivers/STM32L4xx_HAL_Driver/Inc/Legacy -I../Drivers/CMSIS/Device/ST/STM32L4xx/Include -I../Drivers/CMSIS/Include -O0 -ffunction-sections -fdata-sections -Wall -fstack-usage -fcyclomatic-complexity -MMD -MP -MF"Drivers/STM32L4xx_HAL_Driver/Src/stm32l4xx_hal_rcc_ex.d" -MT"Drivers/STM32L4xx_HAL_Driver/Src/stm32l4xx_hal_rcc_ex.o" --specs=nano.specs -mfpu=fpv4-sp-d16 -mfloat-abi=hard -mthumb -o "Drivers/STM32L4xx_HAL_Driver/Src/stm32l4xx_hal_rcc_ex.o"
arm-none-eabi-gcc "../Core/Src/main.c" -mcpu=cortex-m4 -std=gnu11 -g3 -DDEBUG -DUSE_HAL_DRIVER -DSTM32L4A6xx -c -I../Core/Inc -I../Drivers/STM32L4xx_HAL_Driver/Inc -I../Drivers/STM32L4xx_HAL_Driver/Inc/Legacy -I../Drivers/CMSIS/Device/ST/STM32L4xx/Include -I../Drivers/CMSIS/Include -O0 -ffunction-sections -fdata-sections -Wall -fstack-usage -fcyclomatic-complexity -MMD -MP -MF"Core/Src/main.d" -MT"Core/Src/main.o" --specs=nano.specs -mfpu=fpv4-sp-d16 -mfloat-abi=hard -mthumb -o "Core/Src/main.o"
arm-none-eabi-gcc "../Core/Src/stm32l4xx_hal_msp.c" -mcpu=cortex-m4 -std=gnu11 -g3 -DDEBUG -DUSE_HAL_DRIVER -DSTM32L4A6xx -c -I../Core/Inc -I../Drivers/STM32L4xx_HAL_Driver/Inc -I../Drivers/STM32L4xx_HAL_Driver/Inc/Legacy -I../Drivers/CMSIS/Device/ST/STM32L4xx/Include -I../Drivers/CMSIS/Include -O0 -ffunction-sections -fdata-sections -Wall -fstack-usage -fcyclomatic-complexity -MMD -MP -MF"Core/Src/stm32l4xx_hal_msp.d" -MT"Core/Src/stm32l4xx_hal_msp.o" --specs=nano.specs -mfpu=fpv4-sp-d16 -mfloat-abi=hard -mthumb -o "Core/Src/stm32l4xx_hal_msp.o"
arm-none-eabi-gcc "../Core/Src/stm32l4xx_it.c" -mcpu=cortex-m4 -std=gnu11 -g3 -DDEBUG -DUSE_HAL_DRIVER -DSTM32L4A6xx -c -I../Core/Inc -I../Drivers/STM32L4xx_HAL_Driver/Inc -I../Drivers/STM32L4xx_HAL_Driver/Inc/Legacy -I../Drivers/CMSIS/Device/ST/STM32L4xx/Include -I../Drivers/CMSIS/Include -O0 -ffunction-sections -fdata-sections -Wall -fstack-usage -fcyclomatic-complexity -MMD -MP -MF"Core/Src/stm32l4xx_it.d" -MT"Core/Src/stm32l4xx_it.o" --specs=nano.specs -mfpu=fpv4-sp-d16 -mfloat-abi=hard -mthumb -o "Core/Src/stm32l4xx_it.o"
../Core/Src/main.c: In function 'USART2_IRQHandler':
../Core/Src/main.c:24:14: warning: pointer targets in passing argument 1 of 'UART_print' differ in signedness [-Wpointer-sign]
   24 |   UART_print("\033[31m");
      |              ^~~~~~~~~~
      |              |
      |              char *
In file included from ../Core/Src/main.c:10:
../Core/Inc/uart.h:17:33: note: expected 'const uint8_t *' {aka 'const unsigned char *'} but argument is of type 'char *'
   17 | void UART_print(const uint8_t * str);
      |                 ~~~~~~~~~~~~~~~~^~~
../Core/Src/main.c:29:14: warning: pointer targets in passing argument 1 of 'UART_print' differ in signedness [-Wpointer-sign]
   29 |   UART_print("\033[34m");
      |              ^~~~~~~~~~
      |              |
      |              char *
In file included from ../Core/Src/main.c:10:
../Core/Inc/uart.h:17:33: note: expected 'const uint8_t *' {aka 'const unsigned char *'} but argument is of type 'char *'
   17 | void UART_print(const uint8_t * str);
      |                 ~~~~~~~~~~~~~~~~^~~
../Core/Src/main.c:34:14: warning: pointer targets in passing argument 1 of 'UART_print' differ in signedness [-Wpointer-sign]
   34 |   UART_print("\033[32m");
      |              ^~~~~~~~~~
      |              |
      |              char *
In file included from ../Core/Src/main.c:10:
../Core/Inc/uart.h:17:33: note: expected 'const uint8_t *' {aka 'const unsigned char *'} but argument is of type 'char *'
   17 | void UART_print(const uint8_t * str);
      |                 ~~~~~~~~~~~~~~~~^~~
../Core/Src/main.c:39:14: warning: pointer targets in passing argument 1 of 'UART_print' differ in signedness [-Wpointer-sign]
   39 |   UART_print("\033[0m");
      |              ^~~~~~~~~
      |              |
      |              char *
In file included from ../Core/Src/main.c:10:
../Core/Inc/uart.h:17:33: note: expected 'const uint8_t *' {aka 'const unsigned char *'} but argument is of type 'char *'
   17 | void UART_print(const uint8_t * str);
      |                 ~~~~~~~~~~~~~~~~^~~
../Core/Src/main.c: In function 'main':
../Core/Src/main.c:54:13: warning: pointer targets in passing argument 1 of 'UART_print' differ in signedness [-Wpointer-sign]
   54 |  UART_print("\033[3B\033[5C");
      |             ^~~~~~~~~~~~~~~~
      |             |
      |             char *
In file included from ../Core/Src/main.c:10:
../Core/Inc/uart.h:17:33: note: expected 'const uint8_t *' {aka 'const unsigned char *'} but argument is of type 'char *'
   17 | void UART_print(const uint8_t * str);
      |                 ~~~~~~~~~~~~~~~~^~~
../Core/Src/main.c:55:13: warning: pointer targets in passing argument 1 of 'UART_print' differ in signedness [-Wpointer-sign]
   55 |  UART_print("All good students read the");
      |             ^~~~~~~~~~~~~~~~~~~~~~~~~~~~
      |             |
      |             char *
In file included from ../Core/Src/main.c:10:
../Core/Inc/uart.h:17:33: note: expected 'const uint8_t *' {aka 'const unsigned char *'} but argument is of type 'char *'
   17 | void UART_print(const uint8_t * str);
      |                 ~~~~~~~~~~~~~~~~^~~
../Core/Src/main.c:57:13: warning: pointer targets in passing argument 1 of 'UART_print' differ in signedness [-Wpointer-sign]
   57 |  UART_print("\033[1B\033[21D");
      |             ^~~~~~~~~~~~~~~~~
      |             |
      |             char *
In file included from ../Core/Src/main.c:10:
../Core/Inc/uart.h:17:33: note: expected 'const uint8_t *' {aka 'const unsigned char *'} but argument is of type 'char *'
   17 | void UART_print(const uint8_t * str);
      |                 ~~~~~~~~~~~~~~~~^~~
../Core/Src/main.c:59:13: warning: pointer targets in passing argument 1 of 'UART_print' differ in signedness [-Wpointer-sign]
   59 |  UART_print("\033[5mReference Manual\033[0m");
      |             ^~~~~~~~~~~~~~~~~~~~~~~~~~~~~~~~
      |             |
      |             char *
In file included from ../Core/Src/main.c:10:
../Core/Inc/uart.h:17:33: note: expected 'const uint8_t *' {aka 'const unsigned char *'} but argument is of type 'char *'
   17 | void UART_print(const uint8_t * str);
      |                 ~~~~~~~~~~~~~~~~^~~
../Core/Src/main.c:61:13: warning: pointer targets in passing argument 1 of 'UART_print' differ in signedness [-Wpointer-sign]
   61 |  UART_print("\033[0;0H");
      |             ^~~~~~~~~~~
      |             |
      |             char *
In file included from ../Core/Src/main.c:10:
../Core/Inc/uart.h:17:33: note: expected 'const uint8_t *' {aka 'const unsigned char *'} but argument is of type 'char *'
   17 | void UART_print(const uint8_t * str);
      |                 ~~~~~~~~~~~~~~~~^~~
../Core/Src/main.c:62:13: warning: pointer targets in passing argument 1 of 'UART_print' differ in signedness [-Wpointer-sign]
   62 |  UART_print("Input: ");
      |             ^~~~~~~~~
      |             |
      |             char *
In file included from ../Core/Src/main.c:10:
../Core/Inc/uart.h:17:33: note: expected 'const uint8_t *' {aka 'const unsigned char *'} but argument is of type 'char *'
   17 | void UART_print(const uint8_t * str);
      |                 ~~~~~~~~~~~~~~~~^~~
../Core/Src/main.c:73:16: warning: pointer targets in passing argument 1 of 'UART_print' differ in signedness [-Wpointer-sign]
   73 |     UART_print("\033[0;0H");
      |                ^~~~~~~~~~~
      |                |
      |                char *
In file included from ../Core/Src/main.c:10:
../Core/Inc/uart.h:17:33: note: expected 'const uint8_t *' {aka 'const unsigned char *'} but argument is of type 'char *'
   17 | void UART_print(const uint8_t * str);
      |                 ~~~~~~~~~~~~~~~~^~~
../Core/Src/main.c:74:16: warning: pointer targets in passing argument 1 of 'UART_print' differ in signedness [-Wpointer-sign]
   74 |     UART_print("\033[2K");
      |                ^~~~~~~~~
      |                |
      |                char *
In file included from ../Core/Src/main.c:10:
../Core/Inc/uart.h:17:33: note: expected 'const uint8_t *' {aka 'const unsigned char *'} but argument is of type 'char *'
   17 | void UART_print(const uint8_t * str);
      |                 ~~~~~~~~~~~~~~~~^~~
../Core/Src/main.c:76:16: warning: pointer targets in passing argument 1 of 'UART_print' differ in signedness [-Wpointer-sign]
   76 |     UART_print("\033[0m");
      |                ^~~~~~~~~
      |                |
      |                char *
In file included from ../Core/Src/main.c:10:
../Core/Inc/uart.h:17:33: note: expected 'const uint8_t *' {aka 'const unsigned char *'} but argument is of type 'char *'
   17 | void UART_print(const uint8_t * str);
      |                 ~~~~~~~~~~~~~~~~^~~
../Core/Src/main.c:77:16: warning: pointer targets in passing argument 1 of 'UART_print' differ in signedness [-Wpointer-sign]
   77 |     UART_print("Input: ");
      |                ^~~~~~~~~
      |                |
      |                char *
In file included from ../Core/Src/main.c:10:
../Core/Inc/uart.h:17:33: note: expected 'const uint8_t *' {aka 'const unsigned char *'} but argument is of type 'char *'
   17 | void UART_print(const uint8_t * str);
      |                 ~~~~~~~~~~~~~~~~^~~
arm-none-eabi-gcc "../Core/Src/system_stm32l4xx.c" -mcpu=cortex-m4 -std=gnu11 -g3 -DDEBUG -DUSE_HAL_DRIVER -DSTM32L4A6xx -c -I../Core/Inc -I../Drivers/STM32L4xx_HAL_Driver/Inc -I../Drivers/STM32L4xx_HAL_Driver/Inc/Legacy -I../Drivers/CMSIS/Device/ST/STM32L4xx/Include -I../Drivers/CMSIS/Include -O0 -ffunction-sections -fdata-sections -Wall -fstack-usage -fcyclomatic-complexity -MMD -MP -MF"Core/Src/system_stm32l4xx.d" -MT"Core/Src/system_stm32l4xx.o" --specs=nano.specs -mfpu=fpv4-sp-d16 -mfloat-abi=hard -mthumb -o "Core/Src/system_stm32l4xx.o"
arm-none-eabi-gcc "../Core/Src/uart.c" -mcpu=cortex-m4 -std=gnu11 -g3 -DDEBUG -DUSE_HAL_DRIVER -DSTM32L4A6xx -c -I../Core/Inc -I../Drivers/STM32L4xx_HAL_Driver/Inc -I../Drivers/STM32L4xx_HAL_Driver/Inc/Legacy -I../Drivers/CMSIS/Device/ST/STM32L4xx/Include -I../Drivers/CMSIS/Include -O0 -ffunction-sections -fdata-sections -Wall -fstack-usage -fcyclomatic-complexity -MMD -MP -MF"Core/Src/uart.d" -MT"Core/Src/uart.o" --specs=nano.specs -mfpu=fpv4-sp-d16 -mfloat-abi=hard -mthumb -o "Core/Src/uart.o"
arm-none-eabi-gcc -o "P4_testing.elf" @"objects.list"   -mcpu=cortex-m4 -T"C:\Users\Wilso\Desktop\Code\C\P4_testing\STM32L4A6ZGTX_FLASH.ld" --specs=nosys.specs -Wl,-Map="P4_testing.map" -Wl,--gc-sections -static --specs=nano.specs -mfpu=fpv4-sp-d16 -mfloat-abi=hard -mthumb -Wl,--start-group -lc -lm -Wl,--end-group
Finished building target: P4_testing.elf
 
arm-none-eabi-size   P4_testing.elf 
arm-none-eabi-objdump -h -S  P4_testing.elf  > "P4_testing.list"
   text	   data	    bss	    dec	    hex	filename
   1480	     12	   1572	   3064	    bf8	P4_testing.elf
Finished building: default.size.stdout
 
Finished building: P4_testing.list
 
09:09:24 **** Incremental Build of configuration Debug for project P4_testing ****
make -j16 all 
arm-none-eabi-gcc "../Core/Src/main.c" -mcpu=cortex-m4 -std=gnu11 -g3 -DDEBUG -DUSE_HAL_DRIVER -DSTM32L4A6xx -c -I../Core/Inc -I../Drivers/STM32L4xx_HAL_Driver/Inc -I../Drivers/STM32L4xx_HAL_Driver/Inc/Legacy -I../Drivers/CMSIS/Device/ST/STM32L4xx/Include -I../Drivers/CMSIS/Include -O0 -ffunction-sections -fdata-sections -Wall -fstack-usage -fcyclomatic-complexity -MMD -MP -MF"Core/Src/main.d" -MT"Core/Src/main.o" --specs=nano.specs -mfpu=fpv4-sp-d16 -mfloat-abi=hard -mthumb -o "Core/Src/main.o"
arm-none-eabi-gcc "../Core/Src/uart.c" -mcpu=cortex-m4 -std=gnu11 -g3 -DDEBUG -DUSE_HAL_DRIVER -DSTM32L4A6xx -c -I../Core/Inc -I../Drivers/STM32L4xx_HAL_Driver/Inc -I../Drivers/STM32L4xx_HAL_Driver/Inc/Legacy -I../Drivers/CMSIS/Device/ST/STM32L4xx/Include -I../Drivers/CMSIS/Include -O0 -ffunction-sections -fdata-sections -Wall -fstack-usage -fcyclomatic-complexity -MMD -MP -MF"Core/Src/uart.d" -MT"Core/Src/uart.o" --specs=nano.specs -mfpu=fpv4-sp-d16 -mfloat-abi=hard -mthumb -o "Core/Src/uart.o"
../Core/Src/main.c: In function 'USART2_IRQHandler':
../Core/Src/main.c:24:14: warning: pointer targets in passing argument 1 of 'UART_print' differ in signedness [-Wpointer-sign]
   24 |   UART_print("\033[31m");
      |              ^~~~~~~~~~
      |              |
      |              char *
In file included from ../Core/Src/main.c:10:
../Core/Inc/uart.h:17:33: note: expected 'const uint8_t *' {aka 'const unsigned char *'} but argument is of type 'char *'
   17 | void UART_print(const uint8_t * str);
      |                 ~~~~~~~~~~~~~~~~^~~
../Core/Src/main.c:29:14: warning: pointer targets in passing argument 1 of 'UART_print' differ in signedness [-Wpointer-sign]
   29 |   UART_print("\033[34m");
      |              ^~~~~~~~~~
      |              |
      |              char *
In file included from ../Core/Src/main.c:10:
../Core/Inc/uart.h:17:33: note: expected 'const uint8_t *' {aka 'const unsigned char *'} but argument is of type 'char *'
   17 | void UART_print(const uint8_t * str);
      |                 ~~~~~~~~~~~~~~~~^~~
../Core/Src/main.c:34:14: warning: pointer targets in passing argument 1 of 'UART_print' differ in signedness [-Wpointer-sign]
   34 |   UART_print("\033[32m");
      |              ^~~~~~~~~~
      |              |
      |              char *
In file included from ../Core/Src/main.c:10:
../Core/Inc/uart.h:17:33: note: expected 'const uint8_t *' {aka 'const unsigned char *'} but argument is of type 'char *'
   17 | void UART_print(const uint8_t * str);
      |                 ~~~~~~~~~~~~~~~~^~~
../Core/Src/main.c:39:14: warning: pointer targets in passing argument 1 of 'UART_print' differ in signedness [-Wpointer-sign]
   39 |   UART_print("\033[0m");
      |              ^~~~~~~~~
      |              |
      |              char *
In file included from ../Core/Src/main.c:10:
../Core/Inc/uart.h:17:33: note: expected 'const uint8_t *' {aka 'const unsigned char *'} but argument is of type 'char *'
   17 | void UART_print(const uint8_t * str);
      |                 ~~~~~~~~~~~~~~~~^~~
../Core/Src/main.c: In function 'main':
../Core/Src/main.c:54:13: warning: pointer targets in passing argument 1 of 'UART_print' differ in signedness [-Wpointer-sign]
   54 |  UART_print("\033[3B\033[5C");
      |             ^~~~~~~~~~~~~~~~
      |             |
      |             char *
In file included from ../Core/Src/main.c:10:
../Core/Inc/uart.h:17:33: note: expected 'const uint8_t *' {aka 'const unsigned char *'} but argument is of type 'char *'
   17 | void UART_print(const uint8_t * str);
      |                 ~~~~~~~~~~~~~~~~^~~
../Core/Src/main.c:55:13: warning: pointer targets in passing argument 1 of 'UART_print' differ in signedness [-Wpointer-sign]
   55 |  UART_print("All good students read the");
      |             ^~~~~~~~~~~~~~~~~~~~~~~~~~~~
      |             |
      |             char *
In file included from ../Core/Src/main.c:10:
../Core/Inc/uart.h:17:33: note: expected 'const uint8_t *' {aka 'const unsigned char *'} but argument is of type 'char *'
   17 | void UART_print(const uint8_t * str);
      |                 ~~~~~~~~~~~~~~~~^~~
../Core/Src/main.c:57:13: warning: pointer targets in passing argument 1 of 'UART_print' differ in signedness [-Wpointer-sign]
   57 |  UART_print("\033[1B\033[21D");
      |             ^~~~~~~~~~~~~~~~~
      |             |
      |             char *
In file included from ../Core/Src/main.c:10:
../Core/Inc/uart.h:17:33: note: expected 'const uint8_t *' {aka 'const unsigned char *'} but argument is of type 'char *'
   17 | void UART_print(const uint8_t * str);
      |                 ~~~~~~~~~~~~~~~~^~~
../Core/Src/main.c:59:13: warning: pointer targets in passing argument 1 of 'UART_print' differ in signedness [-Wpointer-sign]
   59 |  UART_print("\033[5mReference Manual\033[0m");
      |             ^~~~~~~~~~~~~~~~~~~~~~~~~~~~~~~~
      |             |
      |             char *
In file included from ../Core/Src/main.c:10:
../Core/Inc/uart.h:17:33: note: expected 'const uint8_t *' {aka 'const unsigned char *'} but argument is of type 'char *'
   17 | void UART_print(const uint8_t * str);
      |                 ~~~~~~~~~~~~~~~~^~~
../Core/Src/main.c:61:13: warning: pointer targets in passing argument 1 of 'UART_print' differ in signedness [-Wpointer-sign]
   61 |  UART_print("\033[0;0H");
      |             ^~~~~~~~~~~
      |             |
      |             char *
In file included from ../Core/Src/main.c:10:
../Core/Inc/uart.h:17:33: note: expected 'const uint8_t *' {aka 'const unsigned char *'} but argument is of type 'char *'
   17 | void UART_print(const uint8_t * str);
      |                 ~~~~~~~~~~~~~~~~^~~
../Core/Src/main.c:62:13: warning: pointer targets in passing argument 1 of 'UART_print' differ in signedness [-Wpointer-sign]
   62 |  UART_print("Input: ");
      |             ^~~~~~~~~
      |             |
      |             char *
In file included from ../Core/Src/main.c:10:
../Core/Inc/uart.h:17:33: note: expected 'const uint8_t *' {aka 'const unsigned char *'} but argument is of type 'char *'
   17 | void UART_print(const uint8_t * str);
      |                 ~~~~~~~~~~~~~~~~^~~
../Core/Src/main.c:73:16: warning: pointer targets in passing argument 1 of 'UART_print' differ in signedness [-Wpointer-sign]
   73 |     UART_print("\033[0;0H");
      |                ^~~~~~~~~~~
      |                |
      |                char *
In file included from ../Core/Src/main.c:10:
../Core/Inc/uart.h:17:33: note: expected 'const uint8_t *' {aka 'const unsigned char *'} but argument is of type 'char *'
   17 | void UART_print(const uint8_t * str);
      |                 ~~~~~~~~~~~~~~~~^~~
../Core/Src/main.c:74:16: warning: pointer targets in passing argument 1 of 'UART_print' differ in signedness [-Wpointer-sign]
   74 |     UART_print("\033[2K");
      |                ^~~~~~~~~
      |                |
      |                char *
In file included from ../Core/Src/main.c:10:
../Core/Inc/uart.h:17:33: note: expected 'const uint8_t *' {aka 'const unsigned char *'} but argument is of type 'char *'
   17 | void UART_print(const uint8_t * str);
      |                 ~~~~~~~~~~~~~~~~^~~
../Core/Src/main.c:76:16: warning: pointer targets in passing argument 1 of 'UART_print' differ in signedness [-Wpointer-sign]
   76 |     UART_print("\033[0m");
      |                ^~~~~~~~~
      |                |
      |                char *
In file included from ../Core/Src/main.c:10:
../Core/Inc/uart.h:17:33: note: expected 'const uint8_t *' {aka 'const unsigned char *'} but argument is of type 'char *'
   17 | void UART_print(const uint8_t * str);
      |                 ~~~~~~~~~~~~~~~~^~~
../Core/Src/main.c:77:16: warning: pointer targets in passing argument 1 of 'UART_print' differ in signedness [-Wpointer-sign]
   77 |     UART_print("Input: ");
      |                ^~~~~~~~~
      |                |
      |                char *
In file included from ../Core/Src/main.c:10:
../Core/Inc/uart.h:17:33: note: expected 'const uint8_t *' {aka 'const unsigned char *'} but argument is of type 'char *'
   17 | void UART_print(const uint8_t * str);
      |                 ~~~~~~~~~~~~~~~~^~~
arm-none-eabi-gcc -o "P4_testing.elf" @"objects.list"   -mcpu=cortex-m4 -T"C:\Users\Wilso\Desktop\Code\C\P4_testing\STM32L4A6ZGTX_FLASH.ld" --specs=nosys.specs -Wl,-Map="P4_testing.map" -Wl,--gc-sections -static --specs=nano.specs -mfpu=fpv4-sp-d16 -mfloat-abi=hard -mthumb -Wl,--start-group -lc -lm -Wl,--end-group
Finished building target: P4_testing.elf
 
arm-none-eabi-size   P4_testing.elf 
arm-none-eabi-objdump -h -S  P4_testing.elf  > "P4_testing.list"
   text	   data	    bss	    dec	    hex	filename
   1480	     12	   1572	   3064	    bf8	P4_testing.elf
Finished building: default.size.stdout
 
Finished building: P4_testing.list
 
09:10:37 **** Incremental Build of configuration Debug for project P4_testing ****
make -j16 all 
arm-none-eabi-gcc "../Core/Src/main.c" -mcpu=cortex-m4 -std=gnu11 -g3 -DDEBUG -DUSE_HAL_DRIVER -DSTM32L4A6xx -c -I../Core/Inc -I../Drivers/STM32L4xx_HAL_Driver/Inc -I../Drivers/STM32L4xx_HAL_Driver/Inc/Legacy -I../Drivers/CMSIS/Device/ST/STM32L4xx/Include -I../Drivers/CMSIS/Include -O0 -ffunction-sections -fdata-sections -Wall -fstack-usage -fcyclomatic-complexity -MMD -MP -MF"Core/Src/main.d" -MT"Core/Src/main.o" --specs=nano.specs -mfpu=fpv4-sp-d16 -mfloat-abi=hard -mthumb -o "Core/Src/main.o"
../Core/Src/main.c: In function 'USART2_IRQHandler':
../Core/Src/main.c:24:14: warning: pointer targets in passing argument 1 of 'UART_print' differ in signedness [-Wpointer-sign]
   24 |   UART_print("\033[31m");
      |              ^~~~~~~~~~
      |              |
      |              char *
In file included from ../Core/Src/main.c:10:
../Core/Inc/uart.h:17:33: note: expected 'const uint8_t *' {aka 'const unsigned char *'} but argument is of type 'char *'
   17 | void UART_print(const uint8_t * str);
      |                 ~~~~~~~~~~~~~~~~^~~
../Core/Src/main.c:29:14: warning: pointer targets in passing argument 1 of 'UART_print' differ in signedness [-Wpointer-sign]
   29 |   UART_print("\033[34m");
      |              ^~~~~~~~~~
      |              |
      |              char *
In file included from ../Core/Src/main.c:10:
../Core/Inc/uart.h:17:33: note: expected 'const uint8_t *' {aka 'const unsigned char *'} but argument is of type 'char *'
   17 | void UART_print(const uint8_t * str);
      |                 ~~~~~~~~~~~~~~~~^~~
../Core/Src/main.c:34:14: warning: pointer targets in passing argument 1 of 'UART_print' differ in signedness [-Wpointer-sign]
   34 |   UART_print("\033[32m");
      |              ^~~~~~~~~~
      |              |
      |              char *
In file included from ../Core/Src/main.c:10:
../Core/Inc/uart.h:17:33: note: expected 'const uint8_t *' {aka 'const unsigned char *'} but argument is of type 'char *'
   17 | void UART_print(const uint8_t * str);
      |                 ~~~~~~~~~~~~~~~~^~~
../Core/Src/main.c:39:14: warning: pointer targets in passing argument 1 of 'UART_print' differ in signedness [-Wpointer-sign]
   39 |   UART_print("\033[0m");
      |              ^~~~~~~~~
      |              |
      |              char *
In file included from ../Core/Src/main.c:10:
../Core/Inc/uart.h:17:33: note: expected 'const uint8_t *' {aka 'const unsigned char *'} but argument is of type 'char *'
   17 | void UART_print(const uint8_t * str);
      |                 ~~~~~~~~~~~~~~~~^~~
../Core/Src/main.c: In function 'main':
../Core/Src/main.c:54:13: warning: pointer targets in passing argument 1 of 'UART_print' differ in signedness [-Wpointer-sign]
   54 |  UART_print("\033[3B\033[5C");
      |             ^~~~~~~~~~~~~~~~
      |             |
      |             char *
In file included from ../Core/Src/main.c:10:
../Core/Inc/uart.h:17:33: note: expected 'const uint8_t *' {aka 'const unsigned char *'} but argument is of type 'char *'
   17 | void UART_print(const uint8_t * str);
      |                 ~~~~~~~~~~~~~~~~^~~
../Core/Src/main.c:55:13: warning: pointer targets in passing argument 1 of 'UART_print' differ in signedness [-Wpointer-sign]
   55 |  UART_print("All good students read the");
      |             ^~~~~~~~~~~~~~~~~~~~~~~~~~~~
      |             |
      |             char *
In file included from ../Core/Src/main.c:10:
../Core/Inc/uart.h:17:33: note: expected 'const uint8_t *' {aka 'const unsigned char *'} but argument is of type 'char *'
   17 | void UART_print(const uint8_t * str);
      |                 ~~~~~~~~~~~~~~~~^~~
../Core/Src/main.c:57:13: warning: pointer targets in passing argument 1 of 'UART_print' differ in signedness [-Wpointer-sign]
   57 |  UART_print("\033[1B\033[21D");
      |             ^~~~~~~~~~~~~~~~~
      |             |
      |             char *
In file included from ../Core/Src/main.c:10:
../Core/Inc/uart.h:17:33: note: expected 'const uint8_t *' {aka 'const unsigned char *'} but argument is of type 'char *'
   17 | void UART_print(const uint8_t * str);
      |                 ~~~~~~~~~~~~~~~~^~~
../Core/Src/main.c:59:13: warning: pointer targets in passing argument 1 of 'UART_print' differ in signedness [-Wpointer-sign]
   59 |  UART_print("\033[5mReference Manual\033[0m");
      |             ^~~~~~~~~~~~~~~~~~~~~~~~~~~~~~~~
      |             |
      |             char *
In file included from ../Core/Src/main.c:10:
../Core/Inc/uart.h:17:33: note: expected 'const uint8_t *' {aka 'const unsigned char *'} but argument is of type 'char *'
   17 | void UART_print(const uint8_t * str);
      |                 ~~~~~~~~~~~~~~~~^~~
../Core/Src/main.c:61:13: warning: pointer targets in passing argument 1 of 'UART_print' differ in signedness [-Wpointer-sign]
   61 |  UART_print("\033[0;0H");
      |             ^~~~~~~~~~~
      |             |
      |             char *
In file included from ../Core/Src/main.c:10:
../Core/Inc/uart.h:17:33: note: expected 'const uint8_t *' {aka 'const unsigned char *'} but argument is of type 'char *'
   17 | void UART_print(const uint8_t * str);
      |                 ~~~~~~~~~~~~~~~~^~~
../Core/Src/main.c:62:13: warning: pointer targets in passing argument 1 of 'UART_print' differ in signedness [-Wpointer-sign]
   62 |  UART_print("Input: ");
      |             ^~~~~~~~~
      |             |
      |             char *
In file included from ../Core/Src/main.c:10:
../Core/Inc/uart.h:17:33: note: expected 'const uint8_t *' {aka 'const unsigned char *'} but argument is of type 'char *'
   17 | void UART_print(const uint8_t * str);
      |                 ~~~~~~~~~~~~~~~~^~~
arm-none-eabi-gcc -o "P4_testing.elf" @"objects.list"   -mcpu=cortex-m4 -T"C:\Users\Wilso\Desktop\Code\C\P4_testing\STM32L4A6ZGTX_FLASH.ld" --specs=nosys.specs -Wl,-Map="P4_testing.map" -Wl,--gc-sections -static --specs=nano.specs -mfpu=fpv4-sp-d16 -mfloat-abi=hard -mthumb -Wl,--start-group -lc -lm -Wl,--end-group
Finished building target: P4_testing.elf
 
arm-none-eabi-size   P4_testing.elf 
arm-none-eabi-objdump -h -S  P4_testing.elf  > "P4_testing.list"
   text	   data	    bss	    dec	    hex	filename
   1376	     12	   1572	   2960	    b90	P4_testing.elf
Finished building: default.size.stdout
 
Finished building: P4_testing.list
 
09:11:19 **** Incremental Build of configuration Debug for project P4_testing ****
make -j16 all 
arm-none-eabi-size   P4_testing.elf 
   text	   data	    bss	    dec	    hex	filename
   1376	     12	   1572	   2960	    b90	P4_testing.elf
Finished building: default.size.stdout
 
09:19:48 **** Incremental Build of configuration Debug for project P4_testing ****
make -j16 all 
arm-none-eabi-gcc "../Core/Src/uart.c" -mcpu=cortex-m4 -std=gnu11 -g3 -DDEBUG -DUSE_HAL_DRIVER -DSTM32L4A6xx -c -I../Core/Inc -I../Drivers/STM32L4xx_HAL_Driver/Inc -I../Drivers/STM32L4xx_HAL_Driver/Inc/Legacy -I../Drivers/CMSIS/Device/ST/STM32L4xx/Include -I../Drivers/CMSIS/Include -O0 -ffunction-sections -fdata-sections -Wall -fstack-usage -fcyclomatic-complexity -MMD -MP -MF"Core/Src/uart.d" -MT"Core/Src/uart.o" --specs=nano.specs -mfpu=fpv4-sp-d16 -mfloat-abi=hard -mthumb -o "Core/Src/uart.o"
arm-none-eabi-gcc -o "P4_testing.elf" @"objects.list"   -mcpu=cortex-m4 -T"C:\Users\Wilso\Desktop\Code\C\P4_testing\STM32L4A6ZGTX_FLASH.ld" --specs=nosys.specs -Wl,-Map="P4_testing.map" -Wl,--gc-sections -static --specs=nano.specs -mfpu=fpv4-sp-d16 -mfloat-abi=hard -mthumb -Wl,--start-group -lc -lm -Wl,--end-group
Finished building target: P4_testing.elf
 
arm-none-eabi-size   P4_testing.elf 
arm-none-eabi-objdump -h -S  P4_testing.elf  > "P4_testing.list"
   text	   data	    bss	    dec	    hex	filename
   1396	     12	   1572	   2980	    ba4	P4_testing.elf
Finished building: default.size.stdout
 
Finished building: P4_testing.list
 
09:21:05 **** Incremental Build of configuration Debug for project P4 ****
make -j16 all 
arm-none-eabi-gcc "../Core/Src/main.c" -mcpu=cortex-m4 -std=gnu11 -g3 -DDEBUG -DUSE_HAL_DRIVER -DSTM32L4A6xx -c -I../Core/Inc -I../Drivers/STM32L4xx_HAL_Driver/Inc -I../Drivers/STM32L4xx_HAL_Driver/Inc/Legacy -I../Drivers/CMSIS/Device/ST/STM32L4xx/Include -I../Drivers/CMSIS/Include -O0 -ffunction-sections -fdata-sections -Wall -fstack-usage -fcyclomatic-complexity -MMD -MP -MF"Core/Src/main.d" -MT"Core/Src/main.o" --specs=nano.specs -mfpu=fpv4-sp-d16 -mfloat-abi=hard -mthumb -o "Core/Src/main.o"
../Core/Src/main.c: In function 'main':
../Core/Src/main.c:36:4: warning: implicit declaration of function 'str_write' [-Wimplicit-function-declaration]
   36 |    str_write("Welcome ");
      |    ^~~~~~~~~
../Core/Src/main.c:39:4: warning: implicit declaration of function 'lcd_set_cursor_position' [-Wimplicit-function-declaration]
   39 |    lcd_set_cursor_position(1, 0); // set cursor to second row, first column
      |    ^~~~~~~~~~~~~~~~~~~~~~~
arm-none-eabi-gcc -o "P4.elf" @"objects.list"   -mcpu=cortex-m4 -T"C:\Users\Wilso\Desktop\Code\C\P4\STM32L4A6ZGTX_FLASH.ld" --specs=nosys.specs -Wl,-Map="P4.map" -Wl,--gc-sections -static --specs=nano.specs -mfpu=fpv4-sp-d16 -mfloat-abi=hard -mthumb -Wl,--start-group -lc -lm -Wl,--end-group
Finished building target: P4.elf
 
arm-none-eabi-size   P4.elf 
arm-none-eabi-objdump -h -S  P4.elf  > "P4.list"
   text	   data	    bss	    dec	    hex	filename
   6628	     28	   1836	   8492	   212c	P4.elf
Finished building: default.size.stdout
 
Finished building: P4.list
 
09:22:18 **** Incremental Build of configuration Debug for project P4_testing ****
make -j16 all 
arm-none-eabi-size   P4_testing.elf 
   text	   data	    bss	    dec	    hex	filename
   1396	     12	   1572	   2980	    ba4	P4_testing.elf
Finished building: default.size.stdout
 
09:23:31 **** Incremental Build of configuration Debug for project P4_testing ****
make -j16 all 
arm-none-eabi-gcc "../Core/Src/main.c" -mcpu=cortex-m4 -std=gnu11 -g3 -DDEBUG -DUSE_HAL_DRIVER -DSTM32L4A6xx -c -I../Core/Inc -I../Drivers/STM32L4xx_HAL_Driver/Inc -I../Drivers/STM32L4xx_HAL_Driver/Inc/Legacy -I../Drivers/CMSIS/Device/ST/STM32L4xx/Include -I../Drivers/CMSIS/Include -O0 -ffunction-sections -fdata-sections -Wall -fstack-usage -fcyclomatic-complexity -MMD -MP -MF"Core/Src/main.d" -MT"Core/Src/main.o" --specs=nano.specs -mfpu=fpv4-sp-d16 -mfloat-abi=hard -mthumb -o "Core/Src/main.o"
../Core/Src/main.c: In function 'USART2_IRQHandler':
../Core/Src/main.c:24:14: warning: pointer targets in passing argument 1 of 'UART_print' differ in signedness [-Wpointer-sign]
   24 |   UART_print("\033[31m");
      |              ^~~~~~~~~~
      |              |
      |              char *
In file included from ../Core/Src/main.c:10:
../Core/Inc/uart.h:17:33: note: expected 'const uint8_t *' {aka 'const unsigned char *'} but argument is of type 'char *'
   17 | void UART_print(const uint8_t * str);
      |                 ~~~~~~~~~~~~~~~~^~~
../Core/Src/main.c:29:14: warning: pointer targets in passing argument 1 of 'UART_print' differ in signedness [-Wpointer-sign]
   29 |   UART_print("\033[34m");
      |              ^~~~~~~~~~
      |              |
      |              char *
In file included from ../Core/Src/main.c:10:
../Core/Inc/uart.h:17:33: note: expected 'const uint8_t *' {aka 'const unsigned char *'} but argument is of type 'char *'
   17 | void UART_print(const uint8_t * str);
      |                 ~~~~~~~~~~~~~~~~^~~
../Core/Src/main.c:34:14: warning: pointer targets in passing argument 1 of 'UART_print' differ in signedness [-Wpointer-sign]
   34 |   UART_print("\033[32m");
      |              ^~~~~~~~~~
      |              |
      |              char *
In file included from ../Core/Src/main.c:10:
../Core/Inc/uart.h:17:33: note: expected 'const uint8_t *' {aka 'const unsigned char *'} but argument is of type 'char *'
   17 | void UART_print(const uint8_t * str);
      |                 ~~~~~~~~~~~~~~~~^~~
../Core/Src/main.c:39:14: warning: pointer targets in passing argument 1 of 'UART_print' differ in signedness [-Wpointer-sign]
   39 |   UART_print("\033[0m");
      |              ^~~~~~~~~
      |              |
      |              char *
In file included from ../Core/Src/main.c:10:
../Core/Inc/uart.h:17:33: note: expected 'const uint8_t *' {aka 'const unsigned char *'} but argument is of type 'char *'
   17 | void UART_print(const uint8_t * str);
      |                 ~~~~~~~~~~~~~~~~^~~
../Core/Src/main.c: In function 'main':
../Core/Src/main.c:53:13: warning: pointer targets in passing argument 1 of 'UART_print' differ in signedness [-Wpointer-sign]
   53 |  UART_print("In");
      |             ^~~~
      |             |
      |             char *
In file included from ../Core/Src/main.c:10:
../Core/Inc/uart.h:17:33: note: expected 'const uint8_t *' {aka 'const unsigned char *'} but argument is of type 'char *'
   17 | void UART_print(const uint8_t * str);
      |                 ~~~~~~~~~~~~~~~~^~~
arm-none-eabi-gcc -o "P4_testing.elf" @"objects.list"   -mcpu=cortex-m4 -T"C:\Users\Wilso\Desktop\Code\C\P4_testing\STM32L4A6ZGTX_FLASH.ld" --specs=nosys.specs -Wl,-Map="P4_testing.map" -Wl,--gc-sections -static --specs=nano.specs -mfpu=fpv4-sp-d16 -mfloat-abi=hard -mthumb -Wl,--start-group -lc -lm -Wl,--end-group
Finished building target: P4_testing.elf
 
arm-none-eabi-size   P4_testing.elf 
arm-none-eabi-objdump -h -S  P4_testing.elf  > "P4_testing.list"
   text	   data	    bss	    dec	    hex	filename
   1252	     12	   1572	   2836	    b14	P4_testing.elf
Finished building: default.size.stdout
 
Finished building: P4_testing.list
 
09:24:37 **** Incremental Build of configuration Debug for project P4_testing ****
make -j16 all 
arm-none-eabi-gcc "../Core/Src/uart.c" -mcpu=cortex-m4 -std=gnu11 -g3 -DDEBUG -DUSE_HAL_DRIVER -DSTM32L4A6xx -c -I../Core/Inc -I../Drivers/STM32L4xx_HAL_Driver/Inc -I../Drivers/STM32L4xx_HAL_Driver/Inc/Legacy -I../Drivers/CMSIS/Device/ST/STM32L4xx/Include -I../Drivers/CMSIS/Include -O0 -ffunction-sections -fdata-sections -Wall -fstack-usage -fcyclomatic-complexity -MMD -MP -MF"Core/Src/uart.d" -MT"Core/Src/uart.o" --specs=nano.specs -mfpu=fpv4-sp-d16 -mfloat-abi=hard -mthumb -o "Core/Src/uart.o"
arm-none-eabi-gcc -o "P4_testing.elf" @"objects.list"   -mcpu=cortex-m4 -T"C:\Users\Wilso\Desktop\Code\C\P4_testing\STM32L4A6ZGTX_FLASH.ld" --specs=nosys.specs -Wl,-Map="P4_testing.map" -Wl,--gc-sections -static --specs=nano.specs -mfpu=fpv4-sp-d16 -mfloat-abi=hard -mthumb -Wl,--start-group -lc -lm -Wl,--end-group
Finished building target: P4_testing.elf
 
arm-none-eabi-size   P4_testing.elf 
arm-none-eabi-objdump -h -S  P4_testing.elf  > "P4_testing.list"
   text	   data	    bss	    dec	    hex	filename
   1252	     12	   1572	   2836	    b14	P4_testing.elf
Finished building: default.size.stdout
 
Finished building: P4_testing.list
 
09:26:01 **** Incremental Build of configuration Debug for project P4_testing ****
make -j16 all 
arm-none-eabi-size   P4_testing.elf 
   text	   data	    bss	    dec	    hex	filename
   1252	     12	   1572	   2836	    b14	P4_testing.elf
Finished building: default.size.stdout
 
09:29:53 **** Incremental Build of configuration Debug for project P4_testing ****
make -j16 all 
arm-none-eabi-gcc "../Core/Src/main.c" -mcpu=cortex-m4 -std=gnu11 -g3 -DDEBUG -DUSE_HAL_DRIVER -DSTM32L4A6xx -c -I../Core/Inc -I../Drivers/STM32L4xx_HAL_Driver/Inc -I../Drivers/STM32L4xx_HAL_Driver/Inc/Legacy -I../Drivers/CMSIS/Device/ST/STM32L4xx/Include -I../Drivers/CMSIS/Include -O0 -ffunction-sections -fdata-sections -Wall -fstack-usage -fcyclomatic-complexity -MMD -MP -MF"Core/Src/main.d" -MT"Core/Src/main.o" --specs=nano.specs -mfpu=fpv4-sp-d16 -mfloat-abi=hard -mthumb -o "Core/Src/main.o"
../Core/Src/main.c: In function 'USART2_IRQHandler':
../Core/Src/main.c:24:14: warning: pointer targets in passing argument 1 of 'UART_print' differ in signedness [-Wpointer-sign]
   24 |   UART_print("\033[31m");
      |              ^~~~~~~~~~
      |              |
      |              char *
In file included from ../Core/Src/main.c:10:
../Core/Inc/uart.h:17:33: note: expected 'const uint8_t *' {aka 'const unsigned char *'} but argument is of type 'char *'
   17 | void UART_print(const uint8_t * str);
      |                 ~~~~~~~~~~~~~~~~^~~
../Core/Src/main.c:29:14: warning: pointer targets in passing argument 1 of 'UART_print' differ in signedness [-Wpointer-sign]
   29 |   UART_print("\033[34m");
      |              ^~~~~~~~~~
      |              |
      |              char *
In file included from ../Core/Src/main.c:10:
../Core/Inc/uart.h:17:33: note: expected 'const uint8_t *' {aka 'const unsigned char *'} but argument is of type 'char *'
   17 | void UART_print(const uint8_t * str);
      |                 ~~~~~~~~~~~~~~~~^~~
../Core/Src/main.c:34:14: warning: pointer targets in passing argument 1 of 'UART_print' differ in signedness [-Wpointer-sign]
   34 |   UART_print("\033[32m");
      |              ^~~~~~~~~~
      |              |
      |              char *
In file included from ../Core/Src/main.c:10:
../Core/Inc/uart.h:17:33: note: expected 'const uint8_t *' {aka 'const unsigned char *'} but argument is of type 'char *'
   17 | void UART_print(const uint8_t * str);
      |                 ~~~~~~~~~~~~~~~~^~~
../Core/Src/main.c:39:14: warning: pointer targets in passing argument 1 of 'UART_print' differ in signedness [-Wpointer-sign]
   39 |   UART_print("\033[0m");
      |              ^~~~~~~~~
      |              |
      |              char *
In file included from ../Core/Src/main.c:10:
../Core/Inc/uart.h:17:33: note: expected 'const uint8_t *' {aka 'const unsigned char *'} but argument is of type 'char *'
   17 | void UART_print(const uint8_t * str);
      |                 ~~~~~~~~~~~~~~~~^~~
../Core/Src/main.c: In function 'main':
../Core/Src/main.c:53:13: warning: pointer targets in passing argument 1 of 'UART_print' differ in signedness [-Wpointer-sign]
   53 |  UART_print("In");
      |             ^~~~
      |             |
      |             char *
In file included from ../Core/Src/main.c:10:
../Core/Inc/uart.h:17:33: note: expected 'const uint8_t *' {aka 'const unsigned char *'} but argument is of type 'char *'
   17 | void UART_print(const uint8_t * str);
      |                 ~~~~~~~~~~~~~~~~^~~
../Core/Src/main.c:57:14: warning: pointer targets in passing argument 1 of 'UART_print' differ in signedness [-Wpointer-sign]
   57 |   UART_print("In");
      |              ^~~~
      |              |
      |              char *
In file included from ../Core/Src/main.c:10:
../Core/Inc/uart.h:17:33: note: expected 'const uint8_t *' {aka 'const unsigned char *'} but argument is of type 'char *'
   17 | void UART_print(const uint8_t * str);
      |                 ~~~~~~~~~~~~~~~~^~~
arm-none-eabi-gcc -o "P4_testing.elf" @"objects.list"   -mcpu=cortex-m4 -T"C:\Users\Wilso\Desktop\Code\C\P4_testing\STM32L4A6ZGTX_FLASH.ld" --specs=nosys.specs -Wl,-Map="P4_testing.map" -Wl,--gc-sections -static --specs=nano.specs -mfpu=fpv4-sp-d16 -mfloat-abi=hard -mthumb -Wl,--start-group -lc -lm -Wl,--end-group
Finished building target: P4_testing.elf
 
arm-none-eabi-size   P4_testing.elf 
arm-none-eabi-objdump -h -S  P4_testing.elf  > "P4_testing.list"
   text	   data	    bss	    dec	    hex	filename
   1260	     12	   1572	   2844	    b1c	P4_testing.elf
Finished building: default.size.stdout
 
Finished building: P4_testing.list
 
09:31:04 **** Incremental Build of configuration Debug for project P4_testing ****
make -j16 all 
arm-none-eabi-gcc "../Core/Src/uart.c" -mcpu=cortex-m4 -std=gnu11 -g3 -DDEBUG -DUSE_HAL_DRIVER -DSTM32L4A6xx -c -I../Core/Inc -I../Drivers/STM32L4xx_HAL_Driver/Inc -I../Drivers/STM32L4xx_HAL_Driver/Inc/Legacy -I../Drivers/CMSIS/Device/ST/STM32L4xx/Include -I../Drivers/CMSIS/Include -O0 -ffunction-sections -fdata-sections -Wall -fstack-usage -fcyclomatic-complexity -MMD -MP -MF"Core/Src/uart.d" -MT"Core/Src/uart.o" --specs=nano.specs -mfpu=fpv4-sp-d16 -mfloat-abi=hard -mthumb -o "Core/Src/uart.o"
arm-none-eabi-gcc -o "P4_testing.elf" @"objects.list"   -mcpu=cortex-m4 -T"C:\Users\Wilso\Desktop\Code\C\P4_testing\STM32L4A6ZGTX_FLASH.ld" --specs=nosys.specs -Wl,-Map="P4_testing.map" -Wl,--gc-sections -static --specs=nano.specs -mfpu=fpv4-sp-d16 -mfloat-abi=hard -mthumb -Wl,--start-group -lc -lm -Wl,--end-group
Finished building target: P4_testing.elf
 
arm-none-eabi-size   P4_testing.elf 
arm-none-eabi-objdump -h -S  P4_testing.elf  > "P4_testing.list"
   text	   data	    bss	    dec	    hex	filename
   1260	     12	   1572	   2844	    b1c	P4_testing.elf
Finished building: default.size.stdout
 
Finished building: P4_testing.list
 
09:31:31 **** Incremental Build of configuration Debug for project P4 ****
make -j16 all 
arm-none-eabi-size   P4.elf 
   text	   data	    bss	    dec	    hex	filename
   6628	     28	   1836	   8492	   212c	P4.elf
Finished building: default.size.stdout
 
09:39:31 **** Incremental Build of configuration Debug for project P4 ****
make -j16 all 
arm-none-eabi-gcc "../Core/Src/main.c" -mcpu=cortex-m4 -std=gnu11 -g3 -DDEBUG -DUSE_HAL_DRIVER -DSTM32L4A6xx -c -I../Core/Inc -I../Drivers/STM32L4xx_HAL_Driver/Inc -I../Drivers/STM32L4xx_HAL_Driver/Inc/Legacy -I../Drivers/CMSIS/Device/ST/STM32L4xx/Include -I../Drivers/CMSIS/Include -O0 -ffunction-sections -fdata-sections -Wall -fstack-usage -fcyclomatic-complexity -MMD -MP -MF"Core/Src/main.d" -MT"Core/Src/main.o" --specs=nano.specs -mfpu=fpv4-sp-d16 -mfloat-abi=hard -mthumb -o "Core/Src/main.o"
arm-none-eabi-gcc "../Core/Src/uart.c" -mcpu=cortex-m4 -std=gnu11 -g3 -DDEBUG -DUSE_HAL_DRIVER -DSTM32L4A6xx -c -I../Core/Inc -I../Drivers/STM32L4xx_HAL_Driver/Inc -I../Drivers/STM32L4xx_HAL_Driver/Inc/Legacy -I../Drivers/CMSIS/Device/ST/STM32L4xx/Include -I../Drivers/CMSIS/Include -O0 -ffunction-sections -fdata-sections -Wall -fstack-usage -fcyclomatic-complexity -MMD -MP -MF"Core/Src/uart.d" -MT"Core/Src/uart.o" --specs=nano.specs -mfpu=fpv4-sp-d16 -mfloat-abi=hard -mthumb -o "Core/Src/uart.o"
arm-none-eabi-gcc -o "P4.elf" @"objects.list"   -mcpu=cortex-m4 -T"C:\Users\Wilso\Desktop\Code\C\P4\STM32L4A6ZGTX_FLASH.ld" --specs=nosys.specs -Wl,-Map="P4.map" -Wl,--gc-sections -static --specs=nano.specs -mfpu=fpv4-sp-d16 -mfloat-abi=hard -mthumb -Wl,--start-group -lc -lm -Wl,--end-group
Finished building target: P4.elf
 
arm-none-eabi-size   P4.elf 
arm-none-eabi-objdump -h -S  P4.elf  > "P4.list"
   text	   data	    bss	    dec	    hex	filename
   5796	     20	   1836	   7652	   1de4	P4.elf
Finished building: default.size.stdout
 
Finished building: P4.list
 
09:41:06 **** Incremental Build of configuration Debug for project P4 ****
make -j16 all 
arm-none-eabi-size   P4.elf 
   text	   data	    bss	    dec	    hex	filename
   5796	     20	   1836	   7652	   1de4	P4.elf
Finished building: default.size.stdout
 
09:46:00 **** Incremental Build of configuration Debug for project P4 ****
make -j16 all 
arm-none-eabi-gcc "../Core/Src/uart.c" -mcpu=cortex-m4 -std=gnu11 -g3 -DDEBUG -DUSE_HAL_DRIVER -DSTM32L4A6xx -c -I../Core/Inc -I../Drivers/STM32L4xx_HAL_Driver/Inc -I../Drivers/STM32L4xx_HAL_Driver/Inc/Legacy -I../Drivers/CMSIS/Device/ST/STM32L4xx/Include -I../Drivers/CMSIS/Include -O0 -ffunction-sections -fdata-sections -Wall -fstack-usage -fcyclomatic-complexity -MMD -MP -MF"Core/Src/uart.d" -MT"Core/Src/uart.o" --specs=nano.specs -mfpu=fpv4-sp-d16 -mfloat-abi=hard -mthumb -o "Core/Src/uart.o"
arm-none-eabi-gcc -o "P4.elf" @"objects.list"   -mcpu=cortex-m4 -T"C:\Users\Wilso\Desktop\Code\C\P4\STM32L4A6ZGTX_FLASH.ld" --specs=nosys.specs -Wl,-Map="P4.map" -Wl,--gc-sections -static --specs=nano.specs -mfpu=fpv4-sp-d16 -mfloat-abi=hard -mthumb -Wl,--start-group -lc -lm -Wl,--end-group
Finished building target: P4.elf
 
arm-none-eabi-size   P4.elf 
arm-none-eabi-objdump -h -S  P4.elf  > "P4.list"
   text	   data	    bss	    dec	    hex	filename
   5800	     20	   1836	   7656	   1de8	P4.elf
Finished building: default.size.stdout
 
Finished building: P4.list
 
09:49:09 **** Incremental Build of configuration Debug for project P4 ****
make -j16 all 
arm-none-eabi-gcc "../Core/Src/uart.c" -mcpu=cortex-m4 -std=gnu11 -g3 -DDEBUG -DUSE_HAL_DRIVER -DSTM32L4A6xx -c -I../Core/Inc -I../Drivers/STM32L4xx_HAL_Driver/Inc -I../Drivers/STM32L4xx_HAL_Driver/Inc/Legacy -I../Drivers/CMSIS/Device/ST/STM32L4xx/Include -I../Drivers/CMSIS/Include -O0 -ffunction-sections -fdata-sections -Wall -fstack-usage -fcyclomatic-complexity -MMD -MP -MF"Core/Src/uart.d" -MT"Core/Src/uart.o" --specs=nano.specs -mfpu=fpv4-sp-d16 -mfloat-abi=hard -mthumb -o "Core/Src/uart.o"
arm-none-eabi-gcc -o "P4.elf" @"objects.list"   -mcpu=cortex-m4 -T"C:\Users\Wilso\Desktop\Code\C\P4\STM32L4A6ZGTX_FLASH.ld" --specs=nosys.specs -Wl,-Map="P4.map" -Wl,--gc-sections -static --specs=nano.specs -mfpu=fpv4-sp-d16 -mfloat-abi=hard -mthumb -Wl,--start-group -lc -lm -Wl,--end-group
Finished building target: P4.elf
 
arm-none-eabi-size   P4.elf 
arm-none-eabi-objdump -h -S  P4.elf  > "P4.list"
   text	   data	    bss	    dec	    hex	filename
   5800	     20	   1836	   7656	   1de8	P4.elf
Finished building: default.size.stdout
 
Finished building: P4.list
 
09:58:10 **** Incremental Build of configuration Debug for project P4 ****
make -j16 all 
arm-none-eabi-gcc "../Core/Src/main.c" -mcpu=cortex-m4 -std=gnu11 -g3 -DDEBUG -DUSE_HAL_DRIVER -DSTM32L4A6xx -c -I../Core/Inc -I../Drivers/STM32L4xx_HAL_Driver/Inc -I../Drivers/STM32L4xx_HAL_Driver/Inc/Legacy -I../Drivers/CMSIS/Device/ST/STM32L4xx/Include -I../Drivers/CMSIS/Include -O0 -ffunction-sections -fdata-sections -Wall -fstack-usage -fcyclomatic-complexity -MMD -MP -MF"Core/Src/main.d" -MT"Core/Src/main.o" --specs=nano.specs -mfpu=fpv4-sp-d16 -mfloat-abi=hard -mthumb -o "Core/Src/main.o"
arm-none-eabi-gcc -o "P4.elf" @"objects.list"   -mcpu=cortex-m4 -T"C:\Users\Wilso\Desktop\Code\C\P4\STM32L4A6ZGTX_FLASH.ld" --specs=nosys.specs -Wl,-Map="P4.map" -Wl,--gc-sections -static --specs=nano.specs -mfpu=fpv4-sp-d16 -mfloat-abi=hard -mthumb -Wl,--start-group -lc -lm -Wl,--end-group
Finished building target: P4.elf
 
arm-none-eabi-size   P4.elf 
arm-none-eabi-objdump -h -S  P4.elf  > "P4.list"
   text	   data	    bss	    dec	    hex	filename
   6032	     20	   1836	   7888	   1ed0	P4.elf
Finished building: default.size.stdout
 
Finished building: P4.list
 
09:58:39 **** Incremental Build of configuration Debug for project P4 ****
make -j16 all 
arm-none-eabi-gcc "../Core/Src/main.c" -mcpu=cortex-m4 -std=gnu11 -g3 -DDEBUG -DUSE_HAL_DRIVER -DSTM32L4A6xx -c -I../Core/Inc -I../Drivers/STM32L4xx_HAL_Driver/Inc -I../Drivers/STM32L4xx_HAL_Driver/Inc/Legacy -I../Drivers/CMSIS/Device/ST/STM32L4xx/Include -I../Drivers/CMSIS/Include -O0 -ffunction-sections -fdata-sections -Wall -fstack-usage -fcyclomatic-complexity -MMD -MP -MF"Core/Src/main.d" -MT"Core/Src/main.o" --specs=nano.specs -mfpu=fpv4-sp-d16 -mfloat-abi=hard -mthumb -o "Core/Src/main.o"
arm-none-eabi-gcc -o "P4.elf" @"objects.list"   -mcpu=cortex-m4 -T"C:\Users\Wilso\Desktop\Code\C\P4\STM32L4A6ZGTX_FLASH.ld" --specs=nosys.specs -Wl,-Map="P4.map" -Wl,--gc-sections -static --specs=nano.specs -mfpu=fpv4-sp-d16 -mfloat-abi=hard -mthumb -Wl,--start-group -lc -lm -Wl,--end-group
Finished building target: P4.elf
 
arm-none-eabi-size   P4.elf 
arm-none-eabi-objdump -h -S  P4.elf  > "P4.list"
   text	   data	    bss	    dec	    hex	filename
   6032	     20	   1836	   7888	   1ed0	P4.elf
Finished building: default.size.stdout
 
Finished building: P4.list
 
