01:59:06 **** Incremental Build of configuration Debug for project P2 ****
make -j16 all 
arm-none-eabi-gcc "../Core/Src/main.c" -mcpu=cortex-m4 -std=gnu11 -g3 -DDEBUG -DUSE_HAL_DRIVER -DSTM32L4A6xx -c -I../Core/Inc -I../Drivers/STM32L4xx_HAL_Driver/Inc -I../Drivers/STM32L4xx_HAL_Driver/Inc/Legacy -I../Drivers/CMSIS/Device/ST/STM32L4xx/Include -I../Drivers/CMSIS/Include -O0 -ffunction-sections -fdata-sections -Wall -fstack-usage -fcyclomatic-complexity -MMD -MP -MF"Core/Src/main.d" -MT"Core/Src/main.o" --specs=nano.specs -mfpu=fpv4-sp-d16 -mfloat-abi=hard -mthumb -o "Core/Src/main.o"
arm-none-eabi-gcc "../Core/Src/wavegen.c" -mcpu=cortex-m4 -std=gnu11 -g3 -DDEBUG -DUSE_HAL_DRIVER -DSTM32L4A6xx -c -I../Core/Inc -I../Drivers/STM32L4xx_HAL_Driver/Inc -I../Drivers/STM32L4xx_HAL_Driver/Inc/Legacy -I../Drivers/CMSIS/Device/ST/STM32L4xx/Include -I../Drivers/CMSIS/Include -O0 -ffunction-sections -fdata-sections -Wall -fstack-usage -fcyclomatic-complexity -MMD -MP -MF"Core/Src/wavegen.d" -MT"Core/Src/wavegen.o" --specs=nano.specs -mfpu=fpv4-sp-d16 -mfloat-abi=hard -mthumb -o "Core/Src/wavegen.o"
../Core/Src/main.c: In function 'main':
../Core/Src/main.c:24:2: warning: implicit declaration of function 'LCD_init' [-Wimplicit-function-declaration]
   24 |  LCD_init();
      |  ^~~~~~~~
../Core/Src/wavegen.c: In function 'wave':
../Core/Src/main.c:26:2: warning: implicit declaration of function 'SPI_init' [-Wimplicit-function-declaration]
   26 |  SPI_init();
      |  ^~~~~~~~
../Core/Src/wavegen.c:8:3: warning: implicit declaration of function 'DAC_write' [-Wimplicit-function-declaration]
    8 |   DAC_write(SINE[offset]);
      |   ^~~~~~~~~
../Core/Src/wavegen.c:24:1: warning: control reaches end of non-void function [-Wreturn-type]
   24 | }
      | ^
In file included from ../Core/Src/wavegen.c:1:
At top level:
../Core/Inc/wavegen.h:16:17: warning: 'MAX_POINTS' defined but not used [-Wunused-variable]
   16 | static uint32_t MAX_POINTS = 1140;
      |                 ^~~~~~~~~~
../Core/Src/main.c:28:2: warning: implicit declaration of function 'lcd_set_cursor_position' [-Wimplicit-function-declaration]
   28 |  lcd_set_cursor_position(0, 0);
      |  ^~~~~~~~~~~~~~~~~~~~~~~
../Core/Src/main.c:32:2: warning: implicit declaration of function 'command' [-Wimplicit-function-declaration]
   32 |  command(0x0C);
      |  ^~~~~~~
../Core/Src/main.c:52:4: warning: implicit declaration of function 'write' [-Wimplicit-function-declaration]
   52 |    write(output + '0'); //write latest key at position r1, c14
      |    ^~~~~
In file included from ../Core/Src/main.c:6:
At top level:
../Core/Inc/wavegen.h:202:17: warning: 'SINE' defined but not used [-Wunused-variable]
  202 | static uint16_t SINE[1140] = {1575, 1583, 1591, 1599, 1608, 1616, 1624, 1632, 1640, 1648, 1657, 1665, 1673, 1681, 1689, 1697, 1705, 1714, 1722, 1730, 1738, 1746, 1754, 1762, 1770, 1778, 1787, 1795, 1803, 1811, 1819, 1827, 1835, 1843, 1851, 1859, 1867, 1875, 1883, 1891, 1899, 1907, 1915, 1923, 1931, 1939, 1947, 1954, 1962, 1970, 1978, 1986, 1994, 2002, 2009, 2017, 2025, 2033, 2040, 2048, 2056, 2064, 2071, 2079, 2087, 2094, 2102, 2110, 2117, 2125, 2132, 2140, 2147, 2155, 2163, 2170, 2177, 2185, 2192, 2200, 2207, 2215, 2222, 2229, 2237, 2244, 2251, 2258, 2266, 2273, 2280, 2287, 2294, 2301, 2309, 2316, 2323, 2330, 2337, 2344, 2351, 2358, 2365, 2371, 2378, 2385, 2392, 2399, 2405, 2412, 2419, 2426, 2432, 2439, 2446, 2452, 2459, 2465, 2472, 2478, 2485, 2491, 2498, 2504, 2510, 2517, 2523, 2529, 2535, 2542, 2548, 2554, 2560, 2566, 2572, 2578, 2584, 2590, 2596, 2602, 2608, 2614, 2619, 2625, 2631, 2637, 2642, 2648, 2653, 2659, 2665, 2670, 2676, 2681, 2686, 2692, 2697, 2702, 2708, 2713, 2718, 2723, 2728, 2734, 2739, 2744, 2749, 2754, 2759, 2763, 2768, 2773, 2778, 2783, 2787, 2792, 2797, 2801, 2806, 2810, 2815, 2819, 2824, 2828, 2832, 2837, 2841, 2845, 2849, 2853, 2857, 2861, 2865, 2869, 2873, 2877, 2881, 2885, 2889, 2892, 2896, 2900, 2903, 2907, 2911, 2914, 2918, 2921, 2924, 2928, 2931, 2934, 2937, 2941, 2944, 2947, 2950, 2953, 2956, 2959, 2962, 2964, 2967, 2970, 2973, 2975, 2978, 2981, 2983, 2986, 2988, 2990, 2993, 2995, 2997, 3000, 3002, 3004, 3006, 3008, 3010, 3012, 3014, 3016, 3018, 3020, 3021, 3023, 3025, 3026, 3028, 3029, 3031, 3032, 3034, 3035, 3036, 3038, 3039, 3040, 3041, 3042, 3043, 3044, 3045, 3046, 3047, 3048, 3049, 3049, 3050, 3051, 3051, 3052, 3052, 3053, 3053, 3054, 3054, 3054, 3054, 3055, 3055, 3055, 3055, 3055, 3055, 3055, 3055, 3055, 3054, 3054, 3054, 3053, 3053, 3053, 3052, 3052, 3051, 3050, 3050, 3049, 3048, 3048, 3047, 3046, 3045, 3044, 3043, 3042, 3041, 3040, 3038, 3037, 3036, 3034, 3033, 3032, 3030, 3029, 3027, 3026, 3024, 3022, 3020, 3019, 3017, 3015, 3013, 3011, 3009, 3007, 3005, 3003, 3001, 2999, 2996, 2994, 2992, 2989, 2987, 2984, 2982, 2979, 2977, 2974, 2971, 2969, 2966, 2963, 2960, 2957, 2954, 2951, 2948, 2945, 2942, 2939, 2936, 2933, 2929, 2926, 2923, 2919, 2916, 2912, 2909, 2905, 2902, 2898, 2894, 2891, 2887, 2883, 2879, 2875, 2871, 2867, 2863, 2859, 2855, 2851, 2847, 2843, 2839, 2834, 2830, 2826, 2821, 2817, 2812, 2808, 2803, 2799, 2794, 2790, 2785, 2780, 2775, 2771, 2766, 2761, 2756, 2751, 2746, 2741, 2736, 2731, 2726, 2721, 2716, 2710, 2705, 2700, 2694, 2689, 2684, 2678, 2673, 2667, 2662, 2656, 2651, 2645, 2639, 2634, 2628, 2622, 2616, 2611, 2605, 2599, 2593, 2587, 2581, 2575, 2569, 2563, 2557, 2551, 2545, 2538, 2532, 2526, 2520, 2513, 2507, 2501, 2494, 2488, 2481, 2475, 2469, 2462, 2455, 2449, 2442, 2436, 2429, 2422, 2416, 2409, 2402, 2395, 2389, 2382, 2375, 2368, 2361, 2354, 2347, 2340, 2333, 2326, 2319, 2312, 2305, 2298, 2291, 2284, 2276, 2269, 2262, 2255, 2247, 2240, 2233, 2226, 2218, 2211, 2203, 2196, 2189, 2181, 2174, 2166, 2159, 2151, 2144, 2136, 2129, 2121, 2113, 2106, 2098, 2091, 2083, 2075, 2068, 2060, 2052, 2044, 2037, 2029, 2021, 2013, 2005, 1998, 1990, 1982, 1974, 1966, 1958, 1950, 1943, 1935, 1927, 1919, 1911, 1903, 1895, 1887, 1879, 1871, 1863, 1855, 1847, 1839, 1831, 1823, 1815, 1807, 1799, 1791, 1783, 1774, 1766, 1758, 1750, 1742, 1734, 1726, 1718, 1710, 1701, 1693, 1685, 1677, 1669, 1661, 1653, 1644, 1636, 1628, 1620, 1612, 1604, 1595, 1587, 1579, 1571, 1563, 1555, 1546, 1538, 1530, 1522, 1514, 1506, 1497, 1489, 1481, 1473, 1465, 1457, 1449, 1440, 1432, 1424, 1416, 1408, 1400, 1392, 1384, 1376, 1367, 1359, 1351, 1343, 1335, 1327, 1319, 1311, 1303, 1295, 1287, 1279, 1271, 1263, 1255, 1247, 1239, 1231, 1223, 1215, 1207, 1200, 1192, 1184, 1176, 1168, 1160, 1152, 1145, 1137, 1129, 1121, 1113, 1106, 1098, 1090, 1082, 1075, 1067, 1059, 1052, 1044, 1037, 1029, 1021, 1014, 1006, 999, 991, 984, 976, 969, 961, 954, 947, 939, 932, 924, 917, 910, 903, 895, 888, 881, 874, 866, 859, 852, 845, 838, 831, 824, 817, 810, 803, 796, 789, 782, 775, 768, 761, 755, 748, 741, 734, 728, 721, 714, 708, 701, 695, 688, 681, 675, 669, 662, 656, 649, 643, 637, 630, 624, 618, 612, 605, 599, 593, 587, 581, 575, 569, 563, 557, 551, 545, 539, 534, 528, 522, 516, 511, 505, 499, 494, 488, 483, 477, 472, 466, 461, 456, 450, 445, 440, 434, 429, 424, 419, 414, 409, 404, 399, 394, 389, 384, 379, 375, 370, 365, 360, 356, 351, 347, 342, 338, 333, 329, 324, 320, 316, 311, 307, 303, 299, 295, 291, 287, 283, 279, 275, 271, 267, 263, 259, 256, 252, 248,
      |                 ^~~~
../Core/Inc/wavegen.h:110:17: warning: 'SAWTOOTH' defined but not used [-Wunused-variable]
  110 | static uint16_t SAWTOOTH[1140] = { 95, 97, 100, 102, 105, 107, 110, 113, 115,
      |                 ^~~~~~~~
../Core/Inc/wavegen.h:18:17: warning: 'NSAWTOOTH' defined but not used [-Wunused-variable]
   18 | static uint16_t NSAWTOOTH[1140] = { 3055, 3052, 3049, 3047, 3044, 3042, 3039,
      |                 ^~~~~~~~~
../Core/Inc/wavegen.h:17:17: warning: 'WAVE_CYCLE' defined but not used [-Wunused-variable]
   17 | static uint16_t WAVE_CYCLE[9] = { 114, 228, 342, 456, 570, 684, 798, 912, 1026 };
      |                 ^~~~~~~~~~
arm-none-eabi-gcc -o "P2.elf" @"objects.list"   -mcpu=cortex-m4 -T"C:\Users\Wilso\Desktop\Code\C\P2\STM32L4A6ZGTX_FLASH.ld" --specs=nosys.specs -Wl,-Map="P2.map" -Wl,--gc-sections -static --specs=nano.specs -mfpu=fpv4-sp-d16 -mfloat-abi=hard -mthumb -Wl,--start-group -lc -lm -Wl,--end-group
Finished building target: P2.elf
 
arm-none-eabi-size   P2.elf 
arm-none-eabi-objdump -h -S  P2.elf  > "P2.list"
   text	   data	    bss	    dec	    hex	filename
   7972	   6932	   1580	  16484	   4064	P2.elf
Finished building: default.size.stdout
 
Finished building: P2.list
 

01:59:07 Build Finished. 0 errors, 12 warnings. (took 716ms)

