02:17:25 **** Incremental Build of configuration Debug for project P2 ****
make -j16 all 
arm-none-eabi-gcc "../Core/Src/main.c" -mcpu=cortex-m4 -std=gnu11 -g3 -DDEBUG -DUSE_HAL_DRIVER -DSTM32L4A6xx -c -I../Core/Inc -I../Drivers/STM32L4xx_HAL_Driver/Inc -I../Drivers/STM32L4xx_HAL_Driver/Inc/Legacy -I../Drivers/CMSIS/Device/ST/STM32L4xx/Include -I../Drivers/CMSIS/Include -O0 -ffunction-sections -fdata-sections -Wall -fstack-usage -fcyclomatic-complexity -MMD -MP -MF"Core/Src/main.d" -MT"Core/Src/main.o" --specs=nano.specs -mfpu=fpv4-sp-d16 -mfloat-abi=hard -mthumb -o "Core/Src/main.o"
../Core/Src/main.c: In function 'main':
../Core/Src/main.c:24:2: warning: implicit declaration of function 'LCD_init' [-Wimplicit-function-declaration]
   24 |  LCD_init();
      |  ^~~~~~~~
../Core/Src/main.c:26:2: warning: implicit declaration of function 'SPI_init' [-Wimplicit-function-declaration]
   26 |  SPI_init();
      |  ^~~~~~~~
../Core/Src/main.c:28:2: warning: implicit declaration of function 'lcd_set_cursor_position' [-Wimplicit-function-declaration]
   28 |  lcd_set_cursor_position(0, 0);
      |  ^~~~~~~~~~~~~~~~~~~~~~~
../Core/Src/main.c:32:2: warning: implicit declaration of function 'command' [-Wimplicit-function-declaration]
   32 |  command(0x0C);
      |  ^~~~~~~
../Core/Src/main.c:52:4: warning: implicit declaration of function 'write' [-Wimplicit-function-declaration]
   52 |    write(output + '0'); //write latest key at position r1, c14
      |    ^~~~~
In file included from ../Core/Src/main.c:6:
At top level:
../Core/Inc/wavegen.h:202:17: warning: 'SINE' defined but not used [-Wunused-variable]
  202 | static uint16_t SINE[1140] = { 1575, 1583, 1591, 1599, 1608, 1616, 1624, 1632,
      |                 ^~~~
../Core/Inc/wavegen.h:110:17: warning: 'SAWTOOTH' defined but not used [-Wunused-variable]
  110 | static uint16_t SAWTOOTH[1140] = { 95, 97, 100, 102, 105, 107, 110, 113, 115,
      |                 ^~~~~~~~
../Core/Inc/wavegen.h:18:17: warning: 'NSAWTOOTH' defined but not used [-Wunused-variable]
   18 | static uint16_t NSAWTOOTH[1140] = { 3055, 3052, 3049, 3047, 3044, 3042, 3039,
      |                 ^~~~~~~~~
../Core/Inc/wavegen.h:17:17: warning: 'WAVE_CYCLE' defined but not used [-Wunused-variable]
   17 | static uint16_t WAVE_CYCLE[9] = { 114, 228, 342, 456, 570, 684, 798, 912, 1026 };
      |                 ^~~~~~~~~~
arm-none-eabi-gcc -o "P2.elf" @"objects.list"   -mcpu=cortex-m4 -T"C:\Users\Wilso\Desktop\Code\C\P2\STM32L4A6ZGTX_FLASH.ld" --specs=nosys.specs -Wl,-Map="P2.map" -Wl,--gc-sections -static --specs=nano.specs -mfpu=fpv4-sp-d16 -mfloat-abi=hard -mthumb -Wl,--start-group -lc -lm -Wl,--end-group
Finished building target: P2.elf
 
arm-none-eabi-size   P2.elf 
arm-none-eabi-objdump -h -S  P2.elf  > "P2.list"
   text	   data	    bss	    dec	    hex	filename
   7920	   6932	   1580	  16432	   4030	P2.elf
Finished building: default.size.stdout
 
Finished building: P2.list
 

02:17:25 Build Finished. 0 errors, 9 warnings. (took 713ms)

