20:51:45 **** Build of configuration Debug for project P2 ****
make -j16 all 
arm-none-eabi-gcc "../Core/Src/wavegen.c" -mcpu=cortex-m4 -std=gnu11 -g3 -DDEBUG -DUSE_HAL_DRIVER -DSTM32L4A6xx -c -I../Core/Inc -I../Drivers/STM32L4xx_HAL_Driver/Inc -I../Drivers/STM32L4xx_HAL_Driver/Inc/Legacy -I../Drivers/CMSIS/Device/ST/STM32L4xx/Include -I../Drivers/CMSIS/Include -O0 -ffunction-sections -fdata-sections -Wall -fstack-usage -fcyclomatic-complexity -MMD -MP -MF"Core/Src/wavegen.d" -MT"Core/Src/wavegen.o" --specs=nano.specs -mfpu=fpv4-sp-d16 -mfloat-abi=hard -mthumb -o "Core/Src/wavegen.o"
../Core/Src/wavegen.c: In function 'wave':
../Core/Src/wavegen.c:20:3: warning: implicit declaration of function 'DAC_write' [-Wimplicit-function-declaration]
   20 |   DAC_write(SINE[offset]);
      |   ^~~~~~~~~
../Core/Src/wavegen.c:38:1: warning: control reaches end of non-void function [-Wreturn-type]
   38 | }
      | ^
In file included from ../Core/Src/wavegen.c:1:
At top level:
../Core/Inc/wavegen.h:16:17: warning: 'MAX_POINTS' defined but not used [-Wunused-variable]
   16 | static uint32_t MAX_POINTS = 1140;
      |                 ^~~~~~~~~~
arm-none-eabi-gcc -o "P2.elf" @"objects.list"   -mcpu=cortex-m4 -T"C:\Users\Wilso\Desktop\Code\C\P2\STM32L4A6ZGTX_FLASH.ld" --specs=nosys.specs -Wl,-Map="P2.map" -Wl,--gc-sections -static --specs=nano.specs -mfpu=fpv4-sp-d16 -mfloat-abi=hard -mthumb -Wl,--start-group -lc -lm -Wl,--end-group
Finished building target: P2.elf
 
arm-none-eabi-size   P2.elf 
arm-none-eabi-objdump -h -S  P2.elf  > "P2.list"
   text	   data	    bss	    dec	    hex	filename
   7920	   6932	   1580	  16432	   4030	P2.elf
Finished building: default.size.stdout
 
Finished building: P2.list
 

20:51:46 Build Finished. 0 errors, 3 warnings. (took 911ms)

