22:47:09 **** Incremental Build of configuration Debug for project P4 ****
make -j16 all 
arm-none-eabi-gcc "../Core/Src/main.c" -mcpu=cortex-m4 -std=gnu11 -g3 -DDEBUG -DUSE_HAL_DRIVER -DSTM32L4A6xx -c -I../Core/Inc -I../Drivers/STM32L4xx_HAL_Driver/Inc -I../Drivers/STM32L4xx_HAL_Driver/Inc/Legacy -I../Drivers/CMSIS/Device/ST/STM32L4xx/Include -I../Drivers/CMSIS/Include -O0 -ffunction-sections -fdata-sections -Wall -fstack-usage -fcyclomatic-complexity -MMD -MP -MF"Core/Src/main.d" -MT"Core/Src/main.o" --specs=nano.specs -mfpu=fpv4-sp-d16 -mfloat-abi=hard -mthumb -o "Core/Src/main.o"
../Core/Src/main.c:26:5: warning: built-in function 'index' declared as non-function [-Wbuiltin-declaration-mismatch]
   26 | int index = 0;
      |     ^~~~~
../Core/Src/main.c: In function 'LPUART_FPID':
../Core/Src/main.c:196:17: warning: passing argument 1 of 'LPUART_Print' makes pointer from integer without a cast [-Wint-conversion]
  196 |    LPUART_Print(FP_ID);
      |                 ^~~~~
      |                 |
      |                 uint16_t {aka short unsigned int}
In file included from ../Core/Src/main.c:2:
../Core/Inc/uart.h:6:31: note: expected 'const char *' but argument is of type 'uint16_t' {aka 'short unsigned int'}
    6 | void LPUART_Print(const char *message);
      |                   ~~~~~~~~~~~~^~~~~~~
arm-none-eabi-gcc -o "P4.elf" @"objects.list"   -mcpu=cortex-m4 -T"C:\Users\Wilso\Desktop\Code\C\P4\STM32L4A6ZGTX_FLASH.ld" --specs=nosys.specs -Wl,-Map="P4.map" -Wl,--gc-sections -static --specs=nano.specs -mfpu=fpv4-sp-d16 -mfloat-abi=hard -mthumb -Wl,--start-group -lc -lm -Wl,--end-group
Finished building target: P4.elf
 
arm-none-eabi-size   P4.elf 
arm-none-eabi-objdump -h -S  P4.elf  > "P4.list"
   text	   data	    bss	    dec	    hex	filename
  10008	     28	   2692	  12728	   31b8	P4.elf
Finished building: default.size.stdout
 
Finished building: P4.list
 

22:47:09 Build Finished. 0 errors, 2 warnings. (took 600ms)

