20:51:47 **** Incremental Build of configuration Debug for project P4_testing ****
make -j16 all 
arm-none-eabi-gcc "../Core/Src/uart.c" -mcpu=cortex-m4 -std=gnu11 -g3 -DDEBUG -DUSE_HAL_DRIVER -DSTM32L4A6xx -c -I../Core/Inc -I../Drivers/STM32L4xx_HAL_Driver/Inc -I../Drivers/STM32L4xx_HAL_Driver/Inc/Legacy -I../Drivers/CMSIS/Device/ST/STM32L4xx/Include -I../Drivers/CMSIS/Include -O0 -ffunction-sections -fdata-sections -Wall -fstack-usage -fcyclomatic-complexity -MMD -MP -MF"Core/Src/uart.d" -MT"Core/Src/uart.o" --specs=nano.specs -mfpu=fpv4-sp-d16 -mfloat-abi=hard -mthumb -o "Core/Src/uart.o"
arm-none-eabi-gcc -o "P4_testing.elf" @"objects.list"   -mcpu=cortex-m4 -T"C:\Users\Wilso\Desktop\Code\C\P4_testing\STM32L4A6ZGTX_FLASH.ld" --specs=nosys.specs -Wl,-Map="P4_testing.map" -Wl,--gc-sections -static --specs=nano.specs -mfpu=fpv4-sp-d16 -mfloat-abi=hard -mthumb -Wl,--start-group -lc -lm -Wl,--end-group
Finished building target: P4_testing.elf
 
arm-none-eabi-size   P4_testing.elf 
arm-none-eabi-objdump -h -S  P4_testing.elf  > "P4_testing.list"
   text	   data	    bss	    dec	    hex	filename
   1264	     12	   1572	   2848	    b20	P4_testing.elf
Finished building: default.size.stdout
 
Finished building: P4_testing.list
 

20:51:48 Build Finished. 0 errors, 0 warnings. (took 791ms)

